Archive member included because of file (symbol)

c:/software/altera/10.1/nios2eds/bin/gnu/h-i686-mingw32/bin/../lib/gcc/nios2-elf/4.1.2/../../../../nios2-elf/lib\libm.a(lib_a-s_ceil.o)
                              obj/sd_card.o (ceil)
c:/software/altera/10.1/nios2eds/bin/gnu/h-i686-mingw32/bin/../lib/gcc/nios2-elf/4.1.2\libgcc.a(_addsub_df.o)
                              c:/software/altera/10.1/nios2eds/bin/gnu/h-i686-mingw32/bin/../lib/gcc/nios2-elf/4.1.2/../../../../nios2-elf/lib\libm.a(lib_a-s_ceil.o) (__adddf3)
c:/software/altera/10.1/nios2eds/bin/gnu/h-i686-mingw32/bin/../lib/gcc/nios2-elf/4.1.2\libgcc.a(_mul_df.o)
                              obj/sd_card.o (__muldf3)
c:/software/altera/10.1/nios2eds/bin/gnu/h-i686-mingw32/bin/../lib/gcc/nios2-elf/4.1.2\libgcc.a(_gt_df.o)
                              c:/software/altera/10.1/nios2eds/bin/gnu/h-i686-mingw32/bin/../lib/gcc/nios2-elf/4.1.2/../../../../nios2-elf/lib\libm.a(lib_a-s_ceil.o) (__gtdf2)
c:/software/altera/10.1/nios2eds/bin/gnu/h-i686-mingw32/bin/../lib/gcc/nios2-elf/4.1.2\libgcc.a(_df_to_si.o)
                              obj/sd_card.o (__fixdfsi)
c:/software/altera/10.1/nios2eds/bin/gnu/h-i686-mingw32/bin/../lib/gcc/nios2-elf/4.1.2\libgcc.a(_thenan_df.o)
                              c:/software/altera/10.1/nios2eds/bin/gnu/h-i686-mingw32/bin/../lib/gcc/nios2-elf/4.1.2\libgcc.a(_addsub_df.o) (__thenan_df)
c:/software/altera/10.1/nios2eds/bin/gnu/h-i686-mingw32/bin/../lib/gcc/nios2-elf/4.1.2\libgcc.a(_usi_to_df.o)
                              obj/sd_card.o (__floatunsidf)
c:/software/altera/10.1/nios2eds/bin/gnu/h-i686-mingw32/bin/../lib/gcc/nios2-elf/4.1.2\libgcc.a(lib2-divmod.o)
                              obj/decoder/mjpeg423_decoder.o (__divsi3)
c:/software/altera/10.1/nios2eds/bin/gnu/h-i686-mingw32/bin/../lib/gcc/nios2-elf/4.1.2\libgcc.a(lib2-divtable.o)
                              obj/decoder/mjpeg423_decoder.o (__divsi3_table)
c:/software/altera/10.1/nios2eds/bin/gnu/h-i686-mingw32/bin/../lib/gcc/nios2-elf/4.1.2\libgcc.a(_muldi3.o)
                              c:/software/altera/10.1/nios2eds/bin/gnu/h-i686-mingw32/bin/../lib/gcc/nios2-elf/4.1.2\libgcc.a(_mul_df.o) (__muldi3)
c:/software/altera/10.1/nios2eds/bin/gnu/h-i686-mingw32/bin/../lib/gcc/nios2-elf/4.1.2\libgcc.a(_clzsi2.o)
                              c:/software/altera/10.1/nios2eds/bin/gnu/h-i686-mingw32/bin/../lib/gcc/nios2-elf/4.1.2\libgcc.a(_usi_to_df.o) (__clzsi2)
c:/software/altera/10.1/nios2eds/bin/gnu/h-i686-mingw32/bin/../lib/gcc/nios2-elf/4.1.2\libgcc.a(_pack_df.o)
                              c:/software/altera/10.1/nios2eds/bin/gnu/h-i686-mingw32/bin/../lib/gcc/nios2-elf/4.1.2\libgcc.a(_addsub_df.o) (__pack_d)
c:/software/altera/10.1/nios2eds/bin/gnu/h-i686-mingw32/bin/../lib/gcc/nios2-elf/4.1.2\libgcc.a(_unpack_df.o)
                              c:/software/altera/10.1/nios2eds/bin/gnu/h-i686-mingw32/bin/../lib/gcc/nios2-elf/4.1.2\libgcc.a(_addsub_df.o) (__unpack_d)
c:/software/altera/10.1/nios2eds/bin/gnu/h-i686-mingw32/bin/../lib/gcc/nios2-elf/4.1.2\libgcc.a(_fpcmp_parts_df.o)
                              c:/software/altera/10.1/nios2eds/bin/gnu/h-i686-mingw32/bin/../lib/gcc/nios2-elf/4.1.2\libgcc.a(_gt_df.o) (__fpcmp_parts_d)
c:/software/altera/10.1/nios2eds/bin/gnu/h-i686-mingw32/bin/../lib/gcc/nios2-elf/4.1.2\libgcc.a(_clz.o)
                              c:/software/altera/10.1/nios2eds/bin/gnu/h-i686-mingw32/bin/../lib/gcc/nios2-elf/4.1.2\libgcc.a(_clzsi2.o) (__clz_tab)
c:/software/altera/10.1/nios2eds/bin/gnu/h-i686-mingw32/bin/../lib/gcc/nios2-elf/4.1.2/../../../../nios2-elf/lib\libc.a(lib_a-exit.o)
                              obj/common/util.o (exit)
c:/software/altera/10.1/nios2eds/bin/gnu/h-i686-mingw32/bin/../lib/gcc/nios2-elf/4.1.2/../../../../nios2-elf/lib\libc.a(lib_a-impure.o)
                              c:/software/altera/10.1/nios2eds/bin/gnu/h-i686-mingw32/bin/../lib/gcc/nios2-elf/4.1.2/../../../../nios2-elf/lib\libc.a(lib_a-exit.o) (_global_impure_ptr)
c:/software/altera/10.1/nios2eds/bin/gnu/h-i686-mingw32/bin/../lib/gcc/nios2-elf/4.1.2/../../../../nios2-elf/lib\libc.a(lib_a-int_errno.o)
                              obj/hello_world.o (errno)
c:/software/altera/10.1/nios2eds/bin/gnu/h-i686-mingw32/bin/../lib/gcc/nios2-elf/4.1.2/../../../../nios2-elf/lib\libc.a(lib_a-malloc.o)
                              obj/decoder/mjpeg423_decoder.o (free)
c:/software/altera/10.1/nios2eds/bin/gnu/h-i686-mingw32/bin/../lib/gcc/nios2-elf/4.1.2/../../../../nios2-elf/lib\libc.a(lib_a-mallocr.o)
                              c:/software/altera/10.1/nios2eds/bin/gnu/h-i686-mingw32/bin/../lib/gcc/nios2-elf/4.1.2/../../../../nios2-elf/lib\libc.a(lib_a-malloc.o) (_malloc_r)
c:/software/altera/10.1/nios2eds/bin/gnu/h-i686-mingw32/bin/../lib/gcc/nios2-elf/4.1.2/../../../../nios2-elf/lib\libc.a(lib_a-printf.o)
                              obj/common/util.o (printf)
[...]
Memory Configuration

Name             Origin             Length             Attributes
sdram_0_BEFORE_RESET 0x00800000         0x00000200
reset            0x00820200         0x00000020
sdram_0          0x00820220         0x007dfde0
*default*        0x00000000         0xffffffff

Linker script and memory map

LOAD ../multi_test_1_bsp/obj/HAL/src/crt0.o
LOAD obj/common/tables.o
LOAD obj/common/util.o
LOAD obj/decoder/idct.o
LOAD obj/decoder/lossless_decode.o
LOAD obj/decoder/mjpeg423_decoder.o
LOAD obj/decoder/ycbcr_to_rgb.o
LOAD obj/hello_world.o
LOAD obj/sd_card.o
LOAD c:/software/altera/10.1/nios2eds/bin/gnu/h-i686-mingw32/bin/../lib/gcc/nios2-elf/4.1.2/../../../../nios2-elf/lib\libstdc++.a
LOAD c:/software/altera/10.1/nios2eds/bin/gnu/h-i686-mingw32/bin/../lib/gcc/nios2-elf/4.1.2/../../../../nios2-elf/lib\libm.a
LOAD c:/software/altera/10.1/nios2eds/bin/gnu/h-i686-mingw32/bin/../lib/gcc/nios2-elf/4.1.2\libgcc.a
START GROUP
LOAD c:/software/altera/10.1/nios2eds/bin/gnu/h-i686-mingw32/bin/../lib/gcc/nios2-elf/4.1.2/../../../../nios2-elf/lib\libc.a
LOAD c:/software/altera/10.1/nios2eds/bin/gnu/h-i686-mingw32/bin/../lib/gcc/nios2-elf/4.1.2\libgcc.a
LOAD ../multi_test_1_bsp\libhal_bsp.a
END GROUP
LOAD c:/software/altera/10.1/nios2eds/bin/gnu/h-i686-mingw32/bin/../lib/gcc/nios2-elf/4.1.2\libgcc.a
                0x00800000                __alt_mem_sdram_0 = 0x800000

.entry          0x00820200       0x20
 *(.entry)
 .entry         0x00820200       0x20 ../multi_test_1_bsp/obj/HAL/src/crt0.o
                0x00820200                __reset

.exceptions     0x00820220      0x194
                0x00820220                PROVIDE (__ram_exceptions_start, ABSOLUTE (.))
                0x00820220                . = ALIGN (0x20)
 *(.irq)
 *(.exceptions.entry.label)
 .exceptions.entry.label
                0x00820220        0x0 ../multi_test_1_bsp\libhal_bsp.a(alt_irq_entry.o)
                0x00820220                alt_irq_entry
 .exceptions.entry.label
                0x00820220        0x0 ../multi_test_1_bsp\libhal_bsp.a(alt_exception_entry.o)
                0x00820220                alt_exception
 *(.exceptions.entry.user)
 *(.exceptions.entry)
 .exceptions.entry
                0x00820220       0x54 ../multi_test_1_bsp\libhal_bsp.a(alt_exception_entry.o)
 *(.exceptions.irqtest.user)
 *(.exceptions.irqtest)
 .exceptions.irqtest
                0x00820274       0x10 ../multi_test_1_bsp\libhal_bsp.a(alt_irq_entry.o)
 *(.exceptions.irqhandler.user)
 *(.exceptions.irqhandler)
 .exceptions.irqhandler
                0x00820284        0x4 ../multi_test_1_bsp\libhal_bsp.a(alt_irq_entry.o)
 *(.exceptions.irqreturn.user)
 *(.exceptions.irqreturn)
 .exceptions.irqreturn
                0x00820288        0x4 ../multi_test_1_bsp\libhal_bsp.a(alt_irq_entry.o)
 *(.exceptions.notirq.label)
 .exceptions.notirq.label
                0x0082028c        0x0 ../multi_test_1_bsp\libhal_bsp.a(alt_irq_entry.o)
 *(.exceptions.notirq.user)
 *(.exceptions.notirq)
 .exceptions.notirq
                0x0082028c        0x8 ../multi_test_1_bsp\libhal_bsp.a(alt_exception_entry.o)
 *(.exceptions.soft.user)
 *(.exceptions.soft)
 *(.exceptions.unknown.user)
 *(.exceptions.unknown)
 .exceptions.unknown
                0x00820294        0x4 ../multi_test_1_bsp\libhal_bsp.a(alt_exception_entry.o)
 *(.exceptions.exit.label)
 .exceptions.exit.label
                0x00820298        0x0 ../multi_test_1_bsp\libhal_bsp.a(alt_irq_entry.o)
 .exceptions.exit.label
                0x00820298        0x0 ../multi_test_1_bsp\libhal_bsp.a(alt_exception_entry.o)
 *(.exceptions.exit.user)
 *(.exceptions.exit)
 .exceptions.exit
                0x00820298       0x54 ../multi_test_1_bsp\libhal_bsp.a(alt_exception_entry.o)
 *(.exceptions)
 .exceptions    0x008202ec       0xc8 ../multi_test_1_bsp\libhal_bsp.a(alt_irq_handler.o)
                0x008202ec                alt_irq_handler
                0x008203b4                PROVIDE (__ram_exceptions_end, ABSOLUTE (.))
                0x00820220                PROVIDE (__flash_exceptions_start, LOADADDR (.exceptions))

.text           0x008203b4    0x13230
                0x008203b4                PROVIDE (stext, ABSOLUTE (.))
 *(.interp)
 *(.hash)
 *(.dynsym)
 *(.dynstr)
 *(.gnu.version)
 *(.gnu.version_d)
 *(.gnu.version_r)
 *(.rel.init)
 *(.rela.init)
 *(.rel.text .rel.text.* .rel.gnu.linkonce.t.*)
 *(.rela.text .rela.text.* .rela.gnu.linkonce.t.*)
 *(.rel.fini)
 *(.rela.fini)
 *(.rel.rodata .rel.rodata.* .rel.gnu.linkonce.r.*)
 *(.rela.rodata .rela.rodata.* .rela.gnu.linkonce.r.*)
 *(.rel.data .rel.data.* .rel.gnu.linkonce.d.*)
 *(.rela.data .rela.data.* .rela.gnu.linkonce.d.*)
 *(.rel.tdata .rel.tdata.* .rel.gnu.linkonce.td.*)
 *(.rela.tdata .rela.tdata.* .rela.gnu.linkonce.td.*)
 *(.rel.tbss .rel.tbss.* .rel.gnu.linkonce.tb.*)
 *(.rela.tbss .rela.tbss.* .rela.gnu.linkonce.tb.*)
 *(.rel.ctors)
 *(.rela.ctors)
 *(.rel.dtors)
 *(.rela.dtors)
 *(.rel.got)
 *(.rela.got)
 *(.rel.sdata .rel.sdata.* .rel.gnu.linkonce.s.*)
 *(.rela.sdata .rela.sdata.* .rela.gnu.linkonce.s.*)
 *(.rel.sbss .rel.sbss.* .rel.gnu.linkonce.sb.*)
 *(.rela.sbss .rela.sbss.* .rela.gnu.linkonce.sb.*)
 *(.rel.sdata2 .rel.sdata2.* .rel.gnu.linkonce.s2.*)
 *(.rela.sdata2 .rela.sdata2.* .rela.gnu.linkonce.s2.*)
 *(.rel.sbss2 .rel.sbss2.* .rel.gnu.linkonce.sb2.*)
 *(.rela.sbss2 .rela.sbss2.* .rela.gnu.linkonce.sb2.*)
 *(.rel.bss .rel.bss.* .rel.gnu.linkonce.b.*)
 *(.rela.bss .rela.bss.* .rela.gnu.linkonce.b.*)
 *(.rel.plt)
 *(.rela.plt)
 *(.rel.dyn)
 *(.init)
 *(.plt)
 *(.text .stub .text.* .gnu.linkonce.t.*)
 .text          0x008203b4       0x4c ../multi_test_1_bsp/obj/HAL/src/crt0.o
                0x008203b4                _start
 .text          0x00820400        0x0 obj/common/tables.o
 .text          0x00820400      0x2a8 obj/common/util.o
                0x00820400                print_dct
                0x008204bc                print_block
                0x00820580                print_bitstream
                0x00820688                error_and_exit
 .text          0x008206a8      0x2e8 obj/decoder/idct.o
                0x008206a8                idct
 .text          0x00820990      0x5f4 obj/decoder/lossless_decode.o
                0x00820990                update_buffer
                0x00820a4c                input_DC
                0x00820ac0                input_AC
                0x00820b3c                lossless_decode
 .text          0x00820f84      0x780 obj/decoder/mjpeg423_decoder.o
                0x00820f84                mjpeg423_decode
 .text          0x00821704      0x100 obj/decoder/ycbcr_to_rgb.o
                0x00821704                ycbcr_to_rgb
 .text          0x00821804      0x3b8 obj/hello_world.o
                0x00821804                initTimer
                0x00821908                main
 .text          0x00821bbc      0x414 obj/sd_card.o
                0x00821bbc                sd_seek
                0x00821bd4                sd_card_file_size
                0x00821bf8                sd_card_wait_read_sector
                0x00821c24                sd_card_start_read_sector
                0x00821c94                sd_card_create_sectors_list
                0x00821e54                sd_read
 .text          0x00821fd0      0x214 c:/software/altera/10.1/nios2eds/bin/gnu/h-i686-mingw32/bin/../lib/gcc/nios2-elf/4.1.2/../../../../nios2-elf/lib\libm.a(lib_a-s_ceil.o)
                0x00821fd0                ceil
 .text          0x008221e4      0x504 c:/software/altera/10.1/nios2eds/bin/gnu/h-i686-mingw32/bin/../lib/gcc/nios2-elf/4.1.2\libgcc.a(_addsub_df.o)
                0x008225f4                __subdf3
                0x00822674                __adddf3
 .text          0x008226e8      0x3c4 c:/software/altera/10.1/nios2eds/bin/gnu/h-i686-mingw32/bin/../lib/gcc/nios2-elf/4.1.2\libgcc.a(_mul_df.o)
                0x008226e8                __muldf3
 .text          0x00822aac       0x88 c:/software/altera/10.1/nios2eds/bin/gnu/h-i686-mingw32/bin/../lib/gcc/nios2-elf/4.1.2\libgcc.a(_gt_df.o)
                0x00822aac                __gtdf2
 .text          0x00822b34       0xd8 c:/software/altera/10.1/nios2eds/bin/gnu/h-i686-mingw32/bin/../lib/gcc/nios2-elf/4.1.2\libgcc.a(_df_to_si.o)
                0x00822b34                __fixdfsi
 .text          0x00822c0c        0x0 c:/software/altera/10.1/nios2eds/bin/gnu/h-i686-mingw32/bin/../lib/gcc/nios2-elf/4.1.2\libgcc.a(_thenan_df.o)
 .text          0x00822c0c      0x194 c:/software/altera/10.1/nios2eds/bin/gnu/h-i686-mingw32/bin/../lib/gcc/nios2-elf/4.1.2\libgcc.a(_usi_to_df.o)
                0x00822c0c                __floatunsidf
 .text          0x00822da0      0x14c c:/software/altera/10.1/nios2eds/bin/gnu/h-i686-mingw32/bin/../lib/gcc/nios2-elf/4.1.2\libgcc.a(lib2-divmod.o)
                0x00822e1c                __divsi3
                0x00822e7c                __modsi3
                0x00822edc                __udivsi3
                0x00822ee4                __umodsi3
 .text          0x00822eec        0x0 c:/software/altera/10.1/nios2eds/bin/gnu/h-i686-mingw32/bin/../lib/gcc/nios2-elf/4.1.2\libgcc.a(lib2-divtable.o)
 .text          0x00822eec       0x98 c:/software/altera/10.1/nios2eds/bin/gnu/h-i686-mingw32/bin/../lib/gcc/nios2-elf/4.1.2\libgcc.a(_muldi3.o)
                0x00822eec                __muldi3
 .text          0x00822f84       0x80 c:/software/altera/10.1/nios2eds/bin/gnu/h-i686-mingw32/bin/../lib/gcc/nios2-elf/4.1.2\libgcc.a(_clzsi2.o)
                0x00822f84                __clzsi2
 .text          0x00823004      0x314 c:/software/altera/10.1/nios2eds/bin/gnu/h-i686-mingw32/bin/../lib/gcc/nios2-elf/4.1.2\libgcc.a(_pack_df.o)
                0x00823004                __pack_d
 .text          0x00823318      0x138 c:/software/altera/10.1/nios2eds/bin/gnu/h-i686-mingw32/bin/../lib/gcc/nios2-elf/4.1.2\libgcc.a(_unpack_df.o)
                0x00823318                __unpack_d
 .text          0x00823450       0xc8 c:/software/altera/10.1/nios2eds/bin/gnu/h-i686-mingw32/bin/../lib/gcc/nios2-elf/4.1.2\libgcc.a(_fpcmp_parts_df.o)
                0x00823450                __fpcmp_parts_d
 .text          0x00823518        0x0 c:/software/altera/10.1/nios2eds/bin/gnu/h-i686-mingw32/bin/../lib/gcc/nios2-elf/4.1.2\libgcc.a(_clz.o)
 .text          0x00823518       0x38 c:/software/altera/10.1/nios2eds/bin/gnu/h-i686-mingw32/bin/../lib/gcc/nios2-elf/4.1.2/../../../../nios2-elf/lib\libc.a(lib_a-exit.o)
                0x00823518                exit
 .text          0x00823550        0x0 c:/software/altera/10.1/nios2eds/bin/gnu/h-i686-mingw32/bin/../lib/gcc/nios2-elf/4.1.2/../../../../nios2-elf/lib\libc.a(lib_a-impure.o)
 .text          0x00823550        0x0 c:/software/altera/10.1/nios2eds/bin/gnu/h-i686-mingw32/bin/../lib/gcc/nios2-elf/4.1.2/../../../../nios2-elf/lib\libc.a(lib_a-int_errno.o)
 .text          0x00823550       0x28 c:/software/altera/10.1/nios2eds/bin/gnu/h-i686-mingw32/bin/../lib/gcc/nios2-elf/4.1.2/../../../../nios2-elf/lib\libc.a(lib_a-malloc.o)
                0x00823550                free
                0x00823564                malloc
 .text          0x00823578      0x740 c:/software/altera/10.1/nios2eds/bin/gnu/h-i686-mingw32/bin/../lib/gcc/nios2-elf/4.1.2/../../../../nios2-elf/lib\libc.a(lib_a-mallocr.o)
                0x00823578                _malloc_r
 .text          0x00823cb8       0x78 c:/software/altera/10.1/nios2eds/bin/gnu/h-i686-mingw32/bin/../lib/gcc/nios2-elf/4.1.2/../../../../nios2-elf/lib\libc.a(lib_a-printf.o)
                0x00823cb8                printf
                0x00823cfc                _printf_r
 .text          0x00823d30       0x24 c:/software/altera/10.1/nios2eds/bin/gnu/h-i686-mingw32/bin/../lib/gcc/nios2-elf/4.1.2/../../../../nios2-elf/lib\libc.a(lib_a-putchar.o)
                0x00823d30                putchar
                0x00823d4c                _putchar_r
 .text          0x00823d54       0xb4 c:/software/altera/10.1/nios2eds/bin/gnu/h-i686-mingw32/bin/../lib/gcc/nios2-elf/4.1.2/../../../../nios2-elf/lib\libc.a(lib_a-puts.o)
                0x00823d54                _puts_r
                0x00823df4                puts
 .text          0x00823e08       0x70 c:/software/altera/10.1/nios2eds/bin/gnu/h-i686-mingw32/bin/../lib/gcc/nios2-elf/4.1.2/../../../../nios2-elf/lib\libc.a(lib_a-sbrkr.o)
                0x00823e08                _sbrk_r
 .text          0x00823e78       0x74 c:/software/altera/10.1/nios2eds/bin/gnu/h-i686-mingw32/bin/../lib/gcc/nios2-elf/4.1.2/../../../../nios2-elf/lib\libc.a(lib_a-strlen.o)
                0x00823e78                strlen
 .text          0x00823eec     0x1f28 c:/software/altera/10.1/nios2eds/bin/gnu/h-i686-mingw32/bin/../lib/gcc/nios2-elf/4.1.2/../../../../nios2-elf/lib\libc.a(lib_a-vfprintf.o)
                0x00823f44                ___vfprintf_internal_r
                0x00825df0                __vfprintf_internal
 .text          0x00825e14      0x13c c:/software/altera/10.1/nios2eds/bin/gnu/h-i686-mingw32/bin/../lib/gcc/nios2-elf/4.1.2/../../../../nios2-elf/lib\libc.a(lib_a-wsetup.o)
                0x00825e14                __swsetup_r
 .text          0x00825f50      0x1b4 c:/software/altera/10.1/nios2eds/bin/gnu/h-i686-mingw32/bin/../lib/gcc/nios2-elf/4.1.2/../../../../nios2-elf/lib\libc.a(lib_a-__call_atexit.o)
                0x00825f54                __call_exitprocs
 .text          0x00826104     0x17cc c:/software/altera/10.1/nios2eds/bin/gnu/h-i686-mingw32/bin/../lib/gcc/nios2-elf/4.1.2/../../../../nios2-elf/lib\libc.a(lib_a-dtoa.o)
                0x0082631c                _dtoa_r
 .text          0x008278d0      0x230 c:/software/altera/10.1/nios2eds/bin/gnu/h-i686-mingw32/bin/../lib/gcc/nios2-elf/4.1.2/../../../../nios2-elf/lib\libc.a(lib_a-fflush.o)
                0x008278d0                _fflush_r
                0x00827acc                fflush
 .text          0x00827b00      0x2c0 c:/software/altera/10.1/nios2eds/bin/gnu/h-i686-mingw32/bin/../lib/gcc/nios2-elf/4.1.2/../../../../nios2-elf/lib\libc.a(lib_a-findfp.o)
                0x00827b58                __sfp_lock_acquire
                0x00827b5c                __sfp_lock_release
                0x00827b60                __sinit_lock_acquire
                0x00827b64                __sinit_lock_release
                0x00827b68                __sinit
                0x00827c1c                __fp_unlock_all
                0x00827c34                __fp_lock_all
                0x00827c4c                _cleanup_r
                0x00827c58                _cleanup
                0x00827c68                __sfmoreglue
                0x00827cd0                __sfp
 .text          0x00827dc0      0x440 c:/software/altera/10.1/nios2eds/bin/gnu/h-i686-mingw32/bin/../lib/gcc/nios2-elf/4.1.2/../../../../nios2-elf/lib\libc.a(lib_a-freer.o)
                0x00827dc0                _malloc_trim_r
                0x00827eec                _free_r
 .text          0x00828200      0x49c c:/software/altera/10.1/nios2eds/bin/gnu/h-i686-mingw32/bin/../lib/gcc/nios2-elf/4.1.2/../../../../nios2-elf/lib\libc.a(lib_a-fvwrite.o)
                0x00828200                __sfvwrite_r
 .text          0x0082869c      0x180 c:/software/altera/10.1/nios2eds/bin/gnu/h-i686-mingw32/bin/../lib/gcc/nios2-elf/4.1.2/../../../../nios2-elf/lib\libc.a(lib_a-fwalk.o)
                0x0082869c                _fwalk_reent
                0x00828764                _fwalk
 .text          0x0082881c       0xc4 c:/software/altera/10.1/nios2eds/bin/gnu/h-i686-mingw32/bin/../lib/gcc/nios2-elf/4.1.2/../../../../nios2-elf/lib\libc.a(lib_a-locale.o)
                0x0082881c                __locale_charset
                0x00828824                _localeconv_r
                0x00828830                localeconv
                0x00828840                _setlocale_r
                0x008288c4                setlocale
 .text          0x008288e0      0x194 c:/software/altera/10.1/nios2eds/bin/gnu/h-i686-mingw32/bin/../lib/gcc/nios2-elf/4.1.2/../../../../nios2-elf/lib\libc.a(lib_a-makebuf.o)
                0x008288e0                __smakebuf_r
 .text          0x00828a74       0xe4 c:/software/altera/10.1/nios2eds/bin/gnu/h-i686-mingw32/bin/../lib/gcc/nios2-elf/4.1.2/../../../../nios2-elf/lib\libc.a(lib_a-memchr.o)
                0x00828a74                memchr
 .text          0x00828b58       0xa0 c:/software/altera/10.1/nios2eds/bin/gnu/h-i686-mingw32/bin/../lib/gcc/nios2-elf/4.1.2/../../../../nios2-elf/lib\libc.a(lib_a-memcpy.o)
                0x00828b58                memcpy
 .text          0x00828bf8       0xe0 c:/software/altera/10.1/nios2eds/bin/gnu/h-i686-mingw32/bin/../lib/gcc/nios2-elf/4.1.2/../../../../nios2-elf/lib\libc.a(lib_a-memmove.o)
                0x00828bf8                memmove
 .text          0x00828cd8       0x98 c:/software/altera/10.1/nios2eds/bin/gnu/h-i686-mingw32/bin/../lib/gcc/nios2-elf/4.1.2/../../../../nios2-elf/lib\libc.a(lib_a-memset.o)
                0x00828cd8                memset
 .text          0x00828d70      0xff4 c:/software/altera/10.1/nios2eds/bin/gnu/h-i686-mingw32/bin/../lib/gcc/nios2-elf/4.1.2/../../../../nios2-elf/lib\libc.a(lib_a-mprec.o)
                0x00828d70                _Bfree
                0x00828d98                __hi0bits
                0x00828e08                __lo0bits
                0x00828ecc                __mcmp
                0x00828f2c                __ulp
                0x00828fac                __b2d
                0x008290cc                __ratio
                0x0082917c                _mprec_log10
                0x00829210                __copybits
                0x00829268                __any_on
                0x008292f0                _Balloc
                0x008293ac                __d2b
                0x00829528                __mdiff
                0x008296b4                __lshift
                0x00829800                __multiply
                0x008299e8                __i2b
                0x00829a24                __multadd
                0x00829b24                __pow5mult
                0x00829c44                __s2b
 .text          0x00829d64      0x1ec c:/software/altera/10.1/nios2eds/bin/gnu/h-i686-mingw32/bin/../lib/gcc/nios2-elf/4.1.2/../../../../nios2-elf/lib\libc.a(lib_a-putc.o)
                0x00829d64                putc
                0x00829e68                _putc_r
 .text          0x00829f50      0x5f4 c:/software/altera/10.1/nios2eds/bin/gnu/h-i686-mingw32/bin/../lib/gcc/nios2-elf/4.1.2/../../../../nios2-elf/lib\libc.a(lib_a-reallocr.o)
                0x00829f50                _realloc_r
 .text          0x0082a544       0x40 c:/software/altera/10.1/nios2eds/bin/gnu/h-i686-mingw32/bin/../lib/gcc/nios2-elf/4.1.2/../../../../nios2-elf/lib\libc.a(lib_a-s_isinfd.o)
                0x0082a544                __isinfd
 .text          0x0082a584       0x30 c:/software/altera/10.1/nios2eds/bin/gnu/h-i686-mingw32/bin/../lib/gcc/nios2-elf/4.1.2/../../../../nios2-elf/lib\libc.a(lib_a-s_isnand.o)
                0x0082a584                __isnand
 .text          0x0082a5b4      0x14c c:/software/altera/10.1/nios2eds/bin/gnu/h-i686-mingw32/bin/../lib/gcc/nios2-elf/4.1.2/../../../../nios2-elf/lib\libc.a(lib_a-stdio.o)
                0x0082a5b4                __sclose
                0x0082a5bc                __sseek
                0x0082a624                __swrite
                0x0082a6a0                __sread
 .text          0x0082a700       0xbc c:/software/altera/10.1/nios2eds/bin/gnu/h-i686-mingw32/bin/../lib/gcc/nios2-elf/4.1.2/../../../../nios2-elf/lib\libc.a(lib_a-strcmp.o)
                0x0082a700                strcmp
 .text          0x0082a7bc      0x14c c:/software/altera/10.1/nios2eds/bin/gnu/h-i686-mingw32/bin/../lib/gcc/nios2-elf/4.1.2/../../../../nios2-elf/lib\libc.a(lib_a-wbuf.o)
                0x0082a7bc                __swbuf_r
                0x0082a8ec                __swbuf
 .text          0x0082a908       0x78 c:/software/altera/10.1/nios2eds/bin/gnu/h-i686-mingw32/bin/../lib/gcc/nios2-elf/4.1.2/../../../../nios2-elf/lib\libc.a(lib_a-writer.o)
                0x0082a908                _write_r
 .text          0x0082a980       0xb4 c:/software/altera/10.1/nios2eds/bin/gnu/h-i686-mingw32/bin/../lib/gcc/nios2-elf/4.1.2/../../../../nios2-elf/lib\libc.a(lib_a-callocr.o)
                0x0082a980                _calloc_r
 .text          0x0082aa34       0x70 c:/software/altera/10.1/nios2eds/bin/gnu/h-i686-mingw32/bin/../lib/gcc/nios2-elf/4.1.2/../../../../nios2-elf/lib\libc.a(lib_a-closer.o)
                0x0082aa34                _close_r
 .text          0x0082aaa4      0x124 c:/software/altera/10.1/nios2eds/bin/gnu/h-i686-mingw32/bin/../lib/gcc/nios2-elf/4.1.2/../../../../nios2-elf/lib\libc.a(lib_a-fclose.o)
                0x0082aaa4                _fclose_r
                0x0082abb4                fclose
 .text          0x0082abc8       0x74 c:/software/altera/10.1/nios2eds/bin/gnu/h-i686-mingw32/bin/../lib/gcc/nios2-elf/4.1.2/../../../../nios2-elf/lib\libc.a(lib_a-fstatr.o)
                0x0082abc8                _fstat_r
 .text          0x0082ac3c       0x70 c:/software/altera/10.1/nios2eds/bin/gnu/h-i686-mingw32/bin/../lib/gcc/nios2-elf/4.1.2/../../../../nios2-elf/lib\libc.a(lib_a-isattyr.o)
                0x0082ac3c                _isatty_r
 .text          0x0082acac       0x78 c:/software/altera/10.1/nios2eds/bin/gnu/h-i686-mingw32/bin/../lib/gcc/nios2-elf/4.1.2/../../../../nios2-elf/lib\libc.a(lib_a-lseekr.o)
                0x0082acac                _lseek_r
 .text          0x0082ad24       0x78 c:/software/altera/10.1/nios2eds/bin/gnu/h-i686-mingw32/bin/../lib/gcc/nios2-elf/4.1.2/../../../../nios2-elf/lib\libc.a(lib_a-readr.o)
                0x0082ad24                _read_r
 .text          0x0082ad9c      0x5dc c:/software/altera/10.1/nios2eds/bin/gnu/h-i686-mingw32/bin/../lib/gcc/nios2-elf/4.1.2\libgcc.a(_udivdi3.o)
                0x0082ad9c                __udivdi3
 .text          0x0082b378      0x5b0 c:/software/altera/10.1/nios2eds/bin/gnu/h-i686-mingw32/bin/../lib/gcc/nios2-elf/4.1.2\libgcc.a(_umoddi3.o)
                0x0082b378                __umoddi3
 .text          0x0082b928      0x258 c:/software/altera/10.1/nios2eds/bin/gnu/h-i686-mingw32/bin/../lib/gcc/nios2-elf/4.1.2\libgcc.a(_div_df.o)
                0x0082b928                __divdf3
 .text          0x0082bb80       0x88 c:/software/altera/10.1/nios2eds/bin/gnu/h-i686-mingw32/bin/../lib/gcc/nios2-elf/4.1.2\libgcc.a(_eq_df.o)
                0x0082bb80                __eqdf2
 .text          0x0082bc08       0x88 c:/software/altera/10.1/nios2eds/bin/gnu/h-i686-mingw32/bin/../lib/gcc/nios2-elf/4.1.2\libgcc.a(_ne_df.o)
                0x0082bc08                __nedf2
 .text          0x0082bc90       0x88 c:/software/altera/10.1/nios2eds/bin/gnu/h-i686-mingw32/bin/../lib/gcc/nios2-elf/4.1.2\libgcc.a(_ge_df.o)
                0x0082bc90                __gedf2
 .text          0x0082bd18       0x88 c:/software/altera/10.1/nios2eds/bin/gnu/h-i686-mingw32/bin/../lib/gcc/nios2-elf/4.1.2\libgcc.a(_lt_df.o)
                0x0082bd18                __ltdf2
 .text          0x0082bda0       0xf8 c:/software/altera/10.1/nios2eds/bin/gnu/h-i686-mingw32/bin/../lib/gcc/nios2-elf/4.1.2\libgcc.a(_si_to_df.o)
                0x0082bda0                __floatsidf
 .text          0x0082be98      0x15c ../multi_test_1_bsp\libhal_bsp.a(alt_close.o)
                0x0082be98                close
 .text          0x0082bff4       0x44 ../multi_test_1_bsp\libhal_bsp.a(alt_dcache_flush_all.o)
                0x0082bff4                alt_dcache_flush_all
 .text          0x0082c038       0x2c ../multi_test_1_bsp\libhal_bsp.a(alt_dev.o)
 .text          0x0082c064        0x0 ../multi_test_1_bsp\libhal_bsp.a(alt_errno.o)
 .text          0x0082c064       0x60 ../multi_test_1_bsp\libhal_bsp.a(alt_exit.o)
                0x0082c0a4                _exit
 .text          0x0082c0c4      0x134 ../multi_test_1_bsp\libhal_bsp.a(alt_fstat.o)
                0x0082c0c4                fstat
 .text          0x0082c1f8      0x1c0 ../multi_test_1_bsp\libhal_bsp.a(alt_irq_register.o)
                0x0082c1f8                alt_irq_register
 .text          0x0082c3b8        0x0 ../multi_test_1_bsp\libhal_bsp.a(alt_irq_vars.o)
 .text          0x0082c3b8      0x120 ../multi_test_1_bsp\libhal_bsp.a(alt_isatty.o)
                0x0082c3b8                isatty
 .text          0x0082c4d8       0xec ../multi_test_1_bsp\libhal_bsp.a(alt_load.o)
                0x0082c4d8                alt_load
 .text          0x0082c5c4      0x150 ../multi_test_1_bsp\libhal_bsp.a(alt_lseek.o)
                0x0082c5c4                lseek
 .text          0x0082c714       0x6c ../multi_test_1_bsp\libhal_bsp.a(alt_main.o)
                0x0082c714                alt_main
 .text          0x0082c780       0x40 ../multi_test_1_bsp\libhal_bsp.a(alt_malloc_lock.o)
                0x0082c780                __malloc_lock
                0x0082c7a0                __malloc_unlock
 .text          0x0082c7c0      0x180 ../multi_test_1_bsp\libhal_bsp.a(alt_read.o)
                0x0082c7c0                read
 .text          0x0082c940       0x60 ../multi_test_1_bsp\libhal_bsp.a(alt_release_fd.o)
                0x0082c940                alt_release_fd
 .text          0x0082c9a0       0xbc ../multi_test_1_bsp\libhal_bsp.a(alt_sbrk.o)
                0x0082c9a0                sbrk
 .text          0x0082ca5c      0x180 ../multi_test_1_bsp\libhal_bsp.a(alt_write.o)
                0x0082ca5c                write
 .text          0x0082cbdc       0xe8 ../multi_test_1_bsp\libhal_bsp.a(alt_sys_init.o)
                0x0082cbdc                alt_irq_init
                0x0082cc10                alt_sys_init
 .text          0x0082ccc4      0x148 ../multi_test_1_bsp\libhal_bsp.a(altera_avalon_jtag_uart_fd.o)
                0x0082ccc4                altera_avalon_jtag_uart_read_fd
                0x0082cd1c                altera_avalon_jtag_uart_write_fd
                0x0082cd74                altera_avalon_jtag_uart_close_fd
                0x0082cdbc                altera_avalon_jtag_uart_ioctl_fd
 .text          0x0082ce0c      0x40c ../multi_test_1_bsp\libhal_bsp.a(altera_avalon_jtag_uart_init.o)
                0x0082ce0c                altera_avalon_jtag_uart_init
                0x0082d1a4                altera_avalon_jtag_uart_close
 .text          0x0082d218       0xf4 ../multi_test_1_bsp\libhal_bsp.a(altera_avalon_jtag_uart_ioctl.o)
                0x0082d218                altera_avalon_jtag_uart_ioctl
 .text          0x0082d30c      0x224 ../multi_test_1_bsp\libhal_bsp.a(altera_avalon_jtag_uart_read.o)
                0x0082d30c                altera_avalon_jtag_uart_read
 .text          0x0082d530      0x240 ../multi_test_1_bsp\libhal_bsp.a(altera_avalon_jtag_uart_write.o)
                0x0082d530                altera_avalon_jtag_uart_write
 .text          0x0082d770      0x528 ../multi_test_1_bsp\libhal_bsp.a(altera_avalon_mailbox.o)
                0x0082d770                alt_avalon_mailbox_init
                0x0082d994                altera_avalon_mailbox_open
                0x0082d9ec                altera_avalon_mailbox_close
                0x0082da0c                altera_avalon_mailbox_post
                0x0082db18                altera_avalon_mailbox_pend
                0x0082dbc0                altera_avalon_mailbox_get
 .text          0x0082dc98      0x304 ../multi_test_1_bsp\libhal_bsp.a(altera_avalon_mutex.o)
                0x0082dd14                altera_avalon_mutex_open
                0x0082ddcc                altera_avalon_mutex_close
                0x0082ddec                altera_avalon_mutex_lock
                0x0082de2c                altera_avalon_mutex_trylock
                0x0082de6c                altera_avalon_mutex_unlock
                0x0082dec8                altera_avalon_mutex_is_mine
                0x0082df44                altera_avalon_mutex_first_lock
 .text          0x0082df9c      0x100 ../multi_test_1_bsp\libhal_bsp.a(altera_avalon_timer_sc.o)
                0x0082e00c                alt_avalon_timer_sc_init
 .text          0x0082e09c     0x4430 ../multi_test_1_bsp\libhal_bsp.a(altera_up_sd_card_avalon_interface.o)
                0x0082e09c                Write_Sector_Data
                0x0082e164                Save_Modified_Sector
                0x0082e1b4                Read_Sector_Data
                0x0082e2b0                get_cluster_flag
                0x0082e368                mark_cluster
                0x0082e44c                Check_for_Master_Boot_Record
                0x0082e5fc                Read_File_Record_At_Offset
                0x0082e880                Write_File_Record_At_Offset
                0x0082eb38                Check_for_DOS_FAT
                0x0082f180                Look_for_FAT16
                0x0082f278                filename_to_upper_case
                0x0082f348                check_file_name_for_FAT16_compliance
                0x0082f5d8                get_dir_divider_location
                0x0082f698                match_file_record_to_name_ext
                0x0082f984                get_home_directory_cluster_for_file
                0x0082fe98                find_file_in_directory
                0x008302fc                find_first_empty_cluster
                0x008304a0                find_first_empty_record_in_a_subdirectory
                0x008306ec                find_first_empty_record_in_root_directory
                0x00830818                convert_filename_to_name_extension
                0x008309d0                create_file
                0x00830ca4                copy_file_record_name_to_string
                0x00830df8                alt_up_sd_card_open_dev
                0x00830ebc                alt_up_sd_card_is_Present
                0x00830f84                alt_up_sd_card_is_FAT16
                0x00830ff8                alt_up_sd_card_find_first
                0x008310cc                alt_up_sd_card_find_next
                0x0083147c                alt_up_sd_card_fopen
                0x00831824                alt_up_sd_card_set_attributes
                0x008318b4                alt_up_sd_card_get_attributes
                0x00831940                alt_up_sd_card_read
                0x00831cdc                alt_up_sd_card_write
                0x00832300                alt_up_sd_card_fclose
 .text          0x008324cc      0x154 ../multi_test_1_bsp\libhal_bsp.a(alt_alarm_start.o)
                0x008324cc                alt_alarm_start
 .text          0x00832620      0x114 ../multi_test_1_bsp\libhal_bsp.a(alt_dev_llist_insert.o)
                0x00832620                alt_dev_llist_insert
 .text          0x00832734       0x64 ../multi_test_1_bsp\libhal_bsp.a(alt_do_ctors.o)
                0x00832734                _do_ctors
 .text          0x00832798       0x64 ../multi_test_1_bsp\libhal_bsp.a(alt_do_dtors.o)
                0x00832798                _do_dtors
 .text          0x008327fc       0x94 ../multi_test_1_bsp\libhal_bsp.a(alt_find_dev.o)
                0x008327fc                alt_find_dev
 .text          0x00832890       0x30 ../multi_test_1_bsp\libhal_bsp.a(alt_icache_flush_all.o)
                0x00832890                alt_icache_flush_all
 .text          0x008328c0      0x1d4 ../multi_test_1_bsp\libhal_bsp.a(alt_iic.o)
                0x008328c0                alt_ic_isr_register
                0x00832910                alt_ic_irq_enable
                0x008329ac                alt_ic_irq_disable
                0x00832a4c                alt_ic_irq_enabled
 .text          0x00832a94       0xf8 ../multi_test_1_bsp\libhal_bsp.a(alt_iic_isr_register.o)
                0x00832a94                alt_iic_isr_register
 .text          0x00832b8c      0x13c ../multi_test_1_bsp\libhal_bsp.a(alt_io_redirect.o)
                0x00832c50                alt_io_redirect
 .text          0x00832cc8        0x0 ../multi_test_1_bsp\libhal_bsp.a(alt_irq_entry.o)
 .text          0x00832cc8        0x0 ../multi_test_1_bsp\libhal_bsp.a(alt_irq_handler.o)
 .text          0x00832cc8      0x2c4 ../multi_test_1_bsp\libhal_bsp.a(alt_open.o)
                0x00832da4                open
 .text          0x00832f8c      0x1a4 ../multi_test_1_bsp\libhal_bsp.a(alt_tick.o)
                0x00832f8c                alt_alarm_stop
                0x00833024                alt_tick
 .text          0x00833130       0x20 ../multi_test_1_bsp\libhal_bsp.a(altera_nios2_irq.o)
                0x00833130                altera_nios2_irq_init
 .text          0x00833150        0x0 ../multi_test_1_bsp\libhal_bsp.a(alt_exception_entry.o)
 .text          0x00833150      0x120 ../multi_test_1_bsp\libhal_bsp.a(alt_find_file.o)
                0x00833150                alt_find_file
 .text          0x00833270       0xb8 ../multi_test_1_bsp\libhal_bsp.a(alt_get_fd.o)
                0x00833270                alt_get_fd
 .text          0x00833328       0x90 ../multi_test_1_bsp\libhal_bsp.a(alt_icache_flush.o)
                0x00833328                alt_icache_flush
 .text          0x008333b8       0x14 c:/software/altera/10.1/nios2eds/bin/gnu/h-i686-mingw32/bin/../lib/gcc/nios2-elf/4.1.2/../../../../nios2-elf/lib\libc.a(lib_a-atexit.o)
                0x008333b8                atexit
 .text          0x008333cc       0x74 c:/software/altera/10.1/nios2eds/bin/gnu/h-i686-mingw32/bin/../lib/gcc/nios2-elf/4.1.2/../../../../nios2-elf/lib\libc.a(lib_a-memcmp.o)
                0x008333cc                memcmp
 .text          0x00833440      0x134 c:/software/altera/10.1/nios2eds/bin/gnu/h-i686-mingw32/bin/../lib/gcc/nios2-elf/4.1.2/../../../../nios2-elf/lib\libc.a(lib_a-__atexit.o)
                0x00833440                __register_exitproc
 *(.gnu.warning.*)
 *(.fini)
                0x00833574                PROVIDE (__etext, ABSOLUTE (.))
                0x00833574                PROVIDE (_etext, ABSOLUTE (.))
                0x00833574                PROVIDE (etext, ABSOLUTE (.))
 *(.eh_frame_hdr)
                0x00833574                . = ALIGN (0x4)
                0x00833574                PROVIDE (__preinit_array_start, ABSOLUTE (.))
 *(.preinit_array)
                0x00833574                PROVIDE (__preinit_array_end, ABSOLUTE (.))
                0x00833574                PROVIDE (__init_array_start, ABSOLUTE (.))
 *(.init_array)
                0x00833574                PROVIDE (__init_array_end, ABSOLUTE (.))
                0x00833574                PROVIDE (__fini_array_start, ABSOLUTE (.))
 *(.fini_array)
                0x00833574                PROVIDE (__fini_array_end, ABSOLUTE (.))
 *(.eh_frame)
 .eh_frame      0x00833574       0x40 c:/software/altera/10.1/nios2eds/bin/gnu/h-i686-mingw32/bin/../lib/gcc/nios2-elf/4.1.2\libgcc.a(_udivdi3.o)
 .eh_frame      0x008335b4       0x2c c:/software/altera/10.1/nios2eds/bin/gnu/h-i686-mingw32/bin/../lib/gcc/nios2-elf/4.1.2\libgcc.a(_umoddi3.o)
                                 0x40 (size before relaxing)
 *(.gcc_except_table)
 *(.dynamic)
                0x008335e0                PROVIDE (__CTOR_LIST__, ABSOLUTE (.))
 *(.ctors)
 *(SORT(.ctors.*))
 .ctors.65535   0x008335e0        0x4 c:/software/altera/10.1/nios2eds/bin/gnu/h-i686-mingw32/bin/../lib/gcc/nios2-elf/4.1.2/../../../../nios2-elf/lib\libc.a(lib_a-__call_atexit.o)
                0x008335e4                PROVIDE (__CTOR_END__, ABSOLUTE (.))
                0x008335e4                PROVIDE (__DTOR_LIST__, ABSOLUTE (.))
 *(.dtors)
 *(SORT(.dtors.*))
                0x008335e4                PROVIDE (__DTOR_END__, ABSOLUTE (.))
 *(.jcr)
                0x008335e4                . = ALIGN (0x4)

.rodata         0x008335e4      0x608
                0x008335e4                PROVIDE (__ram_rodata_start, ABSOLUTE (.))
                0x008335e4                . = ALIGN (0x4)
 *(.rodata .rodata.* .gnu.linkonce.r.*)
 .rodata.str1.4
                0x008335e4       0x17 obj/common/util.o
                                 0x1c (size before relaxing)
 *fill*         0x008335fb        0x1 00
 .rodata.str1.4
                0x008335fc      0x139 obj/decoder/mjpeg423_decoder.o
                                0x13c (size before relaxing)
 *fill*         0x00833735        0x3 00
 .rodata.str1.4
                0x00833738       0xb2 obj/hello_world.o
                                 0xb4 (size before relaxing)
 *fill*         0x008337ea        0x2 00
 .rodata.str1.4
                0x008337ec       0x1a obj/sd_card.o
                                 0x1c (size before relaxing)
 *fill*         0x00833806        0x2 00
 .rodata        0x00833808       0x14 c:/software/altera/10.1/nios2eds/bin/gnu/h-i686-mingw32/bin/../lib/gcc/nios2-elf/4.1.2\libgcc.a(_thenan_df.o)
                0x00833808                __thenan_df
 .rodata        0x0083381c      0x100 c:/software/altera/10.1/nios2eds/bin/gnu/h-i686-mingw32/bin/../lib/gcc/nios2-elf/4.1.2\libgcc.a(_clz.o)
                0x0083381c                __clz_tab
 .rodata.str1.4
                0x00000000       0x1a c:/software/altera/10.1/nios2eds/bin/gnu/h-i686-mingw32/bin/../lib/gcc/nios2-elf/4.1.2/../../../../nios2-elf/lib\libc.a(lib_a-impure.o)
                                  0x4 (size before relaxing)
 .rodata.str1.4
                0x00000000       0x1a c:/software/altera/10.1/nios2eds/bin/gnu/h-i686-mingw32/bin/../lib/gcc/nios2-elf/4.1.2/../../../../nios2-elf/lib\libc.a(lib_a-puts.o)
                                  0x4 (size before relaxing)
 .rodata.str1.4
                0x0083391c       0x5a c:/software/altera/10.1/nios2eds/bin/gnu/h-i686-mingw32/bin/../lib/gcc/nios2-elf/4.1.2/../../../../nios2-elf/lib\libc.a(lib_a-vfprintf.o)
                                 0x60 (size before relaxing)
 .rodata        0x00833976       0x20 c:/software/altera/10.1/nios2eds/bin/gnu/h-i686-mingw32/bin/../lib/gcc/nios2-elf/4.1.2/../../../../nios2-elf/lib\libc.a(lib_a-vfprintf.o)
 *fill*         0x00833996        0x2 00
 .rodata.str1.4
                0x00833998       0x10 c:/software/altera/10.1/nios2eds/bin/gnu/h-i686-mingw32/bin/../lib/gcc/nios2-elf/4.1.2/../../../../nios2-elf/lib\libc.a(lib_a-dtoa.o)
                                 0x14 (size before relaxing)
 .rodata.str1.4
                0x008339a8       0x10 c:/software/altera/10.1/nios2eds/bin/gnu/h-i686-mingw32/bin/../lib/gcc/nios2-elf/4.1.2/../../../../nios2-elf/lib\libc.a(lib_a-locale.o)
                                 0x18 (size before relaxing)
 .rodata        0x008339b8       0x30 c:/software/altera/10.1/nios2eds/bin/gnu/h-i686-mingw32/bin/../lib/gcc/nios2-elf/4.1.2/../../../../nios2-elf/lib\libc.a(lib_a-locale.o)
 .rodata        0x008339e8      0x124 c:/software/altera/10.1/nios2eds/bin/gnu/h-i686-mingw32/bin/../lib/gcc/nios2-elf/4.1.2/../../../../nios2-elf/lib\libc.a(lib_a-mprec.o)
                0x008339e8                __mprec_tens
                0x00833ab0                __mprec_bigtens
                0x00833ad8                __mprec_tinytens
 .rodata        0x00833b0c        0xc ../multi_test_1_bsp\libhal_bsp.a(alt_dev.o)
 .rodata        0x00833b18       0x14 ../multi_test_1_bsp\libhal_bsp.a(alt_main.o)
 .rodata        0x00833b2c       0xc0 ../multi_test_1_bsp\libhal_bsp.a(alt_sys_init.o)
 *(.rodata1)
                0x00833bec                . = ALIGN (0x4)
                0x00833bec                PROVIDE (__ram_rodata_end, ABSOLUTE (.))
                0x008335e4                PROVIDE (__flash_rodata_start, LOADADDR (.rodata))

.rwdata         0x00833bec     0x1e38 load address 0x00835a24
                0x00833bec                PROVIDE (__ram_rwdata_start, ABSOLUTE (.))
                0x00833bec                . = ALIGN (0x4)
 *(.got.plt)
 *(.got)
 *(.data1)
 *(.data .data.* .gnu.linkonce.d.*)
 .data          0x00833bec        0x0 ../multi_test_1_bsp/obj/HAL/src/crt0.o
 .data          0x00833bec      0x200 obj/common/tables.o
                0x00833bec                Yquant
                0x00833c6c                Cquant
                0x00833cec                zigzag_table
 .data          0x00833dec        0x0 obj/common/util.o
 .data          0x00833dec        0x0 obj/decoder/idct.o
 .data          0x00833dec        0x0 obj/decoder/lossless_decode.o
 .data          0x00833dec        0x0 obj/decoder/mjpeg423_decoder.o
 .data          0x00833dec        0x0 obj/decoder/ycbcr_to_rgb.o
 .data          0x00833dec       0x28 obj/hello_world.o
                0x00833dec                files
 .data          0x00833e14        0x0 obj/sd_card.o
 .data          0x00833e14        0x0 c:/software/altera/10.1/nios2eds/bin/gnu/h-i686-mingw32/bin/../lib/gcc/nios2-elf/4.1.2/../../../../nios2-elf/lib\libm.a(lib_a-s_ceil.o)
 .data          0x00833e14        0x0 c:/software/altera/10.1/nios2eds/bin/gnu/h-i686-mingw32/bin/../lib/gcc/nios2-elf/4.1.2\libgcc.a(_addsub_df.o)
 .data          0x00833e14        0x0 c:/software/altera/10.1/nios2eds/bin/gnu/h-i686-mingw32/bin/../lib/gcc/nios2-elf/4.1.2\libgcc.a(_mul_df.o)
 .data          0x00833e14        0x0 c:/software/altera/10.1/nios2eds/bin/gnu/h-i686-mingw32/bin/../lib/gcc/nios2-elf/4.1.2\libgcc.a(_gt_df.o)
 .data          0x00833e14        0x0 c:/software/altera/10.1/nios2eds/bin/gnu/h-i686-mingw32/bin/../lib/gcc/nios2-elf/4.1.2\libgcc.a(_df_to_si.o)
 .data          0x00833e14        0x0 c:/software/altera/10.1/nios2eds/bin/gnu/h-i686-mingw32/bin/../lib/gcc/nios2-elf/4.1.2\libgcc.a(_thenan_df.o)
 .data          0x00833e14        0x0 c:/software/altera/10.1/nios2eds/bin/gnu/h-i686-mingw32/bin/../lib/gcc/nios2-elf/4.1.2\libgcc.a(_usi_to_df.o)
 .data          0x00833e14        0x0 c:/software/altera/10.1/nios2eds/bin/gnu/h-i686-mingw32/bin/../lib/gcc/nios2-elf/4.1.2\libgcc.a(lib2-divmod.o)
 .data          0x00833e14      0x100 c:/software/altera/10.1/nios2eds/bin/gnu/h-i686-mingw32/bin/../lib/gcc/nios2-elf/4.1.2\libgcc.a(lib2-divtable.o)
                0x00833e14                __divsi3_table
 .data          0x00833f14        0x0 c:/software/altera/10.1/nios2eds/bin/gnu/h-i686-mingw32/bin/../lib/gcc/nios2-elf/4.1.2\libgcc.a(_muldi3.o)
 .data          0x00833f14        0x0 c:/software/altera/10.1/nios2eds/bin/gnu/h-i686-mingw32/bin/../lib/gcc/nios2-elf/4.1.2\libgcc.a(_clzsi2.o)
 .data          0x00833f14        0x0 c:/software/altera/10.1/nios2eds/bin/gnu/h-i686-mingw32/bin/../lib/gcc/nios2-elf/4.1.2\libgcc.a(_pack_df.o)
 .data          0x00833f14        0x0 c:/software/altera/10.1/nios2eds/bin/gnu/h-i686-mingw32/bin/../lib/gcc/nios2-elf/4.1.2\libgcc.a(_unpack_df.o)
 .data          0x00833f14        0x0 c:/software/altera/10.1/nios2eds/bin/gnu/h-i686-mingw32/bin/../lib/gcc/nios2-elf/4.1.2\libgcc.a(_fpcmp_parts_df.o)
 .data          0x00833f14        0x0 c:/software/altera/10.1/nios2eds/bin/gnu/h-i686-mingw32/bin/../lib/gcc/nios2-elf/4.1.2\libgcc.a(_clz.o)
 .data          0x00833f14        0x0 c:/software/altera/10.1/nios2eds/bin/gnu/h-i686-mingw32/bin/../lib/gcc/nios2-elf/4.1.2/../../../../nios2-elf/lib\libc.a(lib_a-exit.o)
 .data          0x00833f14      0x400 c:/software/altera/10.1/nios2eds/bin/gnu/h-i686-mingw32/bin/../lib/gcc/nios2-elf/4.1.2/../../../../nios2-elf/lib\libc.a(lib_a-impure.o)
 .data          0x00834314        0x0 c:/software/altera/10.1/nios2eds/bin/gnu/h-i686-mingw32/bin/../lib/gcc/nios2-elf/4.1.2/../../../../nios2-elf/lib\libc.a(lib_a-int_errno.o)
 .data          0x00834314        0x0 c:/software/altera/10.1/nios2eds/bin/gnu/h-i686-mingw32/bin/../lib/gcc/nios2-elf/4.1.2/../../../../nios2-elf/lib\libc.a(lib_a-malloc.o)
 .data          0x00834314      0x408 c:/software/altera/10.1/nios2eds/bin/gnu/h-i686-mingw32/bin/../lib/gcc/nios2-elf/4.1.2/../../../../nios2-elf/lib\libc.a(lib_a-mallocr.o)
                0x00834314                __malloc_av_
 .data          0x0083471c        0x0 c:/software/altera/10.1/nios2eds/bin/gnu/h-i686-mingw32/bin/../lib/gcc/nios2-elf/4.1.2/../../../../nios2-elf/lib\libc.a(lib_a-printf.o)
 .data          0x0083471c        0x0 c:/software/altera/10.1/nios2eds/bin/gnu/h-i686-mingw32/bin/../lib/gcc/nios2-elf/4.1.2/../../../../nios2-elf/lib\libc.a(lib_a-putchar.o)
 .data          0x0083471c        0x0 c:/software/altera/10.1/nios2eds/bin/gnu/h-i686-mingw32/bin/../lib/gcc/nios2-elf/4.1.2/../../../../nios2-elf/lib\libc.a(lib_a-puts.o)
 .data          0x0083471c        0x0 c:/software/altera/10.1/nios2eds/bin/gnu/h-i686-mingw32/bin/../lib/gcc/nios2-elf/4.1.2/../../../../nios2-elf/lib\libc.a(lib_a-sbrkr.o)
 .data          0x0083471c        0x0 c:/software/altera/10.1/nios2eds/bin/gnu/h-i686-mingw32/bin/../lib/gcc/nios2-elf/4.1.2/../../../../nios2-elf/lib\libc.a(lib_a-strlen.o)
 .data          0x0083471c        0x0 c:/software/altera/10.1/nios2eds/bin/gnu/h-i686-mingw32/bin/../lib/gcc/nios2-elf/4.1.2/../../../../nios2-elf/lib\libc.a(lib_a-vfprintf.o)
 .data          0x0083471c        0x0 c:/software/altera/10.1/nios2eds/bin/gnu/h-i686-mingw32/bin/../lib/gcc/nios2-elf/4.1.2/../../../../nios2-elf/lib\libc.a(lib_a-wsetup.o)
 .data          0x0083471c        0x0 c:/software/altera/10.1/nios2eds/bin/gnu/h-i686-mingw32/bin/../lib/gcc/nios2-elf/4.1.2/../../../../nios2-elf/lib\libc.a(lib_a-__call_atexit.o)
 .data          0x0083471c        0x0 c:/software/altera/10.1/nios2eds/bin/gnu/h-i686-mingw32/bin/../lib/gcc/nios2-elf/4.1.2/../../../../nios2-elf/lib\libc.a(lib_a-dtoa.o)
 .data          0x0083471c        0x0 c:/software/altera/10.1/nios2eds/bin/gnu/h-i686-mingw32/bin/../lib/gcc/nios2-elf/4.1.2/../../../../nios2-elf/lib\libc.a(lib_a-fflush.o)
 .data          0x0083471c        0x0 c:/software/altera/10.1/nios2eds/bin/gnu/h-i686-mingw32/bin/../lib/gcc/nios2-elf/4.1.2/../../../../nios2-elf/lib\libc.a(lib_a-findfp.o)
 .data          0x0083471c        0x0 c:/software/altera/10.1/nios2eds/bin/gnu/h-i686-mingw32/bin/../lib/gcc/nios2-elf/4.1.2/../../../../nios2-elf/lib\libc.a(lib_a-freer.o)
 .data          0x0083471c        0x0 c:/software/altera/10.1/nios2eds/bin/gnu/h-i686-mingw32/bin/../lib/gcc/nios2-elf/4.1.2/../../../../nios2-elf/lib\libc.a(lib_a-fvwrite.o)
 .data          0x0083471c        0x0 c:/software/altera/10.1/nios2eds/bin/gnu/h-i686-mingw32/bin/../lib/gcc/nios2-elf/4.1.2/../../../../nios2-elf/lib\libc.a(lib_a-fwalk.o)
 .data          0x0083471c        0xc c:/software/altera/10.1/nios2eds/bin/gnu/h-i686-mingw32/bin/../lib/gcc/nios2-elf/4.1.2/../../../../nios2-elf/lib\libc.a(lib_a-locale.o)
                0x0083471c                __lc_ctype
 .data          0x00834728        0x0 c:/software/altera/10.1/nios2eds/bin/gnu/h-i686-mingw32/bin/../lib/gcc/nios2-elf/4.1.2/../../../../nios2-elf/lib\libc.a(lib_a-makebuf.o)
 .data          0x00834728        0x0 c:/software/altera/10.1/nios2eds/bin/gnu/h-i686-mingw32/bin/../lib/gcc/nios2-elf/4.1.2/../../../../nios2-elf/lib\libc.a(lib_a-memchr.o)
 .data          0x00834728        0x0 c:/software/altera/10.1/nios2eds/bin/gnu/h-i686-mingw32/bin/../lib/gcc/nios2-elf/4.1.2/../../../../nios2-elf/lib\libc.a(lib_a-memcpy.o)
 .data          0x00834728        0x0 c:/software/altera/10.1/nios2eds/bin/gnu/h-i686-mingw32/bin/../lib/gcc/nios2-elf/4.1.2/../../../../nios2-elf/lib\libc.a(lib_a-memmove.o)
 .data          0x00834728        0x0 c:/software/altera/10.1/nios2eds/bin/gnu/h-i686-mingw32/bin/../lib/gcc/nios2-elf/4.1.2/../../../../nios2-elf/lib\libc.a(lib_a-memset.o)
 .data          0x00834728        0x0 c:/software/altera/10.1/nios2eds/bin/gnu/h-i686-mingw32/bin/../lib/gcc/nios2-elf/4.1.2/../../../../nios2-elf/lib\libc.a(lib_a-mprec.o)
 .data          0x00834728        0x0 c:/software/altera/10.1/nios2eds/bin/gnu/h-i686-mingw32/bin/../lib/gcc/nios2-elf/4.1.2/../../../../nios2-elf/lib\libc.a(lib_a-putc.o)
 .data          0x00834728        0x0 c:/software/altera/10.1/nios2eds/bin/gnu/h-i686-mingw32/bin/../lib/gcc/nios2-elf/4.1.2/../../../../nios2-elf/lib\libc.a(lib_a-reallocr.o)
 .data          0x00834728        0x0 c:/software/altera/10.1/nios2eds/bin/gnu/h-i686-mingw32/bin/../lib/gcc/nios2-elf/4.1.2/../../../../nios2-elf/lib\libc.a(lib_a-s_isinfd.o)
 .data          0x00834728        0x0 c:/software/altera/10.1/nios2eds/bin/gnu/h-i686-mingw32/bin/../lib/gcc/nios2-elf/4.1.2/../../../../nios2-elf/lib\libc.a(lib_a-s_isnand.o)
 .data          0x00834728        0x0 c:/software/altera/10.1/nios2eds/bin/gnu/h-i686-mingw32/bin/../lib/gcc/nios2-elf/4.1.2/../../../../nios2-elf/lib\libc.a(lib_a-stdio.o)
 .data          0x00834728        0x0 c:/software/altera/10.1/nios2eds/bin/gnu/h-i686-mingw32/bin/../lib/gcc/nios2-elf/4.1.2/../../../../nios2-elf/lib\libc.a(lib_a-strcmp.o)
 .data          0x00834728        0x0 c:/software/altera/10.1/nios2eds/bin/gnu/h-i686-mingw32/bin/../lib/gcc/nios2-elf/4.1.2/../../../../nios2-elf/lib\libc.a(lib_a-wbuf.o)
 .data          0x00834728        0x0 c:/software/altera/10.1/nios2eds/bin/gnu/h-i686-mingw32/bin/../lib/gcc/nios2-elf/4.1.2/../../../../nios2-elf/lib\libc.a(lib_a-writer.o)
 .data          0x00834728        0x0 c:/software/altera/10.1/nios2eds/bin/gnu/h-i686-mingw32/bin/../lib/gcc/nios2-elf/4.1.2/../../../../nios2-elf/lib\libc.a(lib_a-callocr.o)
 .data          0x00834728        0x0 c:/software/altera/10.1/nios2eds/bin/gnu/h-i686-mingw32/bin/../lib/gcc/nios2-elf/4.1.2/../../../../nios2-elf/lib\libc.a(lib_a-closer.o)
 .data          0x00834728        0x0 c:/software/altera/10.1/nios2eds/bin/gnu/h-i686-mingw32/bin/../lib/gcc/nios2-elf/4.1.2/../../../../nios2-elf/lib\libc.a(lib_a-fclose.o)
 .data          0x00834728        0x0 c:/software/altera/10.1/nios2eds/bin/gnu/h-i686-mingw32/bin/../lib/gcc/nios2-elf/4.1.2/../../../../nios2-elf/lib\libc.a(lib_a-fstatr.o)
 .data          0x00834728        0x0 c:/software/altera/10.1/nios2eds/bin/gnu/h-i686-mingw32/bin/../lib/gcc/nios2-elf/4.1.2/../../../../nios2-elf/lib\libc.a(lib_a-isattyr.o)
 .data          0x00834728        0x0 c:/software/altera/10.1/nios2eds/bin/gnu/h-i686-mingw32/bin/../lib/gcc/nios2-elf/4.1.2/../../../../nios2-elf/lib\libc.a(lib_a-lseekr.o)
 .data          0x00834728        0x0 c:/software/altera/10.1/nios2eds/bin/gnu/h-i686-mingw32/bin/../lib/gcc/nios2-elf/4.1.2/../../../../nios2-elf/lib\libc.a(lib_a-readr.o)
 .data          0x00834728        0x0 c:/software/altera/10.1/nios2eds/bin/gnu/h-i686-mingw32/bin/../lib/gcc/nios2-elf/4.1.2\libgcc.a(_udivdi3.o)
 .data          0x00834728        0x0 c:/software/altera/10.1/nios2eds/bin/gnu/h-i686-mingw32/bin/../lib/gcc/nios2-elf/4.1.2\libgcc.a(_umoddi3.o)
 .data          0x00834728        0x0 c:/software/altera/10.1/nios2eds/bin/gnu/h-i686-mingw32/bin/../lib/gcc/nios2-elf/4.1.2\libgcc.a(_div_df.o)
 .data          0x00834728        0x0 c:/software/altera/10.1/nios2eds/bin/gnu/h-i686-mingw32/bin/../lib/gcc/nios2-elf/4.1.2\libgcc.a(_eq_df.o)
 .data          0x00834728        0x0 c:/software/altera/10.1/nios2eds/bin/gnu/h-i686-mingw32/bin/../lib/gcc/nios2-elf/4.1.2\libgcc.a(_ne_df.o)
 .data          0x00834728        0x0 c:/software/altera/10.1/nios2eds/bin/gnu/h-i686-mingw32/bin/../lib/gcc/nios2-elf/4.1.2\libgcc.a(_ge_df.o)
 .data          0x00834728        0x0 c:/software/altera/10.1/nios2eds/bin/gnu/h-i686-mingw32/bin/../lib/gcc/nios2-elf/4.1.2\libgcc.a(_lt_df.o)
 .data          0x00834728        0x0 c:/software/altera/10.1/nios2eds/bin/gnu/h-i686-mingw32/bin/../lib/gcc/nios2-elf/4.1.2\libgcc.a(_si_to_df.o)
 .data          0x00834728        0x0 ../multi_test_1_bsp\libhal_bsp.a(alt_close.o)
 .data          0x00834728        0x0 ../multi_test_1_bsp\libhal_bsp.a(alt_dcache_flush_all.o)
 .data          0x00834728      0x1a8 ../multi_test_1_bsp\libhal_bsp.a(alt_dev.o)
                0x00834728                alt_dev_null
                0x00834750                alt_fd_list
 .data          0x008348d0        0x0 ../multi_test_1_bsp\libhal_bsp.a(alt_errno.o)
 .data          0x008348d0        0x0 ../multi_test_1_bsp\libhal_bsp.a(alt_exit.o)
 .data          0x008348d0        0x0 ../multi_test_1_bsp\libhal_bsp.a(alt_fstat.o)
 .data          0x008348d0        0x0 ../multi_test_1_bsp\libhal_bsp.a(alt_irq_register.o)
 .data          0x008348d0        0x0 ../multi_test_1_bsp\libhal_bsp.a(alt_irq_vars.o)
 .data          0x008348d0        0x0 ../multi_test_1_bsp\libhal_bsp.a(alt_isatty.o)
 .data          0x008348d0        0x0 ../multi_test_1_bsp\libhal_bsp.a(alt_load.o)
 .data          0x008348d0        0x0 ../multi_test_1_bsp\libhal_bsp.a(alt_lseek.o)
 .data          0x008348d0        0x0 ../multi_test_1_bsp\libhal_bsp.a(alt_main.o)
 .data          0x008348d0        0x0 ../multi_test_1_bsp\libhal_bsp.a(alt_malloc_lock.o)
 .data          0x008348d0        0x0 ../multi_test_1_bsp\libhal_bsp.a(alt_read.o)
 .data          0x008348d0        0x0 ../multi_test_1_bsp\libhal_bsp.a(alt_release_fd.o)
 .data          0x008348d0        0x0 ../multi_test_1_bsp\libhal_bsp.a(alt_sbrk.o)
 .data          0x008348d0        0x0 ../multi_test_1_bsp\libhal_bsp.a(alt_write.o)
 .data          0x008348d0     0x1104 ../multi_test_1_bsp\libhal_bsp.a(alt_sys_init.o)
 .data          0x008359d4        0x0 ../multi_test_1_bsp\libhal_bsp.a(altera_avalon_jtag_uart_fd.o)
 .data          0x008359d4        0x0 ../multi_test_1_bsp\libhal_bsp.a(altera_avalon_jtag_uart_init.o)
 .data          0x008359d4        0x0 ../multi_test_1_bsp\libhal_bsp.a(altera_avalon_jtag_uart_ioctl.o)
 .data          0x008359d4        0x0 ../multi_test_1_bsp\libhal_bsp.a(altera_avalon_jtag_uart_read.o)
 .data          0x008359d4        0x0 ../multi_test_1_bsp\libhal_bsp.a(altera_avalon_jtag_uart_write.o)
 .data          0x008359d4        0x0 ../multi_test_1_bsp\libhal_bsp.a(altera_avalon_mailbox.o)
 .data          0x008359d4        0x0 ../multi_test_1_bsp\libhal_bsp.a(altera_avalon_mutex.o)
 .data          0x008359d4        0x0 ../multi_test_1_bsp\libhal_bsp.a(altera_avalon_timer_sc.o)
 .data          0x008359d4        0x0 ../multi_test_1_bsp\libhal_bsp.a(altera_up_sd_card_avalon_interface.o)
 .data          0x008359d4        0x0 ../multi_test_1_bsp\libhal_bsp.a(alt_alarm_start.o)
 .data          0x008359d4        0x0 ../multi_test_1_bsp\libhal_bsp.a(alt_dev_llist_insert.o)
 .data          0x008359d4        0x0 ../multi_test_1_bsp\libhal_bsp.a(alt_do_ctors.o)
 .data          0x008359d4        0x0 ../multi_test_1_bsp\libhal_bsp.a(alt_do_dtors.o)
 .data          0x008359d4        0x0 ../multi_test_1_bsp\libhal_bsp.a(alt_find_dev.o)
 .data          0x008359d4        0x0 ../multi_test_1_bsp\libhal_bsp.a(alt_icache_flush_all.o)
 .data          0x008359d4        0x0 ../multi_test_1_bsp\libhal_bsp.a(alt_iic.o)
 .data          0x008359d4        0x0 ../multi_test_1_bsp\libhal_bsp.a(alt_iic_isr_register.o)
 .data          0x008359d4        0x0 ../multi_test_1_bsp\libhal_bsp.a(alt_io_redirect.o)
 .data          0x008359d4        0x0 ../multi_test_1_bsp\libhal_bsp.a(alt_irq_entry.o)
 .data          0x008359d4        0x0 ../multi_test_1_bsp\libhal_bsp.a(alt_irq_handler.o)
 .data          0x008359d4        0x0 ../multi_test_1_bsp\libhal_bsp.a(alt_open.o)
 .data          0x008359d4        0x0 ../multi_test_1_bsp\libhal_bsp.a(alt_tick.o)
 .data          0x008359d4        0x0 ../multi_test_1_bsp\libhal_bsp.a(altera_nios2_irq.o)
 .data          0x008359d4        0x0 ../multi_test_1_bsp\libhal_bsp.a(alt_exception_entry.o)
 .data          0x008359d4        0x0 ../multi_test_1_bsp\libhal_bsp.a(alt_find_file.o)
 .data          0x008359d4        0x0 ../multi_test_1_bsp\libhal_bsp.a(alt_get_fd.o)
 .data          0x008359d4        0x0 ../multi_test_1_bsp\libhal_bsp.a(alt_icache_flush.o)
 .data          0x008359d4        0x0 c:/software/altera/10.1/nios2eds/bin/gnu/h-i686-mingw32/bin/../lib/gcc/nios2-elf/4.1.2/../../../../nios2-elf/lib\libc.a(lib_a-atexit.o)
 .data          0x008359d4        0x0 c:/software/altera/10.1/nios2eds/bin/gnu/h-i686-mingw32/bin/../lib/gcc/nios2-elf/4.1.2/../../../../nios2-elf/lib\libc.a(lib_a-memcmp.o)
 .data          0x008359d4        0x0 c:/software/altera/10.1/nios2eds/bin/gnu/h-i686-mingw32/bin/../lib/gcc/nios2-elf/4.1.2/../../../../nios2-elf/lib\libc.a(lib_a-__atexit.o)
                0x0083d9d4                _gp = ABSOLUTE ((. + 0x8000))
                0x0083d9d4                PROVIDE (gp, _gp)
 *(.sdata .sdata.* .gnu.linkonce.s.*)
 .sdata         0x008359d4        0x8 c:/software/altera/10.1/nios2eds/bin/gnu/h-i686-mingw32/bin/../lib/gcc/nios2-elf/4.1.2/../../../../nios2-elf/lib\libc.a(lib_a-impure.o)
                0x008359d4                _impure_ptr
                0x008359d8                _global_impure_ptr
 .sdata         0x008359dc        0x8 c:/software/altera/10.1/nios2eds/bin/gnu/h-i686-mingw32/bin/../lib/gcc/nios2-elf/4.1.2/../../../../nios2-elf/lib\libc.a(lib_a-mallocr.o)
                0x008359dc                __malloc_trim_threshold
                0x008359e0                __malloc_sbrk_base
 .sdata         0x008359e4        0x8 c:/software/altera/10.1/nios2eds/bin/gnu/h-i686-mingw32/bin/../lib/gcc/nios2-elf/4.1.2/../../../../nios2-elf/lib\libc.a(lib_a-locale.o)
                0x008359e4                __mb_cur_max
 .sdata         0x008359ec       0x14 ../multi_test_1_bsp\libhal_bsp.a(alt_dev.o)
                0x008359ec                alt_fs_list
                0x008359f4                alt_dev_list
                0x008359fc                alt_max_fd
 .sdata         0x00835a00        0x4 ../multi_test_1_bsp\libhal_bsp.a(alt_errno.o)
                0x00835a00                alt_errno
 .sdata         0x00835a04        0x4 ../multi_test_1_bsp\libhal_bsp.a(alt_irq_vars.o)
                0x00835a04                alt_priority_mask
 .sdata         0x00835a08        0x4 ../multi_test_1_bsp\libhal_bsp.a(alt_sbrk.o)
 .sdata         0x00835a0c        0x8 ../multi_test_1_bsp\libhal_bsp.a(altera_avalon_mailbox.o)
                0x00835a0c                alt_mailbox_list
 .sdata         0x00835a14        0x8 ../multi_test_1_bsp\libhal_bsp.a(altera_avalon_mutex.o)
                0x00835a14                alt_mutex_list
 .sdata         0x00835a1c        0x8 ../multi_test_1_bsp\libhal_bsp.a(alt_tick.o)
                0x00835a1c                alt_alarm_list
 *(.sdata2 .sdata2.* .gnu.linkonce.s2.*)
                0x00835a24                . = ALIGN (0x4)
                0x00835a24                _edata = ABSOLUTE (.)
                0x00835a24                PROVIDE (edata, ABSOLUTE (.))
                0x00835a24                PROVIDE (__ram_rwdata_end, ABSOLUTE (.))
                0x00835a24                PROVIDE (__flash_rwdata_start, LOADADDR (.rwdata))

.bss            0x0083785c      0x900
                0x0083785c                __bss_start = ABSOLUTE (.)
                0x0083785c                PROVIDE (__sbss_start, ABSOLUTE (.))
                0x0083785c                PROVIDE (___sbss_start, ABSOLUTE (.))
 *(.dynsbss)
 *(.sbss .sbss.* .gnu.linkonce.sb.*)
 .sbss          0x0083785c        0x4 obj/decoder/mjpeg423_decoder.o
                0x0083785c                counter
 .sbss          0x00837860       0x54 obj/decoder/mjpeg423_decoder.o
                0x00837860                recv_dev
                0x00837864                last_tested
                0x00837868                CrDCAC
                0x0083786c                edge_capture
                0x00837870                send_dev
                0x00837874                sendmessage
                0x00837878                playing
                0x0083787c                sendMsg
                0x00837880                YDCAC
                0x00837884                Yblock
                0x00837888                Cbblock
                0x0083788c                receiveMessage
                0x00837890                playedOnceFlag
                0x00837894                backward
                0x00837898                flip
                0x0083789c                fastForward
                0x008378a0                Crblock
                0x008378a4                CbDCAC
                0x008378a8                frame_index
                0x008378ac                getNextFile
                0x008378b0                current_frame
 .sbss          0x008378b4       0x10 obj/hello_world.o
                0x008378b4                blah
                0x008378b8                index
                0x008378bc                button_latch
                0x008378c0                button_state
 .sbss          0x008378c4       0x10 obj/sd_card.o
                0x008378c4                sectors
                0x008378c8                sd_card_curr_read_sector
                0x008378cc                sd_card_start_byte_in_sector
                0x008378d0                sd_card_sectors_num
 .sbss          0x008378d4        0x4 c:/software/altera/10.1/nios2eds/bin/gnu/h-i686-mingw32/bin/../lib/gcc/nios2-elf/4.1.2/../../../../nios2-elf/lib\libc.a(lib_a-int_errno.o)
                0x008378d4                errno
 .sbss          0x008378d8        0xc c:/software/altera/10.1/nios2eds/bin/gnu/h-i686-mingw32/bin/../lib/gcc/nios2-elf/4.1.2/../../../../nios2-elf/lib\libc.a(lib_a-mallocr.o)
                0x008378d8                __malloc_top_pad
                0x008378dc                __malloc_max_sbrked_mem
                0x008378e0                __malloc_max_total_mem
 .sbss          0x008378e4        0xc c:/software/altera/10.1/nios2eds/bin/gnu/h-i686-mingw32/bin/../lib/gcc/nios2-elf/4.1.2/../../../../nios2-elf/lib\libc.a(lib_a-locale.o)
                0x008378e4                __nlocale_changed
                0x008378e8                __mlocale_changed
                0x008378ec                _PathLocale
 .sbss          0x008378f0        0x4 ../multi_test_1_bsp\libhal_bsp.a(alt_irq_vars.o)
                0x008378f0                alt_irq_active
 .sbss          0x008378f4        0xc ../multi_test_1_bsp\libhal_bsp.a(alt_main.o)
                0x008378f4                alt_argc
                0x008378f8                alt_argv
                0x008378fc                alt_envp
 .sbss          0x00837900       0x34 ../multi_test_1_bsp\libhal_bsp.a(altera_up_sd_card_avalon_interface.o)
                0x00837900                initialized
                0x00837904                is_sd_card_formated_as_FAT16
                0x00837908                aux_status_register
                0x0083790c                status_register
                0x00837910                CSD_register_w0
                0x00837914                command_register
                0x00837918                command_argument_register
                0x0083791c                buffer_memory
                0x00837920                fat_partition_offset_in_512_byte_sectors
                0x00837924                fat_partition_size_in_512_byte_sectors
                0x00837928                device_pointer
                0x0083792c                current_sector_modified
                0x00837930                current_sector_index
 .sbss          0x00837934        0x8 ../multi_test_1_bsp\libhal_bsp.a(alt_tick.o)
                0x00837934                _alt_tick_rate
                0x00837938                _alt_nticks
 *(.sbss2 .sbss2.* .gnu.linkonce.sb2.*)
 *(.scommon)
                0x0083793c                PROVIDE (__sbss_end, ABSOLUTE (.))
                0x0083793c                PROVIDE (___sbss_end, ABSOLUTE (.))
 *(.dynbss)
 *(.bss .bss.* .gnu.linkonce.b.*)
 .bss           0x0083793c        0x0 ../multi_test_1_bsp/obj/HAL/src/crt0.o
 .bss           0x0083793c        0x0 obj/common/tables.o
 .bss           0x0083793c        0x0 obj/common/util.o
 .bss           0x0083793c        0x0 obj/decoder/idct.o
 .bss           0x0083793c        0x0 obj/decoder/lossless_decode.o
 .bss           0x0083793c        0x0 obj/decoder/mjpeg423_decoder.o
 .bss           0x0083793c        0x0 obj/decoder/ycbcr_to_rgb.o
 .bss           0x0083793c        0x0 obj/hello_world.o
 .bss           0x0083793c        0x0 obj/sd_card.o
 .bss           0x0083793c        0x0 c:/software/altera/10.1/nios2eds/bin/gnu/h-i686-mingw32/bin/../lib/gcc/nios2-elf/4.1.2/../../../../nios2-elf/lib\libm.a(lib_a-s_ceil.o)
 .bss           0x0083793c        0x0 c:/software/altera/10.1/nios2eds/bin/gnu/h-i686-mingw32/bin/../lib/gcc/nios2-elf/4.1.2\libgcc.a(_addsub_df.o)
 .bss           0x0083793c        0x0 c:/software/altera/10.1/nios2eds/bin/gnu/h-i686-mingw32/bin/../lib/gcc/nios2-elf/4.1.2\libgcc.a(_mul_df.o)
 .bss           0x0083793c        0x0 c:/software/altera/10.1/nios2eds/bin/gnu/h-i686-mingw32/bin/../lib/gcc/nios2-elf/4.1.2\libgcc.a(_gt_df.o)
 .bss           0x0083793c        0x0 c:/software/altera/10.1/nios2eds/bin/gnu/h-i686-mingw32/bin/../lib/gcc/nios2-elf/4.1.2\libgcc.a(_df_to_si.o)
 .bss           0x0083793c        0x0 c:/software/altera/10.1/nios2eds/bin/gnu/h-i686-mingw32/bin/../lib/gcc/nios2-elf/4.1.2\libgcc.a(_thenan_df.o)
 .bss           0x0083793c        0x0 c:/software/altera/10.1/nios2eds/bin/gnu/h-i686-mingw32/bin/../lib/gcc/nios2-elf/4.1.2\libgcc.a(_usi_to_df.o)
 .bss           0x0083793c        0x0 c:/software/altera/10.1/nios2eds/bin/gnu/h-i686-mingw32/bin/../lib/gcc/nios2-elf/4.1.2\libgcc.a(lib2-divmod.o)
 .bss           0x0083793c        0x0 c:/software/altera/10.1/nios2eds/bin/gnu/h-i686-mingw32/bin/../lib/gcc/nios2-elf/4.1.2\libgcc.a(lib2-divtable.o)
 .bss           0x0083793c        0x0 c:/software/altera/10.1/nios2eds/bin/gnu/h-i686-mingw32/bin/../lib/gcc/nios2-elf/4.1.2\libgcc.a(_muldi3.o)
 .bss           0x0083793c        0x0 c:/software/altera/10.1/nios2eds/bin/gnu/h-i686-mingw32/bin/../lib/gcc/nios2-elf/4.1.2\libgcc.a(_clzsi2.o)
 .bss           0x0083793c        0x0 c:/software/altera/10.1/nios2eds/bin/gnu/h-i686-mingw32/bin/../lib/gcc/nios2-elf/4.1.2\libgcc.a(_pack_df.o)
 .bss           0x0083793c        0x0 c:/software/altera/10.1/nios2eds/bin/gnu/h-i686-mingw32/bin/../lib/gcc/nios2-elf/4.1.2\libgcc.a(_unpack_df.o)
 .bss           0x0083793c        0x0 c:/software/altera/10.1/nios2eds/bin/gnu/h-i686-mingw32/bin/../lib/gcc/nios2-elf/4.1.2\libgcc.a(_fpcmp_parts_df.o)
 .bss           0x0083793c        0x0 c:/software/altera/10.1/nios2eds/bin/gnu/h-i686-mingw32/bin/../lib/gcc/nios2-elf/4.1.2\libgcc.a(_clz.o)
 .bss           0x0083793c        0x0 c:/software/altera/10.1/nios2eds/bin/gnu/h-i686-mingw32/bin/../lib/gcc/nios2-elf/4.1.2/../../../../nios2-elf/lib\libc.a(lib_a-exit.o)
 .bss           0x0083793c        0x0 c:/software/altera/10.1/nios2eds/bin/gnu/h-i686-mingw32/bin/../lib/gcc/nios2-elf/4.1.2/../../../../nios2-elf/lib\libc.a(lib_a-impure.o)
 .bss           0x0083793c        0x0 c:/software/altera/10.1/nios2eds/bin/gnu/h-i686-mingw32/bin/../lib/gcc/nios2-elf/4.1.2/../../../../nios2-elf/lib\libc.a(lib_a-int_errno.o)
 .bss           0x0083793c        0x0 c:/software/altera/10.1/nios2eds/bin/gnu/h-i686-mingw32/bin/../lib/gcc/nios2-elf/4.1.2/../../../../nios2-elf/lib\libc.a(lib_a-malloc.o)
 .bss           0x0083793c       0x28 c:/software/altera/10.1/nios2eds/bin/gnu/h-i686-mingw32/bin/../lib/gcc/nios2-elf/4.1.2/../../../../nios2-elf/lib\libc.a(lib_a-mallocr.o)
                0x0083793c                __malloc_current_mallinfo
 .bss           0x00837964        0x0 c:/software/altera/10.1/nios2eds/bin/gnu/h-i686-mingw32/bin/../lib/gcc/nios2-elf/4.1.2/../../../../nios2-elf/lib\libc.a(lib_a-printf.o)
 .bss           0x00837964        0x0 c:/software/altera/10.1/nios2eds/bin/gnu/h-i686-mingw32/bin/../lib/gcc/nios2-elf/4.1.2/../../../../nios2-elf/lib\libc.a(lib_a-putchar.o)
 .bss           0x00837964        0x0 c:/software/altera/10.1/nios2eds/bin/gnu/h-i686-mingw32/bin/../lib/gcc/nios2-elf/4.1.2/../../../../nios2-elf/lib\libc.a(lib_a-puts.o)
 .bss           0x00837964        0x0 c:/software/altera/10.1/nios2eds/bin/gnu/h-i686-mingw32/bin/../lib/gcc/nios2-elf/4.1.2/../../../../nios2-elf/lib\libc.a(lib_a-sbrkr.o)
 .bss           0x00837964        0x0 c:/software/altera/10.1/nios2eds/bin/gnu/h-i686-mingw32/bin/../lib/gcc/nios2-elf/4.1.2/../../../../nios2-elf/lib\libc.a(lib_a-strlen.o)
 .bss           0x00837964        0x0 c:/software/altera/10.1/nios2eds/bin/gnu/h-i686-mingw32/bin/../lib/gcc/nios2-elf/4.1.2/../../../../nios2-elf/lib\libc.a(lib_a-vfprintf.o)
 .bss           0x00837964        0x0 c:/software/altera/10.1/nios2eds/bin/gnu/h-i686-mingw32/bin/../lib/gcc/nios2-elf/4.1.2/../../../../nios2-elf/lib\libc.a(lib_a-wsetup.o)
 .bss           0x00837964        0x0 c:/software/altera/10.1/nios2eds/bin/gnu/h-i686-mingw32/bin/../lib/gcc/nios2-elf/4.1.2/../../../../nios2-elf/lib\libc.a(lib_a-__call_atexit.o)
 .bss           0x00837964        0x0 c:/software/altera/10.1/nios2eds/bin/gnu/h-i686-mingw32/bin/../lib/gcc/nios2-elf/4.1.2/../../../../nios2-elf/lib\libc.a(lib_a-dtoa.o)
 .bss           0x00837964        0x0 c:/software/altera/10.1/nios2eds/bin/gnu/h-i686-mingw32/bin/../lib/gcc/nios2-elf/4.1.2/../../../../nios2-elf/lib\libc.a(lib_a-fflush.o)
 .bss           0x00837964        0x0 c:/software/altera/10.1/nios2eds/bin/gnu/h-i686-mingw32/bin/../lib/gcc/nios2-elf/4.1.2/../../../../nios2-elf/lib\libc.a(lib_a-findfp.o)
 .bss           0x00837964        0x0 c:/software/altera/10.1/nios2eds/bin/gnu/h-i686-mingw32/bin/../lib/gcc/nios2-elf/4.1.2/../../../../nios2-elf/lib\libc.a(lib_a-freer.o)
 .bss           0x00837964        0x0 c:/software/altera/10.1/nios2eds/bin/gnu/h-i686-mingw32/bin/../lib/gcc/nios2-elf/4.1.2/../../../../nios2-elf/lib\libc.a(lib_a-fvwrite.o)
 .bss           0x00837964        0x0 c:/software/altera/10.1/nios2eds/bin/gnu/h-i686-mingw32/bin/../lib/gcc/nios2-elf/4.1.2/../../../../nios2-elf/lib\libc.a(lib_a-fwalk.o)
 .bss           0x00837964        0x0 c:/software/altera/10.1/nios2eds/bin/gnu/h-i686-mingw32/bin/../lib/gcc/nios2-elf/4.1.2/../../../../nios2-elf/lib\libc.a(lib_a-locale.o)
 .bss           0x00837964        0x0 c:/software/altera/10.1/nios2eds/bin/gnu/h-i686-mingw32/bin/../lib/gcc/nios2-elf/4.1.2/../../../../nios2-elf/lib\libc.a(lib_a-makebuf.o)
 .bss           0x00837964        0x0 c:/software/altera/10.1/nios2eds/bin/gnu/h-i686-mingw32/bin/../lib/gcc/nios2-elf/4.1.2/../../../../nios2-elf/lib\libc.a(lib_a-memchr.o)
 .bss           0x00837964        0x0 c:/software/altera/10.1/nios2eds/bin/gnu/h-i686-mingw32/bin/../lib/gcc/nios2-elf/4.1.2/../../../../nios2-elf/lib\libc.a(lib_a-memcpy.o)
 .bss           0x00837964        0x0 c:/software/altera/10.1/nios2eds/bin/gnu/h-i686-mingw32/bin/../lib/gcc/nios2-elf/4.1.2/../../../../nios2-elf/lib\libc.a(lib_a-memmove.o)
 .bss           0x00837964        0x0 c:/software/altera/10.1/nios2eds/bin/gnu/h-i686-mingw32/bin/../lib/gcc/nios2-elf/4.1.2/../../../../nios2-elf/lib\libc.a(lib_a-memset.o)
 .bss           0x00837964        0x0 c:/software/altera/10.1/nios2eds/bin/gnu/h-i686-mingw32/bin/../lib/gcc/nios2-elf/4.1.2/../../../../nios2-elf/lib\libc.a(lib_a-mprec.o)
 .bss           0x00837964        0x0 c:/software/altera/10.1/nios2eds/bin/gnu/h-i686-mingw32/bin/../lib/gcc/nios2-elf/4.1.2/../../../../nios2-elf/lib\libc.a(lib_a-putc.o)
 .bss           0x00837964        0x0 c:/software/altera/10.1/nios2eds/bin/gnu/h-i686-mingw32/bin/../lib/gcc/nios2-elf/4.1.2/../../../../nios2-elf/lib\libc.a(lib_a-reallocr.o)
 .bss           0x00837964        0x0 c:/software/altera/10.1/nios2eds/bin/gnu/h-i686-mingw32/bin/../lib/gcc/nios2-elf/4.1.2/../../../../nios2-elf/lib\libc.a(lib_a-s_isinfd.o)
 .bss           0x00837964        0x0 c:/software/altera/10.1/nios2eds/bin/gnu/h-i686-mingw32/bin/../lib/gcc/nios2-elf/4.1.2/../../../../nios2-elf/lib\libc.a(lib_a-s_isnand.o)
 .bss           0x00837964        0x0 c:/software/altera/10.1/nios2eds/bin/gnu/h-i686-mingw32/bin/../lib/gcc/nios2-elf/4.1.2/../../../../nios2-elf/lib\libc.a(lib_a-stdio.o)
 .bss           0x00837964        0x0 c:/software/altera/10.1/nios2eds/bin/gnu/h-i686-mingw32/bin/../lib/gcc/nios2-elf/4.1.2/../../../../nios2-elf/lib\libc.a(lib_a-strcmp.o)
 .bss           0x00837964        0x0 c:/software/altera/10.1/nios2eds/bin/gnu/h-i686-mingw32/bin/../lib/gcc/nios2-elf/4.1.2/../../../../nios2-elf/lib\libc.a(lib_a-wbuf.o)
 .bss           0x00837964        0x0 c:/software/altera/10.1/nios2eds/bin/gnu/h-i686-mingw32/bin/../lib/gcc/nios2-elf/4.1.2/../../../../nios2-elf/lib\libc.a(lib_a-writer.o)
 .bss           0x00837964        0x0 c:/software/altera/10.1/nios2eds/bin/gnu/h-i686-mingw32/bin/../lib/gcc/nios2-elf/4.1.2/../../../../nios2-elf/lib\libc.a(lib_a-callocr.o)
 .bss           0x00837964        0x0 c:/software/altera/10.1/nios2eds/bin/gnu/h-i686-mingw32/bin/../lib/gcc/nios2-elf/4.1.2/../../../../nios2-elf/lib\libc.a(lib_a-closer.o)
 .bss           0x00837964        0x0 c:/software/altera/10.1/nios2eds/bin/gnu/h-i686-mingw32/bin/../lib/gcc/nios2-elf/4.1.2/../../../../nios2-elf/lib\libc.a(lib_a-fclose.o)
 .bss           0x00837964        0x0 c:/software/altera/10.1/nios2eds/bin/gnu/h-i686-mingw32/bin/../lib/gcc/nios2-elf/4.1.2/../../../../nios2-elf/lib\libc.a(lib_a-fstatr.o)
 .bss           0x00837964        0x0 c:/software/altera/10.1/nios2eds/bin/gnu/h-i686-mingw32/bin/../lib/gcc/nios2-elf/4.1.2/../../../../nios2-elf/lib\libc.a(lib_a-isattyr.o)
 .bss           0x00837964        0x0 c:/software/altera/10.1/nios2eds/bin/gnu/h-i686-mingw32/bin/../lib/gcc/nios2-elf/4.1.2/../../../../nios2-elf/lib\libc.a(lib_a-lseekr.o)
 .bss           0x00837964        0x0 c:/software/altera/10.1/nios2eds/bin/gnu/h-i686-mingw32/bin/../lib/gcc/nios2-elf/4.1.2/../../../../nios2-elf/lib\libc.a(lib_a-readr.o)
 .bss           0x00837964        0x0 c:/software/altera/10.1/nios2eds/bin/gnu/h-i686-mingw32/bin/../lib/gcc/nios2-elf/4.1.2\libgcc.a(_udivdi3.o)
 .bss           0x00837964        0x0 c:/software/altera/10.1/nios2eds/bin/gnu/h-i686-mingw32/bin/../lib/gcc/nios2-elf/4.1.2\libgcc.a(_umoddi3.o)
 .bss           0x00837964        0x0 c:/software/altera/10.1/nios2eds/bin/gnu/h-i686-mingw32/bin/../lib/gcc/nios2-elf/4.1.2\libgcc.a(_div_df.o)
 .bss           0x00837964        0x0 c:/software/altera/10.1/nios2eds/bin/gnu/h-i686-mingw32/bin/../lib/gcc/nios2-elf/4.1.2\libgcc.a(_eq_df.o)
 .bss           0x00837964        0x0 c:/software/altera/10.1/nios2eds/bin/gnu/h-i686-mingw32/bin/../lib/gcc/nios2-elf/4.1.2\libgcc.a(_ne_df.o)
 .bss           0x00837964        0x0 c:/software/altera/10.1/nios2eds/bin/gnu/h-i686-mingw32/bin/../lib/gcc/nios2-elf/4.1.2\libgcc.a(_ge_df.o)
 .bss           0x00837964        0x0 c:/software/altera/10.1/nios2eds/bin/gnu/h-i686-mingw32/bin/../lib/gcc/nios2-elf/4.1.2\libgcc.a(_lt_df.o)
 .bss           0x00837964        0x0 c:/software/altera/10.1/nios2eds/bin/gnu/h-i686-mingw32/bin/../lib/gcc/nios2-elf/4.1.2\libgcc.a(_si_to_df.o)
 .bss           0x00837964        0x0 ../multi_test_1_bsp\libhal_bsp.a(alt_close.o)
 .bss           0x00837964        0x0 ../multi_test_1_bsp\libhal_bsp.a(alt_dcache_flush_all.o)
 .bss           0x00837964        0x0 ../multi_test_1_bsp\libhal_bsp.a(alt_dev.o)
 .bss           0x00837964        0x0 ../multi_test_1_bsp\libhal_bsp.a(alt_errno.o)
 .bss           0x00837964        0x0 ../multi_test_1_bsp\libhal_bsp.a(alt_exit.o)
 .bss           0x00837964        0x0 ../multi_test_1_bsp\libhal_bsp.a(alt_fstat.o)
 .bss           0x00837964        0x0 ../multi_test_1_bsp\libhal_bsp.a(alt_irq_register.o)
 .bss           0x00837964        0x0 ../multi_test_1_bsp\libhal_bsp.a(alt_irq_vars.o)
 .bss           0x00837964        0x0 ../multi_test_1_bsp\libhal_bsp.a(alt_isatty.o)
 .bss           0x00837964        0x0 ../multi_test_1_bsp\libhal_bsp.a(alt_load.o)
 .bss           0x00837964        0x0 ../multi_test_1_bsp\libhal_bsp.a(alt_lseek.o)
 .bss           0x00837964        0x0 ../multi_test_1_bsp\libhal_bsp.a(alt_main.o)
 .bss           0x00837964        0x0 ../multi_test_1_bsp\libhal_bsp.a(alt_malloc_lock.o)
 .bss           0x00837964        0x0 ../multi_test_1_bsp\libhal_bsp.a(alt_read.o)
 .bss           0x00837964        0x0 ../multi_test_1_bsp\libhal_bsp.a(alt_release_fd.o)
 .bss           0x00837964        0x0 ../multi_test_1_bsp\libhal_bsp.a(alt_sbrk.o)
 .bss           0x00837964        0x0 ../multi_test_1_bsp\libhal_bsp.a(alt_write.o)
 .bss           0x00837964        0x0 ../multi_test_1_bsp\libhal_bsp.a(alt_sys_init.o)
 .bss           0x00837964        0x0 ../multi_test_1_bsp\libhal_bsp.a(altera_avalon_jtag_uart_fd.o)
 .bss           0x00837964        0x0 ../multi_test_1_bsp\libhal_bsp.a(altera_avalon_jtag_uart_init.o)
 .bss           0x00837964        0x0 ../multi_test_1_bsp\libhal_bsp.a(altera_avalon_jtag_uart_ioctl.o)
 .bss           0x00837964        0x0 ../multi_test_1_bsp\libhal_bsp.a(altera_avalon_jtag_uart_read.o)
 .bss           0x00837964        0x0 ../multi_test_1_bsp\libhal_bsp.a(altera_avalon_jtag_uart_write.o)
 .bss           0x00837964        0x0 ../multi_test_1_bsp\libhal_bsp.a(altera_avalon_mailbox.o)
 .bss           0x00837964        0x0 ../multi_test_1_bsp\libhal_bsp.a(altera_avalon_mutex.o)
 .bss           0x00837964        0x0 ../multi_test_1_bsp\libhal_bsp.a(altera_avalon_timer_sc.o)
 .bss           0x00837964        0x0 ../multi_test_1_bsp\libhal_bsp.a(altera_up_sd_card_avalon_interface.o)
 .bss           0x00837964        0x0 ../multi_test_1_bsp\libhal_bsp.a(alt_alarm_start.o)
 .bss           0x00837964        0x0 ../multi_test_1_bsp\libhal_bsp.a(alt_dev_llist_insert.o)
 .bss           0x00837964        0x0 ../multi_test_1_bsp\libhal_bsp.a(alt_do_ctors.o)
 .bss           0x00837964        0x0 ../multi_test_1_bsp\libhal_bsp.a(alt_do_dtors.o)
 .bss           0x00837964        0x0 ../multi_test_1_bsp\libhal_bsp.a(alt_find_dev.o)
 .bss           0x00837964        0x0 ../multi_test_1_bsp\libhal_bsp.a(alt_icache_flush_all.o)
 .bss           0x00837964        0x0 ../multi_test_1_bsp\libhal_bsp.a(alt_iic.o)
 .bss           0x00837964        0x0 ../multi_test_1_bsp\libhal_bsp.a(alt_iic_isr_register.o)
 .bss           0x00837964        0x0 ../multi_test_1_bsp\libhal_bsp.a(alt_io_redirect.o)
 .bss           0x00837964        0x0 ../multi_test_1_bsp\libhal_bsp.a(alt_irq_entry.o)
 .bss           0x00837964        0x0 ../multi_test_1_bsp\libhal_bsp.a(alt_irq_handler.o)
 .bss           0x00837964        0x0 ../multi_test_1_bsp\libhal_bsp.a(alt_open.o)
 .bss           0x00837964        0x0 ../multi_test_1_bsp\libhal_bsp.a(alt_tick.o)
 .bss           0x00837964        0x0 ../multi_test_1_bsp\libhal_bsp.a(altera_nios2_irq.o)
 .bss           0x00837964        0x0 ../multi_test_1_bsp\libhal_bsp.a(alt_exception_entry.o)
 .bss           0x00837964        0x0 ../multi_test_1_bsp\libhal_bsp.a(alt_find_file.o)
 .bss           0x00837964        0x0 ../multi_test_1_bsp\libhal_bsp.a(alt_get_fd.o)
 .bss           0x00837964        0x0 ../multi_test_1_bsp\libhal_bsp.a(alt_icache_flush.o)
 .bss           0x00837964        0x0 c:/software/altera/10.1/nios2eds/bin/gnu/h-i686-mingw32/bin/../lib/gcc/nios2-elf/4.1.2/../../../../nios2-elf/lib\libc.a(lib_a-atexit.o)
 .bss           0x00837964        0x0 c:/software/altera/10.1/nios2eds/bin/gnu/h-i686-mingw32/bin/../lib/gcc/nios2-elf/4.1.2/../../../../nios2-elf/lib\libc.a(lib_a-memcmp.o)
 .bss           0x00837964        0x0 c:/software/altera/10.1/nios2eds/bin/gnu/h-i686-mingw32/bin/../lib/gcc/nios2-elf/4.1.2/../../../../nios2-elf/lib\libc.a(lib_a-__atexit.o)
 *(COMMON)
 COMMON         0x00837964      0x568 ../multi_test_1_bsp\libhal_bsp.a(altera_up_sd_card_avalon_interface.o)
                0x00837964                search_data
                0x00837978                boot_sector_data
                0x008379cc                active_files
 COMMON         0x00837ecc      0x100 ../multi_test_1_bsp\libhal_bsp.a(alt_irq_handler.o)
                0x00837ecc                alt_irq
 COMMON         0x00837fcc      0x190 c:/software/altera/10.1/nios2eds/bin/gnu/h-i686-mingw32/bin/../lib/gcc/nios2-elf/4.1.2/../../../../nios2-elf/lib\libc.a(lib_a-atexit.o)
                0x00837fcc                _atexit0
                0x0083815c                . = ALIGN (0x4)
                0x0083815c                __bss_end = ABSOLUTE (.)

.sdram_0        0x0083815c        0x0
                0x0083815c                PROVIDE (_alt_partition_sdram_0_start, ABSOLUTE (.))
 *(.sdram_0. sdram_0.*)
                0x0083815c                . = ALIGN (0x4)
                0x0083815c                PROVIDE (_alt_partition_sdram_0_end, ABSOLUTE (.))
                0x0083815c                _end = ABSOLUTE (.)
                0x0083815c                end = ABSOLUTE (.)
                0x0083815c                __alt_stack_base = ABSOLUTE (.)
                0x0083815c                PROVIDE (_alt_partition_sdram_0_load_addr, LOADADDR (.sdram_0))

.stab
 *(.stab)

.stabstr
 *(.stabstr)

.stab.excl
 *(.stab.excl)

.stab.exclstr
 *(.stab.exclstr)

.stab.index
 *(.stab.index)

.stab.indexstr
 *(.stab.indexstr)

.comment        0x00000000       0x23
 *(.comment)
 .comment       0x00000000       0x23 obj/common/tables.o
                                 0x24 (size before relaxing)
 .comment       0x00000000       0x24 obj/common/util.o
 .comment       0x00000000       0x24 obj/decoder/idct.o
 .comment       0x00000000       0x24 obj/decoder/lossless_decode.o
 .comment       0x00000000       0x24 obj/decoder/mjpeg423_decoder.o
 .comment       0x00000000       0x24 obj/decoder/ycbcr_to_rgb.o
 .comment       0x00000000       0x24 obj/hello_world.o
 .comment       0x00000000       0x24 obj/sd_card.o
 .comment       0x00000000       0x24 c:/software/altera/10.1/nios2eds/bin/gnu/h-i686-mingw32/bin/../lib/gcc/nios2-elf/4.1.2/../../../../nios2-elf/lib\libm.a(lib_a-s_ceil.o)
 .comment       0x00000000       0x24 c:/software/altera/10.1/nios2eds/bin/gnu/h-i686-mingw32/bin/../lib/gcc/nios2-elf/4.1.2\libgcc.a(_addsub_df.o)
 .comment       0x00000000       0x24 c:/software/altera/10.1/nios2eds/bin/gnu/h-i686-mingw32/bin/../lib/gcc/nios2-elf/4.1.2\libgcc.a(_mul_df.o)
 .comment       0x00000000       0x24 c:/software/altera/10.1/nios2eds/bin/gnu/h-i686-mingw32/bin/../lib/gcc/nios2-elf/4.1.2\libgcc.a(_gt_df.o)
 .comment       0x00000000       0x24 c:/software/altera/10.1/nios2eds/bin/gnu/h-i686-mingw32/bin/../lib/gcc/nios2-elf/4.1.2\libgcc.a(_df_to_si.o)
 .comment       0x00000000       0x24 c:/software/altera/10.1/nios2eds/bin/gnu/h-i686-mingw32/bin/../lib/gcc/nios2-elf/4.1.2\libgcc.a(_thenan_df.o)
 .comment       0x00000000       0x24 c:/software/altera/10.1/nios2eds/bin/gnu/h-i686-mingw32/bin/../lib/gcc/nios2-elf/4.1.2\libgcc.a(_usi_to_df.o)
 .comment       0x00000000       0x24 c:/software/altera/10.1/nios2eds/bin/gnu/h-i686-mingw32/bin/../lib/gcc/nios2-elf/4.1.2\libgcc.a(lib2-divmod.o)
 .comment       0x00000000       0x24 c:/software/altera/10.1/nios2eds/bin/gnu/h-i686-mingw32/bin/../lib/gcc/nios2-elf/4.1.2\libgcc.a(lib2-divtable.o)
 .comment       0x00000000       0x24 c:/software/altera/10.1/nios2eds/bin/gnu/h-i686-mingw32/bin/../lib/gcc/nios2-elf/4.1.2\libgcc.a(_muldi3.o)
 .comment       0x00000000       0x24 c:/software/altera/10.1/nios2eds/bin/gnu/h-i686-mingw32/bin/../lib/gcc/nios2-elf/4.1.2\libgcc.a(_clzsi2.o)
 .comment       0x00000000       0x24 c:/software/altera/10.1/nios2eds/bin/gnu/h-i686-mingw32/bin/../lib/gcc/nios2-elf/4.1.2\libgcc.a(_pack_df.o)
 .comment       0x00000000       0x24 c:/software/altera/10.1/nios2eds/bin/gnu/h-i686-mingw32/bin/../lib/gcc/nios2-elf/4.1.2\libgcc.a(_unpack_df.o)
 .comment       0x00000000       0x24 c:/software/altera/10.1/nios2eds/bin/gnu/h-i686-mingw32/bin/../lib/gcc/nios2-elf/4.1.2\libgcc.a(_fpcmp_parts_df.o)
 .comment       0x00000000       0x24 c:/software/altera/10.1/nios2eds/bin/gnu/h-i686-mingw32/bin/../lib/gcc/nios2-elf/4.1.2\libgcc.a(_clz.o)
 .comment       0x00000000       0x24 c:/software/altera/10.1/nios2eds/bin/gnu/h-i686-mingw32/bin/../lib/gcc/nios2-elf/4.1.2/../../../../nios2-elf/lib\libc.a(lib_a-exit.o)
 .comment       0x00000000       0x24 c:/software/altera/10.1/nios2eds/bin/gnu/h-i686-mingw32/bin/../lib/gcc/nios2-elf/4.1.2/../../../../nios2-elf/lib\libc.a(lib_a-impure.o)
 .comment       0x00000000       0x24 c:/software/altera/10.1/nios2eds/bin/gnu/h-i686-mingw32/bin/../lib/gcc/nios2-elf/4.1.2/../../../../nios2-elf/lib\libc.a(lib_a-int_errno.o)
 .comment       0x00000000       0x24 c:/software/altera/10.1/nios2eds/bin/gnu/h-i686-mingw32/bin/../lib/gcc/nios2-elf/4.1.2/../../../../nios2-elf/lib\libc.a(lib_a-malloc.o)
 .comment       0x00000000       0x24 c:/software/altera/10.1/nios2eds/bin/gnu/h-i686-mingw32/bin/../lib/gcc/nios2-elf/4.1.2/../../../../nios2-elf/lib\libc.a(lib_a-mallocr.o)
 .comment       0x00000000       0x24 c:/software/altera/10.1/nios2eds/bin/gnu/h-i686-mingw32/bin/../lib/gcc/nios2-elf/4.1.2/../../../../nios2-elf/lib\libc.a(lib_a-printf.o)
 .comment       0x00000000       0x24 c:/software/altera/10.1/nios2eds/bin/gnu/h-i686-mingw32/bin/../lib/gcc/nios2-elf/4.1.2/../../../../nios2-elf/lib\libc.a(lib_a-putchar.o)
 .comment       0x00000000       0x24 c:/software/altera/10.1/nios2eds/bin/gnu/h-i686-mingw32/bin/../lib/gcc/nios2-elf/4.1.2/../../../../nios2-elf/lib\libc.a(lib_a-puts.o)
 .comment       0x00000000       0x24 c:/software/altera/10.1/nios2eds/bin/gnu/h-i686-mingw32/bin/../lib/gcc/nios2-elf/4.1.2/../../../../nios2-elf/lib\libc.a(lib_a-sbrkr.o)
 .comment       0x00000000       0x24 c:/software/altera/10.1/nios2eds/bin/gnu/h-i686-mingw32/bin/../lib/gcc/nios2-elf/4.1.2/../../../../nios2-elf/lib\libc.a(lib_a-strlen.o)
 .comment       0x00000000       0x24 c:/software/altera/10.1/nios2eds/bin/gnu/h-i686-mingw32/bin/../lib/gcc/nios2-elf/4.1.2/../../../../nios2-elf/lib\libc.a(lib_a-vfprintf.o)
 .comment       0x00000000       0x24 c:/software/altera/10.1/nios2eds/bin/gnu/h-i686-mingw32/bin/../lib/gcc/nios2-elf/4.1.2/../../../../nios2-elf/lib\libc.a(lib_a-wsetup.o)
 .comment       0x00000000       0x24 c:/software/altera/10.1/nios2eds/bin/gnu/h-i686-mingw32/bin/../lib/gcc/nios2-elf/4.1.2/../../../../nios2-elf/lib\libc.a(lib_a-__call_atexit.o)
 .comment       0x00000000       0x24 c:/software/altera/10.1/nios2eds/bin/gnu/h-i686-mingw32/bin/../lib/gcc/nios2-elf/4.1.2/../../../../nios2-elf/lib\libc.a(lib_a-dtoa.o)
 .comment       0x00000000       0x24 c:/software/altera/10.1/nios2eds/bin/gnu/h-i686-mingw32/bin/../lib/gcc/nios2-elf/4.1.2/../../../../nios2-elf/lib\libc.a(lib_a-fflush.o)
 .comment       0x00000000       0x24 c:/software/altera/10.1/nios2eds/bin/gnu/h-i686-mingw32/bin/../lib/gcc/nios2-elf/4.1.2/../../../../nios2-elf/lib\libc.a(lib_a-findfp.o)
 .comment       0x00000000       0x24 c:/software/altera/10.1/nios2eds/bin/gnu/h-i686-mingw32/bin/../lib/gcc/nios2-elf/4.1.2/../../../../nios2-elf/lib\libc.a(lib_a-freer.o)
 .comment       0x00000000       0x24 c:/software/altera/10.1/nios2eds/bin/gnu/h-i686-mingw32/bin/../lib/gcc/nios2-elf/4.1.2/../../../../nios2-elf/lib\libc.a(lib_a-fvwrite.o)
 .comment       0x00000000       0x24 c:/software/altera/10.1/nios2eds/bin/gnu/h-i686-mingw32/bin/../lib/gcc/nios2-elf/4.1.2/../../../../nios2-elf/lib\libc.a(lib_a-fwalk.o)
 .comment       0x00000000       0x24 c:/software/altera/10.1/nios2eds/bin/gnu/h-i686-mingw32/bin/../lib/gcc/nios2-elf/4.1.2/../../../../nios2-elf/lib\libc.a(lib_a-locale.o)
 .comment       0x00000000       0x24 c:/software/altera/10.1/nios2eds/bin/gnu/h-i686-mingw32/bin/../lib/gcc/nios2-elf/4.1.2/../../../../nios2-elf/lib\libc.a(lib_a-makebuf.o)
 .comment       0x00000000       0x24 c:/software/altera/10.1/nios2eds/bin/gnu/h-i686-mingw32/bin/../lib/gcc/nios2-elf/4.1.2/../../../../nios2-elf/lib\libc.a(lib_a-memchr.o)
 .comment       0x00000000       0x24 c:/software/altera/10.1/nios2eds/bin/gnu/h-i686-mingw32/bin/../lib/gcc/nios2-elf/4.1.2/../../../../nios2-elf/lib\libc.a(lib_a-memcpy.o)
 .comment       0x00000000       0x24 c:/software/altera/10.1/nios2eds/bin/gnu/h-i686-mingw32/bin/../lib/gcc/nios2-elf/4.1.2/../../../../nios2-elf/lib\libc.a(lib_a-memmove.o)
 .comment       0x00000000       0x24 c:/software/altera/10.1/nios2eds/bin/gnu/h-i686-mingw32/bin/../lib/gcc/nios2-elf/4.1.2/../../../../nios2-elf/lib\libc.a(lib_a-memset.o)
 .comment       0x00000000       0x24 c:/software/altera/10.1/nios2eds/bin/gnu/h-i686-mingw32/bin/../lib/gcc/nios2-elf/4.1.2/../../../../nios2-elf/lib\libc.a(lib_a-mprec.o)
 .comment       0x00000000       0x24 c:/software/altera/10.1/nios2eds/bin/gnu/h-i686-mingw32/bin/../lib/gcc/nios2-elf/4.1.2/../../../../nios2-elf/lib\libc.a(lib_a-putc.o)
 .comment       0x00000000       0x24 c:/software/altera/10.1/nios2eds/bin/gnu/h-i686-mingw32/bin/../lib/gcc/nios2-elf/4.1.2/../../../../nios2-elf/lib\libc.a(lib_a-reallocr.o)
 .comment       0x00000000       0x24 c:/software/altera/10.1/nios2eds/bin/gnu/h-i686-mingw32/bin/../lib/gcc/nios2-elf/4.1.2/../../../../nios2-elf/lib\libc.a(lib_a-s_isinfd.o)
 .comment       0x00000000       0x24 c:/software/altera/10.1/nios2eds/bin/gnu/h-i686-mingw32/bin/../lib/gcc/nios2-elf/4.1.2/../../../../nios2-elf/lib\libc.a(lib_a-s_isnand.o)
 .comment       0x00000000       0x24 c:/software/altera/10.1/nios2eds/bin/gnu/h-i686-mingw32/bin/../lib/gcc/nios2-elf/4.1.2/../../../../nios2-elf/lib\libc.a(lib_a-stdio.o)
 .comment       0x00000000       0x24 c:/software/altera/10.1/nios2eds/bin/gnu/h-i686-mingw32/bin/../lib/gcc/nios2-elf/4.1.2/../../../../nios2-elf/lib\libc.a(lib_a-strcmp.o)
 .comment       0x00000000       0x24 c:/software/altera/10.1/nios2eds/bin/gnu/h-i686-mingw32/bin/../lib/gcc/nios2-elf/4.1.2/../../../../nios2-elf/lib\libc.a(lib_a-wbuf.o)
 .comment       0x00000000       0x24 c:/software/altera/10.1/nios2eds/bin/gnu/h-i686-mingw32/bin/../lib/gcc/nios2-elf/4.1.2/../../../../nios2-elf/lib\libc.a(lib_a-writer.o)
 .comment       0x00000000       0x24 c:/software/altera/10.1/nios2eds/bin/gnu/h-i686-mingw32/bin/../lib/gcc/nios2-elf/4.1.2/../../../../nios2-elf/lib\libc.a(lib_a-callocr.o)
 .comment       0x00000000       0x24 c:/software/altera/10.1/nios2eds/bin/gnu/h-i686-mingw32/bin/../lib/gcc/nios2-elf/4.1.2/../../../../nios2-elf/lib\libc.a(lib_a-closer.o)
 .comment       0x00000000       0x24 c:/software/altera/10.1/nios2eds/bin/gnu/h-i686-mingw32/bin/../lib/gcc/nios2-elf/4.1.2/../../../../nios2-elf/lib\libc.a(lib_a-fclose.o)
 .comment       0x00000000       0x24 c:/software/altera/10.1/nios2eds/bin/gnu/h-i686-mingw32/bin/../lib/gcc/nios2-elf/4.1.2/../../../../nios2-elf/lib\libc.a(lib_a-fstatr.o)
 .comment       0x00000000       0x24 c:/software/altera/10.1/nios2eds/bin/gnu/h-i686-mingw32/bin/../lib/gcc/nios2-elf/4.1.2/../../../../nios2-elf/lib\libc.a(lib_a-isattyr.o)
 .comment       0x00000000       0x24 c:/software/altera/10.1/nios2eds/bin/gnu/h-i686-mingw32/bin/../lib/gcc/nios2-elf/4.1.2/../../../../nios2-elf/lib\libc.a(lib_a-lseekr.o)
 .comment       0x00000000       0x24 c:/software/altera/10.1/nios2eds/bin/gnu/h-i686-mingw32/bin/../lib/gcc/nios2-elf/4.1.2/../../../../nios2-elf/lib\libc.a(lib_a-readr.o)
 .comment       0x00000000       0x24 c:/software/altera/10.1/nios2eds/bin/gnu/h-i686-mingw32/bin/../lib/gcc/nios2-elf/4.1.2\libgcc.a(_udivdi3.o)
 .comment       0x00000000       0x24 c:/software/altera/10.1/nios2eds/bin/gnu/h-i686-mingw32/bin/../lib/gcc/nios2-elf/4.1.2\libgcc.a(_umoddi3.o)
 .comment       0x00000000       0x24 c:/software/altera/10.1/nios2eds/bin/gnu/h-i686-mingw32/bin/../lib/gcc/nios2-elf/4.1.2\libgcc.a(_div_df.o)
 .comment       0x00000000       0x24 c:/software/altera/10.1/nios2eds/bin/gnu/h-i686-mingw32/bin/../lib/gcc/nios2-elf/4.1.2\libgcc.a(_eq_df.o)
 .comment       0x00000000       0x24 c:/software/altera/10.1/nios2eds/bin/gnu/h-i686-mingw32/bin/../lib/gcc/nios2-elf/4.1.2\libgcc.a(_ne_df.o)
 .comment       0x00000000       0x24 c:/software/altera/10.1/nios2eds/bin/gnu/h-i686-mingw32/bin/../lib/gcc/nios2-elf/4.1.2\libgcc.a(_ge_df.o)
 .comment       0x00000000       0x24 c:/software/altera/10.1/nios2eds/bin/gnu/h-i686-mingw32/bin/../lib/gcc/nios2-elf/4.1.2\libgcc.a(_lt_df.o)
 .comment       0x00000000       0x24 c:/software/altera/10.1/nios2eds/bin/gnu/h-i686-mingw32/bin/../lib/gcc/nios2-elf/4.1.2\libgcc.a(_si_to_df.o)
 .comment       0x00000000       0x24 ../multi_test_1_bsp\libhal_bsp.a(alt_close.o)
 .comment       0x00000000       0x24 ../multi_test_1_bsp\libhal_bsp.a(alt_dcache_flush_all.o)
 .comment       0x00000000       0x24 ../multi_test_1_bsp\libhal_bsp.a(alt_dev.o)
 .comment       0x00000000       0x24 ../multi_test_1_bsp\libhal_bsp.a(alt_errno.o)
 .comment       0x00000000       0x24 ../multi_test_1_bsp\libhal_bsp.a(alt_exit.o)
 .comment       0x00000000       0x24 ../multi_test_1_bsp\libhal_bsp.a(alt_fstat.o)
 .comment       0x00000000       0x24 ../multi_test_1_bsp\libhal_bsp.a(alt_irq_register.o)
 .comment       0x00000000       0x24 ../multi_test_1_bsp\libhal_bsp.a(alt_irq_vars.o)
 .comment       0x00000000       0x24 ../multi_test_1_bsp\libhal_bsp.a(alt_isatty.o)
 .comment       0x00000000       0x24 ../multi_test_1_bsp\libhal_bsp.a(alt_load.o)
 .comment       0x00000000       0x24 ../multi_test_1_bsp\libhal_bsp.a(alt_lseek.o)
 .comment       0x00000000       0x24 ../multi_test_1_bsp\libhal_bsp.a(alt_main.o)
 .comment       0x00000000       0x24 ../multi_test_1_bsp\libhal_bsp.a(alt_malloc_lock.o)
 .comment       0x00000000       0x24 ../multi_test_1_bsp\libhal_bsp.a(alt_read.o)
 .comment       0x00000000       0x24 ../multi_test_1_bsp\libhal_bsp.a(alt_release_fd.o)
 .comment       0x00000000       0x24 ../multi_test_1_bsp\libhal_bsp.a(alt_sbrk.o)
 .comment       0x00000000       0x24 ../multi_test_1_bsp\libhal_bsp.a(alt_write.o)
 .comment       0x00000000       0x24 ../multi_test_1_bsp\libhal_bsp.a(alt_sys_init.o)
 .comment       0x00000000       0x24 ../multi_test_1_bsp\libhal_bsp.a(altera_avalon_jtag_uart_fd.o)
 .comment       0x00000000       0x24 ../multi_test_1_bsp\libhal_bsp.a(altera_avalon_jtag_uart_init.o)
 .comment       0x00000000       0x24 ../multi_test_1_bsp\libhal_bsp.a(altera_avalon_jtag_uart_ioctl.o)
 .comment       0x00000000       0x24 ../multi_test_1_bsp\libhal_bsp.a(altera_avalon_jtag_uart_read.o)