Archive member included because of file (symbol)

c:/software/altera/10.1/nios2eds/bin/gnu/h-i686-mingw32/bin/../lib/gcc/nios2-elf/4.1.2/../../../../nios2-elf/lib/mno-hw-mul\libm.a(lib_a-s_ceil.o)
                              obj/sd_card.o (ceil)
c:/software/altera/10.1/nios2eds/bin/gnu/h-i686-mingw32/bin/../lib/gcc/nios2-elf/4.1.2/mno-hw-mul\libgcc.a(_addsub_df.o)
                              c:/software/altera/10.1/nios2eds/bin/gnu/h-i686-mingw32/bin/../lib/gcc/nios2-elf/4.1.2/../../../../nios2-elf/lib/mno-hw-mul\libm.a(lib_a-s_ceil.o) (__adddf3)
c:/software/altera/10.1/nios2eds/bin/gnu/h-i686-mingw32/bin/../lib/gcc/nios2-elf/4.1.2/mno-hw-mul\libgcc.a(_mul_df.o)
                              obj/sd_card.o (__muldf3)
c:/software/altera/10.1/nios2eds/bin/gnu/h-i686-mingw32/bin/../lib/gcc/nios2-elf/4.1.2/mno-hw-mul\libgcc.a(_gt_df.o)
                              c:/software/altera/10.1/nios2eds/bin/gnu/h-i686-mingw32/bin/../lib/gcc/nios2-elf/4.1.2/../../../../nios2-elf/lib/mno-hw-mul\libm.a(lib_a-s_ceil.o) (__gtdf2)
c:/software/altera/10.1/nios2eds/bin/gnu/h-i686-mingw32/bin/../lib/gcc/nios2-elf/4.1.2/mno-hw-mul\libgcc.a(_df_to_si.o)
                              obj/sd_card.o (__fixdfsi)
c:/software/altera/10.1/nios2eds/bin/gnu/h-i686-mingw32/bin/../lib/gcc/nios2-elf/4.1.2/mno-hw-mul\libgcc.a(_thenan_df.o)
                              c:/software/altera/10.1/nios2eds/bin/gnu/h-i686-mingw32/bin/../lib/gcc/nios2-elf/4.1.2/mno-hw-mul\libgcc.a(_addsub_df.o) (__thenan_df)
c:/software/altera/10.1/nios2eds/bin/gnu/h-i686-mingw32/bin/../lib/gcc/nios2-elf/4.1.2/mno-hw-mul\libgcc.a(_usi_to_df.o)
                              obj/sd_card.o (__floatunsidf)
c:/software/altera/10.1/nios2eds/bin/gnu/h-i686-mingw32/bin/../lib/gcc/nios2-elf/4.1.2/mno-hw-mul\libgcc.a(lib2-mul.o)
                              obj/common/util.o (__mulsi3)
c:/software/altera/10.1/nios2eds/bin/gnu/h-i686-mingw32/bin/../lib/gcc/nios2-elf/4.1.2/mno-hw-mul\libgcc.a(_muldi3.o)
                              c:/software/altera/10.1/nios2eds/bin/gnu/h-i686-mingw32/bin/../lib/gcc/nios2-elf/4.1.2/mno-hw-mul\libgcc.a(_mul_df.o) (__muldi3)
c:/software/altera/10.1/nios2eds/bin/gnu/h-i686-mingw32/bin/../lib/gcc/nios2-elf/4.1.2/mno-hw-mul\libgcc.a(_clzsi2.o)
                              c:/software/altera/10.1/nios2eds/bin/gnu/h-i686-mingw32/bin/../lib/gcc/nios2-elf/4.1.2/mno-hw-mul\libgcc.a(_usi_to_df.o) (__clzsi2)
c:/software/altera/10.1/nios2eds/bin/gnu/h-i686-mingw32/bin/../lib/gcc/nios2-elf/4.1.2/mno-hw-mul\libgcc.a(_pack_df.o)
                              c:/software/altera/10.1/nios2eds/bin/gnu/h-i686-mingw32/bin/../lib/gcc/nios2-elf/4.1.2/mno-hw-mul\libgcc.a(_addsub_df.o) (__pack_d)
c:/software/altera/10.1/nios2eds/bin/gnu/h-i686-mingw32/bin/../lib/gcc/nios2-elf/4.1.2/mno-hw-mul\libgcc.a(_unpack_df.o)
                              c:/software/altera/10.1/nios2eds/bin/gnu/h-i686-mingw32/bin/../lib/gcc/nios2-elf/4.1.2/mno-hw-mul\libgcc.a(_addsub_df.o) (__unpack_d)
c:/software/altera/10.1/nios2eds/bin/gnu/h-i686-mingw32/bin/../lib/gcc/nios2-elf/4.1.2/mno-hw-mul\libgcc.a(_fpcmp_parts_df.o)
                              c:/software/altera/10.1/nios2eds/bin/gnu/h-i686-mingw32/bin/../lib/gcc/nios2-elf/4.1.2/mno-hw-mul\libgcc.a(_gt_df.o) (__fpcmp_parts_d)
c:/software/altera/10.1/nios2eds/bin/gnu/h-i686-mingw32/bin/../lib/gcc/nios2-elf/4.1.2/mno-hw-mul\libgcc.a(_clz.o)
                              c:/software/altera/10.1/nios2eds/bin/gnu/h-i686-mingw32/bin/../lib/gcc/nios2-elf/4.1.2/mno-hw-mul\libgcc.a(_clzsi2.o) (__clz_tab)
c:/software/altera/10.1/nios2eds/bin/gnu/h-i686-mingw32/bin/../lib/gcc/nios2-elf/4.1.2/../../../../nios2-elf/lib/mno-hw-mul\libc.a(lib_a-exit.o)
                              obj/common/util.o (exit)
c:/software/altera/10.1/nios2eds/bin/gnu/h-i686-mingw32/bin/../lib/gcc/nios2-elf/4.1.2/../../../../nios2-elf/lib/mno-hw-mul\libc.a(lib_a-getc.o)
                              obj/main_code.o (getc)
c:/software/altera/10.1/nios2eds/bin/gnu/h-i686-mingw32/bin/../lib/gcc/nios2-elf/4.1.2/../../../../nios2-elf/lib/mno-hw-mul\libc.a(lib_a-impure.o)
                              c:/software/altera/10.1/nios2eds/bin/gnu/h-i686-mingw32/bin/../lib/gcc/nios2-elf/4.1.2/../../../../nios2-elf/lib/mno-hw-mul\libc.a(lib_a-getc.o) (_impure_ptr)
c:/software/altera/10.1/nios2eds/bin/gnu/h-i686-mingw32/bin/../lib/gcc/nios2-elf/4.1.2/../../../../nios2-elf/lib/mno-hw-mul\libc.a(lib_a-malloc.o)
                              obj/decoder/mjpeg423_decoder.o (free)
c:/software/altera/10.1/nios2eds/bin/gnu/h-i686-mingw32/bin/../lib/gcc/nios2-elf/4.1.2/../../../../nios2-elf/lib/mno-hw-mul\libc.a(lib_a-mallocr.o)
                              c:/software/altera/10.1/nios2eds/bin/gnu/h-i686-mingw32/bin/../lib/gcc/nios2-elf/4.1.2/../../../../nios2-elf/lib/mno-hw-mul\libc.a(lib_a-malloc.o) (_malloc_r)
[...]
Memory Configuration

Name             Origin             Length             Attributes
reset            0x00800000         0x00000020
sdram_0          0x00800020         0x007fffe0
*default*        0x00000000         0xffffffff

Linker script and memory map

LOAD ../ECE423_Lab1_bsp/obj/HAL/src/crt0.o
LOAD obj/common/tables.o
LOAD obj/common/util.o
LOAD obj/decoder/idct.o
LOAD obj/decoder/lossless_decode.o
LOAD obj/decoder/mjpeg423_decoder.o
LOAD obj/decoder/ycbcr_to_rgb.o
LOAD obj/main_code.o
LOAD obj/sd_card.o
LOAD c:/software/altera/10.1/nios2eds/bin/gnu/h-i686-mingw32/bin/../lib/gcc/nios2-elf/4.1.2/../../../../nios2-elf/lib/mno-hw-mul\libstdc++.a
LOAD c:/software/altera/10.1/nios2eds/bin/gnu/h-i686-mingw32/bin/../lib/gcc/nios2-elf/4.1.2/../../../../nios2-elf/lib/mno-hw-mul\libm.a
LOAD c:/software/altera/10.1/nios2eds/bin/gnu/h-i686-mingw32/bin/../lib/gcc/nios2-elf/4.1.2/mno-hw-mul\libgcc.a
START GROUP
LOAD c:/software/altera/10.1/nios2eds/bin/gnu/h-i686-mingw32/bin/../lib/gcc/nios2-elf/4.1.2/../../../../nios2-elf/lib/mno-hw-mul\libc.a
LOAD c:/software/altera/10.1/nios2eds/bin/gnu/h-i686-mingw32/bin/../lib/gcc/nios2-elf/4.1.2/mno-hw-mul\libgcc.a
LOAD ../ECE423_Lab1_bsp\libhal_bsp.a
END GROUP
LOAD c:/software/altera/10.1/nios2eds/bin/gnu/h-i686-mingw32/bin/../lib/gcc/nios2-elf/4.1.2/mno-hw-mul\libgcc.a
                0x00800000                __alt_mem_sdram_0 = 0x800000

.entry          0x00800000       0x20
 *(.entry)
 .entry         0x00800000       0x20 ../ECE423_Lab1_bsp/obj/HAL/src/crt0.o
                0x00800000                __reset

.exceptions     0x00800020      0x164
                0x00800020                PROVIDE (__ram_exceptions_start, ABSOLUTE (.))
                0x00800020                . = ALIGN (0x20)
 *(.irq)
 *(.exceptions.entry.label)
 .exceptions.entry.label
                0x00800020        0x0 ../ECE423_Lab1_bsp\libhal_bsp.a(alt_irq_entry.o)
                0x00800020                alt_irq_entry
 .exceptions.entry.label
                0x00800020        0x0 ../ECE423_Lab1_bsp\libhal_bsp.a(alt_exception_entry.o)
                0x00800020                alt_exception
 *(.exceptions.entry.user)
 *(.exceptions.entry)
 .exceptions.entry
                0x00800020       0x54 ../ECE423_Lab1_bsp\libhal_bsp.a(alt_exception_entry.o)
 *(.exceptions.irqtest.user)
 *(.exceptions.irqtest)
 .exceptions.irqtest
                0x00800074       0x10 ../ECE423_Lab1_bsp\libhal_bsp.a(alt_irq_entry.o)
 *(.exceptions.irqhandler.user)
 *(.exceptions.irqhandler)
 .exceptions.irqhandler
                0x00800084        0x4 ../ECE423_Lab1_bsp\libhal_bsp.a(alt_irq_entry.o)
 *(.exceptions.irqreturn.user)
 *(.exceptions.irqreturn)
 .exceptions.irqreturn
                0x00800088        0x4 ../ECE423_Lab1_bsp\libhal_bsp.a(alt_irq_entry.o)
 *(.exceptions.notirq.label)
 .exceptions.notirq.label
                0x0080008c        0x0 ../ECE423_Lab1_bsp\libhal_bsp.a(alt_irq_entry.o)
 *(.exceptions.notirq.user)
 *(.exceptions.notirq)
 .exceptions.notirq
                0x0080008c        0x8 ../ECE423_Lab1_bsp\libhal_bsp.a(alt_exception_entry.o)
 *(.exceptions.soft.user)
 *(.exceptions.soft)
 *(.exceptions.unknown.user)
 *(.exceptions.unknown)
 .exceptions.unknown
                0x00800094        0x4 ../ECE423_Lab1_bsp\libhal_bsp.a(alt_exception_entry.o)
 *(.exceptions.exit.label)
 .exceptions.exit.label
                0x00800098        0x0 ../ECE423_Lab1_bsp\libhal_bsp.a(alt_irq_entry.o)
 .exceptions.exit.label
                0x00800098        0x0 ../ECE423_Lab1_bsp\libhal_bsp.a(alt_exception_entry.o)
 *(.exceptions.exit.user)
 *(.exceptions.exit)
 .exceptions.exit
                0x00800098       0x54 ../ECE423_Lab1_bsp\libhal_bsp.a(alt_exception_entry.o)
 *(.exceptions)
 .exceptions    0x008000ec       0x98 ../ECE423_Lab1_bsp\libhal_bsp.a(alt_irq_handler.o)
                0x008000ec                alt_irq_handler
                0x00800184                PROVIDE (__ram_exceptions_end, ABSOLUTE (.))
                0x00800020                PROVIDE (__flash_exceptions_start, LOADADDR (.exceptions))

.text           0x00800184    0x13a04
                0x00800184                PROVIDE (stext, ABSOLUTE (.))
 *(.interp)
 *(.hash)
 *(.dynsym)
 *(.dynstr)
 *(.gnu.version)
 *(.gnu.version_d)
 *(.gnu.version_r)
 *(.rel.init)
 *(.rela.init)
 *(.rel.text .rel.text.* .rel.gnu.linkonce.t.*)
 *(.rela.text .rela.text.* .rela.gnu.linkonce.t.*)
 *(.rel.fini)
 *(.rela.fini)
 *(.rel.rodata .rel.rodata.* .rel.gnu.linkonce.r.*)
 *(.rela.rodata .rela.rodata.* .rela.gnu.linkonce.r.*)
 *(.rel.data .rel.data.* .rel.gnu.linkonce.d.*)
 *(.rela.data .rela.data.* .rela.gnu.linkonce.d.*)
 *(.rel.tdata .rel.tdata.* .rel.gnu.linkonce.td.*)
 *(.rela.tdata .rela.tdata.* .rela.gnu.linkonce.td.*)
 *(.rel.tbss .rel.tbss.* .rel.gnu.linkonce.tb.*)
 *(.rela.tbss .rela.tbss.* .rela.gnu.linkonce.tb.*)
 *(.rel.ctors)
 *(.rela.ctors)
 *(.rel.dtors)
 *(.rela.dtors)
 *(.rel.got)
 *(.rela.got)
 *(.rel.sdata .rel.sdata.* .rel.gnu.linkonce.s.*)
 *(.rela.sdata .rela.sdata.* .rela.gnu.linkonce.s.*)
 *(.rel.sbss .rel.sbss.* .rel.gnu.linkonce.sb.*)
 *(.rela.sbss .rela.sbss.* .rela.gnu.linkonce.sb.*)
 *(.rel.sdata2 .rel.sdata2.* .rel.gnu.linkonce.s2.*)
 *(.rela.sdata2 .rela.sdata2.* .rela.gnu.linkonce.s2.*)
 *(.rel.sbss2 .rel.sbss2.* .rel.gnu.linkonce.sb2.*)
 *(.rela.sbss2 .rela.sbss2.* .rela.gnu.linkonce.sb2.*)
 *(.rel.bss .rel.bss.* .rel.gnu.linkonce.b.*)
 *(.rela.bss .rela.bss.* .rela.gnu.linkonce.b.*)
 *(.rel.plt)
 *(.rela.plt)
 *(.rel.dyn)
 *(.init)
 *(.plt)
 *(.text .stub .text.* .gnu.linkonce.t.*)
 .text          0x00800184       0x4c ../ECE423_Lab1_bsp/obj/HAL/src/crt0.o
                0x00800184                _start
 .text          0x008001d0        0x0 obj/common/tables.o
 .text          0x008001d0      0x2a8 obj/common/util.o
                0x008001d0                print_dct
                0x0080028c                print_block
                0x00800350                print_bitstream
                0x00800458                error_and_exit
 .text          0x00800478      0x2e8 obj/decoder/idct.o
                0x00800478                idct
 .text          0x00800760      0x63c obj/decoder/lossless_decode.o
                0x00800760                update_buffer
                0x0080081c                input_DC
                0x00800890                input_AC
                0x0080090c                lossless_decode
 .text          0x00800d9c      0x834 obj/decoder/mjpeg423_decoder.o
                0x00800d9c                mjpeg423_decode
 .text          0x008015d0      0x180 obj/decoder/ycbcr_to_rgb.o
                0x008015d0                ycbcr_to_rgb
 .text          0x00801750      0x264 obj/main_code.o
                0x00801750                main
                0x00801934                GetInputString
 .text          0x008019b4      0x414 obj/sd_card.o
                0x008019b4                sd_seek
                0x008019cc                sd_card_file_size
                0x008019f0                sd_card_wait_read_sector
                0x00801a1c                sd_card_start_read_sector
                0x00801a8c                sd_card_create_sectors_list
                0x00801c4c                sd_read
 .text          0x00801dc8      0x214 c:/software/altera/10.1/nios2eds/bin/gnu/h-i686-mingw32/bin/../lib/gcc/nios2-elf/4.1.2/../../../../nios2-elf/lib/mno-hw-mul\libm.a(lib_a-s_ceil.o)
                0x00801dc8                ceil
 .text          0x00801fdc      0x504 c:/software/altera/10.1/nios2eds/bin/gnu/h-i686-mingw32/bin/../lib/gcc/nios2-elf/4.1.2/mno-hw-mul\libgcc.a(_addsub_df.o)
                0x008023ec                __subdf3
                0x0080246c                __adddf3
 .text          0x008024e0      0x3c4 c:/software/altera/10.1/nios2eds/bin/gnu/h-i686-mingw32/bin/../lib/gcc/nios2-elf/4.1.2/mno-hw-mul\libgcc.a(_mul_df.o)
                0x008024e0                __muldf3
 .text          0x008028a4       0x88 c:/software/altera/10.1/nios2eds/bin/gnu/h-i686-mingw32/bin/../lib/gcc/nios2-elf/4.1.2/mno-hw-mul\libgcc.a(_gt_df.o)
                0x008028a4                __gtdf2
 .text          0x0080292c       0xd8 c:/software/altera/10.1/nios2eds/bin/gnu/h-i686-mingw32/bin/../lib/gcc/nios2-elf/4.1.2/mno-hw-mul\libgcc.a(_df_to_si.o)
                0x0080292c                __fixdfsi
 .text          0x00802a04        0x0 c:/software/altera/10.1/nios2eds/bin/gnu/h-i686-mingw32/bin/../lib/gcc/nios2-elf/4.1.2/mno-hw-mul\libgcc.a(_thenan_df.o)
 .text          0x00802a04      0x194 c:/software/altera/10.1/nios2eds/bin/gnu/h-i686-mingw32/bin/../lib/gcc/nios2-elf/4.1.2/mno-hw-mul\libgcc.a(_usi_to_df.o)
                0x00802a04                __floatunsidf
 .text          0x00802b98       0x38 c:/software/altera/10.1/nios2eds/bin/gnu/h-i686-mingw32/bin/../lib/gcc/nios2-elf/4.1.2/mno-hw-mul\libgcc.a(lib2-mul.o)
                0x00802b98                __mulsi3
 .text          0x00802bd0      0x124 c:/software/altera/10.1/nios2eds/bin/gnu/h-i686-mingw32/bin/../lib/gcc/nios2-elf/4.1.2/mno-hw-mul\libgcc.a(_muldi3.o)
                0x00802bd0                __muldi3
 .text          0x00802cf4       0x80 c:/software/altera/10.1/nios2eds/bin/gnu/h-i686-mingw32/bin/../lib/gcc/nios2-elf/4.1.2/mno-hw-mul\libgcc.a(_clzsi2.o)
                0x00802cf4                __clzsi2
 .text          0x00802d74      0x314 c:/software/altera/10.1/nios2eds/bin/gnu/h-i686-mingw32/bin/../lib/gcc/nios2-elf/4.1.2/mno-hw-mul\libgcc.a(_pack_df.o)
                0x00802d74                __pack_d
 .text          0x00803088      0x138 c:/software/altera/10.1/nios2eds/bin/gnu/h-i686-mingw32/bin/../lib/gcc/nios2-elf/4.1.2/mno-hw-mul\libgcc.a(_unpack_df.o)
                0x00803088                __unpack_d
 .text          0x008031c0       0xc8 c:/software/altera/10.1/nios2eds/bin/gnu/h-i686-mingw32/bin/../lib/gcc/nios2-elf/4.1.2/mno-hw-mul\libgcc.a(_fpcmp_parts_df.o)
                0x008031c0                __fpcmp_parts_d
 .text          0x00803288        0x0 c:/software/altera/10.1/nios2eds/bin/gnu/h-i686-mingw32/bin/../lib/gcc/nios2-elf/4.1.2/mno-hw-mul\libgcc.a(_clz.o)
 .text          0x00803288       0x38 c:/software/altera/10.1/nios2eds/bin/gnu/h-i686-mingw32/bin/../lib/gcc/nios2-elf/4.1.2/../../../../nios2-elf/lib/mno-hw-mul\libc.a(lib_a-exit.o)
                0x00803288                exit
 .text          0x008032c0      0x128 c:/software/altera/10.1/nios2eds/bin/gnu/h-i686-mingw32/bin/../lib/gcc/nios2-elf/4.1.2/../../../../nios2-elf/lib/mno-hw-mul\libc.a(lib_a-getc.o)
                0x008032c0                getc
                0x00803358                _getc_r
 .text          0x008033e8        0x0 c:/software/altera/10.1/nios2eds/bin/gnu/h-i686-mingw32/bin/../lib/gcc/nios2-elf/4.1.2/../../../../nios2-elf/lib/mno-hw-mul\libc.a(lib_a-impure.o)
 .text          0x008033e8       0x28 c:/software/altera/10.1/nios2eds/bin/gnu/h-i686-mingw32/bin/../lib/gcc/nios2-elf/4.1.2/../../../../nios2-elf/lib/mno-hw-mul\libc.a(lib_a-malloc.o)
                0x008033e8                free
                0x008033fc                malloc
 .text          0x00803410      0x740 c:/software/altera/10.1/nios2eds/bin/gnu/h-i686-mingw32/bin/../lib/gcc/nios2-elf/4.1.2/../../../../nios2-elf/lib/mno-hw-mul\libc.a(lib_a-mallocr.o)
                0x00803410                _malloc_r
 .text          0x00803b50       0x98 c:/software/altera/10.1/nios2eds/bin/gnu/h-i686-mingw32/bin/../lib/gcc/nios2-elf/4.1.2/../../../../nios2-elf/lib/mno-hw-mul\libc.a(lib_a-memset.o)
                0x00803b50                memset
 .text          0x00803be8       0x78 c:/software/altera/10.1/nios2eds/bin/gnu/h-i686-mingw32/bin/../lib/gcc/nios2-elf/4.1.2/../../../../nios2-elf/lib/mno-hw-mul\libc.a(lib_a-printf.o)
                0x00803be8                printf
                0x00803c2c                _printf_r
 .text          0x00803c60       0x24 c:/software/altera/10.1/nios2eds/bin/gnu/h-i686-mingw32/bin/../lib/gcc/nios2-elf/4.1.2/../../../../nios2-elf/lib/mno-hw-mul\libc.a(lib_a-putchar.o)
                0x00803c60                putchar
                0x00803c7c                _putchar_r
 .text          0x00803c84       0xb4 c:/software/altera/10.1/nios2eds/bin/gnu/h-i686-mingw32/bin/../lib/gcc/nios2-elf/4.1.2/../../../../nios2-elf/lib/mno-hw-mul\libc.a(lib_a-puts.o)
                0x00803c84                _puts_r
                0x00803d24                puts
 .text          0x00803d38       0x60 c:/software/altera/10.1/nios2eds/bin/gnu/h-i686-mingw32/bin/../lib/gcc/nios2-elf/4.1.2/../../../../nios2-elf/lib/mno-hw-mul\libc.a(lib_a-rget.o)
                0x00803d38                __srget_r
                0x00803d84                __srget
 .text          0x00803d98       0x70 c:/software/altera/10.1/nios2eds/bin/gnu/h-i686-mingw32/bin/../lib/gcc/nios2-elf/4.1.2/../../../../nios2-elf/lib/mno-hw-mul\libc.a(lib_a-sbrkr.o)
                0x00803d98                _sbrk_r
 .text          0x00803e08       0x74 c:/software/altera/10.1/nios2eds/bin/gnu/h-i686-mingw32/bin/../lib/gcc/nios2-elf/4.1.2/../../../../nios2-elf/lib/mno-hw-mul\libc.a(lib_a-strlen.o)
                0x00803e08                strlen
 .text          0x00803e7c     0x1f40 c:/software/altera/10.1/nios2eds/bin/gnu/h-i686-mingw32/bin/../lib/gcc/nios2-elf/4.1.2/../../../../nios2-elf/lib/mno-hw-mul\libc.a(lib_a-vfprintf.o)
                0x00803ed4                ___vfprintf_internal_r
                0x00805d98                __vfprintf_internal
 .text          0x00805dbc      0x13c c:/software/altera/10.1/nios2eds/bin/gnu/h-i686-mingw32/bin/../lib/gcc/nios2-elf/4.1.2/../../../../nios2-elf/lib/mno-hw-mul\libc.a(lib_a-wsetup.o)
                0x00805dbc                __swsetup_r
 .text          0x00805ef8      0x1b4 c:/software/altera/10.1/nios2eds/bin/gnu/h-i686-mingw32/bin/../lib/gcc/nios2-elf/4.1.2/../../../../nios2-elf/lib/mno-hw-mul\libc.a(lib_a-__call_atexit.o)
                0x00805efc                __call_exitprocs
 .text          0x008060ac     0x17f8 c:/software/altera/10.1/nios2eds/bin/gnu/h-i686-mingw32/bin/../lib/gcc/nios2-elf/4.1.2/../../../../nios2-elf/lib/mno-hw-mul\libc.a(lib_a-dtoa.o)
                0x008062f0                _dtoa_r
 .text          0x008078a4      0x230 c:/software/altera/10.1/nios2eds/bin/gnu/h-i686-mingw32/bin/../lib/gcc/nios2-elf/4.1.2/../../../../nios2-elf/lib/mno-hw-mul\libc.a(lib_a-fflush.o)
                0x008078a4                _fflush_r
                0x00807aa0                fflush
 .text          0x00807ad4      0x2f4 c:/software/altera/10.1/nios2eds/bin/gnu/h-i686-mingw32/bin/../lib/gcc/nios2-elf/4.1.2/../../../../nios2-elf/lib/mno-hw-mul\libc.a(lib_a-findfp.o)
                0x00807b2c                __sfp_lock_acquire
                0x00807b30                __sfp_lock_release
                0x00807b34                __sinit_lock_acquire
                0x00807b38                __sinit_lock_release
                0x00807b3c                __sinit
                0x00807bf0                __fp_unlock_all
                0x00807c08                __fp_lock_all
                0x00807c20                _cleanup_r
                0x00807c2c                _cleanup
                0x00807c3c                __sfmoreglue
                0x00807cd8                __sfp
 .text          0x00807dc8      0x440 c:/software/altera/10.1/nios2eds/bin/gnu/h-i686-mingw32/bin/../lib/gcc/nios2-elf/4.1.2/../../../../nios2-elf/lib/mno-hw-mul\libc.a(lib_a-freer.o)
                0x00807dc8                _malloc_trim_r
                0x00807ef4                _free_r
 .text          0x00808208      0x49c c:/software/altera/10.1/nios2eds/bin/gnu/h-i686-mingw32/bin/../lib/gcc/nios2-elf/4.1.2/../../../../nios2-elf/lib/mno-hw-mul\libc.a(lib_a-fvwrite.o)
                0x00808208                __sfvwrite_r
 .text          0x008086a4      0x180 c:/software/altera/10.1/nios2eds/bin/gnu/h-i686-mingw32/bin/../lib/gcc/nios2-elf/4.1.2/../../../../nios2-elf/lib/mno-hw-mul\libc.a(lib_a-fwalk.o)
                0x008086a4                _fwalk_reent
                0x0080876c                _fwalk
 .text          0x00808824        0x0 c:/software/altera/10.1/nios2eds/bin/gnu/h-i686-mingw32/bin/../lib/gcc/nios2-elf/4.1.2/../../../../nios2-elf/lib/mno-hw-mul\libc.a(lib_a-int_errno.o)
 .text          0x00808824       0xc4 c:/software/altera/10.1/nios2eds/bin/gnu/h-i686-mingw32/bin/../lib/gcc/nios2-elf/4.1.2/../../../../nios2-elf/lib/mno-hw-mul\libc.a(lib_a-locale.o)
                0x00808824                __locale_charset
                0x0080882c                _localeconv_r
                0x00808838                localeconv
                0x00808848                _setlocale_r
                0x008088cc                setlocale
 .text          0x008088e8      0x194 c:/software/altera/10.1/nios2eds/bin/gnu/h-i686-mingw32/bin/../lib/gcc/nios2-elf/4.1.2/../../../../nios2-elf/lib/mno-hw-mul\libc.a(lib_a-makebuf.o)
                0x008088e8                __smakebuf_r
 .text          0x00808a7c       0xe4 c:/software/altera/10.1/nios2eds/bin/gnu/h-i686-mingw32/bin/../lib/gcc/nios2-elf/4.1.2/../../../../nios2-elf/lib/mno-hw-mul\libc.a(lib_a-memchr.o)
                0x00808a7c                memchr
 .text          0x00808b60       0xa0 c:/software/altera/10.1/nios2eds/bin/gnu/h-i686-mingw32/bin/../lib/gcc/nios2-elf/4.1.2/../../../../nios2-elf/lib/mno-hw-mul\libc.a(lib_a-memcpy.o)
                0x00808b60                memcpy
 .text          0x00808c00       0xe0 c:/software/altera/10.1/nios2eds/bin/gnu/h-i686-mingw32/bin/../lib/gcc/nios2-elf/4.1.2/../../../../nios2-elf/lib/mno-hw-mul\libc.a(lib_a-memmove.o)
                0x00808c00                memmove
 .text          0x00808ce0     0x108c c:/software/altera/10.1/nios2eds/bin/gnu/h-i686-mingw32/bin/../lib/gcc/nios2-elf/4.1.2/../../../../nios2-elf/lib/mno-hw-mul\libc.a(lib_a-mprec.o)
                0x00808ce0                _Bfree
                0x00808d08                __hi0bits
                0x00808d78                __lo0bits
                0x00808e3c                __mcmp
                0x00808e9c                __ulp
                0x00808f1c                __b2d
                0x0080903c                __ratio
                0x008090ec                _mprec_log10
                0x00809180                __copybits
                0x008091d8                __any_on
                0x00809260                _Balloc
                0x0080931c                __d2b
                0x00809498                __mdiff
                0x00809624                __lshift
                0x00809770                __multiply
                0x008099c4                __i2b
                0x00809a00                __multadd
                0x00809b2c                __pow5mult
                0x00809c4c                __s2b
 .text          0x00809d6c      0x1ec c:/software/altera/10.1/nios2eds/bin/gnu/h-i686-mingw32/bin/../lib/gcc/nios2-elf/4.1.2/../../../../nios2-elf/lib/mno-hw-mul\libc.a(lib_a-putc.o)
                0x00809d6c                putc
                0x00809e70                _putc_r
 .text          0x00809f58      0x5f4 c:/software/altera/10.1/nios2eds/bin/gnu/h-i686-mingw32/bin/../lib/gcc/nios2-elf/4.1.2/../../../../nios2-elf/lib/mno-hw-mul\libc.a(lib_a-reallocr.o)
                0x00809f58                _realloc_r
 .text          0x0080a54c      0x1e0 c:/software/altera/10.1/nios2eds/bin/gnu/h-i686-mingw32/bin/../lib/gcc/nios2-elf/4.1.2/../../../../nios2-elf/lib/mno-hw-mul\libc.a(lib_a-refill.o)
                0x0080a54c                __srefill_r
 .text          0x0080a72c       0x40 c:/software/altera/10.1/nios2eds/bin/gnu/h-i686-mingw32/bin/../lib/gcc/nios2-elf/4.1.2/../../../../nios2-elf/lib/mno-hw-mul\libc.a(lib_a-s_isinfd.o)
                0x0080a72c                __isinfd
 .text          0x0080a76c       0x30 c:/software/altera/10.1/nios2eds/bin/gnu/h-i686-mingw32/bin/../lib/gcc/nios2-elf/4.1.2/../../../../nios2-elf/lib/mno-hw-mul\libc.a(lib_a-s_isnand.o)
                0x0080a76c                __isnand
 .text          0x0080a79c      0x14c c:/software/altera/10.1/nios2eds/bin/gnu/h-i686-mingw32/bin/../lib/gcc/nios2-elf/4.1.2/../../../../nios2-elf/lib/mno-hw-mul\libc.a(lib_a-stdio.o)
                0x0080a79c                __sclose
                0x0080a7a4                __sseek
                0x0080a80c                __swrite
                0x0080a888                __sread
 .text          0x0080a8e8       0xbc c:/software/altera/10.1/nios2eds/bin/gnu/h-i686-mingw32/bin/../lib/gcc/nios2-elf/4.1.2/../../../../nios2-elf/lib/mno-hw-mul\libc.a(lib_a-strcmp.o)
                0x0080a8e8                strcmp
 .text          0x0080a9a4      0x14c c:/software/altera/10.1/nios2eds/bin/gnu/h-i686-mingw32/bin/../lib/gcc/nios2-elf/4.1.2/../../../../nios2-elf/lib/mno-hw-mul\libc.a(lib_a-wbuf.o)
                0x0080a9a4                __swbuf_r
                0x0080aad4                __swbuf
 .text          0x0080aaf0       0x78 c:/software/altera/10.1/nios2eds/bin/gnu/h-i686-mingw32/bin/../lib/gcc/nios2-elf/4.1.2/../../../../nios2-elf/lib/mno-hw-mul\libc.a(lib_a-writer.o)
                0x0080aaf0                _write_r
 .text          0x0080ab68       0xc8 c:/software/altera/10.1/nios2eds/bin/gnu/h-i686-mingw32/bin/../lib/gcc/nios2-elf/4.1.2/../../../../nios2-elf/lib/mno-hw-mul\libc.a(lib_a-callocr.o)
                0x0080ab68                _calloc_r
 .text          0x0080ac30       0x70 c:/software/altera/10.1/nios2eds/bin/gnu/h-i686-mingw32/bin/../lib/gcc/nios2-elf/4.1.2/../../../../nios2-elf/lib/mno-hw-mul\libc.a(lib_a-closer.o)
                0x0080ac30                _close_r
 .text          0x0080aca0      0x124 c:/software/altera/10.1/nios2eds/bin/gnu/h-i686-mingw32/bin/../lib/gcc/nios2-elf/4.1.2/../../../../nios2-elf/lib/mno-hw-mul\libc.a(lib_a-fclose.o)
                0x0080aca0                _fclose_r
                0x0080adb0                fclose
 .text          0x0080adc4       0x74 c:/software/altera/10.1/nios2eds/bin/gnu/h-i686-mingw32/bin/../lib/gcc/nios2-elf/4.1.2/../../../../nios2-elf/lib/mno-hw-mul\libc.a(lib_a-fstatr.o)
                0x0080adc4                _fstat_r
 .text          0x0080ae38       0x70 c:/software/altera/10.1/nios2eds/bin/gnu/h-i686-mingw32/bin/../lib/gcc/nios2-elf/4.1.2/../../../../nios2-elf/lib/mno-hw-mul\libc.a(lib_a-isattyr.o)
                0x0080ae38                _isatty_r
 .text          0x0080aea8       0x78 c:/software/altera/10.1/nios2eds/bin/gnu/h-i686-mingw32/bin/../lib/gcc/nios2-elf/4.1.2/../../../../nios2-elf/lib/mno-hw-mul\libc.a(lib_a-lseekr.o)
                0x0080aea8                _lseek_r
 .text          0x0080af20       0x78 c:/software/altera/10.1/nios2eds/bin/gnu/h-i686-mingw32/bin/../lib/gcc/nios2-elf/4.1.2/../../../../nios2-elf/lib/mno-hw-mul\libc.a(lib_a-readr.o)
                0x0080af20                _read_r
 .text          0x0080af98      0x66c c:/software/altera/10.1/nios2eds/bin/gnu/h-i686-mingw32/bin/../lib/gcc/nios2-elf/4.1.2/mno-hw-mul\libgcc.a(_udivdi3.o)
                0x0080af98                __udivdi3
 .text          0x0080b604      0x660 c:/software/altera/10.1/nios2eds/bin/gnu/h-i686-mingw32/bin/../lib/gcc/nios2-elf/4.1.2/mno-hw-mul\libgcc.a(_umoddi3.o)
                0x0080b604                __umoddi3
 .text          0x0080bc64      0x258 c:/software/altera/10.1/nios2eds/bin/gnu/h-i686-mingw32/bin/../lib/gcc/nios2-elf/4.1.2/mno-hw-mul\libgcc.a(_div_df.o)
                0x0080bc64                __divdf3
 .text          0x0080bebc       0x88 c:/software/altera/10.1/nios2eds/bin/gnu/h-i686-mingw32/bin/../lib/gcc/nios2-elf/4.1.2/mno-hw-mul\libgcc.a(_eq_df.o)
                0x0080bebc                __eqdf2
 .text          0x0080bf44       0x88 c:/software/altera/10.1/nios2eds/bin/gnu/h-i686-mingw32/bin/../lib/gcc/nios2-elf/4.1.2/mno-hw-mul\libgcc.a(_ne_df.o)
                0x0080bf44                __nedf2
 .text          0x0080bfcc       0x88 c:/software/altera/10.1/nios2eds/bin/gnu/h-i686-mingw32/bin/../lib/gcc/nios2-elf/4.1.2/mno-hw-mul\libgcc.a(_ge_df.o)
                0x0080bfcc                __gedf2
 .text          0x0080c054       0x88 c:/software/altera/10.1/nios2eds/bin/gnu/h-i686-mingw32/bin/../lib/gcc/nios2-elf/4.1.2/mno-hw-mul\libgcc.a(_lt_df.o)
                0x0080c054                __ltdf2
 .text          0x0080c0dc       0xf8 c:/software/altera/10.1/nios2eds/bin/gnu/h-i686-mingw32/bin/../lib/gcc/nios2-elf/4.1.2/mno-hw-mul\libgcc.a(_si_to_df.o)
                0x0080c0dc                __floatsidf
 .text          0x0080c1d4      0x14c c:/software/altera/10.1/nios2eds/bin/gnu/h-i686-mingw32/bin/../lib/gcc/nios2-elf/4.1.2/mno-hw-mul\libgcc.a(lib2-divmod.o)
                0x0080c250                __divsi3
                0x0080c2b0                __modsi3
                0x0080c310                __udivsi3
                0x0080c318                __umodsi3
 .text          0x0080c320       0xf4 ../ECE423_Lab1_bsp\libhal_bsp.a(alt_close.o)
                0x0080c320                close
 .text          0x0080c414        0x8 ../ECE423_Lab1_bsp\libhal_bsp.a(alt_dev.o)
 .text          0x0080c41c        0x0 ../ECE423_Lab1_bsp\libhal_bsp.a(alt_errno.o)
 .text          0x0080c41c       0x14 ../ECE423_Lab1_bsp\libhal_bsp.a(alt_exit.o)
                0x0080c41c                _exit
 .text          0x0080c430       0xac ../ECE423_Lab1_bsp\libhal_bsp.a(alt_fstat.o)
                0x0080c430                fstat
 .text          0x0080c4dc       0xc0 ../ECE423_Lab1_bsp\libhal_bsp.a(alt_irq_register.o)
                0x0080c4dc                alt_irq_register
 .text          0x0080c59c        0x0 ../ECE423_Lab1_bsp\libhal_bsp.a(alt_irq_vars.o)
 .text          0x0080c59c       0xa4 ../ECE423_Lab1_bsp\libhal_bsp.a(alt_isatty.o)
                0x0080c59c                isatty
 .text          0x0080c640       0xb4 ../ECE423_Lab1_bsp\libhal_bsp.a(alt_load.o)
                0x0080c640                alt_load
 .text          0x0080c6f4       0xbc ../ECE423_Lab1_bsp\libhal_bsp.a(alt_lseek.o)
                0x0080c6f4                lseek
 .text          0x0080c7b0       0x60 ../ECE423_Lab1_bsp\libhal_bsp.a(alt_main.o)
                0x0080c7b0                alt_main
 .text          0x0080c810        0x8 ../ECE423_Lab1_bsp\libhal_bsp.a(alt_malloc_lock.o)
                0x0080c810                __malloc_lock
                0x0080c814                __malloc_unlock
 .text          0x0080c818      0x140 ../ECE423_Lab1_bsp\libhal_bsp.a(alt_read.o)
                0x0080c818                read
 .text          0x0080c958       0x5c ../ECE423_Lab1_bsp\libhal_bsp.a(alt_release_fd.o)
                0x0080c958                alt_release_fd
 .text          0x0080c9b4       0x54 ../ECE423_Lab1_bsp\libhal_bsp.a(alt_sbrk.o)
                0x0080c9b4                sbrk
 .text          0x0080ca08      0x13c ../ECE423_Lab1_bsp\libhal_bsp.a(alt_write.o)
                0x0080ca08                write
 .text          0x0080cb44      0x15c ../ECE423_Lab1_bsp\libhal_bsp.a(alt_sys_init.o)
                0x0080cb44                alt_irq_init
                0x0080cb64                alt_sys_init
 .text          0x0080cca0       0x3c ../ECE423_Lab1_bsp\libhal_bsp.a(altera_avalon_jtag_uart_fd.o)
                0x0080cca0                altera_avalon_jtag_uart_ioctl_fd
                0x0080ccac                altera_avalon_jtag_uart_close_fd
                0x0080ccbc                altera_avalon_jtag_uart_write_fd
                0x0080cccc                altera_avalon_jtag_uart_read_fd
 .text          0x0080ccdc      0x228 ../ECE423_Lab1_bsp\libhal_bsp.a(altera_avalon_jtag_uart_init.o)
                0x0080ccdc                altera_avalon_jtag_uart_close
                0x0080cd7c                altera_avalon_jtag_uart_init
 .text          0x0080cf04       0x88 ../ECE423_Lab1_bsp\libhal_bsp.a(altera_avalon_jtag_uart_ioctl.o)
                0x0080cf04                altera_avalon_jtag_uart_ioctl
 .text          0x0080cf8c      0x16c ../ECE423_Lab1_bsp\libhal_bsp.a(altera_avalon_jtag_uart_read.o)
                0x0080cf8c                altera_avalon_jtag_uart_read
 .text          0x0080d0f8      0x184 ../ECE423_Lab1_bsp\libhal_bsp.a(altera_avalon_jtag_uart_write.o)
                0x0080d0f8                altera_avalon_jtag_uart_write
 .text          0x0080d27c       0xa0 ../ECE423_Lab1_bsp\libhal_bsp.a(altera_avalon_timer_ts.o)
                0x0080d27c                alt_timestamp_freq
                0x0080d28c                alt_timestamp_start
                0x0080d2d4                alt_timestamp
 .text          0x0080d31c        0x0 ../ECE423_Lab1_bsp\libhal_bsp.a(altera_avalon_timer_vars.o)
 .text          0x0080d31c      0xd0c ../ECE423_Lab1_bsp\libhal_bsp.a(altera_up_avalon_video_pixel_buffer_dma.o)
                0x0080d31c                helper_plot_pixel
                0x0080d3ec                alt_up_pixel_buffer_dma_draw_vline
                0x0080d5d0                alt_up_pixel_buffer_dma_draw_hline
                0x0080d7a0                alt_up_pixel_buffer_dma_draw_rectangle
                0x0080d86c                alt_up_pixel_buffer_dma_draw_box
                0x0080dae8                alt_up_pixel_buffer_dma_clear_screen
                0x0080dbb0                alt_up_pixel_buffer_dma_swap_buffers
                0x0080dbd4                alt_up_pixel_buffer_dma_draw
                0x0080dcc8                alt_up_pixel_buffer_dma_check_swap_buffers_status
                0x0080dcd8                alt_up_pixel_buffer_dma_change_back_buffer_address
                0x0080dd00                alt_up_pixel_buffer_dma_open_dev
                0x0080dd0c                alt_up_pixel_buffer_dma_draw_line
 .text          0x0080e028     0x506c ../ECE423_Lab1_bsp\libhal_bsp.a(altera_up_sd_card_avalon_interface.o)
                0x0080e028                match_file_record_to_name_ext
                0x0080e4f8                convert_filename_to_name_extension
                0x0080e7d8                copy_file_record_name_to_string
                0x0080e910                alt_up_sd_card_set_attributes
                0x0080e948                alt_up_sd_card_get_attributes
                0x0080e988                alt_up_sd_card_is_Present
                0x0080e9f4                alt_up_sd_card_open_dev
                0x0080ea60                get_dir_divider_location
                0x0080eae0                check_file_name_for_FAT16_compliance
                0x0080ebec                filename_to_upper_case
                0x0080ec48                Write_File_Record_At_Offset
                0x0080ee6c                Read_File_Record_At_Offset
                0x0080f04c                Write_Sector_Data
                0x0080f0f8                Read_Sector_Data
                0x0080f23c                alt_up_sd_card_fclose
                0x0080f3a8                find_first_empty_record_in_root_directory
                0x0080f45c                find_first_empty_cluster
                0x0080f550                Check_for_DOS_FAT
                0x0080f8c0                Check_for_Master_Boot_Record
                0x0080fa88                Look_for_FAT16
                0x0080fb80                alt_up_sd_card_is_FAT16
                0x0080fcb8                mark_cluster
                0x0080fd68                get_cluster_flag
                0x0080fdf0                Save_Modified_Sector
                0x0080feac                alt_up_sd_card_find_next
                0x008102c4                find_file_in_directory
                0x00810f90                get_home_directory_cluster_for_file
                0x00811c6c                alt_up_sd_card_find_first
                0x00811d48                alt_up_sd_card_read
                0x00811eec                alt_up_sd_card_write
                0x00812370                find_first_empty_record_in_a_subdirectory
                0x008126a0                create_file
                0x00812dac                alt_up_sd_card_fopen
 .text          0x00813094       0x94 ../ECE423_Lab1_bsp\libhal_bsp.a(alt_alarm_start.o)
                0x00813094                alt_alarm_start
 .text          0x00813128       0x18 ../ECE423_Lab1_bsp\libhal_bsp.a(alt_dcache_flush_all.o)
                0x00813128                alt_dcache_flush_all
 .text          0x00813140       0x7c ../ECE423_Lab1_bsp\libhal_bsp.a(alt_dev_llist_insert.o)
                0x00813140                alt_dev_llist_insert
 .text          0x008131bc       0x4c ../ECE423_Lab1_bsp\libhal_bsp.a(alt_do_ctors.o)
                0x008131bc                _do_ctors
 .text          0x00813208       0x4c ../ECE423_Lab1_bsp\libhal_bsp.a(alt_do_dtors.o)
                0x00813208                _do_dtors
 .text          0x00813254       0x94 ../ECE423_Lab1_bsp\libhal_bsp.a(alt_find_dev.o)
                0x00813254                alt_find_dev
 .text          0x008132e8        0xc ../ECE423_Lab1_bsp\libhal_bsp.a(alt_icache_flush_all.o)
                0x008132e8                alt_icache_flush_all
 .text          0x008132f4       0x9c ../ECE423_Lab1_bsp\libhal_bsp.a(alt_iic.o)
                0x008132f4                alt_ic_irq_enabled
                0x0081330c                alt_ic_irq_enable
                0x0081334c                alt_ic_irq_disable
                0x0081338c                alt_ic_isr_register
 .text          0x00813390       0x88 ../ECE423_Lab1_bsp\libhal_bsp.a(alt_iic_isr_register.o)
                0x00813390                alt_iic_isr_register
 .text          0x00813418      0x14c ../ECE423_Lab1_bsp\libhal_bsp.a(alt_io_redirect.o)
                0x00813418                alt_io_redirect
 .text          0x00813564        0x0 ../ECE423_Lab1_bsp\libhal_bsp.a(alt_irq_entry.o)
 .text          0x00813564        0x0 ../ECE423_Lab1_bsp\libhal_bsp.a(alt_irq_handler.o)
 .text          0x00813564      0x18c ../ECE423_Lab1_bsp\libhal_bsp.a(alt_open.o)
                0x00813564                open
 .text          0x008136f0      0x11c ../ECE423_Lab1_bsp\libhal_bsp.a(alt_tick.o)
                0x008136f0                alt_alarm_stop
                0x00813724                alt_tick
 .text          0x0081380c        0x8 ../ECE423_Lab1_bsp\libhal_bsp.a(altera_nios2_irq.o)
                0x0081380c                altera_nios2_irq_init
 .text          0x00813814        0x0 ../ECE423_Lab1_bsp\libhal_bsp.a(alt_exception_entry.o)
 .text          0x00813814       0xb0 ../ECE423_Lab1_bsp\libhal_bsp.a(alt_find_file.o)
                0x00813814                alt_find_file
 .text          0x008138c4       0x60 ../ECE423_Lab1_bsp\libhal_bsp.a(alt_get_fd.o)
                0x008138c4                alt_get_fd
 .text          0x00813924       0x38 ../ECE423_Lab1_bsp\libhal_bsp.a(alt_icache_flush.o)
                0x00813924                alt_icache_flush
 .text          0x0081395c       0x14 c:/software/altera/10.1/nios2eds/bin/gnu/h-i686-mingw32/bin/../lib/gcc/nios2-elf/4.1.2/../../../../nios2-elf/lib/mno-hw-mul\libc.a(lib_a-atexit.o)
                0x0081395c                atexit
 .text          0x00813970       0x74 c:/software/altera/10.1/nios2eds/bin/gnu/h-i686-mingw32/bin/../lib/gcc/nios2-elf/4.1.2/../../../../nios2-elf/lib/mno-hw-mul\libc.a(lib_a-memcmp.o)
                0x00813970                memcmp
 .text          0x008139e4      0x134 c:/software/altera/10.1/nios2eds/bin/gnu/h-i686-mingw32/bin/../lib/gcc/nios2-elf/4.1.2/../../../../nios2-elf/lib/mno-hw-mul\libc.a(lib_a-__atexit.o)
                0x008139e4                __register_exitproc
 *(.gnu.warning.*)
 *(.fini)
                0x00813b18                PROVIDE (__etext, ABSOLUTE (.))
                0x00813b18                PROVIDE (_etext, ABSOLUTE (.))
                0x00813b18                PROVIDE (etext, ABSOLUTE (.))
 *(.eh_frame_hdr)
                0x00813b18                . = ALIGN (0x4)
                0x00813b18                PROVIDE (__preinit_array_start, ABSOLUTE (.))
 *(.preinit_array)
                0x00813b18                PROVIDE (__preinit_array_end, ABSOLUTE (.))
                0x00813b18                PROVIDE (__init_array_start, ABSOLUTE (.))
 *(.init_array)
                0x00813b18                PROVIDE (__init_array_end, ABSOLUTE (.))
                0x00813b18                PROVIDE (__fini_array_start, ABSOLUTE (.))
 *(.fini_array)
                0x00813b18                PROVIDE (__fini_array_end, ABSOLUTE (.))
 *(.eh_frame)
 .eh_frame      0x00813b18       0x40 c:/software/altera/10.1/nios2eds/bin/gnu/h-i686-mingw32/bin/../lib/gcc/nios2-elf/4.1.2/mno-hw-mul\libgcc.a(_udivdi3.o)
 .eh_frame      0x00813b58       0x2c c:/software/altera/10.1/nios2eds/bin/gnu/h-i686-mingw32/bin/../lib/gcc/nios2-elf/4.1.2/mno-hw-mul\libgcc.a(_umoddi3.o)
                                 0x40 (size before relaxing)
 *(.gcc_except_table)
 *(.dynamic)
                0x00813b84                PROVIDE (__CTOR_LIST__, ABSOLUTE (.))
 *(.ctors)
 *(SORT(.ctors.*))
 .ctors.65535   0x00813b84        0x4 c:/software/altera/10.1/nios2eds/bin/gnu/h-i686-mingw32/bin/../lib/gcc/nios2-elf/4.1.2/../../../../nios2-elf/lib/mno-hw-mul\libc.a(lib_a-__call_atexit.o)
                0x00813b88                PROVIDE (__CTOR_END__, ABSOLUTE (.))
                0x00813b88                PROVIDE (__DTOR_LIST__, ABSOLUTE (.))
 *(.dtors)
 *(SORT(.dtors.*))
                0x00813b88                PROVIDE (__DTOR_END__, ABSOLUTE (.))
 *(.jcr)
                0x00813b88                . = ALIGN (0x4)

.rodata         0x00813b88      0x694
                0x00813b88                PROVIDE (__ram_rodata_start, ABSOLUTE (.))
                0x00813b88                . = ALIGN (0x4)
 *(.rodata .rodata.* .gnu.linkonce.r.*)
 .rodata.str1.4
                0x00813b88       0x17 obj/common/util.o
                                 0x1c (size before relaxing)
 *fill*         0x00813b9f        0x1 00
 .rodata.str1.4
                0x00813ba0      0x295 obj/decoder/mjpeg423_decoder.o
                                0x298 (size before relaxing)
 *fill*         0x00813e35        0x3 00
 .rodata.str1.4
                0x00813e38       0xa1 obj/main_code.o
                                 0xa4 (size before relaxing)
 *fill*         0x00813ed9        0x3 00
 .rodata.str1.4
                0x00813edc       0x1a obj/sd_card.o
                                 0x1c (size before relaxing)
 *fill*         0x00813ef6        0x2 00
 .rodata        0x00813ef8       0x14 c:/software/altera/10.1/nios2eds/bin/gnu/h-i686-mingw32/bin/../lib/gcc/nios2-elf/4.1.2/mno-hw-mul\libgcc.a(_thenan_df.o)
                0x00813ef8                __thenan_df
 .rodata        0x00813f0c      0x100 c:/software/altera/10.1/nios2eds/bin/gnu/h-i686-mingw32/bin/../lib/gcc/nios2-elf/4.1.2/mno-hw-mul\libgcc.a(_clz.o)
                0x00813f0c                __clz_tab
 .rodata.str1.4
                0x00000000       0x1a c:/software/altera/10.1/nios2eds/bin/gnu/h-i686-mingw32/bin/../lib/gcc/nios2-elf/4.1.2/../../../../nios2-elf/lib/mno-hw-mul\libc.a(lib_a-impure.o)
                                  0x4 (size before relaxing)
 .rodata.str1.4
                0x00000000       0x1a c:/software/altera/10.1/nios2eds/bin/gnu/h-i686-mingw32/bin/../lib/gcc/nios2-elf/4.1.2/../../../../nios2-elf/lib/mno-hw-mul\libc.a(lib_a-puts.o)
                                  0x4 (size before relaxing)
 .rodata.str1.4
                0x0081400c       0x5a c:/software/altera/10.1/nios2eds/bin/gnu/h-i686-mingw32/bin/../lib/gcc/nios2-elf/4.1.2/../../../../nios2-elf/lib/mno-hw-mul\libc.a(lib_a-vfprintf.o)
                                 0x60 (size before relaxing)
 .rodata        0x00814066       0x20 c:/software/altera/10.1/nios2eds/bin/gnu/h-i686-mingw32/bin/../lib/gcc/nios2-elf/4.1.2/../../../../nios2-elf/lib/mno-hw-mul\libc.a(lib_a-vfprintf.o)
 *fill*         0x00814086        0x2 00
 .rodata.str1.4
                0x00814088       0x10 c:/software/altera/10.1/nios2eds/bin/gnu/h-i686-mingw32/bin/../lib/gcc/nios2-elf/4.1.2/../../../../nios2-elf/lib/mno-hw-mul\libc.a(lib_a-dtoa.o)
                                 0x14 (size before relaxing)
 .rodata.str1.4
                0x00814098        0xf c:/software/altera/10.1/nios2eds/bin/gnu/h-i686-mingw32/bin/../lib/gcc/nios2-elf/4.1.2/../../../../nios2-elf/lib/mno-hw-mul\libc.a(lib_a-locale.o)
                                 0x18 (size before relaxing)
 *fill*         0x008140a7        0x1 00
 .rodata        0x008140a8       0x30 c:/software/altera/10.1/nios2eds/bin/gnu/h-i686-mingw32/bin/../lib/gcc/nios2-elf/4.1.2/../../../../nios2-elf/lib/mno-hw-mul\libc.a(lib_a-locale.o)
 .rodata        0x008140d8      0x124 c:/software/altera/10.1/nios2eds/bin/gnu/h-i686-mingw32/bin/../lib/gcc/nios2-elf/4.1.2/../../../../nios2-elf/lib/mno-hw-mul\libc.a(lib_a-mprec.o)
                0x008140d8                __mprec_tens
                0x008141a0                __mprec_bigtens
                0x008141c8                __mprec_tinytens
 .rodata.str1.4
                0x008141fc        0xa ../ECE423_Lab1_bsp\libhal_bsp.a(alt_dev.o)
                                  0xc (size before relaxing)
 *fill*         0x00814206        0x2 00
 .rodata.str1.4
                0x00814208       0x14 ../ECE423_Lab1_bsp\libhal_bsp.a(alt_main.o)
 .rodata.str1.4
                0x00000000       0x60 ../ECE423_Lab1_bsp\libhal_bsp.a(alt_sys_init.o)
 *(.rodata1)
                0x0081421c                . = ALIGN (0x4)
                0x0081421c                PROVIDE (__ram_rodata_end, ABSOLUTE (.))
                0x00813b88                PROVIDE (__flash_rodata_start, LOADADDR (.rodata))

.rwdata         0x0081421c     0x1d18 load address 0x00815f34
                0x0081421c                PROVIDE (__ram_rwdata_start, ABSOLUTE (.))
                0x0081421c                . = ALIGN (0x4)
 *(.got.plt)
 *(.got)
 *(.data1)
 *(.data .data.* .gnu.linkonce.d.*)
 .data          0x0081421c        0x0 ../ECE423_Lab1_bsp/obj/HAL/src/crt0.o
 .data          0x0081421c      0x200 obj/common/tables.o
                0x0081421c                Yquant
                0x0081429c                Cquant
                0x0081431c                zigzag_table
 .data          0x0081441c        0x0 obj/common/util.o
 .data          0x0081441c        0x0 obj/decoder/idct.o
 .data          0x0081441c        0x0 obj/decoder/lossless_decode.o
 .data          0x0081441c        0x0 obj/decoder/mjpeg423_decoder.o
 .data          0x0081441c        0x0 obj/decoder/ycbcr_to_rgb.o
 .data          0x0081441c       0x3c obj/main_code.o
                0x0081441c                files
 .data          0x00814458        0x0 obj/sd_card.o
 .data          0x00814458        0x0 c:/software/altera/10.1/nios2eds/bin/gnu/h-i686-mingw32/bin/../lib/gcc/nios2-elf/4.1.2/../../../../nios2-elf/lib/mno-hw-mul\libm.a(lib_a-s_ceil.o)
 .data          0x00814458        0x0 c:/software/altera/10.1/nios2eds/bin/gnu/h-i686-mingw32/bin/../lib/gcc/nios2-elf/4.1.2/mno-hw-mul\libgcc.a(_addsub_df.o)
 .data          0x00814458        0x0 c:/software/altera/10.1/nios2eds/bin/gnu/h-i686-mingw32/bin/../lib/gcc/nios2-elf/4.1.2/mno-hw-mul\libgcc.a(_mul_df.o)
 .data          0x00814458        0x0 c:/software/altera/10.1/nios2eds/bin/gnu/h-i686-mingw32/bin/../lib/gcc/nios2-elf/4.1.2/mno-hw-mul\libgcc.a(_gt_df.o)
 .data          0x00814458        0x0 c:/software/altera/10.1/nios2eds/bin/gnu/h-i686-mingw32/bin/../lib/gcc/nios2-elf/4.1.2/mno-hw-mul\libgcc.a(_df_to_si.o)
 .data          0x00814458        0x0 c:/software/altera/10.1/nios2eds/bin/gnu/h-i686-mingw32/bin/../lib/gcc/nios2-elf/4.1.2/mno-hw-mul\libgcc.a(_thenan_df.o)
 .data          0x00814458        0x0 c:/software/altera/10.1/nios2eds/bin/gnu/h-i686-mingw32/bin/../lib/gcc/nios2-elf/4.1.2/mno-hw-mul\libgcc.a(_usi_to_df.o)
 .data          0x00814458        0x0 c:/software/altera/10.1/nios2eds/bin/gnu/h-i686-mingw32/bin/../lib/gcc/nios2-elf/4.1.2/mno-hw-mul\libgcc.a(lib2-mul.o)
 .data          0x00814458        0x0 c:/software/altera/10.1/nios2eds/bin/gnu/h-i686-mingw32/bin/../lib/gcc/nios2-elf/4.1.2/mno-hw-mul\libgcc.a(_muldi3.o)
 .data          0x00814458        0x0 c:/software/altera/10.1/nios2eds/bin/gnu/h-i686-mingw32/bin/../lib/gcc/nios2-elf/4.1.2/mno-hw-mul\libgcc.a(_clzsi2.o)
 .data          0x00814458        0x0 c:/software/altera/10.1/nios2eds/bin/gnu/h-i686-mingw32/bin/../lib/gcc/nios2-elf/4.1.2/mno-hw-mul\libgcc.a(_pack_df.o)
 .data          0x00814458        0x0 c:/software/altera/10.1/nios2eds/bin/gnu/h-i686-mingw32/bin/../lib/gcc/nios2-elf/4.1.2/mno-hw-mul\libgcc.a(_unpack_df.o)
 .data          0x00814458        0x0 c:/software/altera/10.1/nios2eds/bin/gnu/h-i686-mingw32/bin/../lib/gcc/nios2-elf/4.1.2/mno-hw-mul\libgcc.a(_fpcmp_parts_df.o)
 .data          0x00814458        0x0 c:/software/altera/10.1/nios2eds/bin/gnu/h-i686-mingw32/bin/../lib/gcc/nios2-elf/4.1.2/mno-hw-mul\libgcc.a(_clz.o)
 .data          0x00814458        0x0 c:/software/altera/10.1/nios2eds/bin/gnu/h-i686-mingw32/bin/../lib/gcc/nios2-elf/4.1.2/../../../../nios2-elf/lib/mno-hw-mul\libc.a(lib_a-exit.o)
 .data          0x00814458        0x0 c:/software/altera/10.1/nios2eds/bin/gnu/h-i686-mingw32/bin/../lib/gcc/nios2-elf/4.1.2/../../../../nios2-elf/lib/mno-hw-mul\libc.a(lib_a-getc.o)
 .data          0x00814458      0x400 c:/software/altera/10.1/nios2eds/bin/gnu/h-i686-mingw32/bin/../lib/gcc/nios2-elf/4.1.2/../../../../nios2-elf/lib/mno-hw-mul\libc.a(lib_a-impure.o)
 .data          0x00814858        0x0 c:/software/altera/10.1/nios2eds/bin/gnu/h-i686-mingw32/bin/../lib/gcc/nios2-elf/4.1.2/../../../../nios2-elf/lib/mno-hw-mul\libc.a(lib_a-malloc.o)
 .data          0x00814858      0x408 c:/software/altera/10.1/nios2eds/bin/gnu/h-i686-mingw32/bin/../lib/gcc/nios2-elf/4.1.2/../../../../nios2-elf/lib/mno-hw-mul\libc.a(lib_a-mallocr.o)
                0x00814858                __malloc_av_
 .data          0x00814c60        0x0 c:/software/altera/10.1/nios2eds/bin/gnu/h-i686-mingw32/bin/../lib/gcc/nios2-elf/4.1.2/../../../../nios2-elf/lib/mno-hw-mul\libc.a(lib_a-memset.o)
 .data          0x00814c60        0x0 c:/software/altera/10.1/nios2eds/bin/gnu/h-i686-mingw32/bin/../lib/gcc/nios2-elf/4.1.2/../../../../nios2-elf/lib/mno-hw-mul\libc.a(lib_a-printf.o)
 .data          0x00814c60        0x0 c:/software/altera/10.1/nios2eds/bin/gnu/h-i686-mingw32/bin/../lib/gcc/nios2-elf/4.1.2/../../../../nios2-elf/lib/mno-hw-mul\libc.a(lib_a-putchar.o)
 .data          0x00814c60        0x0 c:/software/altera/10.1/nios2eds/bin/gnu/h-i686-mingw32/bin/../lib/gcc/nios2-elf/4.1.2/../../../../nios2-elf/lib/mno-hw-mul\libc.a(lib_a-puts.o)
 .data          0x00814c60        0x0 c:/software/altera/10.1/nios2eds/bin/gnu/h-i686-mingw32/bin/../lib/gcc/nios2-elf/4.1.2/../../../../nios2-elf/lib/mno-hw-mul\libc.a(lib_a-rget.o)
 .data          0x00814c60        0x0 c:/software/altera/10.1/nios2eds/bin/gnu/h-i686-mingw32/bin/../lib/gcc/nios2-elf/4.1.2/../../../../nios2-elf/lib/mno-hw-mul\libc.a(lib_a-sbrkr.o)
 .data          0x00814c60        0x0 c:/software/altera/10.1/nios2eds/bin/gnu/h-i686-mingw32/bin/../lib/gcc/nios2-elf/4.1.2/../../../../nios2-elf/lib/mno-hw-mul\libc.a(lib_a-strlen.o)
 .data          0x00814c60        0x0 c:/software/altera/10.1/nios2eds/bin/gnu/h-i686-mingw32/bin/../lib/gcc/nios2-elf/4.1.2/../../../../nios2-elf/lib/mno-hw-mul\libc.a(lib_a-vfprintf.o)
 .data          0x00814c60        0x0 c:/software/altera/10.1/nios2eds/bin/gnu/h-i686-mingw32/bin/../lib/gcc/nios2-elf/4.1.2/../../../../nios2-elf/lib/mno-hw-mul\libc.a(lib_a-wsetup.o)
 .data          0x00814c60        0x0 c:/software/altera/10.1/nios2eds/bin/gnu/h-i686-mingw32/bin/../lib/gcc/nios2-elf/4.1.2/../../../../nios2-elf/lib/mno-hw-mul\libc.a(lib_a-__call_atexit.o)
 .data          0x00814c60        0x0 c:/software/altera/10.1/nios2eds/bin/gnu/h-i686-mingw32/bin/../lib/gcc/nios2-elf/4.1.2/../../../../nios2-elf/lib/mno-hw-mul\libc.a(lib_a-dtoa.o)
 .data          0x00814c60        0x0 c:/software/altera/10.1/nios2eds/bin/gnu/h-i686-mingw32/bin/../lib/gcc/nios2-elf/4.1.2/../../../../nios2-elf/lib/mno-hw-mul\libc.a(lib_a-fflush.o)
 .data          0x00814c60        0x0 c:/software/altera/10.1/nios2eds/bin/gnu/h-i686-mingw32/bin/../lib/gcc/nios2-elf/4.1.2/../../../../nios2-elf/lib/mno-hw-mul\libc.a(lib_a-findfp.o)
 .data          0x00814c60        0x0 c:/software/altera/10.1/nios2eds/bin/gnu/h-i686-mingw32/bin/../lib/gcc/nios2-elf/4.1.2/../../../../nios2-elf/lib/mno-hw-mul\libc.a(lib_a-freer.o)
 .data          0x00814c60        0x0 c:/software/altera/10.1/nios2eds/bin/gnu/h-i686-mingw32/bin/../lib/gcc/nios2-elf/4.1.2/../../../../nios2-elf/lib/mno-hw-mul\libc.a(lib_a-fvwrite.o)
 .data          0x00814c60        0x0 c:/software/altera/10.1/nios2eds/bin/gnu/h-i686-mingw32/bin/../lib/gcc/nios2-elf/4.1.2/../../../../nios2-elf/lib/mno-hw-mul\libc.a(lib_a-fwalk.o)
 .data          0x00814c60        0x0 c:/software/altera/10.1/nios2eds/bin/gnu/h-i686-mingw32/bin/../lib/gcc/nios2-elf/4.1.2/../../../../nios2-elf/lib/mno-hw-mul\libc.a(lib_a-int_errno.o)
 .data          0x00814c60        0xc c:/software/altera/10.1/nios2eds/bin/gnu/h-i686-mingw32/bin/../lib/gcc/nios2-elf/4.1.2/../../../../nios2-elf/lib/mno-hw-mul\libc.a(lib_a-locale.o)
                0x00814c60                __lc_ctype
 .data          0x00814c6c        0x0 c:/software/altera/10.1/nios2eds/bin/gnu/h-i686-mingw32/bin/../lib/gcc/nios2-elf/4.1.2/../../../../nios2-elf/lib/mno-hw-mul\libc.a(lib_a-makebuf.o)
 .data          0x00814c6c        0x0 c:/software/altera/10.1/nios2eds/bin/gnu/h-i686-mingw32/bin/../lib/gcc/nios2-elf/4.1.2/../../../../nios2-elf/lib/mno-hw-mul\libc.a(lib_a-memchr.o)
 .data          0x00814c6c        0x0 c:/software/altera/10.1/nios2eds/bin/gnu/h-i686-mingw32/bin/../lib/gcc/nios2-elf/4.1.2/../../../../nios2-elf/lib/mno-hw-mul\libc.a(lib_a-memcpy.o)
 .data          0x00814c6c        0x0 c:/software/altera/10.1/nios2eds/bin/gnu/h-i686-mingw32/bin/../lib/gcc/nios2-elf/4.1.2/../../../../nios2-elf/lib/mno-hw-mul\libc.a(lib_a-memmove.o)
 .data          0x00814c6c        0x0 c:/software/altera/10.1/nios2eds/bin/gnu/h-i686-mingw32/bin/../lib/gcc/nios2-elf/4.1.2/../../../../nios2-elf/lib/mno-hw-mul\libc.a(lib_a-mprec.o)
 .data          0x00814c6c        0x0 c:/software/altera/10.1/nios2eds/bin/gnu/h-i686-mingw32/bin/../lib/gcc/nios2-elf/4.1.2/../../../../nios2-elf/lib/mno-hw-mul\libc.a(lib_a-putc.o)
 .data          0x00814c6c        0x0 c:/software/altera/10.1/nios2eds/bin/gnu/h-i686-mingw32/bin/../lib/gcc/nios2-elf/4.1.2/../../../../nios2-elf/lib/mno-hw-mul\libc.a(lib_a-reallocr.o)
 .data          0x00814c6c        0x0 c:/software/altera/10.1/nios2eds/bin/gnu/h-i686-mingw32/bin/../lib/gcc/nios2-elf/4.1.2/../../../../nios2-elf/lib/mno-hw-mul\libc.a(lib_a-refill.o)
 .data          0x00814c6c        0x0 c:/software/altera/10.1/nios2eds/bin/gnu/h-i686-mingw32/bin/../lib/gcc/nios2-elf/4.1.2/../../../../nios2-elf/lib/mno-hw-mul\libc.a(lib_a-s_isinfd.o)
 .data          0x00814c6c        0x0 c:/software/altera/10.1/nios2eds/bin/gnu/h-i686-mingw32/bin/../lib/gcc/nios2-elf/4.1.2/../../../../nios2-elf/lib/mno-hw-mul\libc.a(lib_a-s_isnand.o)
 .data          0x00814c6c        0x0 c:/software/altera/10.1/nios2eds/bin/gnu/h-i686-mingw32/bin/../lib/gcc/nios2-elf/4.1.2/../../../../nios2-elf/lib/mno-hw-mul\libc.a(lib_a-stdio.o)
 .data          0x00814c6c        0x0 c:/software/altera/10.1/nios2eds/bin/gnu/h-i686-mingw32/bin/../lib/gcc/nios2-elf/4.1.2/../../../../nios2-elf/lib/mno-hw-mul\libc.a(lib_a-strcmp.o)
 .data          0x00814c6c        0x0 c:/software/altera/10.1/nios2eds/bin/gnu/h-i686-mingw32/bin/../lib/gcc/nios2-elf/4.1.2/../../../../nios2-elf/lib/mno-hw-mul\libc.a(lib_a-wbuf.o)
 .data          0x00814c6c        0x0 c:/software/altera/10.1/nios2eds/bin/gnu/h-i686-mingw32/bin/../lib/gcc/nios2-elf/4.1.2/../../../../nios2-elf/lib/mno-hw-mul\libc.a(lib_a-writer.o)
 .data          0x00814c6c        0x0 c:/software/altera/10.1/nios2eds/bin/gnu/h-i686-mingw32/bin/../lib/gcc/nios2-elf/4.1.2/../../../../nios2-elf/lib/mno-hw-mul\libc.a(lib_a-callocr.o)
 .data          0x00814c6c        0x0 c:/software/altera/10.1/nios2eds/bin/gnu/h-i686-mingw32/bin/../lib/gcc/nios2-elf/4.1.2/../../../../nios2-elf/lib/mno-hw-mul\libc.a(lib_a-closer.o)
 .data          0x00814c6c        0x0 c:/software/altera/10.1/nios2eds/bin/gnu/h-i686-mingw32/bin/../lib/gcc/nios2-elf/4.1.2/../../../../nios2-elf/lib/mno-hw-mul\libc.a(lib_a-fclose.o)
 .data          0x00814c6c        0x0 c:/software/altera/10.1/nios2eds/bin/gnu/h-i686-mingw32/bin/../lib/gcc/nios2-elf/4.1.2/../../../../nios2-elf/lib/mno-hw-mul\libc.a(lib_a-fstatr.o)
 .data          0x00814c6c        0x0 c:/software/altera/10.1/nios2eds/bin/gnu/h-i686-mingw32/bin/../lib/gcc/nios2-elf/4.1.2/../../../../nios2-elf/lib/mno-hw-mul\libc.a(lib_a-isattyr.o)
 .data          0x00814c6c        0x0 c:/software/altera/10.1/nios2eds/bin/gnu/h-i686-mingw32/bin/../lib/gcc/nios2-elf/4.1.2/../../../../nios2-elf/lib/mno-hw-mul\libc.a(lib_a-lseekr.o)
 .data          0x00814c6c        0x0 c:/software/altera/10.1/nios2eds/bin/gnu/h-i686-mingw32/bin/../lib/gcc/nios2-elf/4.1.2/../../../../nios2-elf/lib/mno-hw-mul\libc.a(lib_a-readr.o)
 .data          0x00814c6c        0x0 c:/software/altera/10.1/nios2eds/bin/gnu/h-i686-mingw32/bin/../lib/gcc/nios2-elf/4.1.2/mno-hw-mul\libgcc.a(_udivdi3.o)
 .data          0x00814c6c        0x0 c:/software/altera/10.1/nios2eds/bin/gnu/h-i686-mingw32/bin/../lib/gcc/nios2-elf/4.1.2/mno-hw-mul\libgcc.a(_umoddi3.o)
 .data          0x00814c6c        0x0 c:/software/altera/10.1/nios2eds/bin/gnu/h-i686-mingw32/bin/../lib/gcc/nios2-elf/4.1.2/mno-hw-mul\libgcc.a(_div_df.o)
 .data          0x00814c6c        0x0 c:/software/altera/10.1/nios2eds/bin/gnu/h-i686-mingw32/bin/../lib/gcc/nios2-elf/4.1.2/mno-hw-mul\libgcc.a(_eq_df.o)
 .data          0x00814c6c        0x0 c:/software/altera/10.1/nios2eds/bin/gnu/h-i686-mingw32/bin/../lib/gcc/nios2-elf/4.1.2/mno-hw-mul\libgcc.a(_ne_df.o)
 .data          0x00814c6c        0x0 c:/software/altera/10.1/nios2eds/bin/gnu/h-i686-mingw32/bin/../lib/gcc/nios2-elf/4.1.2/mno-hw-mul\libgcc.a(_ge_df.o)
 .data          0x00814c6c        0x0 c:/software/altera/10.1/nios2eds/bin/gnu/h-i686-mingw32/bin/../lib/gcc/nios2-elf/4.1.2/mno-hw-mul\libgcc.a(_lt_df.o)
 .data          0x00814c6c        0x0 c:/software/altera/10.1/nios2eds/bin/gnu/h-i686-mingw32/bin/../lib/gcc/nios2-elf/4.1.2/mno-hw-mul\libgcc.a(_si_to_df.o)
 .data          0x00814c6c        0x0 c:/software/altera/10.1/nios2eds/bin/gnu/h-i686-mingw32/bin/../lib/gcc/nios2-elf/4.1.2/mno-hw-mul\libgcc.a(lib2-divmod.o)
 .data          0x00814c6c        0x0 ../ECE423_Lab1_bsp\libhal_bsp.a(alt_close.o)
 .data          0x00814c6c      0x1a8 ../ECE423_Lab1_bsp\libhal_bsp.a(alt_dev.o)
                0x00814c6c                alt_dev_null
                0x00814c94                alt_fd_list
 .data          0x00814e14        0x0 ../ECE423_Lab1_bsp\libhal_bsp.a(alt_errno.o)
 .data          0x00814e14        0x0 ../ECE423_Lab1_bsp\libhal_bsp.a(alt_exit.o)
 .data          0x00814e14        0x0 ../ECE423_Lab1_bsp\libhal_bsp.a(alt_fstat.o)
 .data          0x00814e14        0x0 ../ECE423_Lab1_bsp\libhal_bsp.a(alt_irq_register.o)
 .data          0x00814e14        0x0 ../ECE423_Lab1_bsp\libhal_bsp.a(alt_irq_vars.o)
 .data          0x00814e14        0x0 ../ECE423_Lab1_bsp\libhal_bsp.a(alt_isatty.o)
 .data          0x00814e14        0x0 ../ECE423_Lab1_bsp\libhal_bsp.a(alt_load.o)
 .data          0x00814e14        0x0 ../ECE423_Lab1_bsp\libhal_bsp.a(alt_lseek.o)
 .data          0x00814e14        0x0 ../ECE423_Lab1_bsp\libhal_bsp.a(alt_main.o)
 .data          0x00814e14        0x0 ../ECE423_Lab1_bsp\libhal_bsp.a(alt_malloc_lock.o)
 .data          0x00814e14        0x0 ../ECE423_Lab1_bsp\libhal_bsp.a(alt_read.o)
 .data          0x00814e14        0x0 ../ECE423_Lab1_bsp\libhal_bsp.a(alt_release_fd.o)
 .data          0x00814e14        0x0 ../ECE423_Lab1_bsp\libhal_bsp.a(alt_sbrk.o)
 .data          0x00814e14        0x0 ../ECE423_Lab1_bsp\libhal_bsp.a(alt_write.o)
 .data          0x00814e14     0x10e0 ../ECE423_Lab1_bsp\libhal_bsp.a(alt_sys_init.o)
 .data          0x00815ef4        0x0 ../ECE423_Lab1_bsp\libhal_bsp.a(altera_avalon_jtag_uart_fd.o)
 .data          0x00815ef4        0x0 ../ECE423_Lab1_bsp\libhal_bsp.a(altera_avalon_jtag_uart_init.o)
 .data          0x00815ef4        0x0 ../ECE423_Lab1_bsp\libhal_bsp.a(altera_avalon_jtag_uart_ioctl.o)
 .data          0x00815ef4        0x0 ../ECE423_Lab1_bsp\libhal_bsp.a(altera_avalon_jtag_uart_read.o)
 .data          0x00815ef4        0x0 ../ECE423_Lab1_bsp\libhal_bsp.a(altera_avalon_jtag_uart_write.o)
 .data          0x00815ef4        0x0 ../ECE423_Lab1_bsp\libhal_bsp.a(altera_avalon_timer_ts.o)
 .data          0x00815ef4        0x0 ../ECE423_Lab1_bsp\libhal_bsp.a(altera_avalon_timer_vars.o)
 .data          0x00815ef4        0x0 ../ECE423_Lab1_bsp\libhal_bsp.a(altera_up_avalon_video_pixel_buffer_dma.o)
 .data          0x00815ef4        0x0 ../ECE423_Lab1_bsp\libhal_bsp.a(altera_up_sd_card_avalon_interface.o)
 .data          0x00815ef4        0x0 ../ECE423_Lab1_bsp\libhal_bsp.a(alt_alarm_start.o)
 .data          0x00815ef4        0x0 ../ECE423_Lab1_bsp\libhal_bsp.a(alt_dcache_flush_all.o)
 .data          0x00815ef4        0x0 ../ECE423_Lab1_bsp\libhal_bsp.a(alt_dev_llist_insert.o)
 .data          0x00815ef4        0x0 ../ECE423_Lab1_bsp\libhal_bsp.a(alt_do_ctors.o)
 .data          0x00815ef4        0x0 ../ECE423_Lab1_bsp\libhal_bsp.a(alt_do_dtors.o)
 .data          0x00815ef4        0x0 ../ECE423_Lab1_bsp\libhal_bsp.a(alt_find_dev.o)
 .data          0x00815ef4        0x0 ../ECE423_Lab1_bsp\libhal_bsp.a(alt_icache_flush_all.o)
 .data          0x00815ef4        0x0 ../ECE423_Lab1_bsp\libhal_bsp.a(alt_iic.o)
 .data          0x00815ef4        0x0 ../ECE423_Lab1_bsp\libhal_bsp.a(alt_iic_isr_register.o)
 .data          0x00815ef4        0x0 ../ECE423_Lab1_bsp\libhal_bsp.a(alt_io_redirect.o)
 .data          0x00815ef4        0x0 ../ECE423_Lab1_bsp\libhal_bsp.a(alt_irq_entry.o)
 .data          0x00815ef4        0x0 ../ECE423_Lab1_bsp\libhal_bsp.a(alt_irq_handler.o)
 .data          0x00815ef4        0x0 ../ECE423_Lab1_bsp\libhal_bsp.a(alt_open.o)
 .data          0x00815ef4        0x0 ../ECE423_Lab1_bsp\libhal_bsp.a(alt_tick.o)
 .data          0x00815ef4        0x0 ../ECE423_Lab1_bsp\libhal_bsp.a(altera_nios2_irq.o)
 .data          0x00815ef4        0x0 ../ECE423_Lab1_bsp\libhal_bsp.a(alt_exception_entry.o)
 .data          0x00815ef4        0x0 ../ECE423_Lab1_bsp\libhal_bsp.a(alt_find_file.o)
 .data          0x00815ef4        0x0 ../ECE423_Lab1_bsp\libhal_bsp.a(alt_get_fd.o)
 .data          0x00815ef4        0x0 ../ECE423_Lab1_bsp\libhal_bsp.a(alt_icache_flush.o)
 .data          0x00815ef4        0x0 c:/software/altera/10.1/nios2eds/bin/gnu/h-i686-mingw32/bin/../lib/gcc/nios2-elf/4.1.2/../../../../nios2-elf/lib/mno-hw-mul\libc.a(lib_a-atexit.o)
 .data          0x00815ef4        0x0 c:/software/altera/10.1/nios2eds/bin/gnu/h-i686-mingw32/bin/../lib/gcc/nios2-elf/4.1.2/../../../../nios2-elf/lib/mno-hw-mul\libc.a(lib_a-memcmp.o)
 .data          0x00815ef4        0x0 c:/software/altera/10.1/nios2eds/bin/gnu/h-i686-mingw32/bin/../lib/gcc/nios2-elf/4.1.2/../../../../nios2-elf/lib/mno-hw-mul\libc.a(lib_a-__atexit.o)
                0x0081def4                _gp = ABSOLUTE ((. + 0x8000))
                0x0081def4                PROVIDE (gp, _gp)
 *(.sdata .sdata.* .gnu.linkonce.s.*)
 .sdata         0x00815ef4        0x8 c:/software/altera/10.1/nios2eds/bin/gnu/h-i686-mingw32/bin/../lib/gcc/nios2-elf/4.1.2/../../../../nios2-elf/lib/mno-hw-mul\libc.a(lib_a-impure.o)
                0x00815ef4                _impure_ptr
                0x00815ef8                _global_impure_ptr
 .sdata         0x00815efc        0x8 c:/software/altera/10.1/nios2eds/bin/gnu/h-i686-mingw32/bin/../lib/gcc/nios2-elf/4.1.2/../../../../nios2-elf/lib/mno-hw-mul\libc.a(lib_a-mallocr.o)
                0x00815efc                __malloc_trim_threshold
                0x00815f00                __malloc_sbrk_base
 .sdata         0x00815f04        0x8 c:/software/altera/10.1/nios2eds/bin/gnu/h-i686-mingw32/bin/../lib/gcc/nios2-elf/4.1.2/../../../../nios2-elf/lib/mno-hw-mul\libc.a(lib_a-locale.o)
                0x00815f04                __mb_cur_max
 .sdata         0x00815f0c       0x14 ../ECE423_Lab1_bsp\libhal_bsp.a(alt_dev.o)
                0x00815f0c                alt_fs_list
                0x00815f14                alt_dev_list
                0x00815f1c                alt_max_fd
 .sdata         0x00815f20        0x4 ../ECE423_Lab1_bsp\libhal_bsp.a(alt_errno.o)
                0x00815f20                alt_errno
 .sdata         0x00815f24        0x4 ../ECE423_Lab1_bsp\libhal_bsp.a(alt_irq_vars.o)
                0x00815f24                alt_priority_mask
 .sdata         0x00815f28        0x4 ../ECE423_Lab1_bsp\libhal_bsp.a(alt_sbrk.o)
 .sdata         0x00815f2c        0x8 ../ECE423_Lab1_bsp\libhal_bsp.a(alt_tick.o)
                0x00815f2c                alt_alarm_list
 *(.sdata2 .sdata2.* .gnu.linkonce.s2.*)
                0x00815f34                . = ALIGN (0x4)
                0x00815f34                _edata = ABSOLUTE (.)
                0x00815f34                PROVIDE (edata, ABSOLUTE (.))
                0x00815f34                PROVIDE (__ram_rwdata_end, ABSOLUTE (.))
                0x00815f34                PROVIDE (__flash_rwdata_start, LOADADDR (.rwdata))

.bss            0x00817c4c      0x8d0
                0x00817c4c                __bss_start = ABSOLUTE (.)
                0x00817c4c                PROVIDE (__sbss_start, ABSOLUTE (.))
                0x00817c4c                PROVIDE (___sbss_start, ABSOLUTE (.))
 *(.dynsbss)
 *(.sbss .sbss.* .gnu.linkonce.sb.*)
 .sbss          0x00817c4c       0x24 obj/decoder/mjpeg423_decoder.o
                0x00817c4c                last_tested
                0x00817c50                edge_capture
                0x00817c54                timer_value
                0x00817c58                playing
                0x00817c5c                backward
                0x00817c60                fastForward
                0x00817c64                frame_index
                0x00817c68                getNextFile
                0x00817c6c                current_frame
 .sbss          0x00817c70        0xc obj/main_code.o
                0x00817c70                index
                0x00817c74                button_latch
                0x00817c78                button_state
 .sbss          0x00817c7c       0x10 obj/sd_card.o
                0x00817c7c                sectors
                0x00817c80                sd_card_curr_read_sector
                0x00817c84                sd_card_start_byte_in_sector
                0x00817c88                sd_card_sectors_num
 .sbss          0x00817c8c        0xc c:/software/altera/10.1/nios2eds/bin/gnu/h-i686-mingw32/bin/../lib/gcc/nios2-elf/4.1.2/../../../../nios2-elf/lib/mno-hw-mul\libc.a(lib_a-mallocr.o)
                0x00817c8c                __malloc_top_pad
                0x00817c90                __malloc_max_sbrked_mem
                0x00817c94                __malloc_max_total_mem
 .sbss          0x00817c98        0x4 c:/software/altera/10.1/nios2eds/bin/gnu/h-i686-mingw32/bin/../lib/gcc/nios2-elf/4.1.2/../../../../nios2-elf/lib/mno-hw-mul\libc.a(lib_a-int_errno.o)
                0x00817c98                errno
 .sbss          0x00817c9c        0xc c:/software/altera/10.1/nios2eds/bin/gnu/h-i686-mingw32/bin/../lib/gcc/nios2-elf/4.1.2/../../../../nios2-elf/lib/mno-hw-mul\libc.a(lib_a-locale.o)
                0x00817c9c                __nlocale_changed
                0x00817ca0                __mlocale_changed
                0x00817ca4                _PathLocale
 .sbss          0x00817ca8        0x4 ../ECE423_Lab1_bsp\libhal_bsp.a(alt_irq_vars.o)
                0x00817ca8                alt_irq_active
 .sbss          0x00817cac        0xc ../ECE423_Lab1_bsp\libhal_bsp.a(alt_main.o)
                0x00817cac                alt_argc
                0x00817cb0                alt_argv
                0x00817cb4                alt_envp
 .sbss          0x00817cb8        0x8 ../ECE423_Lab1_bsp\libhal_bsp.a(altera_avalon_timer_vars.o)
                0x00817cb8                altera_avalon_timer_ts_base
                0x00817cbc                altera_avalon_timer_ts_freq
 .sbss          0x00817cc0       0x34 ../ECE423_Lab1_bsp\libhal_bsp.a(altera_up_sd_card_avalon_interface.o)
                0x00817cc0                initialized
                0x00817cc4                is_sd_card_formated_as_FAT16
                0x00817cc8                aux_status_register
                0x00817ccc                status_register
                0x00817cd0                CSD_register_w0
                0x00817cd4                command_register
                0x00817cd8                command_argument_register
                0x00817cdc                buffer_memory
                0x00817ce0                fat_partition_offset_in_512_byte_sectors
                0x00817ce4                fat_partition_size_in_512_byte_sectors
                0x00817ce8                device_pointer
                0x00817cec                current_sector_modified
                0x00817cf0                current_sector_index
 .sbss          0x00817cf4        0x8 ../ECE423_Lab1_bsp\libhal_bsp.a(alt_tick.o)
                0x00817cf4                _alt_tick_rate
                0x00817cf8                _alt_nticks
 *(.sbss2 .sbss2.* .gnu.linkonce.sb2.*)
 *(.scommon)
                0x00817cfc                PROVIDE (__sbss_end, ABSOLUTE (.))
                0x00817cfc                PROVIDE (___sbss_end, ABSOLUTE (.))
 *(.dynbss)
 *(.bss .bss.* .gnu.linkonce.b.*)
 .bss           0x00817cfc        0x0 ../ECE423_Lab1_bsp/obj/HAL/src/crt0.o
 .bss           0x00817cfc        0x0 obj/common/tables.o
 .bss           0x00817cfc        0x0 obj/common/util.o
 .bss           0x00817cfc        0x0 obj/decoder/idct.o
 .bss           0x00817cfc        0x0 obj/decoder/lossless_decode.o
 .bss           0x00817cfc        0x0 obj/decoder/mjpeg423_decoder.o
 .bss           0x00817cfc        0x0 obj/decoder/ycbcr_to_rgb.o
 .bss           0x00817cfc        0x0 obj/main_code.o
 .bss           0x00817cfc        0x0 obj/sd_card.o
 .bss           0x00817cfc        0x0 c:/software/altera/10.1/nios2eds/bin/gnu/h-i686-mingw32/bin/../lib/gcc/nios2-elf/4.1.2/../../../../nios2-elf/lib/mno-hw-mul\libm.a(lib_a-s_ceil.o)
 .bss           0x00817cfc        0x0 c:/software/altera/10.1/nios2eds/bin/gnu/h-i686-mingw32/bin/../lib/gcc/nios2-elf/4.1.2/mno-hw-mul\libgcc.a(_addsub_df.o)
 .bss           0x00817cfc        0x0 c:/software/altera/10.1/nios2eds/bin/gnu/h-i686-mingw32/bin/../lib/gcc/nios2-elf/4.1.2/mno-hw-mul\libgcc.a(_mul_df.o)
 .bss           0x00817cfc        0x0 c:/software/altera/10.1/nios2eds/bin/gnu/h-i686-mingw32/bin/../lib/gcc/nios2-elf/4.1.2/mno-hw-mul\libgcc.a(_gt_df.o)
 .bss           0x00817cfc        0x0 c:/software/altera/10.1/nios2eds/bin/gnu/h-i686-mingw32/bin/../lib/gcc/nios2-elf/4.1.2/mno-hw-mul\libgcc.a(_df_to_si.o)
 .bss           0x00817cfc        0x0 c:/software/altera/10.1/nios2eds/bin/gnu/h-i686-mingw32/bin/../lib/gcc/nios2-elf/4.1.2/mno-hw-mul\libgcc.a(_thenan_df.o)
 .bss           0x00817cfc        0x0 c:/software/altera/10.1/nios2eds/bin/gnu/h-i686-mingw32/bin/../lib/gcc/nios2-elf/4.1.2/mno-hw-mul\libgcc.a(_usi_to_df.o)
 .bss           0x00817cfc        0x0 c:/software/altera/10.1/nios2eds/bin/gnu/h-i686-mingw32/bin/../lib/gcc/nios2-elf/4.1.2/mno-hw-mul\libgcc.a(lib2-mul.o)
 .bss           0x00817cfc        0x0 c:/software/altera/10.1/nios2eds/bin/gnu/h-i686-mingw32/bin/../lib/gcc/nios2-elf/4.1.2/mno-hw-mul\libgcc.a(_muldi3.o)
 .bss           0x00817cfc        0x0 c:/software/altera/10.1/nios2eds/bin/gnu/h-i686-mingw32/bin/../lib/gcc/nios2-elf/4.1.2/mno-hw-mul\libgcc.a(_clzsi2.o)
 .bss           0x00817cfc        0x0 c:/software/altera/10.1/nios2eds/bin/gnu/h-i686-mingw32/bin/../lib/gcc/nios2-elf/4.1.2/mno-hw-mul\libgcc.a(_pack_df.o)
 .bss           0x00817cfc        0x0 c:/software/altera/10.1/nios2eds/bin/gnu/h-i686-mingw32/bin/../lib/gcc/nios2-elf/4.1.2/mno-hw-mul\libgcc.a(_unpack_df.o)
 .bss           0x00817cfc        0x0 c:/software/altera/10.1/nios2eds/bin/gnu/h-i686-mingw32/bin/../lib/gcc/nios2-elf/4.1.2/mno-hw-mul\libgcc.a(_fpcmp_parts_df.o)
 .bss           0x00817cfc        0x0 c:/software/altera/10.1/nios2eds/bin/gnu/h-i686-mingw32/bin/../lib/gcc/nios2-elf/4.1.2/mno-hw-mul\libgcc.a(_clz.o)
 .bss           0x00817cfc        0x0 c:/software/altera/10.1/nios2eds/bin/gnu/h-i686-mingw32/bin/../lib/gcc/nios2-elf/4.1.2/../../../../nios2-elf/lib/mno-hw-mul\libc.a(lib_a-exit.o)
 .bss           0x00817cfc        0x0 c:/software/altera/10.1/nios2eds/bin/gnu/h-i686-mingw32/bin/../lib/gcc/nios2-elf/4.1.2/../../../../nios2-elf/lib/mno-hw-mul\libc.a(lib_a-getc.o)
 .bss           0x00817cfc        0x0 c:/software/altera/10.1/nios2eds/bin/gnu/h-i686-mingw32/bin/../lib/gcc/nios2-elf/4.1.2/../../../../nios2-elf/lib/mno-hw-mul\libc.a(lib_a-impure.o)
 .bss           0x00817cfc        0x0 c:/software/altera/10.1/nios2eds/bin/gnu/h-i686-mingw32/bin/../lib/gcc/nios2-elf/4.1.2/../../../../nios2-elf/lib/mno-hw-mul\libc.a(lib_a-malloc.o)
 .bss           0x00817cfc       0x28 c:/software/altera/10.1/nios2eds/bin/gnu/h-i686-mingw32/bin/../lib/gcc/nios2-elf/4.1.2/../../../../nios2-elf/lib/mno-hw-mul\libc.a(lib_a-mallocr.o)
                0x00817cfc                __malloc_current_mallinfo
 .bss           0x00817d24        0x0 c:/software/altera/10.1/nios2eds/bin/gnu/h-i686-mingw32/bin/../lib/gcc/nios2-elf/4.1.2/../../../../nios2-elf/lib/mno-hw-mul\libc.a(lib_a-memset.o)
 .bss           0x00817d24        0x0 c:/software/altera/10.1/nios2eds/bin/gnu/h-i686-mingw32/bin/../lib/gcc/nios2-elf/4.1.2/../../../../nios2-elf/lib/mno-hw-mul\libc.a(lib_a-printf.o)
 .bss           0x00817d24        0x0 c:/software/altera/10.1/nios2eds/bin/gnu/h-i686-mingw32/bin/../lib/gcc/nios2-elf/4.1.2/../../../../nios2-elf/lib/mno-hw-mul\libc.a(lib_a-putchar.o)
 .bss           0x00817d24        0x0 c:/software/altera/10.1/nios2eds/bin/gnu/h-i686-mingw32/bin/../lib/gcc/nios2-elf/4.1.2/../../../../nios2-elf/lib/mno-hw-mul\libc.a(lib_a-puts.o)
 .bss           0x00817d24        0x0 c:/software/altera/10.1/nios2eds/bin/gnu/h-i686-mingw32/bin/../lib/gcc/nios2-elf/4.1.2/../../../../nios2-elf/lib/mno-hw-mul\libc.a(lib_a-rget.o)
 .bss           0x00817d24        0x0 c:/software/altera/10.1/nios2eds/bin/gnu/h-i686-mingw32/bin/../lib/gcc/nios2-elf/4.1.2/../../../../nios2-elf/lib/mno-hw-mul\libc.a(lib_a-sbrkr.o)
 .bss           0x00817d24        0x0 c:/software/altera/10.1/nios2eds/bin/gnu/h-i686-mingw32/bin/../lib/gcc/nios2-elf/4.1.2/../../../../nios2-elf/lib/mno-hw-mul\libc.a(lib_a-strlen.o)
 .bss           0x00817d24        0x0 c:/software/altera/10.1/nios2eds/bin/gnu/h-i686-mingw32/bin/../lib/gcc/nios2-elf/4.1.2/../../../../nios2-elf/lib/mno-hw-mul\libc.a(lib_a-vfprintf.o)
 .bss           0x00817d24        0x0 c:/software/altera/10.1/nios2eds/bin/gnu/h-i686-mingw32/bin/../lib/gcc/nios2-elf/4.1.2/../../../../nios2-elf/lib/mno-hw-mul\libc.a(lib_a-wsetup.o)
 .bss           0x00817d24        0x0 c:/software/altera/10.1/nios2eds/bin/gnu/h-i686-mingw32/bin/../lib/gcc/nios2-elf/4.1.2/../../../../nios2-elf/lib/mno-hw-mul\libc.a(lib_a-__call_atexit.o)
 .bss           0x00817d24        0x0 c:/software/altera/10.1/nios2eds/bin/gnu/h-i686-mingw32/bin/../lib/gcc/nios2-elf/4.1.2/../../../../nios2-elf/lib/mno-hw-mul\libc.a(lib_a-dtoa.o)
 .bss           0x00817d24        0x0 c:/software/altera/10.1/nios2eds/bin/gnu/h-i686-mingw32/bin/../lib/gcc/nios2-elf/4.1.2/../../../../nios2-elf/lib/mno-hw-mul\libc.a(lib_a-fflush.o)
 .bss           0x00817d24        0x0 c:/software/altera/10.1/nios2eds/bin/gnu/h-i686-mingw32/bin/../lib/gcc/nios2-elf/4.1.2/../../../../nios2-elf/lib/mno-hw-mul\libc.a(lib_a-findfp.o)
 .bss           0x00817d24        0x0 c:/software/altera/10.1/nios2eds/bin/gnu/h-i686-mingw32/bin/../lib/gcc/nios2-elf/4.1.2/../../../../nios2-elf/lib/mno-hw-mul\libc.a(lib_a-freer.o)
 .bss           0x00817d24        0x0 c:/software/altera/10.1/nios2eds/bin/gnu/h-i686-mingw32/bin/../lib/gcc/nios2-elf/4.1.2/../../../../nios2-elf/lib/mno-hw-mul\libc.a(lib_a-fvwrite.o)
 .bss           0x00817d24        0x0 c:/software/altera/10.1/nios2eds/bin/gnu/h-i686-mingw32/bin/../lib/gcc/nios2-elf/4.1.2/../../../../nios2-elf/lib/mno-hw-mul\libc.a(lib_a-fwalk.o)
 .bss           0x00817d24        0x0 c:/software/altera/10.1/nios2eds/bin/gnu/h-i686-mingw32/bin/../lib/gcc/nios2-elf/4.1.2/../../../../nios2-elf/lib/mno-hw-mul\libc.a(lib_a-int_errno.o)
 .bss           0x00817d24        0x0 c:/software/altera/10.1/nios2eds/bin/gnu/h-i686-mingw32/bin/../lib/gcc/nios2-elf/4.1.2/../../../../nios2-elf/lib/mno-hw-mul\libc.a(lib_a-locale.o)
 .bss           0x00817d24        0x0 c:/software/altera/10.1/nios2eds/bin/gnu/h-i686-mingw32/bin/../lib/gcc/nios2-elf/4.1.2/../../../../nios2-elf/lib/mno-hw-mul\libc.a(lib_a-makebuf.o)
 .bss           0x00817d24        0x0 c:/software/altera/10.1/nios2eds/bin/gnu/h-i686-mingw32/bin/../lib/gcc/nios2-elf/4.1.2/../../../../nios2-elf/lib/mno-hw-mul\libc.a(lib_a-memchr.o)
 .bss           0x00817d24        0x0 c:/software/altera/10.1/nios2eds/bin/gnu/h-i686-mingw32/bin/../lib/gcc/nios2-elf/4.1.2/../../../../nios2-elf/lib/mno-hw-mul\libc.a(lib_a-memcpy.o)
 .bss           0x00817d24        0x0 c:/software/altera/10.1/nios2eds/bin/gnu/h-i686-mingw32/bin/../lib/gcc/nios2-elf/4.1.2/../../../../nios2-elf/lib/mno-hw-mul\libc.a(lib_a-memmove.o)
 .bss           0x00817d24        0x0 c:/software/altera/10.1/nios2eds/bin/gnu/h-i686-mingw32/bin/../lib/gcc/nios2-elf/4.1.2/../../../../nios2-elf/lib/mno-hw-mul\libc.a(lib_a-mprec.o)
 .bss           0x00817d24        0x0 c:/software/altera/10.1/nios2eds/bin/gnu/h-i686-mingw32/bin/../lib/gcc/nios2-elf/4.1.2/../../../../nios2-elf/lib/mno-hw-mul\libc.a(lib_a-putc.o)
 .bss           0x00817d24        0x0 c:/software/altera/10.1/nios2eds/bin/gnu/h-i686-mingw32/bin/../lib/gcc/nios2-elf/4.1.2/../../../../nios2-elf/lib/mno-hw-mul\libc.a(lib_a-reallocr.o)
 .bss           0x00817d24        0x0 c:/software/altera/10.1/nios2eds/bin/gnu/h-i686-mingw32/bin/../lib/gcc/nios2-elf/4.1.2/../../../../nios2-elf/lib/mno-hw-mul\libc.a(lib_a-refill.o)
 .bss           0x00817d24        0x0 c:/software/altera/10.1/nios2eds/bin/gnu/h-i686-mingw32/bin/../lib/gcc/nios2-elf/4.1.2/../../../../nios2-elf/lib/mno-hw-mul\libc.a(lib_a-s_isinfd.o)
 .bss           0x00817d24        0x0 c:/software/altera/10.1/nios2eds/bin/gnu/h-i686-mingw32/bin/../lib/gcc/nios2-elf/4.1.2/../../../../nios2-elf/lib/mno-hw-mul\libc.a(lib_a-s_isnand.o)
 .bss           0x00817d24        0x0 c:/software/altera/10.1/nios2eds/bin/gnu/h-i686-mingw32/bin/../lib/gcc/nios2-elf/4.1.2/../../../../nios2-elf/lib/mno-hw-mul\libc.a(lib_a-stdio.o)
 .bss           0x00817d24        0x0 c:/software/altera/10.1/nios2eds/bin/gnu/h-i686-mingw32/bin/../lib/gcc/nios2-elf/4.1.2/../../../../nios2-elf/lib/mno-hw-mul\libc.a(lib_a-strcmp.o)
 .bss           0x00817d24        0x0 c:/software/altera/10.1/nios2eds/bin/gnu/h-i686-mingw32/bin/../lib/gcc/nios2-elf/4.1.2/../../../../nios2-elf/lib/mno-hw-mul\libc.a(lib_a-wbuf.o)
 .bss           0x00817d24        0x0 c:/software/altera/10.1/nios2eds/bin/gnu/h-i686-mingw32/bin/../lib/gcc/nios2-elf/4.1.2/../../../../nios2-elf/lib/mno-hw-mul\libc.a(lib_a-writer.o)
 .bss           0x00817d24        0x0 c:/software/altera/10.1/nios2eds/bin/gnu/h-i686-mingw32/bin/../lib/gcc/nios2-elf/4.1.2/../../../../nios2-elf/lib/mno-hw-mul\libc.a(lib_a-callocr.o)
 .bss           0x00817d24        0x0 c:/software/altera/10.1/nios2eds/bin/gnu/h-i686-mingw32/bin/../lib/gcc/nios2-elf/4.1.2/../../../../nios2-elf/lib/mno-hw-mul\libc.a(lib_a-closer.o)
 .bss           0x00817d24        0x0 c:/software/altera/10.1/nios2eds/bin/gnu/h-i686-mingw32/bin/../lib/gcc/nios2-elf/4.1.2/../../../../nios2-elf/lib/mno-hw-mul\libc.a(lib_a-fclose.o)
 .bss           0x00817d24        0x0 c:/software/altera/10.1/nios2eds/bin/gnu/h-i686-mingw32/bin/../lib/gcc/nios2-elf/4.1.2/../../../../nios2-elf/lib/mno-hw-mul\libc.a(lib_a-fstatr.o)
 .bss           0x00817d24        0x0 c:/software/altera/10.1/nios2eds/bin/gnu/h-i686-mingw32/bin/../lib/gcc/nios2-elf/4.1.2/../../../../nios2-elf/lib/mno-hw-mul\libc.a(lib_a-isattyr.o)
 .bss           0x00817d24        0x0 c:/software/altera/10.1/nios2eds/bin/gnu/h-i686-mingw32/bin/../lib/gcc/nios2-elf/4.1.2/../../../../nios2-elf/lib/mno-hw-mul\libc.a(lib_a-lseekr.o)
 .bss           0x00817d24        0x0 c:/software/altera/10.1/nios2eds/bin/gnu/h-i686-mingw32/bin/../lib/gcc/nios2-elf/4.1.2/../../../../nios2-elf/lib/mno-hw-mul\libc.a(lib_a-readr.o)
 .bss           0x00817d24        0x0 c:/software/altera/10.1/nios2eds/bin/gnu/h-i686-mingw32/bin/../lib/gcc/nios2-elf/4.1.2/mno-hw-mul\libgcc.a(_udivdi3.o)
 .bss           0x00817d24        0x0 c:/software/altera/10.1/nios2eds/bin/gnu/h-i686-mingw32/bin/../lib/gcc/nios2-elf/4.1.2/mno-hw-mul\libgcc.a(_umoddi3.o)
 .bss           0x00817d24        0x0 c:/software/altera/10.1/nios2eds/bin/gnu/h-i686-mingw32/bin/../lib/gcc/nios2-elf/4.1.2/mno-hw-mul\libgcc.a(_div_df.o)
 .bss           0x00817d24        0x0 c:/software/altera/10.1/nios2eds/bin/gnu/h-i686-mingw32/bin/../lib/gcc/nios2-elf/4.1.2/mno-hw-mul\libgcc.a(_eq_df.o)
 .bss           0x00817d24        0x0 c:/software/altera/10.1/nios2eds/bin/gnu/h-i686-mingw32/bin/../lib/gcc/nios2-elf/4.1.2/mno-hw-mul\libgcc.a(_ne_df.o)
 .bss           0x00817d24        0x0 c:/software/altera/10.1/nios2eds/bin/gnu/h-i686-mingw32/bin/../lib/gcc/nios2-elf/4.1.2/mno-hw-mul\libgcc.a(_ge_df.o)
 .bss           0x00817d24        0x0 c:/software/altera/10.1/nios2eds/bin/gnu/h-i686-mingw32/bin/../lib/gcc/nios2-elf/4.1.2/mno-hw-mul\libgcc.a(_lt_df.o)
 .bss           0x00817d24        0x0 c:/software/altera/10.1/nios2eds/bin/gnu/h-i686-mingw32/bin/../lib/gcc/nios2-elf/4.1.2/mno-hw-mul\libgcc.a(_si_to_df.o)
 .bss           0x00817d24        0x0 c:/software/altera/10.1/nios2eds/bin/gnu/h-i686-mingw32/bin/../lib/gcc/nios2-elf/4.1.2/mno-hw-mul\libgcc.a(lib2-divmod.o)
 .bss           0x00817d24        0x0 ../ECE423_Lab1_bsp\libhal_bsp.a(alt_close.o)
 .bss           0x00817d24        0x0 ../ECE423_Lab1_bsp\libhal_bsp.a(alt_dev.o)
 .bss           0x00817d24        0x0 ../ECE423_Lab1_bsp\libhal_bsp.a(alt_errno.o)
 .bss           0x00817d24        0x0 ../ECE423_Lab1_bsp\libhal_bsp.a(alt_exit.o)
 .bss           0x00817d24        0x0 ../ECE423_Lab1_bsp\libhal_bsp.a(alt_fstat.o)
 .bss           0x00817d24        0x0 ../ECE423_Lab1_bsp\libhal_bsp.a(alt_irq_register.o)
 .bss           0x00817d24        0x0 ../ECE423_Lab1_bsp\libhal_bsp.a(alt_irq_vars.o)
 .bss           0x00817d24        0x0 ../ECE423_Lab1_bsp\libhal_bsp.a(alt_isatty.o)
 .bss           0x00817d24        0x0 ../ECE423_Lab1_bsp\libhal_bsp.a(alt_load.o)
 .bss           0x00817d24        0x0 ../ECE423_Lab1_bsp\libhal_bsp.a(alt_lseek.o)
 .bss           0x00817d24        0x0 ../ECE423_Lab1_bsp\libhal_bsp.a(alt_main.o)
 .bss           0x00817d24        0x0 ../ECE423_Lab1_bsp\libhal_bsp.a(alt_malloc_lock.o)
 .bss           0x00817d24        0x0 ../ECE423_Lab1_bsp\libhal_bsp.a(alt_read.o)
 .bss           0x00817d24        0x0 ../ECE423_Lab1_bsp\libhal_bsp.a(alt_release_fd.o)
 .bss           0x00817d24        0x0 ../ECE423_Lab1_bsp\libhal_bsp.a(alt_sbrk.o)
 .bss           0x00817d24        0x0 ../ECE423_Lab1_bsp\libhal_bsp.a(alt_write.o)
 .bss           0x00817d24        0x0 ../ECE423_Lab1_bsp\libhal_bsp.a(alt_sys_init.o)
 .bss           0x00817d24        0x0 ../ECE423_Lab1_bsp\libhal_bsp.a(altera_avalon_jtag_uart_fd.o)
 .bss           0x00817d24        0x0 ../ECE423_Lab1_bsp\libhal_bsp.a(altera_avalon_jtag_uart_init.o)
 .bss           0x00817d24        0x0 ../ECE423_Lab1_bsp\libhal_bsp.a(altera_avalon_jtag_uart_ioctl.o)
 .bss           0x00817d24        0x0 ../ECE423_Lab1_bsp\libhal_bsp.a(altera_avalon_jtag_uart_read.o)
 .bss           0x00817d24        0x0 ../ECE423_Lab1_bsp\libhal_bsp.a(altera_avalon_jtag_uart_write.o)
 .bss           0x00817d24        0x0 ../ECE423_Lab1_bsp\libhal_bsp.a(altera_avalon_timer_ts.o)
 .bss           0x00817d24        0x0 ../ECE423_Lab1_bsp\libhal_bsp.a(altera_avalon_timer_vars.o)
 .bss           0x00817d24        0x0 ../ECE423_Lab1_bsp\libhal_bsp.a(altera_up_avalon_video_pixel_buffer_dma.o)
 .bss           0x00817d24        0x0 ../ECE423_Lab1_bsp\libhal_bsp.a(altera_up_sd_card_avalon_interface.o)
 .bss           0x00817d24        0x0 ../ECE423_Lab1_bsp\libhal_bsp.a(alt_alarm_start.o)
 .bss           0x00817d24        0x0 ../ECE423_Lab1_bsp\libhal_bsp.a(alt_dcache_flush_all.o)
 .bss           0x00817d24        0x0 ../ECE423_Lab1_bsp\libhal_bsp.a(alt_dev_llist_insert.o)
 .bss           0x00817d24        0x0 ../ECE423_Lab1_bsp\libhal_bsp.a(alt_do_ctors.o)
 .bss           0x00817d24        0x0 ../ECE423_Lab1_bsp\libhal_bsp.a(alt_do_dtors.o)
 .bss           0x00817d24        0x0 ../ECE423_Lab1_bsp\libhal_bsp.a(alt_find_dev.o)
 .bss           0x00817d24        0x0 ../ECE423_Lab1_bsp\libhal_bsp.a(alt_icache_flush_all.o)
 .bss           0x00817d24        0x0 ../ECE423_Lab1_bsp\libhal_bsp.a(alt_iic.o)
 .bss           0x00817d24        0x0 ../ECE423_Lab1_bsp\libhal_bsp.a(alt_iic_isr_register.o)
 .bss           0x00817d24        0x0 ../ECE423_Lab1_bsp\libhal_bsp.a(alt_io_redirect.o)
 .bss           0x00817d24        0x0 ../ECE423_Lab1_bsp\libhal_bsp.a(alt_irq_entry.o)
 .bss           0x00817d24        0x0 ../ECE423_Lab1_bsp\libhal_bsp.a(alt_irq_handler.o)
 .bss           0x00817d24        0x0 ../ECE423_Lab1_bsp\libhal_bsp.a(alt_open.o)
 .bss           0x00817d24        0x0 ../ECE423_Lab1_bsp\libhal_bsp.a(alt_tick.o)
 .bss           0x00817d24        0x0 ../ECE423_Lab1_bsp\libhal_bsp.a(altera_nios2_irq.o)
 .bss           0x00817d24        0x0 ../ECE423_Lab1_bsp\libhal_bsp.a(alt_exception_entry.o)
 .bss           0x00817d24        0x0 ../ECE423_Lab1_bsp\libhal_bsp.a(alt_find_file.o)
 .bss           0x00817d24        0x0 ../ECE423_Lab1_bsp\libhal_bsp.a(alt_get_fd.o)
 .bss           0x00817d24        0x0 ../ECE423_Lab1_bsp\libhal_bsp.a(alt_icache_flush.o)
 .bss           0x00817d24        0x0 c:/software/altera/10.1/nios2eds/bin/gnu/h-i686-mingw32/bin/../lib/gcc/nios2-elf/4.1.2/../../../../nios2-elf/lib/mno-hw-mul\libc.a(lib_a-atexit.o)
 .bss           0x00817d24        0x0 c:/software/altera/10.1/nios2eds/bin/gnu/h-i686-mingw32/bin/../lib/gcc/nios2-elf/4.1.2/../../../../nios2-elf/lib/mno-hw-mul\libc.a(lib_a-memcmp.o)
 .bss           0x00817d24        0x0 c:/software/altera/10.1/nios2eds/bin/gnu/h-i686-mingw32/bin/../lib/gcc/nios2-elf/4.1.2/../../../../nios2-elf/lib/mno-hw-mul\libc.a(lib_a-__atexit.o)
 *(COMMON)
 COMMON         0x00817d24      0x568 ../ECE423_Lab1_bsp\libhal_bsp.a(altera_up_sd_card_avalon_interface.o)
                0x00817d24                search_data
                0x00817d38                boot_sector_data
                0x00817d8c                active_files
 COMMON         0x0081828c      0x100 ../ECE423_Lab1_bsp\libhal_bsp.a(alt_irq_handler.o)
                0x0081828c                alt_irq
 COMMON         0x0081838c      0x190 c:/software/altera/10.1/nios2eds/bin/gnu/h-i686-mingw32/bin/../lib/gcc/nios2-elf/4.1.2/../../../../nios2-elf/lib/mno-hw-mul\libc.a(lib_a-atexit.o)
                0x0081838c                _atexit0
                0x0081851c                . = ALIGN (0x4)
                0x0081851c                __bss_end = ABSOLUTE (.)

.sdram_0        0x0081851c        0x0
                0x0081851c                PROVIDE (_alt_partition_sdram_0_start, ABSOLUTE (.))
 *(.sdram_0. sdram_0.*)
                0x0081851c                . = ALIGN (0x4)
                0x0081851c                PROVIDE (_alt_partition_sdram_0_end, ABSOLUTE (.))
                0x0081851c                _end = ABSOLUTE (.)
                0x0081851c                end = ABSOLUTE (.)
                0x0081851c                __alt_stack_base = ABSOLUTE (.)
                0x0081851c                PROVIDE (_alt_partition_sdram_0_load_addr, LOADADDR (.sdram_0))

.stab
 *(.stab)

.stabstr
 *(.stabstr)

.stab.excl
 *(.stab.excl)

.stab.exclstr
 *(.stab.exclstr)

.stab.index
 *(.stab.index)

.stab.indexstr
 *(.stab.indexstr)

.comment        0x00000000       0x23
 *(.comment)
 .comment       0x00000000       0x23 obj/common/tables.o
                                 0x24 (size before relaxing)
 .comment       0x00000000       0x24 obj/common/util.o
 .comment       0x00000000       0x24 obj/decoder/idct.o
 .comment       0x00000000       0x24 obj/decoder/lossless_decode.o
 .comment       0x00000000       0x24 obj/decoder/mjpeg423_decoder.o
 .comment       0x00000000       0x24 obj/decoder/ycbcr_to_rgb.o
 .comment       0x00000000       0x24 obj/main_code.o
 .comment       0x00000000       0x24 obj/sd_card.o
 .comment       0x00000000       0x24 c:/software/altera/10.1/nios2eds/bin/gnu/h-i686-mingw32/bin/../lib/gcc/nios2-elf/4.1.2/../../../../nios2-elf/lib/mno-hw-mul\libm.a(lib_a-s_ceil.o)
 .comment       0x00000000       0x24 c:/software/altera/10.1/nios2eds/bin/gnu/h-i686-mingw32/bin/../lib/gcc/nios2-elf/4.1.2/mno-hw-mul\libgcc.a(_addsub_df.o)
 .comment       0x00000000       0x24 c:/software/altera/10.1/nios2eds/bin/gnu/h-i686-mingw32/bin/../lib/gcc/nios2-elf/4.1.2/mno-hw-mul\libgcc.a(_mul_df.o)
 .comment       0x00000000       0x24 c:/software/altera/10.1/nios2eds/bin/gnu/h-i686-mingw32/bin/../lib/gcc/nios2-elf/4.1.2/mno-hw-mul\libgcc.a(_gt_df.o)
 .comment       0x00000000       0x24 c:/software/altera/10.1/nios2eds/bin/gnu/h-i686-mingw32/bin/../lib/gcc/nios2-elf/4.1.2/mno-hw-mul\libgcc.a(_df_to_si.o)
 .comment       0x00000000       0x24 c:/software/altera/10.1/nios2eds/bin/gnu/h-i686-mingw32/bin/../lib/gcc/nios2-elf/4.1.2/mno-hw-mul\libgcc.a(_thenan_df.o)
 .comment       0x00000000       0x24 c:/software/altera/10.1/nios2eds/bin/gnu/h-i686-mingw32/bin/../lib/gcc/nios2-elf/4.1.2/mno-hw-mul\libgcc.a(_usi_to_df.o)
 .comment       0x00000000       0x24 c:/software/altera/10.1/nios2eds/bin/gnu/h-i686-mingw32/bin/../lib/gcc/nios2-elf/4.1.2/mno-hw-mul\libgcc.a(lib2-mul.o)
 .comment       0x00000000       0x24 c:/software/altera/10.1/nios2eds/bin/gnu/h-i686-mingw32/bin/../lib/gcc/nios2-elf/4.1.2/mno-hw-mul\libgcc.a(_muldi3.o)
 .comment       0x00000000       0x24 c:/software/altera/10.1/nios2eds/bin/gnu/h-i686-mingw32/bin/../lib/gcc/nios2-elf/4.1.2/mno-hw-mul\libgcc.a(_clzsi2.o)
 .comment       0x00000000       0x24 c:/software/altera/10.1/nios2eds/bin/gnu/h-i686-mingw32/bin/../lib/gcc/nios2-elf/4.1.2/mno-hw-mul\libgcc.a(_pack_df.o)
 .comment       0x00000000       0x24 c:/software/altera/10.1/nios2eds/bin/gnu/h-i686-mingw32/bin/../lib/gcc/nios2-elf/4.1.2/mno-hw-mul\libgcc.a(_unpack_df.o)
 .comment       0x00000000       0x24 c:/software/altera/10.1/nios2eds/bin/gnu/h-i686-mingw32/bin/../lib/gcc/nios2-elf/4.1.2/mno-hw-mul\libgcc.a(_fpcmp_parts_df.o)
 .comment       0x00000000       0x24 c:/software/altera/10.1/nios2eds/bin/gnu/h-i686-mingw32/bin/../lib/gcc/nios2-elf/4.1.2/mno-hw-mul\libgcc.a(_clz.o)
 .comment       0x00000000       0x24 c:/software/altera/10.1/nios2eds/bin/gnu/h-i686-mingw32/bin/../lib/gcc/nios2-elf/4.1.2/../../../../nios2-elf/lib/mno-hw-mul\libc.a(lib_a-exit.o)
 .comment       0x00000000       0x24 c:/software/altera/10.1/nios2eds/bin/gnu/h-i686-mingw32/bin/../lib/gcc/nios2-elf/4.1.2/../../../../nios2-elf/lib/mno-hw-mul\libc.a(lib_a-getc.o)
 .comment       0x00000000       0x24 c:/software/altera/10.1/nios2eds/bin/gnu/h-i686-mingw32/bin/../lib/gcc/nios2-elf/4.1.2/../../../../nios2-elf/lib/mno-hw-mul\libc.a(lib_a-impure.o)
 .comment       0x00000000       0x24 c:/software/altera/10.1/nios2eds/bin/gnu/h-i686-mingw32/bin/../lib/gcc/nios2-elf/4.1.2/../../../../nios2-elf/lib/mno-hw-mul\libc.a(lib_a-malloc.o)
 .comment       0x00000000       0x24 c:/software/altera/10.1/nios2eds/bin/gnu/h-i686-mingw32/bin/../lib/gcc/nios2-elf/4.1.2/../../../../nios2-elf/lib/mno-hw-mul\libc.a(lib_a-mallocr.o)
 .comment       0x00000000       0x24 c:/software/altera/10.1/nios2eds/bin/gnu/h-i686-mingw32/bin/../lib/gcc/nios2-elf/4.1.2/../../../../nios2-elf/lib/mno-hw-mul\libc.a(lib_a-memset.o)
 .comment       0x00000000       0x24 c:/software/altera/10.1/nios2eds/bin/gnu/h-i686-mingw32/bin/../lib/gcc/nios2-elf/4.1.2/../../../../nios2-elf/lib/mno-hw-mul\libc.a(lib_a-printf.o)
 .comment       0x00000000       0x24 c:/software/altera/10.1/nios2eds/bin/gnu/h-i686-mingw32/bin/../lib/gcc/nios2-elf/4.1.2/../../../../nios2-elf/lib/mno-hw-mul\libc.a(lib_a-putchar.o)
 .comment       0x00000000       0x24 c:/software/altera/10.1/nios2eds/bin/gnu/h-i686-mingw32/bin/../lib/gcc/nios2-elf/4.1.2/../../../../nios2-elf/lib/mno-hw-mul\libc.a(lib_a-puts.o)
 .comment       0x00000000       0x24 c:/software/altera/10.1/nios2eds/bin/gnu/h-i686-mingw32/bin/../lib/gcc/nios2-elf/4.1.2/../../../../nios2-elf/lib/mno-hw-mul\libc.a(lib_a-rget.o)
 .comment       0x00000000       0x24 c:/software/altera/10.1/nios2eds/bin/gnu/h-i686-mingw32/bin/../lib/gcc/nios2-elf/4.1.2/../../../../nios2-elf/lib/mno-hw-mul\libc.a(lib_a-sbrkr.o)
 .comment       0x00000000       0x24 c:/software/altera/10.1/nios2eds/bin/gnu/h-i686-mingw32/bin/../lib/gcc/nios2-elf/4.1.2/../../../../nios2-elf/lib/mno-hw-mul\libc.a(lib_a-strlen.o)
 .comment       0x00000000       0x24 c:/software/altera/10.1/nios2eds/bin/gnu/h-i686-mingw32/bin/../lib/gcc/nios2-elf/4.1.2/../../../../nios2-elf/lib/mno-hw-mul\libc.a(lib_a-vfprintf.o)
 .comment       0x00000000       0x24 c:/software/altera/10.1/nios2eds/bin/gnu/h-i686-mingw32/bin/../lib/gcc/nios2-elf/4.1.2/../../../../nios2-elf/lib/mno-hw-mul\libc.a(lib_a-wsetup.o)
 .comment       0x00000000       0x24 c:/software/altera/10.1/nios2eds/bin/gnu/h-i686-mingw32/bin/../lib/gcc/nios2-elf/4.1.2/../../../../nios2-elf/lib/mno-hw-mul\libc.a(lib_a-__call_atexit.o)
 .comment       0x00000000       0x24 c:/software/altera/10.1/nios2eds/bin/gnu/h-i686-mingw32/bin/../lib/gcc/nios2-elf/4.1.2/../../../../nios2-elf/lib/mno-hw-mul\libc.a(lib_a-dtoa.o)
 .comment       0x00000000       0x24 c:/software/altera/10.1/nios2eds/bin/gnu/h-i686-mingw32/bin/../lib/gcc/nios2-elf/4.1.2/../../../../nios2-elf/lib/mno-hw-mul\libc.a(lib_a-fflush.o)
 .comment       0x00000000       0x24 c:/software/altera/10.1/nios2eds/bin/gnu/h-i686-mingw32/bin/../lib/gcc/nios2-elf/4.1.2/../../../../nios2-elf/lib/mno-hw-mul\libc.a(lib_a-findfp.o)
 .comment       0x00000000       0x24 c:/software/altera/10.1/nios2eds/bin/gnu/h-i686-mingw32/bin/../lib/gcc/nios2-elf/4.1.2/../../../../nios2-elf/lib/mno-hw-mul\libc.a(lib_a-freer.o)
 .comment       0x00000000       0x24 c:/software/altera/10.1/nios2eds/bin/gnu/h-i686-mingw32/bin/../lib/gcc/nios2-elf/4.1.2/../../../../nios2-elf/lib/mno-hw-mul\libc.a(lib_a-fvwrite.o)
 .comment       0x00000000       0x24 c:/software/altera/10.1/nios2eds/bin/gnu/h-i686-mingw32/bin/../lib/gcc/nios2-elf/4.1.2/../../../../nios2-elf/lib/mno-hw-mul\libc.a(lib_a-fwalk.o)
 .comment       0x00000000       0x24 c:/software/altera/10.1/nios2eds/bin/gnu/h-i686-mingw32/bin/../lib/gcc/nios2-elf/4.1.2/../../../../nios2-elf/lib/mno-hw-mul\libc.a(lib_a-int_errno.o)
 .comment       0x00000000       0x24 c:/software/altera/10.1/nios2eds/bin/gnu/h-i686-mingw32/bin/../lib/gcc/nios2-elf/4.1.2/../../../../nios2-elf/lib/mno-hw-mul\libc.a(lib_a-locale.o)
 .comment       0x00000000       0x24 c:/software/altera/10.1/nios2eds/bin/gnu/h-i686-mingw32/bin/../lib/gcc/nios2-elf/4.1.2/../../../../nios2-elf/lib/mno-hw-mul\libc.a(lib_a-makebuf.o)
 .comment       0x00000000       0x24 c:/software/altera/10.1/nios2eds/bin/gnu/h-i686-mingw32/bin/../lib/gcc/nios2-elf/4.1.2/../../../../nios2-elf/lib/mno-hw-mul\libc.a(lib_a-memchr.o)
 .comment       0x00000000       0x24 c:/software/altera/10.1/nios2eds/bin/gnu/h-i686-mingw32/bin/../lib/gcc/nios2-elf/4.1.2/../../../../nios2-elf/lib/mno-hw-mul\libc.a(lib_a-memcpy.o)
 .comment       0x00000000       0x24 c:/software/altera/10.1/nios2eds/bin/gnu/h-i686-mingw32/bin/../lib/gcc/nios2-elf/4.1.2/../../../../nios2-elf/lib/mno-hw-mul\libc.a(lib_a-memmove.o)
 .comment       0x00000000       0x24 c:/software/altera/10.1/nios2eds/bin/gnu/h-i686-mingw32/bin/../lib/gcc/nios2-elf/4.1.2/../../../../nios2-elf/lib/mno-hw-mul\libc.a(lib_a-mprec.o)
 .comment       0x00000000       0x24 c:/software/altera/10.1/nios2eds/bin/gnu/h-i686-mingw32/bin/../lib/gcc/nios2-elf/4.1.2/../../../../nios2-elf/lib/mno-hw-mul\libc.a(lib_a-putc.o)
 .comment       0x00000000       0x24 c:/software/altera/10.1/nios2eds/bin/gnu/h-i686-mingw32/bin/../lib/gcc/nios2-elf/4.1.2/../../../../nios2-elf/lib/mno-hw-mul\libc.a(lib_a-reallocr.o)
 .comment       0x00000000       0x24 c:/software/altera/10.1/nios2eds/bin/gnu/h-i686-mingw32/bin/../lib/gcc/nios2-elf/4.1.2/../../../../nios2-elf/lib/mno-hw-mul\libc.a(lib_a-refill.o)
 .comment       0x00000000       0x24 c:/software/altera/10.1/nios2eds/bin/gnu/h-i686-mingw32/bin/../lib/gcc/nios2-elf/4.1.2/../../../../nios2-elf/lib/mno-hw-mul\libc.a(lib_a-s_isinfd.o)
 .comment       0x00000000       0x24 c:/software/altera/10.1/nios2eds/bin/gnu/h-i686-mingw32/bin/../lib/gcc/nios2-elf/4.1.2/../../../../nios2-elf/lib/mno-hw-mul\libc.a(lib_a-s_isnand.o)
 .comment       0x00000000       0x24 c:/software/altera/10.1/nios2eds/bin/gnu/h-i686-mingw32/bin/../lib/gcc/nios2-elf/4.1.2/../../../../nios2-elf/lib/mno-hw-mul\libc.a(lib_a-stdio.o)
 .comment       0x00000000       0x24 c:/software/altera/10.1/nios2eds/bin/gnu/h-i686-mingw32/bin/../lib/gcc/nios2-elf/4.1.2/../../../../nios2-elf/lib/mno-hw-mul\libc.a(lib_a-strcmp.o)