Archive member included because of file (symbol)

c:/software/altera/10.1/nios2eds/bin/gnu/h-i686-mingw32/bin/../lib/gcc/nios2-elf/4.1.2/../../../../nios2-elf/lib\libm.a(lib_a-s_ceil.o)
                              obj/decoder/mjpeg423_decoder.o (ceil)
c:/software/altera/10.1/nios2eds/bin/gnu/h-i686-mingw32/bin/../lib/gcc/nios2-elf/4.1.2\libgcc.a(_addsub_df.o)
                              c:/software/altera/10.1/nios2eds/bin/gnu/h-i686-mingw32/bin/../lib/gcc/nios2-elf/4.1.2/../../../../nios2-elf/lib\libm.a(lib_a-s_ceil.o) (__adddf3)
c:/software/altera/10.1/nios2eds/bin/gnu/h-i686-mingw32/bin/../lib/gcc/nios2-elf/4.1.2\libgcc.a(_mul_df.o)
                              obj/decoder/mjpeg423_decoder.o (__muldf3)
c:/software/altera/10.1/nios2eds/bin/gnu/h-i686-mingw32/bin/../lib/gcc/nios2-elf/4.1.2\libgcc.a(_gt_df.o)
                              c:/software/altera/10.1/nios2eds/bin/gnu/h-i686-mingw32/bin/../lib/gcc/nios2-elf/4.1.2/../../../../nios2-elf/lib\libm.a(lib_a-s_ceil.o) (__gtdf2)
c:/software/altera/10.1/nios2eds/bin/gnu/h-i686-mingw32/bin/../lib/gcc/nios2-elf/4.1.2\libgcc.a(_df_to_si.o)
                              obj/decoder/mjpeg423_decoder.o (__fixdfsi)
c:/software/altera/10.1/nios2eds/bin/gnu/h-i686-mingw32/bin/../lib/gcc/nios2-elf/4.1.2\libgcc.a(_thenan_df.o)
                              c:/software/altera/10.1/nios2eds/bin/gnu/h-i686-mingw32/bin/../lib/gcc/nios2-elf/4.1.2\libgcc.a(_addsub_df.o) (__thenan_df)
c:/software/altera/10.1/nios2eds/bin/gnu/h-i686-mingw32/bin/../lib/gcc/nios2-elf/4.1.2\libgcc.a(_usi_to_df.o)
                              obj/decoder/mjpeg423_decoder.o (__floatunsidf)
c:/software/altera/10.1/nios2eds/bin/gnu/h-i686-mingw32/bin/../lib/gcc/nios2-elf/4.1.2\libgcc.a(_muldi3.o)
                              c:/software/altera/10.1/nios2eds/bin/gnu/h-i686-mingw32/bin/../lib/gcc/nios2-elf/4.1.2\libgcc.a(_mul_df.o) (__muldi3)
c:/software/altera/10.1/nios2eds/bin/gnu/h-i686-mingw32/bin/../lib/gcc/nios2-elf/4.1.2\libgcc.a(_clzsi2.o)
                              c:/software/altera/10.1/nios2eds/bin/gnu/h-i686-mingw32/bin/../lib/gcc/nios2-elf/4.1.2\libgcc.a(_usi_to_df.o) (__clzsi2)
c:/software/altera/10.1/nios2eds/bin/gnu/h-i686-mingw32/bin/../lib/gcc/nios2-elf/4.1.2\libgcc.a(_pack_df.o)
                              c:/software/altera/10.1/nios2eds/bin/gnu/h-i686-mingw32/bin/../lib/gcc/nios2-elf/4.1.2\libgcc.a(_addsub_df.o) (__pack_d)
c:/software/altera/10.1/nios2eds/bin/gnu/h-i686-mingw32/bin/../lib/gcc/nios2-elf/4.1.2\libgcc.a(_unpack_df.o)
                              c:/software/altera/10.1/nios2eds/bin/gnu/h-i686-mingw32/bin/../lib/gcc/nios2-elf/4.1.2\libgcc.a(_addsub_df.o) (__unpack_d)
c:/software/altera/10.1/nios2eds/bin/gnu/h-i686-mingw32/bin/../lib/gcc/nios2-elf/4.1.2\libgcc.a(_fpcmp_parts_df.o)
                              c:/software/altera/10.1/nios2eds/bin/gnu/h-i686-mingw32/bin/../lib/gcc/nios2-elf/4.1.2\libgcc.a(_gt_df.o) (__fpcmp_parts_d)
c:/software/altera/10.1/nios2eds/bin/gnu/h-i686-mingw32/bin/../lib/gcc/nios2-elf/4.1.2\libgcc.a(_clz.o)
                              c:/software/altera/10.1/nios2eds/bin/gnu/h-i686-mingw32/bin/../lib/gcc/nios2-elf/4.1.2\libgcc.a(_clzsi2.o) (__clz_tab)
c:/software/altera/10.1/nios2eds/bin/gnu/h-i686-mingw32/bin/../lib/gcc/nios2-elf/4.1.2/../../../../nios2-elf/lib\libc.a(lib_a-exit.o)
                              obj/common/util.o (exit)
c:/software/altera/10.1/nios2eds/bin/gnu/h-i686-mingw32/bin/../lib/gcc/nios2-elf/4.1.2/../../../../nios2-elf/lib\libc.a(lib_a-getc.o)
                              obj/main_code.o (getc)
c:/software/altera/10.1/nios2eds/bin/gnu/h-i686-mingw32/bin/../lib/gcc/nios2-elf/4.1.2/../../../../nios2-elf/lib\libc.a(lib_a-impure.o)
                              c:/software/altera/10.1/nios2eds/bin/gnu/h-i686-mingw32/bin/../lib/gcc/nios2-elf/4.1.2/../../../../nios2-elf/lib\libc.a(lib_a-getc.o) (_impure_ptr)
c:/software/altera/10.1/nios2eds/bin/gnu/h-i686-mingw32/bin/../lib/gcc/nios2-elf/4.1.2/../../../../nios2-elf/lib\libc.a(lib_a-malloc.o)
                              obj/decoder/mjpeg423_decoder.o (free)
c:/software/altera/10.1/nios2eds/bin/gnu/h-i686-mingw32/bin/../lib/gcc/nios2-elf/4.1.2/../../../../nios2-elf/lib\libc.a(lib_a-mallocr.o)
                              c:/software/altera/10.1/nios2eds/bin/gnu/h-i686-mingw32/bin/../lib/gcc/nios2-elf/4.1.2/../../../../nios2-elf/lib\libc.a(lib_a-malloc.o) (_malloc_r)
c:/software/altera/10.1/nios2eds/bin/gnu/h-i686-mingw32/bin/../lib/gcc/nios2-elf/4.1.2/../../../../nios2-elf/lib\libc.a(lib_a-memcpy.o)
                              obj/decoder/mjpeg423_decoder.o (memcpy)
c:/software/altera/10.1/nios2eds/bin/gnu/h-i686-mingw32/bin/../lib/gcc/nios2-elf/4.1.2/../../../../nios2-elf/lib\libc.a(lib_a-printf.o)
                              obj/common/util.o (printf)
c:/software/altera/10.1/nios2eds/bin/gnu/h-i686-mingw32/bin/../lib/gcc/nios2-elf/4.1.2/../../../../nios2-elf/lib\libc.a(lib_a-putchar.o)
[...]
Memory Configuration

Name             Origin             Length             Attributes
reset            0x00800000         0x00000020
sdram_0          0x00800020         0x007fffe0
*default*        0x00000000         0xffffffff

Linker script and memory map

LOAD ../ECE423_Lab1_bsp/obj/HAL/src/crt0.o
LOAD obj/common/tables.o
LOAD obj/common/util.o
LOAD obj/decoder/idct.o
LOAD obj/decoder/lossless_decode.o
LOAD obj/decoder/mjpeg423_decoder.o
LOAD obj/decoder/ycbcr_to_rgb.o
LOAD obj/main_code.o
LOAD obj/sd_card.o
LOAD c:/software/altera/10.1/nios2eds/bin/gnu/h-i686-mingw32/bin/../lib/gcc/nios2-elf/4.1.2/../../../../nios2-elf/lib\libstdc++.a
LOAD c:/software/altera/10.1/nios2eds/bin/gnu/h-i686-mingw32/bin/../lib/gcc/nios2-elf/4.1.2/../../../../nios2-elf/lib\libm.a
LOAD c:/software/altera/10.1/nios2eds/bin/gnu/h-i686-mingw32/bin/../lib/gcc/nios2-elf/4.1.2\libgcc.a
START GROUP
LOAD c:/software/altera/10.1/nios2eds/bin/gnu/h-i686-mingw32/bin/../lib/gcc/nios2-elf/4.1.2/../../../../nios2-elf/lib\libc.a
LOAD c:/software/altera/10.1/nios2eds/bin/gnu/h-i686-mingw32/bin/../lib/gcc/nios2-elf/4.1.2\libgcc.a
LOAD ../ECE423_Lab1_bsp\libhal_bsp.a
END GROUP
LOAD c:/software/altera/10.1/nios2eds/bin/gnu/h-i686-mingw32/bin/../lib/gcc/nios2-elf/4.1.2\libgcc.a
                0x00800000                __alt_mem_sdram_0 = 0x800000

.entry          0x00800000       0x20
 *(.entry)
 .entry         0x00800000       0x20 ../ECE423_Lab1_bsp/obj/HAL/src/crt0.o
                0x00800000                __reset

.exceptions     0x00800020      0x164
                0x00800020                PROVIDE (__ram_exceptions_start, ABSOLUTE (.))
                0x00800020                . = ALIGN (0x20)
 *(.irq)
 *(.exceptions.entry.label)
 .exceptions.entry.label
                0x00800020        0x0 ../ECE423_Lab1_bsp\libhal_bsp.a(alt_irq_entry.o)
                0x00800020                alt_irq_entry
 .exceptions.entry.label
                0x00800020        0x0 ../ECE423_Lab1_bsp\libhal_bsp.a(alt_exception_entry.o)
                0x00800020                alt_exception
 *(.exceptions.entry.user)
 *(.exceptions.entry)
 .exceptions.entry
                0x00800020       0x54 ../ECE423_Lab1_bsp\libhal_bsp.a(alt_exception_entry.o)
 *(.exceptions.irqtest.user)
 *(.exceptions.irqtest)
 .exceptions.irqtest
                0x00800074       0x10 ../ECE423_Lab1_bsp\libhal_bsp.a(alt_irq_entry.o)
 *(.exceptions.irqhandler.user)
 *(.exceptions.irqhandler)
 .exceptions.irqhandler
                0x00800084        0x4 ../ECE423_Lab1_bsp\libhal_bsp.a(alt_irq_entry.o)
 *(.exceptions.irqreturn.user)
 *(.exceptions.irqreturn)
 .exceptions.irqreturn
                0x00800088        0x4 ../ECE423_Lab1_bsp\libhal_bsp.a(alt_irq_entry.o)
 *(.exceptions.notirq.label)
 .exceptions.notirq.label
                0x0080008c        0x0 ../ECE423_Lab1_bsp\libhal_bsp.a(alt_irq_entry.o)
 *(.exceptions.notirq.user)
 *(.exceptions.notirq)
 .exceptions.notirq
                0x0080008c        0x8 ../ECE423_Lab1_bsp\libhal_bsp.a(alt_exception_entry.o)
 *(.exceptions.soft.user)
 *(.exceptions.soft)
 *(.exceptions.unknown.user)
 *(.exceptions.unknown)
 .exceptions.unknown
                0x00800094        0x4 ../ECE423_Lab1_bsp\libhal_bsp.a(alt_exception_entry.o)
 *(.exceptions.exit.label)
 .exceptions.exit.label
                0x00800098        0x0 ../ECE423_Lab1_bsp\libhal_bsp.a(alt_irq_entry.o)
 .exceptions.exit.label
                0x00800098        0x0 ../ECE423_Lab1_bsp\libhal_bsp.a(alt_exception_entry.o)
 *(.exceptions.exit.user)
 *(.exceptions.exit)
 .exceptions.exit
                0x00800098       0x54 ../ECE423_Lab1_bsp\libhal_bsp.a(alt_exception_entry.o)
 *(.exceptions)
 .exceptions    0x008000ec       0x98 ../ECE423_Lab1_bsp\libhal_bsp.a(alt_irq_handler.o)
                0x008000ec                alt_irq_handler
                0x00800184                PROVIDE (__ram_exceptions_end, ABSOLUTE (.))
                0x00800020                PROVIDE (__flash_exceptions_start, LOADADDR (.exceptions))

.text           0x00800184    0x135c0
                0x00800184                PROVIDE (stext, ABSOLUTE (.))
 *(.interp)
 *(.hash)
 *(.dynsym)
 *(.dynstr)
 *(.gnu.version)
 *(.gnu.version_d)
 *(.gnu.version_r)
 *(.rel.init)
 *(.rela.init)
 *(.rel.text .rel.text.* .rel.gnu.linkonce.t.*)
 *(.rela.text .rela.text.* .rela.gnu.linkonce.t.*)
 *(.rel.fini)
 *(.rela.fini)
 *(.rel.rodata .rel.rodata.* .rel.gnu.linkonce.r.*)
 *(.rela.rodata .rela.rodata.* .rela.gnu.linkonce.r.*)
 *(.rel.data .rel.data.* .rel.gnu.linkonce.d.*)
 *(.rela.data .rela.data.* .rela.gnu.linkonce.d.*)
 *(.rel.tdata .rel.tdata.* .rel.gnu.linkonce.td.*)
 *(.rela.tdata .rela.tdata.* .rela.gnu.linkonce.td.*)
 *(.rel.tbss .rel.tbss.* .rel.gnu.linkonce.tb.*)
 *(.rela.tbss .rela.tbss.* .rela.gnu.linkonce.tb.*)
 *(.rel.ctors)
 *(.rela.ctors)
 *(.rel.dtors)
 *(.rela.dtors)
 *(.rel.got)
 *(.rela.got)
 *(.rel.sdata .rel.sdata.* .rel.gnu.linkonce.s.*)
 *(.rela.sdata .rela.sdata.* .rela.gnu.linkonce.s.*)
 *(.rel.sbss .rel.sbss.* .rel.gnu.linkonce.sb.*)
 *(.rela.sbss .rela.sbss.* .rela.gnu.linkonce.sb.*)
 *(.rel.sdata2 .rel.sdata2.* .rel.gnu.linkonce.s2.*)
 *(.rela.sdata2 .rela.sdata2.* .rela.gnu.linkonce.s2.*)
 *(.rel.sbss2 .rel.sbss2.* .rel.gnu.linkonce.sb2.*)
 *(.rela.sbss2 .rela.sbss2.* .rela.gnu.linkonce.sb2.*)
 *(.rel.bss .rel.bss.* .rel.gnu.linkonce.b.*)
 *(.rela.bss .rela.bss.* .rela.gnu.linkonce.b.*)
 *(.rel.plt)
 *(.rela.plt)
 *(.rel.dyn)
 *(.init)
 *(.plt)
 *(.text .stub .text.* .gnu.linkonce.t.*)
 .text          0x00800184       0x4c ../ECE423_Lab1_bsp/obj/HAL/src/crt0.o
                0x00800184                _start
 .text          0x008001d0        0x0 obj/common/tables.o
 .text          0x008001d0      0x2a8 obj/common/util.o
                0x008001d0                print_dct
                0x0080028c                print_block
                0x00800350                print_bitstream
                0x00800458                error_and_exit
 .text          0x00800478      0x404 obj/decoder/idct.o
                0x00800478                idct
 .text          0x0080087c      0x5f4 obj/decoder/lossless_decode.o
                0x0080087c                update_buffer
                0x00800938                input_DC
                0x008009ac                input_AC
                0x00800a28                lossless_decode
 .text          0x00800e70      0x6b4 obj/decoder/mjpeg423_decoder.o
                0x00800e70                mjpeg423_decode
 .text          0x00801524      0x5d4 obj/decoder/ycbcr_to_rgb.o
                0x00801524                ycbcr_to_rgb
 .text          0x00801af8      0x17c obj/main_code.o
                0x00801af8                main
                0x00801bf4                GetInputString
 .text          0x00801c74      0x414 obj/sd_card.o
                0x00801c74                sd_seek
                0x00801c8c                sd_card_file_size
                0x00801cb0                sd_card_wait_read_sector
                0x00801cdc                sd_card_start_read_sector
                0x00801d4c                sd_card_create_sectors_list
                0x00801f0c                sd_read
 .text          0x00802088      0x214 c:/software/altera/10.1/nios2eds/bin/gnu/h-i686-mingw32/bin/../lib/gcc/nios2-elf/4.1.2/../../../../nios2-elf/lib\libm.a(lib_a-s_ceil.o)
                0x00802088                ceil
 .text          0x0080229c      0x504 c:/software/altera/10.1/nios2eds/bin/gnu/h-i686-mingw32/bin/../lib/gcc/nios2-elf/4.1.2\libgcc.a(_addsub_df.o)
                0x008026ac                __subdf3
                0x0080272c                __adddf3
 .text          0x008027a0      0x3c4 c:/software/altera/10.1/nios2eds/bin/gnu/h-i686-mingw32/bin/../lib/gcc/nios2-elf/4.1.2\libgcc.a(_mul_df.o)
                0x008027a0                __muldf3
 .text          0x00802b64       0x88 c:/software/altera/10.1/nios2eds/bin/gnu/h-i686-mingw32/bin/../lib/gcc/nios2-elf/4.1.2\libgcc.a(_gt_df.o)
                0x00802b64                __gtdf2
 .text          0x00802bec       0xd8 c:/software/altera/10.1/nios2eds/bin/gnu/h-i686-mingw32/bin/../lib/gcc/nios2-elf/4.1.2\libgcc.a(_df_to_si.o)
                0x00802bec                __fixdfsi
 .text          0x00802cc4        0x0 c:/software/altera/10.1/nios2eds/bin/gnu/h-i686-mingw32/bin/../lib/gcc/nios2-elf/4.1.2\libgcc.a(_thenan_df.o)
 .text          0x00802cc4      0x194 c:/software/altera/10.1/nios2eds/bin/gnu/h-i686-mingw32/bin/../lib/gcc/nios2-elf/4.1.2\libgcc.a(_usi_to_df.o)
                0x00802cc4                __floatunsidf
 .text          0x00802e58       0x98 c:/software/altera/10.1/nios2eds/bin/gnu/h-i686-mingw32/bin/../lib/gcc/nios2-elf/4.1.2\libgcc.a(_muldi3.o)
                0x00802e58                __muldi3
 .text          0x00802ef0       0x80 c:/software/altera/10.1/nios2eds/bin/gnu/h-i686-mingw32/bin/../lib/gcc/nios2-elf/4.1.2\libgcc.a(_clzsi2.o)
                0x00802ef0                __clzsi2
 .text          0x00802f70      0x314 c:/software/altera/10.1/nios2eds/bin/gnu/h-i686-mingw32/bin/../lib/gcc/nios2-elf/4.1.2\libgcc.a(_pack_df.o)
                0x00802f70                __pack_d
 .text          0x00803284      0x138 c:/software/altera/10.1/nios2eds/bin/gnu/h-i686-mingw32/bin/../lib/gcc/nios2-elf/4.1.2\libgcc.a(_unpack_df.o)
                0x00803284                __unpack_d
 .text          0x008033bc       0xc8 c:/software/altera/10.1/nios2eds/bin/gnu/h-i686-mingw32/bin/../lib/gcc/nios2-elf/4.1.2\libgcc.a(_fpcmp_parts_df.o)
                0x008033bc                __fpcmp_parts_d
 .text          0x00803484        0x0 c:/software/altera/10.1/nios2eds/bin/gnu/h-i686-mingw32/bin/../lib/gcc/nios2-elf/4.1.2\libgcc.a(_clz.o)
 .text          0x00803484       0x38 c:/software/altera/10.1/nios2eds/bin/gnu/h-i686-mingw32/bin/../lib/gcc/nios2-elf/4.1.2/../../../../nios2-elf/lib\libc.a(lib_a-exit.o)
                0x00803484                exit
 .text          0x008034bc      0x128 c:/software/altera/10.1/nios2eds/bin/gnu/h-i686-mingw32/bin/../lib/gcc/nios2-elf/4.1.2/../../../../nios2-elf/lib\libc.a(lib_a-getc.o)
                0x008034bc                getc
                0x00803554                _getc_r
 .text          0x008035e4        0x0 c:/software/altera/10.1/nios2eds/bin/gnu/h-i686-mingw32/bin/../lib/gcc/nios2-elf/4.1.2/../../../../nios2-elf/lib\libc.a(lib_a-impure.o)
 .text          0x008035e4       0x28 c:/software/altera/10.1/nios2eds/bin/gnu/h-i686-mingw32/bin/../lib/gcc/nios2-elf/4.1.2/../../../../nios2-elf/lib\libc.a(lib_a-malloc.o)
                0x008035e4                free
                0x008035f8                malloc
 .text          0x0080360c      0x740 c:/software/altera/10.1/nios2eds/bin/gnu/h-i686-mingw32/bin/../lib/gcc/nios2-elf/4.1.2/../../../../nios2-elf/lib\libc.a(lib_a-mallocr.o)
                0x0080360c                _malloc_r
 .text          0x00803d4c       0xa0 c:/software/altera/10.1/nios2eds/bin/gnu/h-i686-mingw32/bin/../lib/gcc/nios2-elf/4.1.2/../../../../nios2-elf/lib\libc.a(lib_a-memcpy.o)
                0x00803d4c                memcpy
 .text          0x00803dec       0x78 c:/software/altera/10.1/nios2eds/bin/gnu/h-i686-mingw32/bin/../lib/gcc/nios2-elf/4.1.2/../../../../nios2-elf/lib\libc.a(lib_a-printf.o)
                0x00803dec                printf
                0x00803e30                _printf_r
 .text          0x00803e64       0x24 c:/software/altera/10.1/nios2eds/bin/gnu/h-i686-mingw32/bin/../lib/gcc/nios2-elf/4.1.2/../../../../nios2-elf/lib\libc.a(lib_a-putchar.o)
                0x00803e64                putchar
                0x00803e80                _putchar_r
 .text          0x00803e88       0xb4 c:/software/altera/10.1/nios2eds/bin/gnu/h-i686-mingw32/bin/../lib/gcc/nios2-elf/4.1.2/../../../../nios2-elf/lib\libc.a(lib_a-puts.o)
                0x00803e88                _puts_r
                0x00803f28                puts
 .text          0x00803f3c       0x60 c:/software/altera/10.1/nios2eds/bin/gnu/h-i686-mingw32/bin/../lib/gcc/nios2-elf/4.1.2/../../../../nios2-elf/lib\libc.a(lib_a-rget.o)
                0x00803f3c                __srget_r
                0x00803f88                __srget
 .text          0x00803f9c       0x70 c:/software/altera/10.1/nios2eds/bin/gnu/h-i686-mingw32/bin/../lib/gcc/nios2-elf/4.1.2/../../../../nios2-elf/lib\libc.a(lib_a-sbrkr.o)
                0x00803f9c                _sbrk_r
 .text          0x0080400c       0x74 c:/software/altera/10.1/nios2eds/bin/gnu/h-i686-mingw32/bin/../lib/gcc/nios2-elf/4.1.2/../../../../nios2-elf/lib\libc.a(lib_a-strlen.o)
                0x0080400c                strlen
 .text          0x00804080     0x1f28 c:/software/altera/10.1/nios2eds/bin/gnu/h-i686-mingw32/bin/../lib/gcc/nios2-elf/4.1.2/../../../../nios2-elf/lib\libc.a(lib_a-vfprintf.o)
                0x008040d8                ___vfprintf_internal_r
                0x00805f84                __vfprintf_internal
 .text          0x00805fa8      0x13c c:/software/altera/10.1/nios2eds/bin/gnu/h-i686-mingw32/bin/../lib/gcc/nios2-elf/4.1.2/../../../../nios2-elf/lib\libc.a(lib_a-wsetup.o)
                0x00805fa8                __swsetup_r
 .text          0x008060e4      0x1b4 c:/software/altera/10.1/nios2eds/bin/gnu/h-i686-mingw32/bin/../lib/gcc/nios2-elf/4.1.2/../../../../nios2-elf/lib\libc.a(lib_a-__call_atexit.o)
                0x008060e8                __call_exitprocs
 .text          0x00806298     0x17cc c:/software/altera/10.1/nios2eds/bin/gnu/h-i686-mingw32/bin/../lib/gcc/nios2-elf/4.1.2/../../../../nios2-elf/lib\libc.a(lib_a-dtoa.o)
                0x008064b0                _dtoa_r
 .text          0x00807a64      0x230 c:/software/altera/10.1/nios2eds/bin/gnu/h-i686-mingw32/bin/../lib/gcc/nios2-elf/4.1.2/../../../../nios2-elf/lib\libc.a(lib_a-fflush.o)
                0x00807a64                _fflush_r
                0x00807c60                fflush
 .text          0x00807c94      0x2c0 c:/software/altera/10.1/nios2eds/bin/gnu/h-i686-mingw32/bin/../lib/gcc/nios2-elf/4.1.2/../../../../nios2-elf/lib\libc.a(lib_a-findfp.o)
                0x00807cec                __sfp_lock_acquire
                0x00807cf0                __sfp_lock_release
                0x00807cf4                __sinit_lock_acquire
                0x00807cf8                __sinit_lock_release
                0x00807cfc                __sinit
                0x00807db0                __fp_unlock_all
                0x00807dc8                __fp_lock_all
                0x00807de0                _cleanup_r
                0x00807dec                _cleanup
                0x00807dfc                __sfmoreglue
                0x00807e64                __sfp
 .text          0x00807f54      0x440 c:/software/altera/10.1/nios2eds/bin/gnu/h-i686-mingw32/bin/../lib/gcc/nios2-elf/4.1.2/../../../../nios2-elf/lib\libc.a(lib_a-freer.o)
                0x00807f54                _malloc_trim_r
                0x00808080                _free_r
 .text          0x00808394      0x49c c:/software/altera/10.1/nios2eds/bin/gnu/h-i686-mingw32/bin/../lib/gcc/nios2-elf/4.1.2/../../../../nios2-elf/lib\libc.a(lib_a-fvwrite.o)
                0x00808394                __sfvwrite_r
 .text          0x00808830      0x180 c:/software/altera/10.1/nios2eds/bin/gnu/h-i686-mingw32/bin/../lib/gcc/nios2-elf/4.1.2/../../../../nios2-elf/lib\libc.a(lib_a-fwalk.o)
                0x00808830                _fwalk_reent
                0x008088f8                _fwalk
 .text          0x008089b0        0x0 c:/software/altera/10.1/nios2eds/bin/gnu/h-i686-mingw32/bin/../lib/gcc/nios2-elf/4.1.2/../../../../nios2-elf/lib\libc.a(lib_a-int_errno.o)
 .text          0x008089b0       0xc4 c:/software/altera/10.1/nios2eds/bin/gnu/h-i686-mingw32/bin/../lib/gcc/nios2-elf/4.1.2/../../../../nios2-elf/lib\libc.a(lib_a-locale.o)
                0x008089b0                __locale_charset
                0x008089b8                _localeconv_r
                0x008089c4                localeconv
                0x008089d4                _setlocale_r
                0x00808a58                setlocale
 .text          0x00808a74      0x194 c:/software/altera/10.1/nios2eds/bin/gnu/h-i686-mingw32/bin/../lib/gcc/nios2-elf/4.1.2/../../../../nios2-elf/lib\libc.a(lib_a-makebuf.o)
                0x00808a74                __smakebuf_r
 .text          0x00808c08       0xe4 c:/software/altera/10.1/nios2eds/bin/gnu/h-i686-mingw32/bin/../lib/gcc/nios2-elf/4.1.2/../../../../nios2-elf/lib\libc.a(lib_a-memchr.o)
                0x00808c08                memchr
 .text          0x00808cec       0xe0 c:/software/altera/10.1/nios2eds/bin/gnu/h-i686-mingw32/bin/../lib/gcc/nios2-elf/4.1.2/../../../../nios2-elf/lib\libc.a(lib_a-memmove.o)
                0x00808cec                memmove
 .text          0x00808dcc       0x98 c:/software/altera/10.1/nios2eds/bin/gnu/h-i686-mingw32/bin/../lib/gcc/nios2-elf/4.1.2/../../../../nios2-elf/lib\libc.a(lib_a-memset.o)
                0x00808dcc                memset
 .text          0x00808e64      0xff4 c:/software/altera/10.1/nios2eds/bin/gnu/h-i686-mingw32/bin/../lib/gcc/nios2-elf/4.1.2/../../../../nios2-elf/lib\libc.a(lib_a-mprec.o)
                0x00808e64                _Bfree
                0x00808e8c                __hi0bits
                0x00808efc                __lo0bits
                0x00808fc0                __mcmp
                0x00809020                __ulp
                0x008090a0                __b2d
                0x008091c0                __ratio
                0x00809270                _mprec_log10
                0x00809304                __copybits
                0x0080935c                __any_on
                0x008093e4                _Balloc
                0x008094a0                __d2b
                0x0080961c                __mdiff
                0x008097a8                __lshift
                0x008098f4                __multiply
                0x00809adc                __i2b
                0x00809b18                __multadd
                0x00809c18                __pow5mult
                0x00809d38                __s2b
 .text          0x00809e58      0x1ec c:/software/altera/10.1/nios2eds/bin/gnu/h-i686-mingw32/bin/../lib/gcc/nios2-elf/4.1.2/../../../../nios2-elf/lib\libc.a(lib_a-putc.o)
                0x00809e58                putc
                0x00809f5c                _putc_r
 .text          0x0080a044      0x5f4 c:/software/altera/10.1/nios2eds/bin/gnu/h-i686-mingw32/bin/../lib/gcc/nios2-elf/4.1.2/../../../../nios2-elf/lib\libc.a(lib_a-reallocr.o)
                0x0080a044                _realloc_r
 .text          0x0080a638      0x1e0 c:/software/altera/10.1/nios2eds/bin/gnu/h-i686-mingw32/bin/../lib/gcc/nios2-elf/4.1.2/../../../../nios2-elf/lib\libc.a(lib_a-refill.o)
                0x0080a638                __srefill_r
 .text          0x0080a818       0x40 c:/software/altera/10.1/nios2eds/bin/gnu/h-i686-mingw32/bin/../lib/gcc/nios2-elf/4.1.2/../../../../nios2-elf/lib\libc.a(lib_a-s_isinfd.o)
                0x0080a818                __isinfd
 .text          0x0080a858       0x30 c:/software/altera/10.1/nios2eds/bin/gnu/h-i686-mingw32/bin/../lib/gcc/nios2-elf/4.1.2/../../../../nios2-elf/lib\libc.a(lib_a-s_isnand.o)
                0x0080a858                __isnand
 .text          0x0080a888      0x14c c:/software/altera/10.1/nios2eds/bin/gnu/h-i686-mingw32/bin/../lib/gcc/nios2-elf/4.1.2/../../../../nios2-elf/lib\libc.a(lib_a-stdio.o)
                0x0080a888                __sclose
                0x0080a890                __sseek
                0x0080a8f8                __swrite
                0x0080a974                __sread
 .text          0x0080a9d4       0xbc c:/software/altera/10.1/nios2eds/bin/gnu/h-i686-mingw32/bin/../lib/gcc/nios2-elf/4.1.2/../../../../nios2-elf/lib\libc.a(lib_a-strcmp.o)
                0x0080a9d4                strcmp
 .text          0x0080aa90      0x14c c:/software/altera/10.1/nios2eds/bin/gnu/h-i686-mingw32/bin/../lib/gcc/nios2-elf/4.1.2/../../../../nios2-elf/lib\libc.a(lib_a-wbuf.o)
                0x0080aa90                __swbuf_r
                0x0080abc0                __swbuf
 .text          0x0080abdc       0x78 c:/software/altera/10.1/nios2eds/bin/gnu/h-i686-mingw32/bin/../lib/gcc/nios2-elf/4.1.2/../../../../nios2-elf/lib\libc.a(lib_a-writer.o)
                0x0080abdc                _write_r
 .text          0x0080ac54       0xb4 c:/software/altera/10.1/nios2eds/bin/gnu/h-i686-mingw32/bin/../lib/gcc/nios2-elf/4.1.2/../../../../nios2-elf/lib\libc.a(lib_a-callocr.o)
                0x0080ac54                _calloc_r
 .text          0x0080ad08       0x70 c:/software/altera/10.1/nios2eds/bin/gnu/h-i686-mingw32/bin/../lib/gcc/nios2-elf/4.1.2/../../../../nios2-elf/lib\libc.a(lib_a-closer.o)
                0x0080ad08                _close_r
 .text          0x0080ad78      0x124 c:/software/altera/10.1/nios2eds/bin/gnu/h-i686-mingw32/bin/../lib/gcc/nios2-elf/4.1.2/../../../../nios2-elf/lib\libc.a(lib_a-fclose.o)
                0x0080ad78                _fclose_r
                0x0080ae88                fclose
 .text          0x0080ae9c       0x74 c:/software/altera/10.1/nios2eds/bin/gnu/h-i686-mingw32/bin/../lib/gcc/nios2-elf/4.1.2/../../../../nios2-elf/lib\libc.a(lib_a-fstatr.o)
                0x0080ae9c                _fstat_r
 .text          0x0080af10       0x70 c:/software/altera/10.1/nios2eds/bin/gnu/h-i686-mingw32/bin/../lib/gcc/nios2-elf/4.1.2/../../../../nios2-elf/lib\libc.a(lib_a-isattyr.o)
                0x0080af10                _isatty_r
 .text          0x0080af80       0x78 c:/software/altera/10.1/nios2eds/bin/gnu/h-i686-mingw32/bin/../lib/gcc/nios2-elf/4.1.2/../../../../nios2-elf/lib\libc.a(lib_a-lseekr.o)
                0x0080af80                _lseek_r
 .text          0x0080aff8       0x78 c:/software/altera/10.1/nios2eds/bin/gnu/h-i686-mingw32/bin/../lib/gcc/nios2-elf/4.1.2/../../../../nios2-elf/lib\libc.a(lib_a-readr.o)
                0x0080aff8                _read_r
 .text          0x0080b070      0x5dc c:/software/altera/10.1/nios2eds/bin/gnu/h-i686-mingw32/bin/../lib/gcc/nios2-elf/4.1.2\libgcc.a(_udivdi3.o)
                0x0080b070                __udivdi3
 .text          0x0080b64c      0x5b0 c:/software/altera/10.1/nios2eds/bin/gnu/h-i686-mingw32/bin/../lib/gcc/nios2-elf/4.1.2\libgcc.a(_umoddi3.o)
                0x0080b64c                __umoddi3
 .text          0x0080bbfc      0x258 c:/software/altera/10.1/nios2eds/bin/gnu/h-i686-mingw32/bin/../lib/gcc/nios2-elf/4.1.2\libgcc.a(_div_df.o)
                0x0080bbfc                __divdf3
 .text          0x0080be54       0x88 c:/software/altera/10.1/nios2eds/bin/gnu/h-i686-mingw32/bin/../lib/gcc/nios2-elf/4.1.2\libgcc.a(_eq_df.o)
                0x0080be54                __eqdf2
 .text          0x0080bedc       0x88 c:/software/altera/10.1/nios2eds/bin/gnu/h-i686-mingw32/bin/../lib/gcc/nios2-elf/4.1.2\libgcc.a(_ne_df.o)
                0x0080bedc                __nedf2
 .text          0x0080bf64       0x88 c:/software/altera/10.1/nios2eds/bin/gnu/h-i686-mingw32/bin/../lib/gcc/nios2-elf/4.1.2\libgcc.a(_ge_df.o)
                0x0080bf64                __gedf2
 .text          0x0080bfec       0x88 c:/software/altera/10.1/nios2eds/bin/gnu/h-i686-mingw32/bin/../lib/gcc/nios2-elf/4.1.2\libgcc.a(_lt_df.o)
                0x0080bfec                __ltdf2
 .text          0x0080c074       0xf8 c:/software/altera/10.1/nios2eds/bin/gnu/h-i686-mingw32/bin/../lib/gcc/nios2-elf/4.1.2\libgcc.a(_si_to_df.o)
                0x0080c074                __floatsidf
 .text          0x0080c16c      0x14c c:/software/altera/10.1/nios2eds/bin/gnu/h-i686-mingw32/bin/../lib/gcc/nios2-elf/4.1.2\libgcc.a(lib2-divmod.o)
                0x0080c1e8                __divsi3
                0x0080c248                __modsi3
                0x0080c2a8                __udivsi3
                0x0080c2b0                __umodsi3
 .text          0x0080c2b8       0xf0 ../ECE423_Lab1_bsp\libhal_bsp.a(alt_close.o)
                0x0080c2b8                close
 .text          0x0080c3a8        0x8 ../ECE423_Lab1_bsp\libhal_bsp.a(alt_dev.o)
 .text          0x0080c3b0        0x0 ../ECE423_Lab1_bsp\libhal_bsp.a(alt_errno.o)
 .text          0x0080c3b0       0x14 ../ECE423_Lab1_bsp\libhal_bsp.a(alt_exit.o)
                0x0080c3b0                _exit
 .text          0x0080c3c4       0x90 ../ECE423_Lab1_bsp\libhal_bsp.a(alt_fstat.o)
                0x0080c3c4                fstat
 .text          0x0080c454       0x9c ../ECE423_Lab1_bsp\libhal_bsp.a(alt_iic.o)
                0x0080c454                alt_ic_irq_enabled
                0x0080c46c                alt_ic_irq_enable
                0x0080c4ac                alt_ic_irq_disable
                0x0080c4ec                alt_ic_isr_register
 .text          0x0080c4f0       0x88 ../ECE423_Lab1_bsp\libhal_bsp.a(alt_iic_isr_register.o)
                0x0080c4f0                alt_iic_isr_register
 .text          0x0080c578        0x0 ../ECE423_Lab1_bsp\libhal_bsp.a(alt_irq_entry.o)
 .text          0x0080c578        0x0 ../ECE423_Lab1_bsp\libhal_bsp.a(alt_irq_handler.o)
 .text          0x0080c578        0x0 ../ECE423_Lab1_bsp\libhal_bsp.a(alt_irq_vars.o)
 .text          0x0080c578       0x84 ../ECE423_Lab1_bsp\libhal_bsp.a(alt_isatty.o)
                0x0080c578                isatty
 .text          0x0080c5fc       0xec ../ECE423_Lab1_bsp\libhal_bsp.a(alt_load.o)
                0x0080c5fc                alt_load
 .text          0x0080c6e8       0x9c ../ECE423_Lab1_bsp\libhal_bsp.a(alt_lseek.o)
                0x0080c6e8                lseek
 .text          0x0080c784       0x60 ../ECE423_Lab1_bsp\libhal_bsp.a(alt_main.o)
                0x0080c784                alt_main
 .text          0x0080c7e4       0x40 ../ECE423_Lab1_bsp\libhal_bsp.a(alt_malloc_lock.o)
                0x0080c7e4                __malloc_lock
                0x0080c804                __malloc_unlock
 .text          0x0080c824      0x11c ../ECE423_Lab1_bsp\libhal_bsp.a(alt_read.o)
                0x0080c824                read
 .text          0x0080c940       0x24 ../ECE423_Lab1_bsp\libhal_bsp.a(alt_release_fd.o)
                0x0080c940                alt_release_fd
 .text          0x0080c964       0x54 ../ECE423_Lab1_bsp\libhal_bsp.a(alt_sbrk.o)
                0x0080c964                sbrk
 .text          0x0080c9b8      0x118 ../ECE423_Lab1_bsp\libhal_bsp.a(alt_write.o)
                0x0080c9b8                write
 .text          0x0080cad0      0x154 ../ECE423_Lab1_bsp\libhal_bsp.a(alt_sys_init.o)
                0x0080cad0                alt_irq_init
                0x0080caf0                alt_sys_init
 .text          0x0080cc24       0x3c ../ECE423_Lab1_bsp\libhal_bsp.a(altera_avalon_jtag_uart_fd.o)
                0x0080cc24                altera_avalon_jtag_uart_ioctl_fd
                0x0080cc30                altera_avalon_jtag_uart_close_fd
                0x0080cc40                altera_avalon_jtag_uart_write_fd
                0x0080cc50                altera_avalon_jtag_uart_read_fd
 .text          0x0080cc60      0x228 ../ECE423_Lab1_bsp\libhal_bsp.a(altera_avalon_jtag_uart_init.o)
                0x0080cc60                altera_avalon_jtag_uart_close
                0x0080cd00                altera_avalon_jtag_uart_init
 .text          0x0080ce88       0x88 ../ECE423_Lab1_bsp\libhal_bsp.a(altera_avalon_jtag_uart_ioctl.o)
                0x0080ce88                altera_avalon_jtag_uart_ioctl
 .text          0x0080cf10      0x16c ../ECE423_Lab1_bsp\libhal_bsp.a(altera_avalon_jtag_uart_read.o)
                0x0080cf10                altera_avalon_jtag_uart_read
 .text          0x0080d07c      0x184 ../ECE423_Lab1_bsp\libhal_bsp.a(altera_avalon_jtag_uart_write.o)
                0x0080d07c                altera_avalon_jtag_uart_write
 .text          0x0080d200       0x8c ../ECE423_Lab1_bsp\libhal_bsp.a(altera_avalon_timer_sc.o)
                0x0080d200                alt_avalon_timer_sc_init
 .text          0x0080d28c      0xa7c ../ECE423_Lab1_bsp\libhal_bsp.a(altera_up_avalon_video_pixel_buffer_dma.o)
                0x0080d28c                helper_plot_pixel
                0x0080d2e4                alt_up_pixel_buffer_dma_draw_vline
                0x0080d45c                alt_up_pixel_buffer_dma_draw_hline
                0x0080d5c4                alt_up_pixel_buffer_dma_draw_rectangle
                0x0080d690                alt_up_pixel_buffer_dma_draw_box
                0x0080d89c                alt_up_pixel_buffer_dma_clear_screen
                0x0080d944                alt_up_pixel_buffer_dma_swap_buffers
                0x0080d968                alt_up_pixel_buffer_dma_draw
                0x0080da28                alt_up_pixel_buffer_dma_check_swap_buffers_status
                0x0080da38                alt_up_pixel_buffer_dma_change_back_buffer_address
                0x0080da60                alt_up_pixel_buffer_dma_open_dev
                0x0080da6c                alt_up_pixel_buffer_dma_draw_line
 .text          0x0080dd08     0x4ff8 ../ECE423_Lab1_bsp\libhal_bsp.a(altera_up_sd_card_avalon_interface.o)
                0x0080dd08                match_file_record_to_name_ext
                0x0080e1d8                convert_filename_to_name_extension
                0x0080e4b8                copy_file_record_name_to_string
                0x0080e5f0                alt_up_sd_card_set_attributes
                0x0080e628                alt_up_sd_card_get_attributes
                0x0080e668                alt_up_sd_card_is_Present
                0x0080e6d4                alt_up_sd_card_open_dev
                0x0080e740                get_dir_divider_location
                0x0080e7c0                check_file_name_for_FAT16_compliance
                0x0080e8cc                filename_to_upper_case
                0x0080e928                Write_File_Record_At_Offset
                0x0080eb4c                Read_File_Record_At_Offset
                0x0080ed2c                Write_Sector_Data
                0x0080edd8                Read_Sector_Data
                0x0080ef1c                alt_up_sd_card_fclose
                0x0080f07c                find_first_empty_record_in_root_directory
                0x0080f130                find_first_empty_cluster
                0x0080f224                Check_for_DOS_FAT
                0x0080f594                Check_for_Master_Boot_Record
                0x0080f75c                Look_for_FAT16
                0x0080f854                alt_up_sd_card_is_FAT16
                0x0080f98c                mark_cluster
                0x0080fa3c                get_cluster_flag
                0x0080fac4                Save_Modified_Sector
                0x0080fb80                alt_up_sd_card_find_next
                0x0080ff94                find_file_in_directory
                0x00810c58                get_home_directory_cluster_for_file
                0x00811924                alt_up_sd_card_find_first
                0x00811a00                alt_up_sd_card_read
                0x00811ba4                alt_up_sd_card_write
                0x00811fe0                find_first_empty_record_in_a_subdirectory
                0x0081230c                create_file
                0x00812a18                alt_up_sd_card_fopen
 .text          0x00812d00       0x94 ../ECE423_Lab1_bsp\libhal_bsp.a(alt_alarm_start.o)
                0x00812d00                alt_alarm_start
 .text          0x00812d94       0x18 ../ECE423_Lab1_bsp\libhal_bsp.a(alt_dcache_flush_all.o)
                0x00812d94                alt_dcache_flush_all
 .text          0x00812dac      0x114 ../ECE423_Lab1_bsp\libhal_bsp.a(alt_dev_llist_insert.o)
                0x00812dac                alt_dev_llist_insert
 .text          0x00812ec0       0x64 ../ECE423_Lab1_bsp\libhal_bsp.a(alt_do_ctors.o)
                0x00812ec0                _do_ctors
 .text          0x00812f24       0x64 ../ECE423_Lab1_bsp\libhal_bsp.a(alt_do_dtors.o)
                0x00812f24                _do_dtors
 .text          0x00812f88        0x0 ../ECE423_Lab1_bsp\libhal_bsp.a(alt_exception_entry.o)
 .text          0x00812f88       0x94 ../ECE423_Lab1_bsp\libhal_bsp.a(alt_find_dev.o)
                0x00812f88                alt_find_dev
 .text          0x0081301c        0xc ../ECE423_Lab1_bsp\libhal_bsp.a(alt_icache_flush_all.o)
                0x0081301c                alt_icache_flush_all
 .text          0x00813028      0x104 ../ECE423_Lab1_bsp\libhal_bsp.a(alt_io_redirect.o)
                0x00813028                alt_io_redirect
 .text          0x0081312c      0x180 ../ECE423_Lab1_bsp\libhal_bsp.a(alt_open.o)
                0x0081312c                open
 .text          0x008132ac      0x11c ../ECE423_Lab1_bsp\libhal_bsp.a(alt_tick.o)
                0x008132ac                alt_alarm_stop
                0x008132e0                alt_tick
 .text          0x008133c8        0x8 ../ECE423_Lab1_bsp\libhal_bsp.a(altera_nios2_irq.o)
                0x008133c8                altera_nios2_irq_init
 .text          0x008133d0       0xb0 ../ECE423_Lab1_bsp\libhal_bsp.a(alt_find_file.o)
                0x008133d0                alt_find_file
 .text          0x00813480       0x60 ../ECE423_Lab1_bsp\libhal_bsp.a(alt_get_fd.o)
                0x00813480                alt_get_fd
 .text          0x008134e0       0x38 ../ECE423_Lab1_bsp\libhal_bsp.a(alt_icache_flush.o)
                0x008134e0                alt_icache_flush
 .text          0x00813518       0x14 c:/software/altera/10.1/nios2eds/bin/gnu/h-i686-mingw32/bin/../lib/gcc/nios2-elf/4.1.2/../../../../nios2-elf/lib\libc.a(lib_a-atexit.o)
                0x00813518                atexit
 .text          0x0081352c       0x74 c:/software/altera/10.1/nios2eds/bin/gnu/h-i686-mingw32/bin/../lib/gcc/nios2-elf/4.1.2/../../../../nios2-elf/lib\libc.a(lib_a-memcmp.o)
                0x0081352c                memcmp
 .text          0x008135a0      0x134 c:/software/altera/10.1/nios2eds/bin/gnu/h-i686-mingw32/bin/../lib/gcc/nios2-elf/4.1.2/../../../../nios2-elf/lib\libc.a(lib_a-__atexit.o)
                0x008135a0                __register_exitproc
 *(.gnu.warning.*)
 *(.fini)
                0x008136d4                PROVIDE (__etext, ABSOLUTE (.))
                0x008136d4                PROVIDE (_etext, ABSOLUTE (.))
                0x008136d4                PROVIDE (etext, ABSOLUTE (.))
 *(.eh_frame_hdr)
                0x008136d4                . = ALIGN (0x4)
                0x008136d4                PROVIDE (__preinit_array_start, ABSOLUTE (.))
 *(.preinit_array)
                0x008136d4                PROVIDE (__preinit_array_end, ABSOLUTE (.))
                0x008136d4                PROVIDE (__init_array_start, ABSOLUTE (.))
 *(.init_array)
                0x008136d4                PROVIDE (__init_array_end, ABSOLUTE (.))
                0x008136d4                PROVIDE (__fini_array_start, ABSOLUTE (.))
 *(.fini_array)
                0x008136d4                PROVIDE (__fini_array_end, ABSOLUTE (.))
 *(.eh_frame)
 .eh_frame      0x008136d4       0x40 c:/software/altera/10.1/nios2eds/bin/gnu/h-i686-mingw32/bin/../lib/gcc/nios2-elf/4.1.2\libgcc.a(_udivdi3.o)
 .eh_frame      0x00813714       0x2c c:/software/altera/10.1/nios2eds/bin/gnu/h-i686-mingw32/bin/../lib/gcc/nios2-elf/4.1.2\libgcc.a(_umoddi3.o)
                                 0x40 (size before relaxing)
 *(.gcc_except_table)
 *(.dynamic)
                0x00813740                PROVIDE (__CTOR_LIST__, ABSOLUTE (.))
 *(.ctors)
 *(SORT(.ctors.*))
 .ctors.65535   0x00813740        0x4 c:/software/altera/10.1/nios2eds/bin/gnu/h-i686-mingw32/bin/../lib/gcc/nios2-elf/4.1.2/../../../../nios2-elf/lib\libc.a(lib_a-__call_atexit.o)
                0x00813744                PROVIDE (__CTOR_END__, ABSOLUTE (.))
                0x00813744                PROVIDE (__DTOR_LIST__, ABSOLUTE (.))
 *(.dtors)
 *(SORT(.dtors.*))
                0x00813744                PROVIDE (__DTOR_END__, ABSOLUTE (.))
 *(.jcr)
                0x00813744                . = ALIGN (0x4)

.rodata         0x00813744      0x5ac
                0x00813744                PROVIDE (__ram_rodata_start, ABSOLUTE (.))
                0x00813744                . = ALIGN (0x4)
 *(.rodata .rodata.* .gnu.linkonce.r.*)
 .rodata.str1.4
                0x00813744       0x1b obj/common/util.o
                                 0x1c (size before relaxing)
 *fill*         0x0081375f        0x1 00
 .rodata.str1.4
                0x00813760      0x1bd obj/decoder/mjpeg423_decoder.o
                                0x1c0 (size before relaxing)
 *fill*         0x0081391d        0x3 00
 .rodata.str1.4
                0x00813920       0x8e obj/main_code.o
                                 0x90 (size before relaxing)
 *fill*         0x008139ae        0x2 00
 .rodata.str1.4
                0x008139b0       0x1a obj/sd_card.o
                                 0x1c (size before relaxing)
 *fill*         0x008139ca        0x2 00
 .rodata        0x008139cc       0x14 c:/software/altera/10.1/nios2eds/bin/gnu/h-i686-mingw32/bin/../lib/gcc/nios2-elf/4.1.2\libgcc.a(_thenan_df.o)
                0x008139cc                __thenan_df
 .rodata        0x008139e0      0x100 c:/software/altera/10.1/nios2eds/bin/gnu/h-i686-mingw32/bin/../lib/gcc/nios2-elf/4.1.2\libgcc.a(_clz.o)
                0x008139e0                __clz_tab
 .rodata.str1.4
                0x00000000       0x1a c:/software/altera/10.1/nios2eds/bin/gnu/h-i686-mingw32/bin/../lib/gcc/nios2-elf/4.1.2/../../../../nios2-elf/lib\libc.a(lib_a-impure.o)
                                  0x4 (size before relaxing)
 .rodata.str1.4
                0x00000000       0x1a c:/software/altera/10.1/nios2eds/bin/gnu/h-i686-mingw32/bin/../lib/gcc/nios2-elf/4.1.2/../../../../nios2-elf/lib\libc.a(lib_a-puts.o)
                                  0x4 (size before relaxing)
 .rodata.str1.4
                0x00813ae0       0x5a c:/software/altera/10.1/nios2eds/bin/gnu/h-i686-mingw32/bin/../lib/gcc/nios2-elf/4.1.2/../../../../nios2-elf/lib\libc.a(lib_a-vfprintf.o)
                                 0x60 (size before relaxing)
 .rodata        0x00813b3a       0x20 c:/software/altera/10.1/nios2eds/bin/gnu/h-i686-mingw32/bin/../lib/gcc/nios2-elf/4.1.2/../../../../nios2-elf/lib\libc.a(lib_a-vfprintf.o)
 *fill*         0x00813b5a        0x2 00
 .rodata.str1.4
                0x00813b5c       0x10 c:/software/altera/10.1/nios2eds/bin/gnu/h-i686-mingw32/bin/../lib/gcc/nios2-elf/4.1.2/../../../../nios2-elf/lib\libc.a(lib_a-dtoa.o)
                                 0x14 (size before relaxing)
 .rodata.str1.4
                0x00813b6c        0xf c:/software/altera/10.1/nios2eds/bin/gnu/h-i686-mingw32/bin/../lib/gcc/nios2-elf/4.1.2/../../../../nios2-elf/lib\libc.a(lib_a-locale.o)
                                 0x18 (size before relaxing)
 *fill*         0x00813b7b        0x1 00
 .rodata        0x00813b7c       0x30 c:/software/altera/10.1/nios2eds/bin/gnu/h-i686-mingw32/bin/../lib/gcc/nios2-elf/4.1.2/../../../../nios2-elf/lib\libc.a(lib_a-locale.o)
 .rodata        0x00813bac      0x124 c:/software/altera/10.1/nios2eds/bin/gnu/h-i686-mingw32/bin/../lib/gcc/nios2-elf/4.1.2/../../../../nios2-elf/lib\libc.a(lib_a-mprec.o)
                0x00813bac                __mprec_tens
                0x00813c74                __mprec_bigtens
                0x00813c9c                __mprec_tinytens
 .rodata.str1.4
                0x00813cd0        0xa ../ECE423_Lab1_bsp\libhal_bsp.a(alt_dev.o)
                                  0xc (size before relaxing)
 *fill*         0x00813cda        0x2 00
 .rodata.str1.4
                0x00813cdc       0x14 ../ECE423_Lab1_bsp\libhal_bsp.a(alt_main.o)
 .rodata.str1.4
                0x00000000       0x60 ../ECE423_Lab1_bsp\libhal_bsp.a(alt_sys_init.o)
 *(.rodata1)
                0x00813cf0                . = ALIGN (0x4)
                0x00813cf0                PROVIDE (__ram_rodata_end, ABSOLUTE (.))
                0x00813744                PROVIDE (__flash_rodata_start, LOADADDR (.rodata))

.rwdata         0x00813cf0     0x1cdc load address 0x008159cc
                0x00813cf0                PROVIDE (__ram_rwdata_start, ABSOLUTE (.))
                0x00813cf0                . = ALIGN (0x4)
 *(.got.plt)
 *(.got)
 *(.data1)
 *(.data .data.* .gnu.linkonce.d.*)
 .data          0x00813cf0        0x0 ../ECE423_Lab1_bsp/obj/HAL/src/crt0.o
 .data          0x00813cf0      0x200 obj/common/tables.o
                0x00813cf0                Yquant
                0x00813d70                Cquant
                0x00813df0                zigzag_table
 .data          0x00813ef0        0x0 obj/common/util.o
 .data          0x00813ef0        0x0 obj/decoder/idct.o
 .data          0x00813ef0        0x0 obj/decoder/lossless_decode.o
 .data          0x00813ef0        0x0 obj/decoder/mjpeg423_decoder.o
 .data          0x00813ef0        0x0 obj/decoder/ycbcr_to_rgb.o
 .data          0x00813ef0        0x0 obj/main_code.o
 .data          0x00813ef0        0x0 obj/sd_card.o
 .data          0x00813ef0        0x0 c:/software/altera/10.1/nios2eds/bin/gnu/h-i686-mingw32/bin/../lib/gcc/nios2-elf/4.1.2/../../../../nios2-elf/lib\libm.a(lib_a-s_ceil.o)
 .data          0x00813ef0        0x0 c:/software/altera/10.1/nios2eds/bin/gnu/h-i686-mingw32/bin/../lib/gcc/nios2-elf/4.1.2\libgcc.a(_addsub_df.o)
 .data          0x00813ef0        0x0 c:/software/altera/10.1/nios2eds/bin/gnu/h-i686-mingw32/bin/../lib/gcc/nios2-elf/4.1.2\libgcc.a(_mul_df.o)
 .data          0x00813ef0        0x0 c:/software/altera/10.1/nios2eds/bin/gnu/h-i686-mingw32/bin/../lib/gcc/nios2-elf/4.1.2\libgcc.a(_gt_df.o)
 .data          0x00813ef0        0x0 c:/software/altera/10.1/nios2eds/bin/gnu/h-i686-mingw32/bin/../lib/gcc/nios2-elf/4.1.2\libgcc.a(_df_to_si.o)
 .data          0x00813ef0        0x0 c:/software/altera/10.1/nios2eds/bin/gnu/h-i686-mingw32/bin/../lib/gcc/nios2-elf/4.1.2\libgcc.a(_thenan_df.o)
 .data          0x00813ef0        0x0 c:/software/altera/10.1/nios2eds/bin/gnu/h-i686-mingw32/bin/../lib/gcc/nios2-elf/4.1.2\libgcc.a(_usi_to_df.o)
 .data          0x00813ef0        0x0 c:/software/altera/10.1/nios2eds/bin/gnu/h-i686-mingw32/bin/../lib/gcc/nios2-elf/4.1.2\libgcc.a(_muldi3.o)
 .data          0x00813ef0        0x0 c:/software/altera/10.1/nios2eds/bin/gnu/h-i686-mingw32/bin/../lib/gcc/nios2-elf/4.1.2\libgcc.a(_clzsi2.o)
 .data          0x00813ef0        0x0 c:/software/altera/10.1/nios2eds/bin/gnu/h-i686-mingw32/bin/../lib/gcc/nios2-elf/4.1.2\libgcc.a(_pack_df.o)
 .data          0x00813ef0        0x0 c:/software/altera/10.1/nios2eds/bin/gnu/h-i686-mingw32/bin/../lib/gcc/nios2-elf/4.1.2\libgcc.a(_unpack_df.o)
 .data          0x00813ef0        0x0 c:/software/altera/10.1/nios2eds/bin/gnu/h-i686-mingw32/bin/../lib/gcc/nios2-elf/4.1.2\libgcc.a(_fpcmp_parts_df.o)
 .data          0x00813ef0        0x0 c:/software/altera/10.1/nios2eds/bin/gnu/h-i686-mingw32/bin/../lib/gcc/nios2-elf/4.1.2\libgcc.a(_clz.o)
 .data          0x00813ef0        0x0 c:/software/altera/10.1/nios2eds/bin/gnu/h-i686-mingw32/bin/../lib/gcc/nios2-elf/4.1.2/../../../../nios2-elf/lib\libc.a(lib_a-exit.o)
 .data          0x00813ef0        0x0 c:/software/altera/10.1/nios2eds/bin/gnu/h-i686-mingw32/bin/../lib/gcc/nios2-elf/4.1.2/../../../../nios2-elf/lib\libc.a(lib_a-getc.o)
 .data          0x00813ef0      0x400 c:/software/altera/10.1/nios2eds/bin/gnu/h-i686-mingw32/bin/../lib/gcc/nios2-elf/4.1.2/../../../../nios2-elf/lib\libc.a(lib_a-impure.o)
 .data          0x008142f0        0x0 c:/software/altera/10.1/nios2eds/bin/gnu/h-i686-mingw32/bin/../lib/gcc/nios2-elf/4.1.2/../../../../nios2-elf/lib\libc.a(lib_a-malloc.o)
 .data          0x008142f0      0x408 c:/software/altera/10.1/nios2eds/bin/gnu/h-i686-mingw32/bin/../lib/gcc/nios2-elf/4.1.2/../../../../nios2-elf/lib\libc.a(lib_a-mallocr.o)
                0x008142f0                __malloc_av_
 .data          0x008146f8        0x0 c:/software/altera/10.1/nios2eds/bin/gnu/h-i686-mingw32/bin/../lib/gcc/nios2-elf/4.1.2/../../../../nios2-elf/lib\libc.a(lib_a-memcpy.o)
 .data          0x008146f8        0x0 c:/software/altera/10.1/nios2eds/bin/gnu/h-i686-mingw32/bin/../lib/gcc/nios2-elf/4.1.2/../../../../nios2-elf/lib\libc.a(lib_a-printf.o)
 .data          0x008146f8        0x0 c:/software/altera/10.1/nios2eds/bin/gnu/h-i686-mingw32/bin/../lib/gcc/nios2-elf/4.1.2/../../../../nios2-elf/lib\libc.a(lib_a-putchar.o)
 .data          0x008146f8        0x0 c:/software/altera/10.1/nios2eds/bin/gnu/h-i686-mingw32/bin/../lib/gcc/nios2-elf/4.1.2/../../../../nios2-elf/lib\libc.a(lib_a-puts.o)
 .data          0x008146f8        0x0 c:/software/altera/10.1/nios2eds/bin/gnu/h-i686-mingw32/bin/../lib/gcc/nios2-elf/4.1.2/../../../../nios2-elf/lib\libc.a(lib_a-rget.o)
 .data          0x008146f8        0x0 c:/software/altera/10.1/nios2eds/bin/gnu/h-i686-mingw32/bin/../lib/gcc/nios2-elf/4.1.2/../../../../nios2-elf/lib\libc.a(lib_a-sbrkr.o)
 .data          0x008146f8        0x0 c:/software/altera/10.1/nios2eds/bin/gnu/h-i686-mingw32/bin/../lib/gcc/nios2-elf/4.1.2/../../../../nios2-elf/lib\libc.a(lib_a-strlen.o)
 .data          0x008146f8        0x0 c:/software/altera/10.1/nios2eds/bin/gnu/h-i686-mingw32/bin/../lib/gcc/nios2-elf/4.1.2/../../../../nios2-elf/lib\libc.a(lib_a-vfprintf.o)
 .data          0x008146f8        0x0 c:/software/altera/10.1/nios2eds/bin/gnu/h-i686-mingw32/bin/../lib/gcc/nios2-elf/4.1.2/../../../../nios2-elf/lib\libc.a(lib_a-wsetup.o)
 .data          0x008146f8        0x0 c:/software/altera/10.1/nios2eds/bin/gnu/h-i686-mingw32/bin/../lib/gcc/nios2-elf/4.1.2/../../../../nios2-elf/lib\libc.a(lib_a-__call_atexit.o)
 .data          0x008146f8        0x0 c:/software/altera/10.1/nios2eds/bin/gnu/h-i686-mingw32/bin/../lib/gcc/nios2-elf/4.1.2/../../../../nios2-elf/lib\libc.a(lib_a-dtoa.o)
 .data          0x008146f8        0x0 c:/software/altera/10.1/nios2eds/bin/gnu/h-i686-mingw32/bin/../lib/gcc/nios2-elf/4.1.2/../../../../nios2-elf/lib\libc.a(lib_a-fflush.o)
 .data          0x008146f8        0x0 c:/software/altera/10.1/nios2eds/bin/gnu/h-i686-mingw32/bin/../lib/gcc/nios2-elf/4.1.2/../../../../nios2-elf/lib\libc.a(lib_a-findfp.o)
 .data          0x008146f8        0x0 c:/software/altera/10.1/nios2eds/bin/gnu/h-i686-mingw32/bin/../lib/gcc/nios2-elf/4.1.2/../../../../nios2-elf/lib\libc.a(lib_a-freer.o)
 .data          0x008146f8        0x0 c:/software/altera/10.1/nios2eds/bin/gnu/h-i686-mingw32/bin/../lib/gcc/nios2-elf/4.1.2/../../../../nios2-elf/lib\libc.a(lib_a-fvwrite.o)
 .data          0x008146f8        0x0 c:/software/altera/10.1/nios2eds/bin/gnu/h-i686-mingw32/bin/../lib/gcc/nios2-elf/4.1.2/../../../../nios2-elf/lib\libc.a(lib_a-fwalk.o)
 .data          0x008146f8        0x0 c:/software/altera/10.1/nios2eds/bin/gnu/h-i686-mingw32/bin/../lib/gcc/nios2-elf/4.1.2/../../../../nios2-elf/lib\libc.a(lib_a-int_errno.o)
 .data          0x008146f8        0xc c:/software/altera/10.1/nios2eds/bin/gnu/h-i686-mingw32/bin/../lib/gcc/nios2-elf/4.1.2/../../../../nios2-elf/lib\libc.a(lib_a-locale.o)
                0x008146f8                __lc_ctype
 .data          0x00814704        0x0 c:/software/altera/10.1/nios2eds/bin/gnu/h-i686-mingw32/bin/../lib/gcc/nios2-elf/4.1.2/../../../../nios2-elf/lib\libc.a(lib_a-makebuf.o)
 .data          0x00814704        0x0 c:/software/altera/10.1/nios2eds/bin/gnu/h-i686-mingw32/bin/../lib/gcc/nios2-elf/4.1.2/../../../../nios2-elf/lib\libc.a(lib_a-memchr.o)
 .data          0x00814704        0x0 c:/software/altera/10.1/nios2eds/bin/gnu/h-i686-mingw32/bin/../lib/gcc/nios2-elf/4.1.2/../../../../nios2-elf/lib\libc.a(lib_a-memmove.o)
 .data          0x00814704        0x0 c:/software/altera/10.1/nios2eds/bin/gnu/h-i686-mingw32/bin/../lib/gcc/nios2-elf/4.1.2/../../../../nios2-elf/lib\libc.a(lib_a-memset.o)
 .data          0x00814704        0x0 c:/software/altera/10.1/nios2eds/bin/gnu/h-i686-mingw32/bin/../lib/gcc/nios2-elf/4.1.2/../../../../nios2-elf/lib\libc.a(lib_a-mprec.o)
 .data          0x00814704        0x0 c:/software/altera/10.1/nios2eds/bin/gnu/h-i686-mingw32/bin/../lib/gcc/nios2-elf/4.1.2/../../../../nios2-elf/lib\libc.a(lib_a-putc.o)
 .data          0x00814704        0x0 c:/software/altera/10.1/nios2eds/bin/gnu/h-i686-mingw32/bin/../lib/gcc/nios2-elf/4.1.2/../../../../nios2-elf/lib\libc.a(lib_a-reallocr.o)
 .data          0x00814704        0x0 c:/software/altera/10.1/nios2eds/bin/gnu/h-i686-mingw32/bin/../lib/gcc/nios2-elf/4.1.2/../../../../nios2-elf/lib\libc.a(lib_a-refill.o)
 .data          0x00814704        0x0 c:/software/altera/10.1/nios2eds/bin/gnu/h-i686-mingw32/bin/../lib/gcc/nios2-elf/4.1.2/../../../../nios2-elf/lib\libc.a(lib_a-s_isinfd.o)
 .data          0x00814704        0x0 c:/software/altera/10.1/nios2eds/bin/gnu/h-i686-mingw32/bin/../lib/gcc/nios2-elf/4.1.2/../../../../nios2-elf/lib\libc.a(lib_a-s_isnand.o)
 .data          0x00814704        0x0 c:/software/altera/10.1/nios2eds/bin/gnu/h-i686-mingw32/bin/../lib/gcc/nios2-elf/4.1.2/../../../../nios2-elf/lib\libc.a(lib_a-stdio.o)
 .data          0x00814704        0x0 c:/software/altera/10.1/nios2eds/bin/gnu/h-i686-mingw32/bin/../lib/gcc/nios2-elf/4.1.2/../../../../nios2-elf/lib\libc.a(lib_a-strcmp.o)
 .data          0x00814704        0x0 c:/software/altera/10.1/nios2eds/bin/gnu/h-i686-mingw32/bin/../lib/gcc/nios2-elf/4.1.2/../../../../nios2-elf/lib\libc.a(lib_a-wbuf.o)
 .data          0x00814704        0x0 c:/software/altera/10.1/nios2eds/bin/gnu/h-i686-mingw32/bin/../lib/gcc/nios2-elf/4.1.2/../../../../nios2-elf/lib\libc.a(lib_a-writer.o)
 .data          0x00814704        0x0 c:/software/altera/10.1/nios2eds/bin/gnu/h-i686-mingw32/bin/../lib/gcc/nios2-elf/4.1.2/../../../../nios2-elf/lib\libc.a(lib_a-callocr.o)
 .data          0x00814704        0x0 c:/software/altera/10.1/nios2eds/bin/gnu/h-i686-mingw32/bin/../lib/gcc/nios2-elf/4.1.2/../../../../nios2-elf/lib\libc.a(lib_a-closer.o)
 .data          0x00814704        0x0 c:/software/altera/10.1/nios2eds/bin/gnu/h-i686-mingw32/bin/../lib/gcc/nios2-elf/4.1.2/../../../../nios2-elf/lib\libc.a(lib_a-fclose.o)
 .data          0x00814704        0x0 c:/software/altera/10.1/nios2eds/bin/gnu/h-i686-mingw32/bin/../lib/gcc/nios2-elf/4.1.2/../../../../nios2-elf/lib\libc.a(lib_a-fstatr.o)
 .data          0x00814704        0x0 c:/software/altera/10.1/nios2eds/bin/gnu/h-i686-mingw32/bin/../lib/gcc/nios2-elf/4.1.2/../../../../nios2-elf/lib\libc.a(lib_a-isattyr.o)
 .data          0x00814704        0x0 c:/software/altera/10.1/nios2eds/bin/gnu/h-i686-mingw32/bin/../lib/gcc/nios2-elf/4.1.2/../../../../nios2-elf/lib\libc.a(lib_a-lseekr.o)
 .data          0x00814704        0x0 c:/software/altera/10.1/nios2eds/bin/gnu/h-i686-mingw32/bin/../lib/gcc/nios2-elf/4.1.2/../../../../nios2-elf/lib\libc.a(lib_a-readr.o)
 .data          0x00814704        0x0 c:/software/altera/10.1/nios2eds/bin/gnu/h-i686-mingw32/bin/../lib/gcc/nios2-elf/4.1.2\libgcc.a(_udivdi3.o)
 .data          0x00814704        0x0 c:/software/altera/10.1/nios2eds/bin/gnu/h-i686-mingw32/bin/../lib/gcc/nios2-elf/4.1.2\libgcc.a(_umoddi3.o)
 .data          0x00814704        0x0 c:/software/altera/10.1/nios2eds/bin/gnu/h-i686-mingw32/bin/../lib/gcc/nios2-elf/4.1.2\libgcc.a(_div_df.o)
 .data          0x00814704        0x0 c:/software/altera/10.1/nios2eds/bin/gnu/h-i686-mingw32/bin/../lib/gcc/nios2-elf/4.1.2\libgcc.a(_eq_df.o)
 .data          0x00814704        0x0 c:/software/altera/10.1/nios2eds/bin/gnu/h-i686-mingw32/bin/../lib/gcc/nios2-elf/4.1.2\libgcc.a(_ne_df.o)
 .data          0x00814704        0x0 c:/software/altera/10.1/nios2eds/bin/gnu/h-i686-mingw32/bin/../lib/gcc/nios2-elf/4.1.2\libgcc.a(_ge_df.o)
 .data          0x00814704        0x0 c:/software/altera/10.1/nios2eds/bin/gnu/h-i686-mingw32/bin/../lib/gcc/nios2-elf/4.1.2\libgcc.a(_lt_df.o)
 .data          0x00814704        0x0 c:/software/altera/10.1/nios2eds/bin/gnu/h-i686-mingw32/bin/../lib/gcc/nios2-elf/4.1.2\libgcc.a(_si_to_df.o)
 .data          0x00814704        0x0 c:/software/altera/10.1/nios2eds/bin/gnu/h-i686-mingw32/bin/../lib/gcc/nios2-elf/4.1.2\libgcc.a(lib2-divmod.o)
 .data          0x00814704        0x0 ../ECE423_Lab1_bsp\libhal_bsp.a(alt_close.o)
 .data          0x00814704      0x1a8 ../ECE423_Lab1_bsp\libhal_bsp.a(alt_dev.o)
                0x00814704                alt_dev_null
                0x0081472c                alt_fd_list
 .data          0x008148ac        0x0 ../ECE423_Lab1_bsp\libhal_bsp.a(alt_errno.o)
 .data          0x008148ac        0x0 ../ECE423_Lab1_bsp\libhal_bsp.a(alt_exit.o)
 .data          0x008148ac        0x0 ../ECE423_Lab1_bsp\libhal_bsp.a(alt_fstat.o)
 .data          0x008148ac        0x0 ../ECE423_Lab1_bsp\libhal_bsp.a(alt_iic.o)
 .data          0x008148ac        0x0 ../ECE423_Lab1_bsp\libhal_bsp.a(alt_iic_isr_register.o)
 .data          0x008148ac        0x0 ../ECE423_Lab1_bsp\libhal_bsp.a(alt_irq_entry.o)
 .data          0x008148ac        0x0 ../ECE423_Lab1_bsp\libhal_bsp.a(alt_irq_handler.o)
 .data          0x008148ac        0x0 ../ECE423_Lab1_bsp\libhal_bsp.a(alt_irq_vars.o)
 .data          0x008148ac        0x0 ../ECE423_Lab1_bsp\libhal_bsp.a(alt_isatty.o)
 .data          0x008148ac        0x0 ../ECE423_Lab1_bsp\libhal_bsp.a(alt_load.o)
 .data          0x008148ac        0x0 ../ECE423_Lab1_bsp\libhal_bsp.a(alt_lseek.o)
 .data          0x008148ac        0x0 ../ECE423_Lab1_bsp\libhal_bsp.a(alt_main.o)
 .data          0x008148ac        0x0 ../ECE423_Lab1_bsp\libhal_bsp.a(alt_malloc_lock.o)
 .data          0x008148ac        0x0 ../ECE423_Lab1_bsp\libhal_bsp.a(alt_read.o)
 .data          0x008148ac        0x0 ../ECE423_Lab1_bsp\libhal_bsp.a(alt_release_fd.o)
 .data          0x008148ac        0x0 ../ECE423_Lab1_bsp\libhal_bsp.a(alt_sbrk.o)
 .data          0x008148ac        0x0 ../ECE423_Lab1_bsp\libhal_bsp.a(alt_write.o)
 .data          0x008148ac     0x10e0 ../ECE423_Lab1_bsp\libhal_bsp.a(alt_sys_init.o)
 .data          0x0081598c        0x0 ../ECE423_Lab1_bsp\libhal_bsp.a(altera_avalon_jtag_uart_fd.o)
 .data          0x0081598c        0x0 ../ECE423_Lab1_bsp\libhal_bsp.a(altera_avalon_jtag_uart_init.o)
 .data          0x0081598c        0x0 ../ECE423_Lab1_bsp\libhal_bsp.a(altera_avalon_jtag_uart_ioctl.o)
 .data          0x0081598c        0x0 ../ECE423_Lab1_bsp\libhal_bsp.a(altera_avalon_jtag_uart_read.o)
 .data          0x0081598c        0x0 ../ECE423_Lab1_bsp\libhal_bsp.a(altera_avalon_jtag_uart_write.o)
 .data          0x0081598c        0x0 ../ECE423_Lab1_bsp\libhal_bsp.a(altera_avalon_timer_sc.o)
 .data          0x0081598c        0x0 ../ECE423_Lab1_bsp\libhal_bsp.a(altera_up_avalon_video_pixel_buffer_dma.o)
 .data          0x0081598c        0x0 ../ECE423_Lab1_bsp\libhal_bsp.a(altera_up_sd_card_avalon_interface.o)
 .data          0x0081598c        0x0 ../ECE423_Lab1_bsp\libhal_bsp.a(alt_alarm_start.o)
 .data          0x0081598c        0x0 ../ECE423_Lab1_bsp\libhal_bsp.a(alt_dcache_flush_all.o)
 .data          0x0081598c        0x0 ../ECE423_Lab1_bsp\libhal_bsp.a(alt_dev_llist_insert.o)
 .data          0x0081598c        0x0 ../ECE423_Lab1_bsp\libhal_bsp.a(alt_do_ctors.o)
 .data          0x0081598c        0x0 ../ECE423_Lab1_bsp\libhal_bsp.a(alt_do_dtors.o)
 .data          0x0081598c        0x0 ../ECE423_Lab1_bsp\libhal_bsp.a(alt_exception_entry.o)
 .data          0x0081598c        0x0 ../ECE423_Lab1_bsp\libhal_bsp.a(alt_find_dev.o)
 .data          0x0081598c        0x0 ../ECE423_Lab1_bsp\libhal_bsp.a(alt_icache_flush_all.o)
 .data          0x0081598c        0x0 ../ECE423_Lab1_bsp\libhal_bsp.a(alt_io_redirect.o)
 .data          0x0081598c        0x0 ../ECE423_Lab1_bsp\libhal_bsp.a(alt_open.o)
 .data          0x0081598c        0x0 ../ECE423_Lab1_bsp\libhal_bsp.a(alt_tick.o)
 .data          0x0081598c        0x0 ../ECE423_Lab1_bsp\libhal_bsp.a(altera_nios2_irq.o)
 .data          0x0081598c        0x0 ../ECE423_Lab1_bsp\libhal_bsp.a(alt_find_file.o)
 .data          0x0081598c        0x0 ../ECE423_Lab1_bsp\libhal_bsp.a(alt_get_fd.o)
 .data          0x0081598c        0x0 ../ECE423_Lab1_bsp\libhal_bsp.a(alt_icache_flush.o)
 .data          0x0081598c        0x0 c:/software/altera/10.1/nios2eds/bin/gnu/h-i686-mingw32/bin/../lib/gcc/nios2-elf/4.1.2/../../../../nios2-elf/lib\libc.a(lib_a-atexit.o)
 .data          0x0081598c        0x0 c:/software/altera/10.1/nios2eds/bin/gnu/h-i686-mingw32/bin/../lib/gcc/nios2-elf/4.1.2/../../../../nios2-elf/lib\libc.a(lib_a-memcmp.o)
 .data          0x0081598c        0x0 c:/software/altera/10.1/nios2eds/bin/gnu/h-i686-mingw32/bin/../lib/gcc/nios2-elf/4.1.2/../../../../nios2-elf/lib\libc.a(lib_a-__atexit.o)
                0x0081d98c                _gp = ABSOLUTE ((. + 0x8000))
                0x0081d98c                PROVIDE (gp, _gp)
 *(.sdata .sdata.* .gnu.linkonce.s.*)
 .sdata         0x0081598c        0x8 c:/software/altera/10.1/nios2eds/bin/gnu/h-i686-mingw32/bin/../lib/gcc/nios2-elf/4.1.2/../../../../nios2-elf/lib\libc.a(lib_a-impure.o)
                0x0081598c                _impure_ptr
                0x00815990                _global_impure_ptr
 .sdata         0x00815994        0x8 c:/software/altera/10.1/nios2eds/bin/gnu/h-i686-mingw32/bin/../lib/gcc/nios2-elf/4.1.2/../../../../nios2-elf/lib\libc.a(lib_a-mallocr.o)
                0x00815994                __malloc_trim_threshold
                0x00815998                __malloc_sbrk_base
 .sdata         0x0081599c        0x8 c:/software/altera/10.1/nios2eds/bin/gnu/h-i686-mingw32/bin/../lib/gcc/nios2-elf/4.1.2/../../../../nios2-elf/lib\libc.a(lib_a-locale.o)
                0x0081599c                __mb_cur_max
 .sdata         0x008159a4       0x14 ../ECE423_Lab1_bsp\libhal_bsp.a(alt_dev.o)
                0x008159a4                alt_fs_list
                0x008159ac                alt_dev_list
                0x008159b4                alt_max_fd
 .sdata         0x008159b8        0x4 ../ECE423_Lab1_bsp\libhal_bsp.a(alt_errno.o)
                0x008159b8                alt_errno
 .sdata         0x008159bc        0x4 ../ECE423_Lab1_bsp\libhal_bsp.a(alt_irq_vars.o)
                0x008159bc                alt_priority_mask
 .sdata         0x008159c0        0x4 ../ECE423_Lab1_bsp\libhal_bsp.a(alt_sbrk.o)
 .sdata         0x008159c4        0x8 ../ECE423_Lab1_bsp\libhal_bsp.a(alt_tick.o)
                0x008159c4                alt_alarm_list
 *(.sdata2 .sdata2.* .gnu.linkonce.s2.*)
                0x008159cc                . = ALIGN (0x4)
                0x008159cc                _edata = ABSOLUTE (.)
                0x008159cc                PROVIDE (edata, ABSOLUTE (.))
                0x008159cc                PROVIDE (__ram_rwdata_end, ABSOLUTE (.))
                0x008159cc                PROVIDE (__flash_rwdata_start, LOADADDR (.rwdata))

.bss            0x008176a8      0x89c
                0x008176a8                __bss_start = ABSOLUTE (.)
                0x008176a8                PROVIDE (__sbss_start, ABSOLUTE (.))
                0x008176a8                PROVIDE (___sbss_start, ABSOLUTE (.))
 *(.dynsbss)
 *(.sbss .sbss.* .gnu.linkonce.sb.*)
 .sbss          0x008176a8        0x4 obj/main_code.o
                0x008176a8                edge_capture
 .sbss          0x008176ac       0x10 obj/sd_card.o
                0x008176ac                sectors
                0x008176b0                sd_card_curr_read_sector
                0x008176b4                sd_card_start_byte_in_sector
                0x008176b8                sd_card_sectors_num
 .sbss          0x008176bc        0xc c:/software/altera/10.1/nios2eds/bin/gnu/h-i686-mingw32/bin/../lib/gcc/nios2-elf/4.1.2/../../../../nios2-elf/lib\libc.a(lib_a-mallocr.o)
                0x008176bc                __malloc_top_pad
                0x008176c0                __malloc_max_sbrked_mem
                0x008176c4                __malloc_max_total_mem
 .sbss          0x008176c8        0x4 c:/software/altera/10.1/nios2eds/bin/gnu/h-i686-mingw32/bin/../lib/gcc/nios2-elf/4.1.2/../../../../nios2-elf/lib\libc.a(lib_a-int_errno.o)
                0x008176c8                errno
 .sbss          0x008176cc        0xc c:/software/altera/10.1/nios2eds/bin/gnu/h-i686-mingw32/bin/../lib/gcc/nios2-elf/4.1.2/../../../../nios2-elf/lib\libc.a(lib_a-locale.o)
                0x008176cc                __nlocale_changed
                0x008176d0                __mlocale_changed
                0x008176d4                _PathLocale
 .sbss          0x008176d8        0x4 ../ECE423_Lab1_bsp\libhal_bsp.a(alt_irq_vars.o)
                0x008176d8                alt_irq_active
 .sbss          0x008176dc        0xc ../ECE423_Lab1_bsp\libhal_bsp.a(alt_main.o)
                0x008176dc                alt_argc
                0x008176e0                alt_argv
                0x008176e4                alt_envp
 .sbss          0x008176e8       0x34 ../ECE423_Lab1_bsp\libhal_bsp.a(altera_up_sd_card_avalon_interface.o)
                0x008176e8                initialized
                0x008176ec                is_sd_card_formated_as_FAT16
                0x008176f0                aux_status_register
                0x008176f4                status_register
                0x008176f8                CSD_register_w0
                0x008176fc                command_register
                0x00817700                command_argument_register
                0x00817704                buffer_memory
                0x00817708                fat_partition_offset_in_512_byte_sectors
                0x0081770c                fat_partition_size_in_512_byte_sectors
                0x00817710                device_pointer
                0x00817714                current_sector_modified
                0x00817718                current_sector_index
 .sbss          0x0081771c        0x8 ../ECE423_Lab1_bsp\libhal_bsp.a(alt_tick.o)
                0x0081771c                _alt_tick_rate
                0x00817720                _alt_nticks
 *(.sbss2 .sbss2.* .gnu.linkonce.sb2.*)
 *(.scommon)
                0x00817724                PROVIDE (__sbss_end, ABSOLUTE (.))
                0x00817724                PROVIDE (___sbss_end, ABSOLUTE (.))
 *(.dynbss)
 *(.bss .bss.* .gnu.linkonce.b.*)
 .bss           0x00817724        0x0 ../ECE423_Lab1_bsp/obj/HAL/src/crt0.o
 .bss           0x00817724        0x0 obj/common/tables.o
 .bss           0x00817724        0x0 obj/common/util.o
 .bss           0x00817724        0x0 obj/decoder/idct.o
 .bss           0x00817724        0x0 obj/decoder/lossless_decode.o
 .bss           0x00817724        0x0 obj/decoder/mjpeg423_decoder.o
 .bss           0x00817724        0x0 obj/decoder/ycbcr_to_rgb.o
 .bss           0x00817724        0x0 obj/main_code.o
 .bss           0x00817724        0x0 obj/sd_card.o
 .bss           0x00817724        0x0 c:/software/altera/10.1/nios2eds/bin/gnu/h-i686-mingw32/bin/../lib/gcc/nios2-elf/4.1.2/../../../../nios2-elf/lib\libm.a(lib_a-s_ceil.o)
 .bss           0x00817724        0x0 c:/software/altera/10.1/nios2eds/bin/gnu/h-i686-mingw32/bin/../lib/gcc/nios2-elf/4.1.2\libgcc.a(_addsub_df.o)
 .bss           0x00817724        0x0 c:/software/altera/10.1/nios2eds/bin/gnu/h-i686-mingw32/bin/../lib/gcc/nios2-elf/4.1.2\libgcc.a(_mul_df.o)
 .bss           0x00817724        0x0 c:/software/altera/10.1/nios2eds/bin/gnu/h-i686-mingw32/bin/../lib/gcc/nios2-elf/4.1.2\libgcc.a(_gt_df.o)
 .bss           0x00817724        0x0 c:/software/altera/10.1/nios2eds/bin/gnu/h-i686-mingw32/bin/../lib/gcc/nios2-elf/4.1.2\libgcc.a(_df_to_si.o)
 .bss           0x00817724        0x0 c:/software/altera/10.1/nios2eds/bin/gnu/h-i686-mingw32/bin/../lib/gcc/nios2-elf/4.1.2\libgcc.a(_thenan_df.o)
 .bss           0x00817724        0x0 c:/software/altera/10.1/nios2eds/bin/gnu/h-i686-mingw32/bin/../lib/gcc/nios2-elf/4.1.2\libgcc.a(_usi_to_df.o)
 .bss           0x00817724        0x0 c:/software/altera/10.1/nios2eds/bin/gnu/h-i686-mingw32/bin/../lib/gcc/nios2-elf/4.1.2\libgcc.a(_muldi3.o)
 .bss           0x00817724        0x0 c:/software/altera/10.1/nios2eds/bin/gnu/h-i686-mingw32/bin/../lib/gcc/nios2-elf/4.1.2\libgcc.a(_clzsi2.o)
 .bss           0x00817724        0x0 c:/software/altera/10.1/nios2eds/bin/gnu/h-i686-mingw32/bin/../lib/gcc/nios2-elf/4.1.2\libgcc.a(_pack_df.o)
 .bss           0x00817724        0x0 c:/software/altera/10.1/nios2eds/bin/gnu/h-i686-mingw32/bin/../lib/gcc/nios2-elf/4.1.2\libgcc.a(_unpack_df.o)
 .bss           0x00817724        0x0 c:/software/altera/10.1/nios2eds/bin/gnu/h-i686-mingw32/bin/../lib/gcc/nios2-elf/4.1.2\libgcc.a(_fpcmp_parts_df.o)
 .bss           0x00817724        0x0 c:/software/altera/10.1/nios2eds/bin/gnu/h-i686-mingw32/bin/../lib/gcc/nios2-elf/4.1.2\libgcc.a(_clz.o)
 .bss           0x00817724        0x0 c:/software/altera/10.1/nios2eds/bin/gnu/h-i686-mingw32/bin/../lib/gcc/nios2-elf/4.1.2/../../../../nios2-elf/lib\libc.a(lib_a-exit.o)
 .bss           0x00817724        0x0 c:/software/altera/10.1/nios2eds/bin/gnu/h-i686-mingw32/bin/../lib/gcc/nios2-elf/4.1.2/../../../../nios2-elf/lib\libc.a(lib_a-getc.o)
 .bss           0x00817724        0x0 c:/software/altera/10.1/nios2eds/bin/gnu/h-i686-mingw32/bin/../lib/gcc/nios2-elf/4.1.2/../../../../nios2-elf/lib\libc.a(lib_a-impure.o)
 .bss           0x00817724        0x0 c:/software/altera/10.1/nios2eds/bin/gnu/h-i686-mingw32/bin/../lib/gcc/nios2-elf/4.1.2/../../../../nios2-elf/lib\libc.a(lib_a-malloc.o)
 .bss           0x00817724       0x28 c:/software/altera/10.1/nios2eds/bin/gnu/h-i686-mingw32/bin/../lib/gcc/nios2-elf/4.1.2/../../../../nios2-elf/lib\libc.a(lib_a-mallocr.o)
                0x00817724                __malloc_current_mallinfo
 .bss           0x0081774c        0x0 c:/software/altera/10.1/nios2eds/bin/gnu/h-i686-mingw32/bin/../lib/gcc/nios2-elf/4.1.2/../../../../nios2-elf/lib\libc.a(lib_a-memcpy.o)
 .bss           0x0081774c        0x0 c:/software/altera/10.1/nios2eds/bin/gnu/h-i686-mingw32/bin/../lib/gcc/nios2-elf/4.1.2/../../../../nios2-elf/lib\libc.a(lib_a-printf.o)
 .bss           0x0081774c        0x0 c:/software/altera/10.1/nios2eds/bin/gnu/h-i686-mingw32/bin/../lib/gcc/nios2-elf/4.1.2/../../../../nios2-elf/lib\libc.a(lib_a-putchar.o)
 .bss           0x0081774c        0x0 c:/software/altera/10.1/nios2eds/bin/gnu/h-i686-mingw32/bin/../lib/gcc/nios2-elf/4.1.2/../../../../nios2-elf/lib\libc.a(lib_a-puts.o)
 .bss           0x0081774c        0x0 c:/software/altera/10.1/nios2eds/bin/gnu/h-i686-mingw32/bin/../lib/gcc/nios2-elf/4.1.2/../../../../nios2-elf/lib\libc.a(lib_a-rget.o)
 .bss           0x0081774c        0x0 c:/software/altera/10.1/nios2eds/bin/gnu/h-i686-mingw32/bin/../lib/gcc/nios2-elf/4.1.2/../../../../nios2-elf/lib\libc.a(lib_a-sbrkr.o)
 .bss           0x0081774c        0x0 c:/software/altera/10.1/nios2eds/bin/gnu/h-i686-mingw32/bin/../lib/gcc/nios2-elf/4.1.2/../../../../nios2-elf/lib\libc.a(lib_a-strlen.o)
 .bss           0x0081774c        0x0 c:/software/altera/10.1/nios2eds/bin/gnu/h-i686-mingw32/bin/../lib/gcc/nios2-elf/4.1.2/../../../../nios2-elf/lib\libc.a(lib_a-vfprintf.o)
 .bss           0x0081774c        0x0 c:/software/altera/10.1/nios2eds/bin/gnu/h-i686-mingw32/bin/../lib/gcc/nios2-elf/4.1.2/../../../../nios2-elf/lib\libc.a(lib_a-wsetup.o)
 .bss           0x0081774c        0x0 c:/software/altera/10.1/nios2eds/bin/gnu/h-i686-mingw32/bin/../lib/gcc/nios2-elf/4.1.2/../../../../nios2-elf/lib\libc.a(lib_a-__call_atexit.o)
 .bss           0x0081774c        0x0 c:/software/altera/10.1/nios2eds/bin/gnu/h-i686-mingw32/bin/../lib/gcc/nios2-elf/4.1.2/../../../../nios2-elf/lib\libc.a(lib_a-dtoa.o)
 .bss           0x0081774c        0x0 c:/software/altera/10.1/nios2eds/bin/gnu/h-i686-mingw32/bin/../lib/gcc/nios2-elf/4.1.2/../../../../nios2-elf/lib\libc.a(lib_a-fflush.o)
 .bss           0x0081774c        0x0 c:/software/altera/10.1/nios2eds/bin/gnu/h-i686-mingw32/bin/../lib/gcc/nios2-elf/4.1.2/../../../../nios2-elf/lib\libc.a(lib_a-findfp.o)
 .bss           0x0081774c        0x0 c:/software/altera/10.1/nios2eds/bin/gnu/h-i686-mingw32/bin/../lib/gcc/nios2-elf/4.1.2/../../../../nios2-elf/lib\libc.a(lib_a-freer.o)
 .bss           0x0081774c        0x0 c:/software/altera/10.1/nios2eds/bin/gnu/h-i686-mingw32/bin/../lib/gcc/nios2-elf/4.1.2/../../../../nios2-elf/lib\libc.a(lib_a-fvwrite.o)
 .bss           0x0081774c        0x0 c:/software/altera/10.1/nios2eds/bin/gnu/h-i686-mingw32/bin/../lib/gcc/nios2-elf/4.1.2/../../../../nios2-elf/lib\libc.a(lib_a-fwalk.o)
 .bss           0x0081774c        0x0 c:/software/altera/10.1/nios2eds/bin/gnu/h-i686-mingw32/bin/../lib/gcc/nios2-elf/4.1.2/../../../../nios2-elf/lib\libc.a(lib_a-int_errno.o)
 .bss           0x0081774c        0x0 c:/software/altera/10.1/nios2eds/bin/gnu/h-i686-mingw32/bin/../lib/gcc/nios2-elf/4.1.2/../../../../nios2-elf/lib\libc.a(lib_a-locale.o)
 .bss           0x0081774c        0x0 c:/software/altera/10.1/nios2eds/bin/gnu/h-i686-mingw32/bin/../lib/gcc/nios2-elf/4.1.2/../../../../nios2-elf/lib\libc.a(lib_a-makebuf.o)
 .bss           0x0081774c        0x0 c:/software/altera/10.1/nios2eds/bin/gnu/h-i686-mingw32/bin/../lib/gcc/nios2-elf/4.1.2/../../../../nios2-elf/lib\libc.a(lib_a-memchr.o)
 .bss           0x0081774c        0x0 c:/software/altera/10.1/nios2eds/bin/gnu/h-i686-mingw32/bin/../lib/gcc/nios2-elf/4.1.2/../../../../nios2-elf/lib\libc.a(lib_a-memmove.o)
 .bss           0x0081774c        0x0 c:/software/altera/10.1/nios2eds/bin/gnu/h-i686-mingw32/bin/../lib/gcc/nios2-elf/4.1.2/../../../../nios2-elf/lib\libc.a(lib_a-memset.o)
 .bss           0x0081774c        0x0 c:/software/altera/10.1/nios2eds/bin/gnu/h-i686-mingw32/bin/../lib/gcc/nios2-elf/4.1.2/../../../../nios2-elf/lib\libc.a(lib_a-mprec.o)
 .bss           0x0081774c        0x0 c:/software/altera/10.1/nios2eds/bin/gnu/h-i686-mingw32/bin/../lib/gcc/nios2-elf/4.1.2/../../../../nios2-elf/lib\libc.a(lib_a-putc.o)
 .bss           0x0081774c        0x0 c:/software/altera/10.1/nios2eds/bin/gnu/h-i686-mingw32/bin/../lib/gcc/nios2-elf/4.1.2/../../../../nios2-elf/lib\libc.a(lib_a-reallocr.o)
 .bss           0x0081774c        0x0 c:/software/altera/10.1/nios2eds/bin/gnu/h-i686-mingw32/bin/../lib/gcc/nios2-elf/4.1.2/../../../../nios2-elf/lib\libc.a(lib_a-refill.o)
 .bss           0x0081774c        0x0 c:/software/altera/10.1/nios2eds/bin/gnu/h-i686-mingw32/bin/../lib/gcc/nios2-elf/4.1.2/../../../../nios2-elf/lib\libc.a(lib_a-s_isinfd.o)
 .bss           0x0081774c        0x0 c:/software/altera/10.1/nios2eds/bin/gnu/h-i686-mingw32/bin/../lib/gcc/nios2-elf/4.1.2/../../../../nios2-elf/lib\libc.a(lib_a-s_isnand.o)
 .bss           0x0081774c        0x0 c:/software/altera/10.1/nios2eds/bin/gnu/h-i686-mingw32/bin/../lib/gcc/nios2-elf/4.1.2/../../../../nios2-elf/lib\libc.a(lib_a-stdio.o)
 .bss           0x0081774c        0x0 c:/software/altera/10.1/nios2eds/bin/gnu/h-i686-mingw32/bin/../lib/gcc/nios2-elf/4.1.2/../../../../nios2-elf/lib\libc.a(lib_a-strcmp.o)
 .bss           0x0081774c        0x0 c:/software/altera/10.1/nios2eds/bin/gnu/h-i686-mingw32/bin/../lib/gcc/nios2-elf/4.1.2/../../../../nios2-elf/lib\libc.a(lib_a-wbuf.o)
 .bss           0x0081774c        0x0 c:/software/altera/10.1/nios2eds/bin/gnu/h-i686-mingw32/bin/../lib/gcc/nios2-elf/4.1.2/../../../../nios2-elf/lib\libc.a(lib_a-writer.o)
 .bss           0x0081774c        0x0 c:/software/altera/10.1/nios2eds/bin/gnu/h-i686-mingw32/bin/../lib/gcc/nios2-elf/4.1.2/../../../../nios2-elf/lib\libc.a(lib_a-callocr.o)
 .bss           0x0081774c        0x0 c:/software/altera/10.1/nios2eds/bin/gnu/h-i686-mingw32/bin/../lib/gcc/nios2-elf/4.1.2/../../../../nios2-elf/lib\libc.a(lib_a-closer.o)
 .bss           0x0081774c        0x0 c:/software/altera/10.1/nios2eds/bin/gnu/h-i686-mingw32/bin/../lib/gcc/nios2-elf/4.1.2/../../../../nios2-elf/lib\libc.a(lib_a-fclose.o)
 .bss           0x0081774c        0x0 c:/software/altera/10.1/nios2eds/bin/gnu/h-i686-mingw32/bin/../lib/gcc/nios2-elf/4.1.2/../../../../nios2-elf/lib\libc.a(lib_a-fstatr.o)
 .bss           0x0081774c        0x0 c:/software/altera/10.1/nios2eds/bin/gnu/h-i686-mingw32/bin/../lib/gcc/nios2-elf/4.1.2/../../../../nios2-elf/lib\libc.a(lib_a-isattyr.o)
 .bss           0x0081774c        0x0 c:/software/altera/10.1/nios2eds/bin/gnu/h-i686-mingw32/bin/../lib/gcc/nios2-elf/4.1.2/../../../../nios2-elf/lib\libc.a(lib_a-lseekr.o)
 .bss           0x0081774c        0x0 c:/software/altera/10.1/nios2eds/bin/gnu/h-i686-mingw32/bin/../lib/gcc/nios2-elf/4.1.2/../../../../nios2-elf/lib\libc.a(lib_a-readr.o)
 .bss           0x0081774c        0x0 c:/software/altera/10.1/nios2eds/bin/gnu/h-i686-mingw32/bin/../lib/gcc/nios2-elf/4.1.2\libgcc.a(_udivdi3.o)
 .bss           0x0081774c        0x0 c:/software/altera/10.1/nios2eds/bin/gnu/h-i686-mingw32/bin/../lib/gcc/nios2-elf/4.1.2\libgcc.a(_umoddi3.o)
 .bss           0x0081774c        0x0 c:/software/altera/10.1/nios2eds/bin/gnu/h-i686-mingw32/bin/../lib/gcc/nios2-elf/4.1.2\libgcc.a(_div_df.o)
 .bss           0x0081774c        0x0 c:/software/altera/10.1/nios2eds/bin/gnu/h-i686-mingw32/bin/../lib/gcc/nios2-elf/4.1.2\libgcc.a(_eq_df.o)
 .bss           0x0081774c        0x0 c:/software/altera/10.1/nios2eds/bin/gnu/h-i686-mingw32/bin/../lib/gcc/nios2-elf/4.1.2\libgcc.a(_ne_df.o)
 .bss           0x0081774c        0x0 c:/software/altera/10.1/nios2eds/bin/gnu/h-i686-mingw32/bin/../lib/gcc/nios2-elf/4.1.2\libgcc.a(_ge_df.o)
 .bss           0x0081774c        0x0 c:/software/altera/10.1/nios2eds/bin/gnu/h-i686-mingw32/bin/../lib/gcc/nios2-elf/4.1.2\libgcc.a(_lt_df.o)
 .bss           0x0081774c        0x0 c:/software/altera/10.1/nios2eds/bin/gnu/h-i686-mingw32/bin/../lib/gcc/nios2-elf/4.1.2\libgcc.a(_si_to_df.o)
 .bss           0x0081774c        0x0 c:/software/altera/10.1/nios2eds/bin/gnu/h-i686-mingw32/bin/../lib/gcc/nios2-elf/4.1.2\libgcc.a(lib2-divmod.o)
 .bss           0x0081774c        0x0 ../ECE423_Lab1_bsp\libhal_bsp.a(alt_close.o)
 .bss           0x0081774c        0x0 ../ECE423_Lab1_bsp\libhal_bsp.a(alt_dev.o)
 .bss           0x0081774c        0x0 ../ECE423_Lab1_bsp\libhal_bsp.a(alt_errno.o)
 .bss           0x0081774c        0x0 ../ECE423_Lab1_bsp\libhal_bsp.a(alt_exit.o)
 .bss           0x0081774c        0x0 ../ECE423_Lab1_bsp\libhal_bsp.a(alt_fstat.o)
 .bss           0x0081774c        0x0 ../ECE423_Lab1_bsp\libhal_bsp.a(alt_iic.o)
 .bss           0x0081774c        0x0 ../ECE423_Lab1_bsp\libhal_bsp.a(alt_iic_isr_register.o)
 .bss           0x0081774c        0x0 ../ECE423_Lab1_bsp\libhal_bsp.a(alt_irq_entry.o)
 .bss           0x0081774c        0x0 ../ECE423_Lab1_bsp\libhal_bsp.a(alt_irq_handler.o)
 .bss           0x0081774c        0x0 ../ECE423_Lab1_bsp\libhal_bsp.a(alt_irq_vars.o)
 .bss           0x0081774c        0x0 ../ECE423_Lab1_bsp\libhal_bsp.a(alt_isatty.o)
 .bss           0x0081774c        0x0 ../ECE423_Lab1_bsp\libhal_bsp.a(alt_load.o)
 .bss           0x0081774c        0x0 ../ECE423_Lab1_bsp\libhal_bsp.a(alt_lseek.o)
 .bss           0x0081774c        0x0 ../ECE423_Lab1_bsp\libhal_bsp.a(alt_main.o)
 .bss           0x0081774c        0x0 ../ECE423_Lab1_bsp\libhal_bsp.a(alt_malloc_lock.o)
 .bss           0x0081774c        0x0 ../ECE423_Lab1_bsp\libhal_bsp.a(alt_read.o)
 .bss           0x0081774c        0x0 ../ECE423_Lab1_bsp\libhal_bsp.a(alt_release_fd.o)
 .bss           0x0081774c        0x0 ../ECE423_Lab1_bsp\libhal_bsp.a(alt_sbrk.o)
 .bss           0x0081774c        0x0 ../ECE423_Lab1_bsp\libhal_bsp.a(alt_write.o)
 .bss           0x0081774c        0x0 ../ECE423_Lab1_bsp\libhal_bsp.a(alt_sys_init.o)
 .bss           0x0081774c        0x0 ../ECE423_Lab1_bsp\libhal_bsp.a(altera_avalon_jtag_uart_fd.o)
 .bss           0x0081774c        0x0 ../ECE423_Lab1_bsp\libhal_bsp.a(altera_avalon_jtag_uart_init.o)
 .bss           0x0081774c        0x0 ../ECE423_Lab1_bsp\libhal_bsp.a(altera_avalon_jtag_uart_ioctl.o)
 .bss           0x0081774c        0x0 ../ECE423_Lab1_bsp\libhal_bsp.a(altera_avalon_jtag_uart_read.o)
 .bss           0x0081774c        0x0 ../ECE423_Lab1_bsp\libhal_bsp.a(altera_avalon_jtag_uart_write.o)
 .bss           0x0081774c        0x0 ../ECE423_Lab1_bsp\libhal_bsp.a(altera_avalon_timer_sc.o)
 .bss           0x0081774c        0x0 ../ECE423_Lab1_bsp\libhal_bsp.a(altera_up_avalon_video_pixel_buffer_dma.o)
 .bss           0x0081774c        0x0 ../ECE423_Lab1_bsp\libhal_bsp.a(altera_up_sd_card_avalon_interface.o)
 .bss           0x0081774c        0x0 ../ECE423_Lab1_bsp\libhal_bsp.a(alt_alarm_start.o)
 .bss           0x0081774c        0x0 ../ECE423_Lab1_bsp\libhal_bsp.a(alt_dcache_flush_all.o)
 .bss           0x0081774c        0x0 ../ECE423_Lab1_bsp\libhal_bsp.a(alt_dev_llist_insert.o)
 .bss           0x0081774c        0x0 ../ECE423_Lab1_bsp\libhal_bsp.a(alt_do_ctors.o)
 .bss           0x0081774c        0x0 ../ECE423_Lab1_bsp\libhal_bsp.a(alt_do_dtors.o)
 .bss           0x0081774c        0x0 ../ECE423_Lab1_bsp\libhal_bsp.a(alt_exception_entry.o)
 .bss           0x0081774c        0x0 ../ECE423_Lab1_bsp\libhal_bsp.a(alt_find_dev.o)
 .bss           0x0081774c        0x0 ../ECE423_Lab1_bsp\libhal_bsp.a(alt_icache_flush_all.o)
 .bss           0x0081774c        0x0 ../ECE423_Lab1_bsp\libhal_bsp.a(alt_io_redirect.o)
 .bss           0x0081774c        0x0 ../ECE423_Lab1_bsp\libhal_bsp.a(alt_open.o)
 .bss           0x0081774c        0x0 ../ECE423_Lab1_bsp\libhal_bsp.a(alt_tick.o)
 .bss           0x0081774c        0x0 ../ECE423_Lab1_bsp\libhal_bsp.a(altera_nios2_irq.o)
 .bss           0x0081774c        0x0 ../ECE423_Lab1_bsp\libhal_bsp.a(alt_find_file.o)
 .bss           0x0081774c        0x0 ../ECE423_Lab1_bsp\libhal_bsp.a(alt_get_fd.o)
 .bss           0x0081774c        0x0 ../ECE423_Lab1_bsp\libhal_bsp.a(alt_icache_flush.o)
 .bss           0x0081774c        0x0 c:/software/altera/10.1/nios2eds/bin/gnu/h-i686-mingw32/bin/../lib/gcc/nios2-elf/4.1.2/../../../../nios2-elf/lib\libc.a(lib_a-atexit.o)
 .bss           0x0081774c        0x0 c:/software/altera/10.1/nios2eds/bin/gnu/h-i686-mingw32/bin/../lib/gcc/nios2-elf/4.1.2/../../../../nios2-elf/lib\libc.a(lib_a-memcmp.o)
 .bss           0x0081774c        0x0 c:/software/altera/10.1/nios2eds/bin/gnu/h-i686-mingw32/bin/../lib/gcc/nios2-elf/4.1.2/../../../../nios2-elf/lib\libc.a(lib_a-__atexit.o)
 *(COMMON)
 COMMON         0x0081774c      0x100 ../ECE423_Lab1_bsp\libhal_bsp.a(alt_irq_handler.o)
                0x0081774c                alt_irq
 COMMON         0x0081784c      0x568 ../ECE423_Lab1_bsp\libhal_bsp.a(altera_up_sd_card_avalon_interface.o)
                0x0081784c                search_data
                0x00817860                boot_sector_data
                0x008178b4                active_files
 COMMON         0x00817db4      0x190 c:/software/altera/10.1/nios2eds/bin/gnu/h-i686-mingw32/bin/../lib/gcc/nios2-elf/4.1.2/../../../../nios2-elf/lib\libc.a(lib_a-atexit.o)
                0x00817db4                _atexit0
                0x00817f44                . = ALIGN (0x4)
                0x00817f44                __bss_end = ABSOLUTE (.)

.sdram_0        0x00817f44        0x0
                0x00817f44                PROVIDE (_alt_partition_sdram_0_start, ABSOLUTE (.))
 *(.sdram_0. sdram_0.*)
                0x00817f44                . = ALIGN (0x4)
                0x00817f44                PROVIDE (_alt_partition_sdram_0_end, ABSOLUTE (.))
                0x00817f44                _end = ABSOLUTE (.)
                0x00817f44                end = ABSOLUTE (.)
                0x00817f44                __alt_stack_base = ABSOLUTE (.)
                0x00817f44                PROVIDE (_alt_partition_sdram_0_load_addr, LOADADDR (.sdram_0))

.stab
 *(.stab)

.stabstr
 *(.stabstr)

.stab.excl
 *(.stab.excl)

.stab.exclstr
 *(.stab.exclstr)

.stab.index
 *(.stab.index)

.stab.indexstr
 *(.stab.indexstr)

.comment        0x00000000       0x23
 *(.comment)
 .comment       0x00000000       0x23 obj/common/tables.o
                                 0x24 (size before relaxing)
 .comment       0x00000000       0x24 obj/common/util.o
 .comment       0x00000000       0x24 obj/decoder/idct.o
 .comment       0x00000000       0x24 obj/decoder/lossless_decode.o
 .comment       0x00000000       0x24 obj/decoder/mjpeg423_decoder.o
 .comment       0x00000000       0x24 obj/decoder/ycbcr_to_rgb.o
 .comment       0x00000000       0x24 obj/main_code.o
 .comment       0x00000000       0x24 obj/sd_card.o
 .comment       0x00000000       0x24 c:/software/altera/10.1/nios2eds/bin/gnu/h-i686-mingw32/bin/../lib/gcc/nios2-elf/4.1.2/../../../../nios2-elf/lib\libm.a(lib_a-s_ceil.o)
 .comment       0x00000000       0x24 c:/software/altera/10.1/nios2eds/bin/gnu/h-i686-mingw32/bin/../lib/gcc/nios2-elf/4.1.2\libgcc.a(_addsub_df.o)
 .comment       0x00000000       0x24 c:/software/altera/10.1/nios2eds/bin/gnu/h-i686-mingw32/bin/../lib/gcc/nios2-elf/4.1.2\libgcc.a(_mul_df.o)
 .comment       0x00000000       0x24 c:/software/altera/10.1/nios2eds/bin/gnu/h-i686-mingw32/bin/../lib/gcc/nios2-elf/4.1.2\libgcc.a(_gt_df.o)
 .comment       0x00000000       0x24 c:/software/altera/10.1/nios2eds/bin/gnu/h-i686-mingw32/bin/../lib/gcc/nios2-elf/4.1.2\libgcc.a(_df_to_si.o)
 .comment       0x00000000       0x24 c:/software/altera/10.1/nios2eds/bin/gnu/h-i686-mingw32/bin/../lib/gcc/nios2-elf/4.1.2\libgcc.a(_thenan_df.o)
 .comment       0x00000000       0x24 c:/software/altera/10.1/nios2eds/bin/gnu/h-i686-mingw32/bin/../lib/gcc/nios2-elf/4.1.2\libgcc.a(_usi_to_df.o)
 .comment       0x00000000       0x24 c:/software/altera/10.1/nios2eds/bin/gnu/h-i686-mingw32/bin/../lib/gcc/nios2-elf/4.1.2\libgcc.a(_muldi3.o)
 .comment       0x00000000       0x24 c:/software/altera/10.1/nios2eds/bin/gnu/h-i686-mingw32/bin/../lib/gcc/nios2-elf/4.1.2\libgcc.a(_clzsi2.o)
 .comment       0x00000000       0x24 c:/software/altera/10.1/nios2eds/bin/gnu/h-i686-mingw32/bin/../lib/gcc/nios2-elf/4.1.2\libgcc.a(_pack_df.o)
 .comment       0x00000000       0x24 c:/software/altera/10.1/nios2eds/bin/gnu/h-i686-mingw32/bin/../lib/gcc/nios2-elf/4.1.2\libgcc.a(_unpack_df.o)
 .comment       0x00000000       0x24 c:/software/altera/10.1/nios2eds/bin/gnu/h-i686-mingw32/bin/../lib/gcc/nios2-elf/4.1.2\libgcc.a(_fpcmp_parts_df.o)
 .comment       0x00000000       0x24 c:/software/altera/10.1/nios2eds/bin/gnu/h-i686-mingw32/bin/../lib/gcc/nios2-elf/4.1.2\libgcc.a(_clz.o)
 .comment       0x00000000       0x24 c:/software/altera/10.1/nios2eds/bin/gnu/h-i686-mingw32/bin/../lib/gcc/nios2-elf/4.1.2/../../../../nios2-elf/lib\libc.a(lib_a-exit.o)
 .comment       0x00000000       0x24 c:/software/altera/10.1/nios2eds/bin/gnu/h-i686-mingw32/bin/../lib/gcc/nios2-elf/4.1.2/../../../../nios2-elf/lib\libc.a(lib_a-getc.o)
 .comment       0x00000000       0x24 c:/software/altera/10.1/nios2eds/bin/gnu/h-i686-mingw32/bin/../lib/gcc/nios2-elf/4.1.2/../../../../nios2-elf/lib\libc.a(lib_a-impure.o)
 .comment       0x00000000       0x24 c:/software/altera/10.1/nios2eds/bin/gnu/h-i686-mingw32/bin/../lib/gcc/nios2-elf/4.1.2/../../../../nios2-elf/lib\libc.a(lib_a-malloc.o)
 .comment       0x00000000       0x24 c:/software/altera/10.1/nios2eds/bin/gnu/h-i686-mingw32/bin/../lib/gcc/nios2-elf/4.1.2/../../../../nios2-elf/lib\libc.a(lib_a-mallocr.o)
 .comment       0x00000000       0x24 c:/software/altera/10.1/nios2eds/bin/gnu/h-i686-mingw32/bin/../lib/gcc/nios2-elf/4.1.2/../../../../nios2-elf/lib\libc.a(lib_a-memcpy.o)
 .comment       0x00000000       0x24 c:/software/altera/10.1/nios2eds/bin/gnu/h-i686-mingw32/bin/../lib/gcc/nios2-elf/4.1.2/../../../../nios2-elf/lib\libc.a(lib_a-printf.o)
 .comment       0x00000000       0x24 c:/software/altera/10.1/nios2eds/bin/gnu/h-i686-mingw32/bin/../lib/gcc/nios2-elf/4.1.2/../../../../nios2-elf/lib\libc.a(lib_a-putchar.o)
 .comment       0x00000000       0x24 c:/software/altera/10.1/nios2eds/bin/gnu/h-i686-mingw32/bin/../lib/gcc/nios2-elf/4.1.2/../../../../nios2-elf/lib\libc.a(lib_a-puts.o)
 .comment       0x00000000       0x24 c:/software/altera/10.1/nios2eds/bin/gnu/h-i686-mingw32/bin/../lib/gcc/nios2-elf/4.1.2/../../../../nios2-elf/lib\libc.a(lib_a-rget.o)
 .comment       0x00000000       0x24 c:/software/altera/10.1/nios2eds/bin/gnu/h-i686-mingw32/bin/../lib/gcc/nios2-elf/4.1.2/../../../../nios2-elf/lib\libc.a(lib_a-sbrkr.o)
 .comment       0x00000000       0x24 c:/software/altera/10.1/nios2eds/bin/gnu/h-i686-mingw32/bin/../lib/gcc/nios2-elf/4.1.2/../../../../nios2-elf/lib\libc.a(lib_a-strlen.o)
 .comment       0x00000000       0x24 c:/software/altera/10.1/nios2eds/bin/gnu/h-i686-mingw32/bin/../lib/gcc/nios2-elf/4.1.2/../../../../nios2-elf/lib\libc.a(lib_a-vfprintf.o)
 .comment       0x00000000       0x24 c:/software/altera/10.1/nios2eds/bin/gnu/h-i686-mingw32/bin/../lib/gcc/nios2-elf/4.1.2/../../../../nios2-elf/lib\libc.a(lib_a-wsetup.o)
 .comment       0x00000000       0x24 c:/software/altera/10.1/nios2eds/bin/gnu/h-i686-mingw32/bin/../lib/gcc/nios2-elf/4.1.2/../../../../nios2-elf/lib\libc.a(lib_a-__call_atexit.o)
 .comment       0x00000000       0x24 c:/software/altera/10.1/nios2eds/bin/gnu/h-i686-mingw32/bin/../lib/gcc/nios2-elf/4.1.2/../../../../nios2-elf/lib\libc.a(lib_a-dtoa.o)
 .comment       0x00000000       0x24 c:/software/altera/10.1/nios2eds/bin/gnu/h-i686-mingw32/bin/../lib/gcc/nios2-elf/4.1.2/../../../../nios2-elf/lib\libc.a(lib_a-fflush.o)
 .comment       0x00000000       0x24 c:/software/altera/10.1/nios2eds/bin/gnu/h-i686-mingw32/bin/../lib/gcc/nios2-elf/4.1.2/../../../../nios2-elf/lib\libc.a(lib_a-findfp.o)
 .comment       0x00000000       0x24 c:/software/altera/10.1/nios2eds/bin/gnu/h-i686-mingw32/bin/../lib/gcc/nios2-elf/4.1.2/../../../../nios2-elf/lib\libc.a(lib_a-freer.o)
 .comment       0x00000000       0x24 c:/software/altera/10.1/nios2eds/bin/gnu/h-i686-mingw32/bin/../lib/gcc/nios2-elf/4.1.2/../../../../nios2-elf/lib\libc.a(lib_a-fvwrite.o)
 .comment       0x00000000       0x24 c:/software/altera/10.1/nios2eds/bin/gnu/h-i686-mingw32/bin/../lib/gcc/nios2-elf/4.1.2/../../../../nios2-elf/lib\libc.a(lib_a-fwalk.o)
 .comment       0x00000000       0x24 c:/software/altera/10.1/nios2eds/bin/gnu/h-i686-mingw32/bin/../lib/gcc/nios2-elf/4.1.2/../../../../nios2-elf/lib\libc.a(lib_a-int_errno.o)
 .comment       0x00000000       0x24 c:/software/altera/10.1/nios2eds/bin/gnu/h-i686-mingw32/bin/../lib/gcc/nios2-elf/4.1.2/../../../../nios2-elf/lib\libc.a(lib_a-locale.o)
 .comment       0x00000000       0x24 c:/software/altera/10.1/nios2eds/bin/gnu/h-i686-mingw32/bin/../lib/gcc/nios2-elf/4.1.2/../../../../nios2-elf/lib\libc.a(lib_a-makebuf.o)
 .comment       0x00000000       0x24 c:/software/altera/10.1/nios2eds/bin/gnu/h-i686-mingw32/bin/../lib/gcc/nios2-elf/4.1.2/../../../../nios2-elf/lib\libc.a(lib_a-memchr.o)
 .comment       0x00000000       0x24 c:/software/altera/10.1/nios2eds/bin/gnu/h-i686-mingw32/bin/../lib/gcc/nios2-elf/4.1.2/../../../../nios2-elf/lib\libc.a(lib_a-memmove.o)
 .comment       0x00000000       0x24 c:/software/altera/10.1/nios2eds/bin/gnu/h-i686-mingw32/bin/../lib/gcc/nios2-elf/4.1.2/../../../../nios2-elf/lib\libc.a(lib_a-memset.o)
 .comment       0x00000000       0x24 c:/software/altera/10.1/nios2eds/bin/gnu/h-i686-mingw32/bin/../lib/gcc/nios2-elf/4.1.2/../../../../nios2-elf/lib\libc.a(lib_a-mprec.o)
 .comment       0x00000000       0x24 c:/software/altera/10.1/nios2eds/bin/gnu/h-i686-mingw32/bin/../lib/gcc/nios2-elf/4.1.2/../../../../nios2-elf/lib\libc.a(lib_a-putc.o)
 .comment       0x00000000       0x24 c:/software/altera/10.1/nios2eds/bin/gnu/h-i686-mingw32/bin/../lib/gcc/nios2-elf/4.1.2/../../../../nios2-elf/lib\libc.a(lib_a-reallocr.o)
 .comment       0x00000000       0x24 c:/software/altera/10.1/nios2eds/bin/gnu/h-i686-mingw32/bin/../lib/gcc/nios2-elf/4.1.2/../../../../nios2-elf/lib\libc.a(lib_a-refill.o)
 .comment       0x00000000       0x24 c:/software/altera/10.1/nios2eds/bin/gnu/h-i686-mingw32/bin/../lib/gcc/nios2-elf/4.1.2/../../../../nios2-elf/lib\libc.a(lib_a-s_isinfd.o)
 .comment       0x00000000       0x24 c:/software/altera/10.1/nios2eds/bin/gnu/h-i686-mingw32/bin/../lib/gcc/nios2-elf/4.1.2/../../../../nios2-elf/lib\libc.a(lib_a-s_isnand.o)
 .comment       0x00000000       0x24 c:/software/altera/10.1/nios2eds/bin/gnu/h-i686-mingw32/bin/../lib/gcc/nios2-elf/4.1.2/../../../../nios2-elf/lib\libc.a(lib_a-stdio.o)
 .comment       0x00000000       0x24 c:/software/altera/10.1/nios2eds/bin/gnu/h-i686-mingw32/bin/../lib/gcc/nios2-elf/4.1.2/../../../../nios2-elf/lib\libc.a(lib_a-strcmp.o)
 .comment       0x00000000       0x24 c:/software/altera/10.1/nios2eds/bin/gnu/h-i686-mingw32/bin/../lib/gcc/nios2-elf/4.1.2/../../../../nios2-elf/lib\libc.a(lib_a-wbuf.o)
 .comment       0x00000000       0x24 c:/software/altera/10.1/nios2eds/bin/gnu/h-i686-mingw32/bin/../lib/gcc/nios2-elf/4.1.2/../../../../nios2-elf/lib\libc.a(lib_a-writer.o)
 .comment       0x00000000       0x24 c:/software/altera/10.1/nios2eds/bin/gnu/h-i686-mingw32/bin/../lib/gcc/nios2-elf/4.1.2/../../../../nios2-elf/lib\libc.a(lib_a-callocr.o)
 .comment       0x00000000       0x24 c:/software/altera/10.1/nios2eds/bin/gnu/h-i686-mingw32/bin/../lib/gcc/nios2-elf/4.1.2/../../../../nios2-elf/lib\libc.a(lib_a-closer.o)
 .comment       0x00000000       0x24 c:/software/altera/10.1/nios2eds/bin/gnu/h-i686-mingw32/bin/../lib/gcc/nios2-elf/4.1.2/../../../../nios2-elf/lib\libc.a(lib_a-fclose.o)
 .comment       0x00000000       0x24 c:/software/altera/10.1/nios2eds/bin/gnu/h-i686-mingw32/bin/../lib/gcc/nios2-elf/4.1.2/../../../../nios2-elf/lib\libc.a(lib_a-fstatr.o)
 .comment       0x00000000       0x24 c:/software/altera/10.1/nios2eds/bin/gnu/h-i686-mingw32/bin/../lib/gcc/nios2-elf/4.1.2/../../../../nios2-elf/lib\libc.a(lib_a-isattyr.o)
 .comment       0x00000000       0x24 c:/software/altera/10.1/nios2eds/bin/gnu/h-i686-mingw32/bin/../lib/gcc/nios2-elf/4.1.2/../../../../nios2-elf/lib\libc.a(lib_a-lseekr.o)
 .comment       0x00000000       0x24 c:/software/altera/10.1/nios2eds/bin/gnu/h-i686-mingw32/bin/../lib/gcc/nios2-elf/4.1.2/../../../../nios2-elf/lib\libc.a(lib_a-readr.o)
 .comment       0x00000000       0x24 c:/software/altera/10.1/nios2eds/bin/gnu/h-i686-mingw32/bin/../lib/gcc/nios2-elf/4.1.2\libgcc.a(_udivdi3.o)
 .comment       0x00000000       0x24 c:/software/altera/10.1/nios2eds/bin/gnu/h-i686-mingw32/bin/../lib/gcc/nios2-elf/4.1.2\libgcc.a(_umoddi3.o)
 .comment       0x00000000       0x24 c:/software/altera/10.1/nios2eds/bin/gnu/h-i686-mingw32/bin/../lib/gcc/nios2-elf/4.1.2\libgcc.a(_div_df.o)
 .comment       0x00000000       0x24 c:/software/altera/10.1/nios2eds/bin/gnu/h-i686-mingw32/bin/../lib/gcc/nios2-elf/4.1.2\libgcc.a(_eq_df.o)
 .comment       0x00000000       0x24 c:/software/altera/10.1/nios2eds/bin/gnu/h-i686-mingw32/bin/../lib/gcc/nios2-elf/4.1.2\libgcc.a(_ne_df.o)
 .comment       0x00000000       0x24 c:/software/altera/10.1/nios2eds/bin/gnu/h-i686-mingw32/bin/../lib/gcc/nios2-elf/4.1.2\libgcc.a(_ge_df.o)
 .comment       0x00000000       0x24 c:/software/altera/10.1/nios2eds/bin/gnu/h-i686-mingw32/bin/../lib/gcc/nios2-elf/4.1.2\libgcc.a(_lt_df.o)
 .comment       0x00000000       0x24 c:/software/altera/10.1/nios2eds/bin/gnu/h-i686-mingw32/bin/../lib/gcc/nios2-elf/4.1.2\libgcc.a(_si_to_df.o)
 .comment       0x00000000       0x24 c:/software/altera/10.1/nios2eds/bin/gnu/h-i686-mingw32/bin/../lib/gcc/nios2-elf/4.1.2\libgcc.a(lib2-divmod.o)
 .comment       0x00000000       0x24 ../ECE423_Lab1_bsp\libhal_bsp.a(alt_close.o)
 .comment       0x00000000       0x24 ../ECE423_Lab1_bsp\libhal_bsp.a(alt_dev.o)
 .comment       0x00000000       0x24 ../ECE423_Lab1_bsp\libhal_bsp.a(alt_errno.o)
 .comment       0x00000000       0x24 ../ECE423_Lab1_bsp\libhal_bsp.a(alt_exit.o)
 .comment       0x00000000       0x24 ../ECE423_Lab1_bsp\libhal_bsp.a(alt_fstat.o)
 .comment       0x00000000       0x24 ../ECE423_Lab1_bsp\libhal_bsp.a(alt_iic.o)
 .comment       0x00000000       0x24 ../ECE423_Lab1_bsp\libhal_bsp.a(alt_iic_isr_register.o)
 .comment       0x00000000       0x24 ../ECE423_Lab1_bsp\libhal_bsp.a(alt_irq_handler.o)
 .comment       0x00000000       0x24 ../ECE423_Lab1_bsp\libhal_bsp.a(alt_irq_vars.o)
 .comment       0x00000000       0x24 ../ECE423_Lab1_bsp\libhal_bsp.a(alt_isatty.o)
 .comment       0x00000000       0x24 ../ECE423_Lab1_bsp\libhal_bsp.a(alt_load.o)
 .comment       0x00000000       0x24 ../ECE423_Lab1_bsp\libhal_bsp.a(alt_lseek.o)
 .comment       0x00000000       0x24 ../ECE423_Lab1_bsp\libhal_bsp.a(alt_main.o)
 .comment       0x00000000       0x24 ../ECE423_Lab1_bsp\libhal_bsp.a(alt_malloc_lock.o)
 .comment       0x00000000       0x24 ../ECE423_Lab1_bsp\libhal_bsp.a(alt_read.o)
 .comment       0x00000000       0x24 ../ECE423_Lab1_bsp\libhal_bsp.a(alt_release_fd.o)
 .comment       0x00000000       0x24 ../ECE423_Lab1_bsp\libhal_bsp.a(alt_sbrk.o)
 .comment       0x00000000       0x24 ../ECE423_Lab1_bsp\libhal_bsp.a(alt_write.o)
 .comment       0x00000000       0x24 ../ECE423_Lab1_bsp\libhal_bsp.a(alt_sys_init.o)
 .comment       0x00000000       0x24 ../ECE423_Lab1_bsp\libhal_bsp.a(altera_avalon_jtag_uart_fd.o)
 .comment       0x00000000       0x24 ../ECE423_Lab1_bsp\libhal_bsp.a(altera_avalon_jtag_uart_init.o)
 .comment       0x00000000       0x24 ../ECE423_Lab1_bsp\libhal_bsp.a(altera_avalon_jtag_uart_ioctl.o)
 .comment       0x00000000       0x24 ../ECE423_Lab1_bsp\libhal_bsp.a(altera_avalon_jtag_uart_read.o)
 .comment       0x00000000       0x24 ../ECE423_Lab1_bsp\libhal_bsp.a(altera_avalon_jtag_uart_write.o)
 .comment       0x00000000       0x24 ../ECE423_Lab1_bsp\libhal_bsp.a(altera_avalon_timer_sc.o)
 .comment       0x00000000       0x24 ../ECE423_Lab1_bsp\libhal_bsp.a(altera_up_avalon_video_pixel_buffer_dma.o)
 .comment       0x00000000       0x24 ../ECE423_Lab1_bsp\libhal_bsp.a(altera_up_sd_card_avalon_interface.o)
 .comment       0x00000000       0x24 ../ECE423_Lab1_bsp\libhal_bsp.a(alt_alarm_start.o)
 .comment       0x00000000       0x24 ../ECE423_Lab1_bsp\libhal_bsp.a(alt_dcache_flush_all.o)
 .comment       0x00000000       0x24 ../ECE423_Lab1_bsp\libhal_bsp.a(alt_dev_llist_insert.o)