Archive member included because of file (symbol)

c:/software/altera/10.1/nios2eds/bin/gnu/h-i686-mingw32/bin/../lib/gcc/nios2-elf/4.1.2/../../../../nios2-elf/lib\libm.a(lib_a-s_ceil.o)
                              obj/decoder/mjpeg423_decoder.o (ceil)
c:/software/altera/10.1/nios2eds/bin/gnu/h-i686-mingw32/bin/../lib/gcc/nios2-elf/4.1.2\libgcc.a(_addsub_df.o)
                              c:/software/altera/10.1/nios2eds/bin/gnu/h-i686-mingw32/bin/../lib/gcc/nios2-elf/4.1.2/../../../../nios2-elf/lib\libm.a(lib_a-s_ceil.o) (__adddf3)
c:/software/altera/10.1/nios2eds/bin/gnu/h-i686-mingw32/bin/../lib/gcc/nios2-elf/4.1.2\libgcc.a(_mul_df.o)
                              obj/decoder/mjpeg423_decoder.o (__muldf3)
c:/software/altera/10.1/nios2eds/bin/gnu/h-i686-mingw32/bin/../lib/gcc/nios2-elf/4.1.2\libgcc.a(_gt_df.o)
                              c:/software/altera/10.1/nios2eds/bin/gnu/h-i686-mingw32/bin/../lib/gcc/nios2-elf/4.1.2/../../../../nios2-elf/lib\libm.a(lib_a-s_ceil.o) (__gtdf2)
c:/software/altera/10.1/nios2eds/bin/gnu/h-i686-mingw32/bin/../lib/gcc/nios2-elf/4.1.2\libgcc.a(_df_to_si.o)
                              obj/decoder/mjpeg423_decoder.o (__fixdfsi)
c:/software/altera/10.1/nios2eds/bin/gnu/h-i686-mingw32/bin/../lib/gcc/nios2-elf/4.1.2\libgcc.a(_thenan_df.o)
                              c:/software/altera/10.1/nios2eds/bin/gnu/h-i686-mingw32/bin/../lib/gcc/nios2-elf/4.1.2\libgcc.a(_addsub_df.o) (__thenan_df)
c:/software/altera/10.1/nios2eds/bin/gnu/h-i686-mingw32/bin/../lib/gcc/nios2-elf/4.1.2\libgcc.a(_usi_to_df.o)
                              obj/decoder/mjpeg423_decoder.o (__floatunsidf)
c:/software/altera/10.1/nios2eds/bin/gnu/h-i686-mingw32/bin/../lib/gcc/nios2-elf/4.1.2\libgcc.a(_muldi3.o)
                              c:/software/altera/10.1/nios2eds/bin/gnu/h-i686-mingw32/bin/../lib/gcc/nios2-elf/4.1.2\libgcc.a(_mul_df.o) (__muldi3)
c:/software/altera/10.1/nios2eds/bin/gnu/h-i686-mingw32/bin/../lib/gcc/nios2-elf/4.1.2\libgcc.a(_clzsi2.o)
                              c:/software/altera/10.1/nios2eds/bin/gnu/h-i686-mingw32/bin/../lib/gcc/nios2-elf/4.1.2\libgcc.a(_usi_to_df.o) (__clzsi2)
c:/software/altera/10.1/nios2eds/bin/gnu/h-i686-mingw32/bin/../lib/gcc/nios2-elf/4.1.2\libgcc.a(_pack_df.o)
                              c:/software/altera/10.1/nios2eds/bin/gnu/h-i686-mingw32/bin/../lib/gcc/nios2-elf/4.1.2\libgcc.a(_addsub_df.o) (__pack_d)
c:/software/altera/10.1/nios2eds/bin/gnu/h-i686-mingw32/bin/../lib/gcc/nios2-elf/4.1.2\libgcc.a(_unpack_df.o)
                              c:/software/altera/10.1/nios2eds/bin/gnu/h-i686-mingw32/bin/../lib/gcc/nios2-elf/4.1.2\libgcc.a(_addsub_df.o) (__unpack_d)
c:/software/altera/10.1/nios2eds/bin/gnu/h-i686-mingw32/bin/../lib/gcc/nios2-elf/4.1.2\libgcc.a(_fpcmp_parts_df.o)
                              c:/software/altera/10.1/nios2eds/bin/gnu/h-i686-mingw32/bin/../lib/gcc/nios2-elf/4.1.2\libgcc.a(_gt_df.o) (__fpcmp_parts_d)
c:/software/altera/10.1/nios2eds/bin/gnu/h-i686-mingw32/bin/../lib/gcc/nios2-elf/4.1.2\libgcc.a(_clz.o)
                              c:/software/altera/10.1/nios2eds/bin/gnu/h-i686-mingw32/bin/../lib/gcc/nios2-elf/4.1.2\libgcc.a(_clzsi2.o) (__clz_tab)
c:/software/altera/10.1/nios2eds/bin/gnu/h-i686-mingw32/bin/../lib/gcc/nios2-elf/4.1.2/../../../../nios2-elf/lib\libc.a(lib_a-exit.o)
                              obj/common/util.o (exit)
c:/software/altera/10.1/nios2eds/bin/gnu/h-i686-mingw32/bin/../lib/gcc/nios2-elf/4.1.2/../../../../nios2-elf/lib\libc.a(lib_a-getc.o)
                              obj/main_code.o (getc)
c:/software/altera/10.1/nios2eds/bin/gnu/h-i686-mingw32/bin/../lib/gcc/nios2-elf/4.1.2/../../../../nios2-elf/lib\libc.a(lib_a-impure.o)
                              c:/software/altera/10.1/nios2eds/bin/gnu/h-i686-mingw32/bin/../lib/gcc/nios2-elf/4.1.2/../../../../nios2-elf/lib\libc.a(lib_a-getc.o) (_impure_ptr)
c:/software/altera/10.1/nios2eds/bin/gnu/h-i686-mingw32/bin/../lib/gcc/nios2-elf/4.1.2/../../../../nios2-elf/lib\libc.a(lib_a-malloc.o)
                              obj/decoder/mjpeg423_decoder.o (free)
c:/software/altera/10.1/nios2eds/bin/gnu/h-i686-mingw32/bin/../lib/gcc/nios2-elf/4.1.2/../../../../nios2-elf/lib\libc.a(lib_a-mallocr.o)
                              c:/software/altera/10.1/nios2eds/bin/gnu/h-i686-mingw32/bin/../lib/gcc/nios2-elf/4.1.2/../../../../nios2-elf/lib\libc.a(lib_a-malloc.o) (_malloc_r)
c:/software/altera/10.1/nios2eds/bin/gnu/h-i686-mingw32/bin/../lib/gcc/nios2-elf/4.1.2/../../../../nios2-elf/lib\libc.a(lib_a-memcpy.o)
                              obj/decoder/mjpeg423_decoder.o (memcpy)
c:/software/altera/10.1/nios2eds/bin/gnu/h-i686-mingw32/bin/../lib/gcc/nios2-elf/4.1.2/../../../../nios2-elf/lib\libc.a(lib_a-printf.o)
                              obj/common/util.o (printf)
c:/software/altera/10.1/nios2eds/bin/gnu/h-i686-mingw32/bin/../lib/gcc/nios2-elf/4.1.2/../../../../nios2-elf/lib\libc.a(lib_a-putchar.o)
[...]
Memory Configuration

Name             Origin             Length             Attributes
reset            0x00800000         0x00000020
sdram_0          0x00800020         0x007fffe0
*default*        0x00000000         0xffffffff

Linker script and memory map

LOAD ../ECE423_Lab1_bsp/obj/HAL/src/crt0.o
LOAD obj/common/tables.o
LOAD obj/common/util.o
LOAD obj/decoder/idct.o
LOAD obj/decoder/lossless_decode.o
LOAD obj/decoder/mjpeg423_decoder.o
LOAD obj/decoder/ycbcr_to_rgb.o
LOAD obj/main_code.o
LOAD obj/sd_card.o
LOAD c:/software/altera/10.1/nios2eds/bin/gnu/h-i686-mingw32/bin/../lib/gcc/nios2-elf/4.1.2/../../../../nios2-elf/lib\libstdc++.a
LOAD c:/software/altera/10.1/nios2eds/bin/gnu/h-i686-mingw32/bin/../lib/gcc/nios2-elf/4.1.2/../../../../nios2-elf/lib\libm.a
LOAD c:/software/altera/10.1/nios2eds/bin/gnu/h-i686-mingw32/bin/../lib/gcc/nios2-elf/4.1.2\libgcc.a
START GROUP
LOAD c:/software/altera/10.1/nios2eds/bin/gnu/h-i686-mingw32/bin/../lib/gcc/nios2-elf/4.1.2/../../../../nios2-elf/lib\libc.a
LOAD c:/software/altera/10.1/nios2eds/bin/gnu/h-i686-mingw32/bin/../lib/gcc/nios2-elf/4.1.2\libgcc.a
LOAD ../ECE423_Lab1_bsp\libhal_bsp.a
END GROUP
LOAD c:/software/altera/10.1/nios2eds/bin/gnu/h-i686-mingw32/bin/../lib/gcc/nios2-elf/4.1.2\libgcc.a
                0x00800000                __alt_mem_sdram_0 = 0x800000

.entry          0x00800000       0x20
 *(.entry)
 .entry         0x00800000       0x20 ../ECE423_Lab1_bsp/obj/HAL/src/crt0.o
                0x00800000                __reset

.exceptions     0x00800020      0x164
                0x00800020                PROVIDE (__ram_exceptions_start, ABSOLUTE (.))
                0x00800020                . = ALIGN (0x20)
 *(.irq)
 *(.exceptions.entry.label)
 .exceptions.entry.label
                0x00800020        0x0 ../ECE423_Lab1_bsp\libhal_bsp.a(alt_irq_entry.o)
                0x00800020                alt_irq_entry
 .exceptions.entry.label
                0x00800020        0x0 ../ECE423_Lab1_bsp\libhal_bsp.a(alt_exception_entry.o)
                0x00800020                alt_exception
 *(.exceptions.entry.user)
 *(.exceptions.entry)
 .exceptions.entry
                0x00800020       0x54 ../ECE423_Lab1_bsp\libhal_bsp.a(alt_exception_entry.o)
 *(.exceptions.irqtest.user)
 *(.exceptions.irqtest)
 .exceptions.irqtest
                0x00800074       0x10 ../ECE423_Lab1_bsp\libhal_bsp.a(alt_irq_entry.o)
 *(.exceptions.irqhandler.user)
 *(.exceptions.irqhandler)
 .exceptions.irqhandler
                0x00800084        0x4 ../ECE423_Lab1_bsp\libhal_bsp.a(alt_irq_entry.o)
 *(.exceptions.irqreturn.user)
 *(.exceptions.irqreturn)
 .exceptions.irqreturn
                0x00800088        0x4 ../ECE423_Lab1_bsp\libhal_bsp.a(alt_irq_entry.o)
 *(.exceptions.notirq.label)
 .exceptions.notirq.label
                0x0080008c        0x0 ../ECE423_Lab1_bsp\libhal_bsp.a(alt_irq_entry.o)
 *(.exceptions.notirq.user)
 *(.exceptions.notirq)
 .exceptions.notirq
                0x0080008c        0x8 ../ECE423_Lab1_bsp\libhal_bsp.a(alt_exception_entry.o)
 *(.exceptions.soft.user)
 *(.exceptions.soft)
 *(.exceptions.unknown.user)
 *(.exceptions.unknown)
 .exceptions.unknown
                0x00800094        0x4 ../ECE423_Lab1_bsp\libhal_bsp.a(alt_exception_entry.o)
 *(.exceptions.exit.label)
 .exceptions.exit.label
                0x00800098        0x0 ../ECE423_Lab1_bsp\libhal_bsp.a(alt_irq_entry.o)
 .exceptions.exit.label
                0x00800098        0x0 ../ECE423_Lab1_bsp\libhal_bsp.a(alt_exception_entry.o)
 *(.exceptions.exit.user)
 *(.exceptions.exit)
 .exceptions.exit
                0x00800098       0x54 ../ECE423_Lab1_bsp\libhal_bsp.a(alt_exception_entry.o)
 *(.exceptions)
 .exceptions    0x008000ec       0x98 ../ECE423_Lab1_bsp\libhal_bsp.a(alt_irq_handler.o)
                0x008000ec                alt_irq_handler
                0x00800184                PROVIDE (__ram_exceptions_end, ABSOLUTE (.))
                0x00800020                PROVIDE (__flash_exceptions_start, LOADADDR (.exceptions))

.text           0x00800184    0x1343c
                0x00800184                PROVIDE (stext, ABSOLUTE (.))
 *(.interp)
 *(.hash)
 *(.dynsym)
 *(.dynstr)
 *(.gnu.version)
 *(.gnu.version_d)
 *(.gnu.version_r)
 *(.rel.init)
 *(.rela.init)
 *(.rel.text .rel.text.* .rel.gnu.linkonce.t.*)
 *(.rela.text .rela.text.* .rela.gnu.linkonce.t.*)
 *(.rel.fini)
 *(.rela.fini)
 *(.rel.rodata .rel.rodata.* .rel.gnu.linkonce.r.*)
 *(.rela.rodata .rela.rodata.* .rela.gnu.linkonce.r.*)
 *(.rel.data .rel.data.* .rel.gnu.linkonce.d.*)
 *(.rela.data .rela.data.* .rela.gnu.linkonce.d.*)
 *(.rel.tdata .rel.tdata.* .rel.gnu.linkonce.td.*)
 *(.rela.tdata .rela.tdata.* .rela.gnu.linkonce.td.*)
 *(.rel.tbss .rel.tbss.* .rel.gnu.linkonce.tb.*)
 *(.rela.tbss .rela.tbss.* .rela.gnu.linkonce.tb.*)
 *(.rel.ctors)
 *(.rela.ctors)
 *(.rel.dtors)
 *(.rela.dtors)
 *(.rel.got)
 *(.rela.got)
 *(.rel.sdata .rel.sdata.* .rel.gnu.linkonce.s.*)
 *(.rela.sdata .rela.sdata.* .rela.gnu.linkonce.s.*)
 *(.rel.sbss .rel.sbss.* .rel.gnu.linkonce.sb.*)
 *(.rela.sbss .rela.sbss.* .rela.gnu.linkonce.sb.*)
 *(.rel.sdata2 .rel.sdata2.* .rel.gnu.linkonce.s2.*)
 *(.rela.sdata2 .rela.sdata2.* .rela.gnu.linkonce.s2.*)
 *(.rel.sbss2 .rel.sbss2.* .rel.gnu.linkonce.sb2.*)
 *(.rela.sbss2 .rela.sbss2.* .rela.gnu.linkonce.sb2.*)
 *(.rel.bss .rel.bss.* .rel.gnu.linkonce.b.*)
 *(.rela.bss .rela.bss.* .rela.gnu.linkonce.b.*)
 *(.rel.plt)
 *(.rela.plt)
 *(.rel.dyn)
 *(.init)
 *(.plt)
 *(.text .stub .text.* .gnu.linkonce.t.*)
 .text          0x00800184       0x4c ../ECE423_Lab1_bsp/obj/HAL/src/crt0.o
                0x00800184                _start
 .text          0x008001d0        0x0 obj/common/tables.o
 .text          0x008001d0      0x2a8 obj/common/util.o
                0x008001d0                print_dct
                0x0080028c                print_block
                0x00800350                print_bitstream
                0x00800458                error_and_exit
 .text          0x00800478      0x404 obj/decoder/idct.o
                0x00800478                idct
 .text          0x0080087c      0x5f4 obj/decoder/lossless_decode.o
                0x0080087c                update_buffer
                0x00800938                input_DC
                0x008009ac                input_AC
                0x00800a28                lossless_decode
 .text          0x00800e70      0x760 obj/decoder/mjpeg423_decoder.o
                0x00800e70                mjpeg423_decode
 .text          0x008015d0      0x5d8 obj/decoder/ycbcr_to_rgb.o
                0x008015d0                ycbcr_to_rgb
 .text          0x00801ba8       0xe8 obj/main_code.o
                0x00801ba8                main
                0x00801c10                GetInputString
 .text          0x00801c90      0x274 obj/sd_card.o
                0x00801c90                sd_card_file_size
                0x00801cb4                sd_card_wait_read_sector
                0x00801ce0                sd_card_start_read_sector
                0x00801d50                sd_card_create_sectors_list
 .text          0x00801f04      0x214 c:/software/altera/10.1/nios2eds/bin/gnu/h-i686-mingw32/bin/../lib/gcc/nios2-elf/4.1.2/../../../../nios2-elf/lib\libm.a(lib_a-s_ceil.o)
                0x00801f04                ceil
 .text          0x00802118      0x504 c:/software/altera/10.1/nios2eds/bin/gnu/h-i686-mingw32/bin/../lib/gcc/nios2-elf/4.1.2\libgcc.a(_addsub_df.o)
                0x00802528                __subdf3
                0x008025a8                __adddf3
 .text          0x0080261c      0x3c4 c:/software/altera/10.1/nios2eds/bin/gnu/h-i686-mingw32/bin/../lib/gcc/nios2-elf/4.1.2\libgcc.a(_mul_df.o)
                0x0080261c                __muldf3
 .text          0x008029e0       0x88 c:/software/altera/10.1/nios2eds/bin/gnu/h-i686-mingw32/bin/../lib/gcc/nios2-elf/4.1.2\libgcc.a(_gt_df.o)
                0x008029e0                __gtdf2
 .text          0x00802a68       0xd8 c:/software/altera/10.1/nios2eds/bin/gnu/h-i686-mingw32/bin/../lib/gcc/nios2-elf/4.1.2\libgcc.a(_df_to_si.o)
                0x00802a68                __fixdfsi
 .text          0x00802b40        0x0 c:/software/altera/10.1/nios2eds/bin/gnu/h-i686-mingw32/bin/../lib/gcc/nios2-elf/4.1.2\libgcc.a(_thenan_df.o)
 .text          0x00802b40      0x194 c:/software/altera/10.1/nios2eds/bin/gnu/h-i686-mingw32/bin/../lib/gcc/nios2-elf/4.1.2\libgcc.a(_usi_to_df.o)
                0x00802b40                __floatunsidf
 .text          0x00802cd4       0x98 c:/software/altera/10.1/nios2eds/bin/gnu/h-i686-mingw32/bin/../lib/gcc/nios2-elf/4.1.2\libgcc.a(_muldi3.o)
                0x00802cd4                __muldi3
 .text          0x00802d6c       0x80 c:/software/altera/10.1/nios2eds/bin/gnu/h-i686-mingw32/bin/../lib/gcc/nios2-elf/4.1.2\libgcc.a(_clzsi2.o)
                0x00802d6c                __clzsi2
 .text          0x00802dec      0x314 c:/software/altera/10.1/nios2eds/bin/gnu/h-i686-mingw32/bin/../lib/gcc/nios2-elf/4.1.2\libgcc.a(_pack_df.o)
                0x00802dec                __pack_d
 .text          0x00803100      0x138 c:/software/altera/10.1/nios2eds/bin/gnu/h-i686-mingw32/bin/../lib/gcc/nios2-elf/4.1.2\libgcc.a(_unpack_df.o)
                0x00803100                __unpack_d
 .text          0x00803238       0xc8 c:/software/altera/10.1/nios2eds/bin/gnu/h-i686-mingw32/bin/../lib/gcc/nios2-elf/4.1.2\libgcc.a(_fpcmp_parts_df.o)
                0x00803238                __fpcmp_parts_d
 .text          0x00803300        0x0 c:/software/altera/10.1/nios2eds/bin/gnu/h-i686-mingw32/bin/../lib/gcc/nios2-elf/4.1.2\libgcc.a(_clz.o)
 .text          0x00803300       0x38 c:/software/altera/10.1/nios2eds/bin/gnu/h-i686-mingw32/bin/../lib/gcc/nios2-elf/4.1.2/../../../../nios2-elf/lib\libc.a(lib_a-exit.o)
                0x00803300                exit
 .text          0x00803338      0x128 c:/software/altera/10.1/nios2eds/bin/gnu/h-i686-mingw32/bin/../lib/gcc/nios2-elf/4.1.2/../../../../nios2-elf/lib\libc.a(lib_a-getc.o)
                0x00803338                getc
                0x008033d0                _getc_r
 .text          0x00803460        0x0 c:/software/altera/10.1/nios2eds/bin/gnu/h-i686-mingw32/bin/../lib/gcc/nios2-elf/4.1.2/../../../../nios2-elf/lib\libc.a(lib_a-impure.o)
 .text          0x00803460       0x28 c:/software/altera/10.1/nios2eds/bin/gnu/h-i686-mingw32/bin/../lib/gcc/nios2-elf/4.1.2/../../../../nios2-elf/lib\libc.a(lib_a-malloc.o)
                0x00803460                free
                0x00803474                malloc
 .text          0x00803488      0x740 c:/software/altera/10.1/nios2eds/bin/gnu/h-i686-mingw32/bin/../lib/gcc/nios2-elf/4.1.2/../../../../nios2-elf/lib\libc.a(lib_a-mallocr.o)
                0x00803488                _malloc_r
 .text          0x00803bc8       0xa0 c:/software/altera/10.1/nios2eds/bin/gnu/h-i686-mingw32/bin/../lib/gcc/nios2-elf/4.1.2/../../../../nios2-elf/lib\libc.a(lib_a-memcpy.o)
                0x00803bc8                memcpy
 .text          0x00803c68       0x78 c:/software/altera/10.1/nios2eds/bin/gnu/h-i686-mingw32/bin/../lib/gcc/nios2-elf/4.1.2/../../../../nios2-elf/lib\libc.a(lib_a-printf.o)
                0x00803c68                printf
                0x00803cac                _printf_r
 .text          0x00803ce0       0x24 c:/software/altera/10.1/nios2eds/bin/gnu/h-i686-mingw32/bin/../lib/gcc/nios2-elf/4.1.2/../../../../nios2-elf/lib\libc.a(lib_a-putchar.o)
                0x00803ce0                putchar
                0x00803cfc                _putchar_r
 .text          0x00803d04       0xb4 c:/software/altera/10.1/nios2eds/bin/gnu/h-i686-mingw32/bin/../lib/gcc/nios2-elf/4.1.2/../../../../nios2-elf/lib\libc.a(lib_a-puts.o)
                0x00803d04                _puts_r
                0x00803da4                puts
 .text          0x00803db8       0x60 c:/software/altera/10.1/nios2eds/bin/gnu/h-i686-mingw32/bin/../lib/gcc/nios2-elf/4.1.2/../../../../nios2-elf/lib\libc.a(lib_a-rget.o)
                0x00803db8                __srget_r
                0x00803e04                __srget
 .text          0x00803e18       0x70 c:/software/altera/10.1/nios2eds/bin/gnu/h-i686-mingw32/bin/../lib/gcc/nios2-elf/4.1.2/../../../../nios2-elf/lib\libc.a(lib_a-sbrkr.o)
                0x00803e18                _sbrk_r
 .text          0x00803e88       0x74 c:/software/altera/10.1/nios2eds/bin/gnu/h-i686-mingw32/bin/../lib/gcc/nios2-elf/4.1.2/../../../../nios2-elf/lib\libc.a(lib_a-strlen.o)
                0x00803e88                strlen
 .text          0x00803efc     0x1f28 c:/software/altera/10.1/nios2eds/bin/gnu/h-i686-mingw32/bin/../lib/gcc/nios2-elf/4.1.2/../../../../nios2-elf/lib\libc.a(lib_a-vfprintf.o)
                0x00803f54                ___vfprintf_internal_r
                0x00805e00                __vfprintf_internal
 .text          0x00805e24      0x13c c:/software/altera/10.1/nios2eds/bin/gnu/h-i686-mingw32/bin/../lib/gcc/nios2-elf/4.1.2/../../../../nios2-elf/lib\libc.a(lib_a-wsetup.o)
                0x00805e24                __swsetup_r
 .text          0x00805f60      0x1b4 c:/software/altera/10.1/nios2eds/bin/gnu/h-i686-mingw32/bin/../lib/gcc/nios2-elf/4.1.2/../../../../nios2-elf/lib\libc.a(lib_a-__call_atexit.o)
                0x00805f64                __call_exitprocs
 .text          0x00806114     0x17cc c:/software/altera/10.1/nios2eds/bin/gnu/h-i686-mingw32/bin/../lib/gcc/nios2-elf/4.1.2/../../../../nios2-elf/lib\libc.a(lib_a-dtoa.o)
                0x0080632c                _dtoa_r
 .text          0x008078e0      0x230 c:/software/altera/10.1/nios2eds/bin/gnu/h-i686-mingw32/bin/../lib/gcc/nios2-elf/4.1.2/../../../../nios2-elf/lib\libc.a(lib_a-fflush.o)
                0x008078e0                _fflush_r
                0x00807adc                fflush
 .text          0x00807b10      0x2c0 c:/software/altera/10.1/nios2eds/bin/gnu/h-i686-mingw32/bin/../lib/gcc/nios2-elf/4.1.2/../../../../nios2-elf/lib\libc.a(lib_a-findfp.o)
                0x00807b68                __sfp_lock_acquire
                0x00807b6c                __sfp_lock_release
                0x00807b70                __sinit_lock_acquire
                0x00807b74                __sinit_lock_release
                0x00807b78                __sinit
                0x00807c2c                __fp_unlock_all
                0x00807c44                __fp_lock_all
                0x00807c5c                _cleanup_r
                0x00807c68                _cleanup
                0x00807c78                __sfmoreglue
                0x00807ce0                __sfp
 .text          0x00807dd0      0x440 c:/software/altera/10.1/nios2eds/bin/gnu/h-i686-mingw32/bin/../lib/gcc/nios2-elf/4.1.2/../../../../nios2-elf/lib\libc.a(lib_a-freer.o)
                0x00807dd0                _malloc_trim_r
                0x00807efc                _free_r
 .text          0x00808210      0x49c c:/software/altera/10.1/nios2eds/bin/gnu/h-i686-mingw32/bin/../lib/gcc/nios2-elf/4.1.2/../../../../nios2-elf/lib\libc.a(lib_a-fvwrite.o)
                0x00808210                __sfvwrite_r
 .text          0x008086ac      0x180 c:/software/altera/10.1/nios2eds/bin/gnu/h-i686-mingw32/bin/../lib/gcc/nios2-elf/4.1.2/../../../../nios2-elf/lib\libc.a(lib_a-fwalk.o)
                0x008086ac                _fwalk_reent
                0x00808774                _fwalk
 .text          0x0080882c        0x0 c:/software/altera/10.1/nios2eds/bin/gnu/h-i686-mingw32/bin/../lib/gcc/nios2-elf/4.1.2/../../../../nios2-elf/lib\libc.a(lib_a-int_errno.o)
 .text          0x0080882c       0xc4 c:/software/altera/10.1/nios2eds/bin/gnu/h-i686-mingw32/bin/../lib/gcc/nios2-elf/4.1.2/../../../../nios2-elf/lib\libc.a(lib_a-locale.o)
                0x0080882c                __locale_charset
                0x00808834                _localeconv_r
                0x00808840                localeconv
                0x00808850                _setlocale_r
                0x008088d4                setlocale
 .text          0x008088f0      0x194 c:/software/altera/10.1/nios2eds/bin/gnu/h-i686-mingw32/bin/../lib/gcc/nios2-elf/4.1.2/../../../../nios2-elf/lib\libc.a(lib_a-makebuf.o)
                0x008088f0                __smakebuf_r
 .text          0x00808a84       0xe4 c:/software/altera/10.1/nios2eds/bin/gnu/h-i686-mingw32/bin/../lib/gcc/nios2-elf/4.1.2/../../../../nios2-elf/lib\libc.a(lib_a-memchr.o)
                0x00808a84                memchr
 .text          0x00808b68       0xe0 c:/software/altera/10.1/nios2eds/bin/gnu/h-i686-mingw32/bin/../lib/gcc/nios2-elf/4.1.2/../../../../nios2-elf/lib\libc.a(lib_a-memmove.o)
                0x00808b68                memmove
 .text          0x00808c48       0x98 c:/software/altera/10.1/nios2eds/bin/gnu/h-i686-mingw32/bin/../lib/gcc/nios2-elf/4.1.2/../../../../nios2-elf/lib\libc.a(lib_a-memset.o)
                0x00808c48                memset
 .text          0x00808ce0      0xff4 c:/software/altera/10.1/nios2eds/bin/gnu/h-i686-mingw32/bin/../lib/gcc/nios2-elf/4.1.2/../../../../nios2-elf/lib\libc.a(lib_a-mprec.o)
                0x00808ce0                _Bfree
                0x00808d08                __hi0bits
                0x00808d78                __lo0bits
                0x00808e3c                __mcmp
                0x00808e9c                __ulp
                0x00808f1c                __b2d
                0x0080903c                __ratio
                0x008090ec                _mprec_log10
                0x00809180                __copybits
                0x008091d8                __any_on
                0x00809260                _Balloc
                0x0080931c                __d2b
                0x00809498                __mdiff
                0x00809624                __lshift
                0x00809770                __multiply
                0x00809958                __i2b
                0x00809994                __multadd
                0x00809a94                __pow5mult
                0x00809bb4                __s2b
 .text          0x00809cd4      0x1ec c:/software/altera/10.1/nios2eds/bin/gnu/h-i686-mingw32/bin/../lib/gcc/nios2-elf/4.1.2/../../../../nios2-elf/lib\libc.a(lib_a-putc.o)
                0x00809cd4                putc
                0x00809dd8                _putc_r
 .text          0x00809ec0      0x5f4 c:/software/altera/10.1/nios2eds/bin/gnu/h-i686-mingw32/bin/../lib/gcc/nios2-elf/4.1.2/../../../../nios2-elf/lib\libc.a(lib_a-reallocr.o)
                0x00809ec0                _realloc_r
 .text          0x0080a4b4      0x1e0 c:/software/altera/10.1/nios2eds/bin/gnu/h-i686-mingw32/bin/../lib/gcc/nios2-elf/4.1.2/../../../../nios2-elf/lib\libc.a(lib_a-refill.o)
                0x0080a4b4                __srefill_r
 .text          0x0080a694       0x40 c:/software/altera/10.1/nios2eds/bin/gnu/h-i686-mingw32/bin/../lib/gcc/nios2-elf/4.1.2/../../../../nios2-elf/lib\libc.a(lib_a-s_isinfd.o)
                0x0080a694                __isinfd
 .text          0x0080a6d4       0x30 c:/software/altera/10.1/nios2eds/bin/gnu/h-i686-mingw32/bin/../lib/gcc/nios2-elf/4.1.2/../../../../nios2-elf/lib\libc.a(lib_a-s_isnand.o)
                0x0080a6d4                __isnand
 .text          0x0080a704      0x14c c:/software/altera/10.1/nios2eds/bin/gnu/h-i686-mingw32/bin/../lib/gcc/nios2-elf/4.1.2/../../../../nios2-elf/lib\libc.a(lib_a-stdio.o)
                0x0080a704                __sclose
                0x0080a70c                __sseek
                0x0080a774                __swrite
                0x0080a7f0                __sread
 .text          0x0080a850       0xbc c:/software/altera/10.1/nios2eds/bin/gnu/h-i686-mingw32/bin/../lib/gcc/nios2-elf/4.1.2/../../../../nios2-elf/lib\libc.a(lib_a-strcmp.o)
                0x0080a850                strcmp
 .text          0x0080a90c      0x14c c:/software/altera/10.1/nios2eds/bin/gnu/h-i686-mingw32/bin/../lib/gcc/nios2-elf/4.1.2/../../../../nios2-elf/lib\libc.a(lib_a-wbuf.o)
                0x0080a90c                __swbuf_r
                0x0080aa3c                __swbuf
 .text          0x0080aa58       0x78 c:/software/altera/10.1/nios2eds/bin/gnu/h-i686-mingw32/bin/../lib/gcc/nios2-elf/4.1.2/../../../../nios2-elf/lib\libc.a(lib_a-writer.o)
                0x0080aa58                _write_r
 .text          0x0080aad0       0xb4 c:/software/altera/10.1/nios2eds/bin/gnu/h-i686-mingw32/bin/../lib/gcc/nios2-elf/4.1.2/../../../../nios2-elf/lib\libc.a(lib_a-callocr.o)
                0x0080aad0                _calloc_r
 .text          0x0080ab84       0x70 c:/software/altera/10.1/nios2eds/bin/gnu/h-i686-mingw32/bin/../lib/gcc/nios2-elf/4.1.2/../../../../nios2-elf/lib\libc.a(lib_a-closer.o)
                0x0080ab84                _close_r
 .text          0x0080abf4      0x124 c:/software/altera/10.1/nios2eds/bin/gnu/h-i686-mingw32/bin/../lib/gcc/nios2-elf/4.1.2/../../../../nios2-elf/lib\libc.a(lib_a-fclose.o)
                0x0080abf4                _fclose_r
                0x0080ad04                fclose
 .text          0x0080ad18       0x74 c:/software/altera/10.1/nios2eds/bin/gnu/h-i686-mingw32/bin/../lib/gcc/nios2-elf/4.1.2/../../../../nios2-elf/lib\libc.a(lib_a-fstatr.o)
                0x0080ad18                _fstat_r
 .text          0x0080ad8c       0x70 c:/software/altera/10.1/nios2eds/bin/gnu/h-i686-mingw32/bin/../lib/gcc/nios2-elf/4.1.2/../../../../nios2-elf/lib\libc.a(lib_a-isattyr.o)
                0x0080ad8c                _isatty_r
 .text          0x0080adfc       0x78 c:/software/altera/10.1/nios2eds/bin/gnu/h-i686-mingw32/bin/../lib/gcc/nios2-elf/4.1.2/../../../../nios2-elf/lib\libc.a(lib_a-lseekr.o)
                0x0080adfc                _lseek_r
 .text          0x0080ae74       0x78 c:/software/altera/10.1/nios2eds/bin/gnu/h-i686-mingw32/bin/../lib/gcc/nios2-elf/4.1.2/../../../../nios2-elf/lib\libc.a(lib_a-readr.o)
                0x0080ae74                _read_r
 .text          0x0080aeec      0x5dc c:/software/altera/10.1/nios2eds/bin/gnu/h-i686-mingw32/bin/../lib/gcc/nios2-elf/4.1.2\libgcc.a(_udivdi3.o)
                0x0080aeec                __udivdi3
 .text          0x0080b4c8      0x5b0 c:/software/altera/10.1/nios2eds/bin/gnu/h-i686-mingw32/bin/../lib/gcc/nios2-elf/4.1.2\libgcc.a(_umoddi3.o)
                0x0080b4c8                __umoddi3
 .text          0x0080ba78      0x258 c:/software/altera/10.1/nios2eds/bin/gnu/h-i686-mingw32/bin/../lib/gcc/nios2-elf/4.1.2\libgcc.a(_div_df.o)
                0x0080ba78                __divdf3
 .text          0x0080bcd0       0x88 c:/software/altera/10.1/nios2eds/bin/gnu/h-i686-mingw32/bin/../lib/gcc/nios2-elf/4.1.2\libgcc.a(_eq_df.o)
                0x0080bcd0                __eqdf2
 .text          0x0080bd58       0x88 c:/software/altera/10.1/nios2eds/bin/gnu/h-i686-mingw32/bin/../lib/gcc/nios2-elf/4.1.2\libgcc.a(_ne_df.o)
                0x0080bd58                __nedf2
 .text          0x0080bde0       0x88 c:/software/altera/10.1/nios2eds/bin/gnu/h-i686-mingw32/bin/../lib/gcc/nios2-elf/4.1.2\libgcc.a(_ge_df.o)
                0x0080bde0                __gedf2
 .text          0x0080be68       0x88 c:/software/altera/10.1/nios2eds/bin/gnu/h-i686-mingw32/bin/../lib/gcc/nios2-elf/4.1.2\libgcc.a(_lt_df.o)
                0x0080be68                __ltdf2
 .text          0x0080bef0       0xf8 c:/software/altera/10.1/nios2eds/bin/gnu/h-i686-mingw32/bin/../lib/gcc/nios2-elf/4.1.2\libgcc.a(_si_to_df.o)
                0x0080bef0                __floatsidf
 .text          0x0080bfe8      0x14c c:/software/altera/10.1/nios2eds/bin/gnu/h-i686-mingw32/bin/../lib/gcc/nios2-elf/4.1.2\libgcc.a(lib2-divmod.o)
                0x0080c064                __divsi3
                0x0080c0c4                __modsi3
                0x0080c124                __udivsi3
                0x0080c12c                __umodsi3
 .text          0x0080c134       0xf0 ../ECE423_Lab1_bsp\libhal_bsp.a(alt_close.o)
                0x0080c134                close
 .text          0x0080c224        0x8 ../ECE423_Lab1_bsp\libhal_bsp.a(alt_dev.o)
 .text          0x0080c22c        0x0 ../ECE423_Lab1_bsp\libhal_bsp.a(alt_errno.o)
 .text          0x0080c22c       0x14 ../ECE423_Lab1_bsp\libhal_bsp.a(alt_exit.o)
                0x0080c22c                _exit
 .text          0x0080c240       0x90 ../ECE423_Lab1_bsp\libhal_bsp.a(alt_fstat.o)
                0x0080c240                fstat
 .text          0x0080c2d0       0x84 ../ECE423_Lab1_bsp\libhal_bsp.a(alt_isatty.o)
                0x0080c2d0                isatty
 .text          0x0080c354       0xec ../ECE423_Lab1_bsp\libhal_bsp.a(alt_load.o)
                0x0080c354                alt_load
 .text          0x0080c440       0x9c ../ECE423_Lab1_bsp\libhal_bsp.a(alt_lseek.o)
                0x0080c440                lseek
 .text          0x0080c4dc       0x60 ../ECE423_Lab1_bsp\libhal_bsp.a(alt_main.o)
                0x0080c4dc                alt_main
 .text          0x0080c53c       0x40 ../ECE423_Lab1_bsp\libhal_bsp.a(alt_malloc_lock.o)
                0x0080c53c                __malloc_lock
                0x0080c55c                __malloc_unlock
 .text          0x0080c57c      0x11c ../ECE423_Lab1_bsp\libhal_bsp.a(alt_read.o)
                0x0080c57c                read
 .text          0x0080c698       0x24 ../ECE423_Lab1_bsp\libhal_bsp.a(alt_release_fd.o)
                0x0080c698                alt_release_fd
 .text          0x0080c6bc       0x54 ../ECE423_Lab1_bsp\libhal_bsp.a(alt_sbrk.o)
                0x0080c6bc                sbrk
 .text          0x0080c710      0x118 ../ECE423_Lab1_bsp\libhal_bsp.a(alt_write.o)
                0x0080c710                write
 .text          0x0080c828      0x154 ../ECE423_Lab1_bsp\libhal_bsp.a(alt_sys_init.o)
                0x0080c828                alt_irq_init
                0x0080c848                alt_sys_init
 .text          0x0080c97c       0x3c ../ECE423_Lab1_bsp\libhal_bsp.a(altera_avalon_jtag_uart_fd.o)
                0x0080c97c                altera_avalon_jtag_uart_ioctl_fd
                0x0080c988                altera_avalon_jtag_uart_close_fd
                0x0080c998                altera_avalon_jtag_uart_write_fd
                0x0080c9a8                altera_avalon_jtag_uart_read_fd
 .text          0x0080c9b8      0x228 ../ECE423_Lab1_bsp\libhal_bsp.a(altera_avalon_jtag_uart_init.o)
                0x0080c9b8                altera_avalon_jtag_uart_close
                0x0080ca58                altera_avalon_jtag_uart_init
 .text          0x0080cbe0       0x88 ../ECE423_Lab1_bsp\libhal_bsp.a(altera_avalon_jtag_uart_ioctl.o)
                0x0080cbe0                altera_avalon_jtag_uart_ioctl
 .text          0x0080cc68      0x16c ../ECE423_Lab1_bsp\libhal_bsp.a(altera_avalon_jtag_uart_read.o)
                0x0080cc68                altera_avalon_jtag_uart_read
 .text          0x0080cdd4      0x184 ../ECE423_Lab1_bsp\libhal_bsp.a(altera_avalon_jtag_uart_write.o)
                0x0080cdd4                altera_avalon_jtag_uart_write
 .text          0x0080cf58       0x8c ../ECE423_Lab1_bsp\libhal_bsp.a(altera_avalon_timer_sc.o)
                0x0080cf58                alt_avalon_timer_sc_init
 .text          0x0080cfe4      0xa7c ../ECE423_Lab1_bsp\libhal_bsp.a(altera_up_avalon_video_pixel_buffer_dma.o)
                0x0080cfe4                helper_plot_pixel
                0x0080d03c                alt_up_pixel_buffer_dma_draw_vline
                0x0080d1b4                alt_up_pixel_buffer_dma_draw_hline
                0x0080d31c                alt_up_pixel_buffer_dma_draw_rectangle
                0x0080d3e8                alt_up_pixel_buffer_dma_draw_box
                0x0080d5f4                alt_up_pixel_buffer_dma_clear_screen
                0x0080d69c                alt_up_pixel_buffer_dma_swap_buffers
                0x0080d6c0                alt_up_pixel_buffer_dma_draw
                0x0080d780                alt_up_pixel_buffer_dma_check_swap_buffers_status
                0x0080d790                alt_up_pixel_buffer_dma_change_back_buffer_address
                0x0080d7b8                alt_up_pixel_buffer_dma_open_dev
                0x0080d7c4                alt_up_pixel_buffer_dma_draw_line
 .text          0x0080da60     0x4ff8 ../ECE423_Lab1_bsp\libhal_bsp.a(altera_up_sd_card_avalon_interface.o)
                0x0080da60                match_file_record_to_name_ext
                0x0080df30                convert_filename_to_name_extension
                0x0080e210                copy_file_record_name_to_string
                0x0080e348                alt_up_sd_card_set_attributes
                0x0080e380                alt_up_sd_card_get_attributes
                0x0080e3c0                alt_up_sd_card_is_Present
                0x0080e42c                alt_up_sd_card_open_dev
                0x0080e498                get_dir_divider_location
                0x0080e518                check_file_name_for_FAT16_compliance
                0x0080e624                filename_to_upper_case
                0x0080e680                Write_File_Record_At_Offset
                0x0080e8a4                Read_File_Record_At_Offset
                0x0080ea84                Write_Sector_Data
                0x0080eb30                Read_Sector_Data
                0x0080ec74                alt_up_sd_card_fclose
                0x0080edd4                find_first_empty_record_in_root_directory
                0x0080ee88                find_first_empty_cluster
                0x0080ef7c                Check_for_DOS_FAT
                0x0080f2ec                Check_for_Master_Boot_Record
                0x0080f4b4                Look_for_FAT16
                0x0080f5ac                alt_up_sd_card_is_FAT16
                0x0080f6e4                mark_cluster
                0x0080f794                get_cluster_flag
                0x0080f81c                Save_Modified_Sector
                0x0080f8d8                alt_up_sd_card_find_next
                0x0080fcec                find_file_in_directory
                0x008109b0                get_home_directory_cluster_for_file
                0x0081167c                alt_up_sd_card_find_first
                0x00811758                alt_up_sd_card_read
                0x008118fc                alt_up_sd_card_write
                0x00811d38                find_first_empty_record_in_a_subdirectory
                0x00812064                create_file
                0x00812770                alt_up_sd_card_fopen
 .text          0x00812a58       0x94 ../ECE423_Lab1_bsp\libhal_bsp.a(alt_alarm_start.o)
                0x00812a58                alt_alarm_start
 .text          0x00812aec       0x18 ../ECE423_Lab1_bsp\libhal_bsp.a(alt_dcache_flush_all.o)
                0x00812aec                alt_dcache_flush_all
 .text          0x00812b04      0x114 ../ECE423_Lab1_bsp\libhal_bsp.a(alt_dev_llist_insert.o)
                0x00812b04                alt_dev_llist_insert
 .text          0x00812c18       0x64 ../ECE423_Lab1_bsp\libhal_bsp.a(alt_do_ctors.o)
                0x00812c18                _do_ctors
 .text          0x00812c7c       0x64 ../ECE423_Lab1_bsp\libhal_bsp.a(alt_do_dtors.o)
                0x00812c7c                _do_dtors
 .text          0x00812ce0       0x94 ../ECE423_Lab1_bsp\libhal_bsp.a(alt_find_dev.o)
                0x00812ce0                alt_find_dev
 .text          0x00812d74        0xc ../ECE423_Lab1_bsp\libhal_bsp.a(alt_icache_flush_all.o)
                0x00812d74                alt_icache_flush_all
 .text          0x00812d80       0x9c ../ECE423_Lab1_bsp\libhal_bsp.a(alt_iic.o)
                0x00812d80                alt_ic_irq_enabled
                0x00812d98                alt_ic_irq_enable
                0x00812dd8                alt_ic_irq_disable
                0x00812e18                alt_ic_isr_register
 .text          0x00812e1c       0x88 ../ECE423_Lab1_bsp\libhal_bsp.a(alt_iic_isr_register.o)
                0x00812e1c                alt_iic_isr_register
 .text          0x00812ea4      0x104 ../ECE423_Lab1_bsp\libhal_bsp.a(alt_io_redirect.o)
                0x00812ea4                alt_io_redirect
 .text          0x00812fa8        0x0 ../ECE423_Lab1_bsp\libhal_bsp.a(alt_irq_entry.o)
 .text          0x00812fa8        0x0 ../ECE423_Lab1_bsp\libhal_bsp.a(alt_irq_handler.o)
 .text          0x00812fa8        0x0 ../ECE423_Lab1_bsp\libhal_bsp.a(alt_irq_vars.o)
 .text          0x00812fa8      0x180 ../ECE423_Lab1_bsp\libhal_bsp.a(alt_open.o)
                0x00812fa8                open
 .text          0x00813128      0x11c ../ECE423_Lab1_bsp\libhal_bsp.a(alt_tick.o)
                0x00813128                alt_alarm_stop
                0x0081315c                alt_tick
 .text          0x00813244        0x8 ../ECE423_Lab1_bsp\libhal_bsp.a(altera_nios2_irq.o)
                0x00813244                altera_nios2_irq_init
 .text          0x0081324c        0x0 ../ECE423_Lab1_bsp\libhal_bsp.a(alt_exception_entry.o)
 .text          0x0081324c       0xb0 ../ECE423_Lab1_bsp\libhal_bsp.a(alt_find_file.o)
                0x0081324c                alt_find_file
 .text          0x008132fc       0x60 ../ECE423_Lab1_bsp\libhal_bsp.a(alt_get_fd.o)
                0x008132fc                alt_get_fd
 .text          0x0081335c       0x38 ../ECE423_Lab1_bsp\libhal_bsp.a(alt_icache_flush.o)
                0x0081335c                alt_icache_flush
 .text          0x00813394       0x14 c:/software/altera/10.1/nios2eds/bin/gnu/h-i686-mingw32/bin/../lib/gcc/nios2-elf/4.1.2/../../../../nios2-elf/lib\libc.a(lib_a-atexit.o)
                0x00813394                atexit
 .text          0x008133a8       0x74 c:/software/altera/10.1/nios2eds/bin/gnu/h-i686-mingw32/bin/../lib/gcc/nios2-elf/4.1.2/../../../../nios2-elf/lib\libc.a(lib_a-memcmp.o)
                0x008133a8                memcmp
 .text          0x0081341c      0x134 c:/software/altera/10.1/nios2eds/bin/gnu/h-i686-mingw32/bin/../lib/gcc/nios2-elf/4.1.2/../../../../nios2-elf/lib\libc.a(lib_a-__atexit.o)
                0x0081341c                __register_exitproc
 *(.gnu.warning.*)
 *(.fini)
                0x00813550                PROVIDE (__etext, ABSOLUTE (.))
                0x00813550                PROVIDE (_etext, ABSOLUTE (.))
                0x00813550                PROVIDE (etext, ABSOLUTE (.))
 *(.eh_frame_hdr)
                0x00813550                . = ALIGN (0x4)
                0x00813550                PROVIDE (__preinit_array_start, ABSOLUTE (.))
 *(.preinit_array)
                0x00813550                PROVIDE (__preinit_array_end, ABSOLUTE (.))
                0x00813550                PROVIDE (__init_array_start, ABSOLUTE (.))
 *(.init_array)
                0x00813550                PROVIDE (__init_array_end, ABSOLUTE (.))
                0x00813550                PROVIDE (__fini_array_start, ABSOLUTE (.))
 *(.fini_array)
                0x00813550                PROVIDE (__fini_array_end, ABSOLUTE (.))
 *(.eh_frame)
 .eh_frame      0x00813550       0x40 c:/software/altera/10.1/nios2eds/bin/gnu/h-i686-mingw32/bin/../lib/gcc/nios2-elf/4.1.2\libgcc.a(_udivdi3.o)
 .eh_frame      0x00813590       0x2c c:/software/altera/10.1/nios2eds/bin/gnu/h-i686-mingw32/bin/../lib/gcc/nios2-elf/4.1.2\libgcc.a(_umoddi3.o)
                                 0x40 (size before relaxing)
 *(.gcc_except_table)
 *(.dynamic)
                0x008135bc                PROVIDE (__CTOR_LIST__, ABSOLUTE (.))
 *(.ctors)
 *(SORT(.ctors.*))
 .ctors.65535   0x008135bc        0x4 c:/software/altera/10.1/nios2eds/bin/gnu/h-i686-mingw32/bin/../lib/gcc/nios2-elf/4.1.2/../../../../nios2-elf/lib\libc.a(lib_a-__call_atexit.o)
                0x008135c0                PROVIDE (__CTOR_END__, ABSOLUTE (.))
                0x008135c0                PROVIDE (__DTOR_LIST__, ABSOLUTE (.))
 *(.dtors)
 *(SORT(.dtors.*))
                0x008135c0                PROVIDE (__DTOR_END__, ABSOLUTE (.))
 *(.jcr)
                0x008135c0                . = ALIGN (0x4)

.rodata         0x008135c0      0x5e4
                0x008135c0                PROVIDE (__ram_rodata_start, ABSOLUTE (.))
                0x008135c0                . = ALIGN (0x4)
 *(.rodata .rodata.* .gnu.linkonce.r.*)
 .rodata.str1.4
                0x008135c0       0x1b obj/common/util.o
                                 0x1c (size before relaxing)
 *fill*         0x008135db        0x1 00
 .rodata.str1.4
                0x008135dc      0x211 obj/decoder/mjpeg423_decoder.o
                                0x214 (size before relaxing)
 *fill*         0x008137ed        0x3 00
 .rodata.str1.4
                0x008137f0       0x8e obj/main_code.o
                                 0x90 (size before relaxing)
 *fill*         0x0081387e        0x2 00
 .rodata        0x00813880       0x14 c:/software/altera/10.1/nios2eds/bin/gnu/h-i686-mingw32/bin/../lib/gcc/nios2-elf/4.1.2\libgcc.a(_thenan_df.o)
                0x00813880                __thenan_df
 .rodata        0x00813894      0x100 c:/software/altera/10.1/nios2eds/bin/gnu/h-i686-mingw32/bin/../lib/gcc/nios2-elf/4.1.2\libgcc.a(_clz.o)
                0x00813894                __clz_tab
 .rodata.str1.4
                0x00000000       0x8e c:/software/altera/10.1/nios2eds/bin/gnu/h-i686-mingw32/bin/../lib/gcc/nios2-elf/4.1.2/../../../../nios2-elf/lib\libc.a(lib_a-impure.o)
                                  0x4 (size before relaxing)
 .rodata.str1.4
                0x00000000       0x8e c:/software/altera/10.1/nios2eds/bin/gnu/h-i686-mingw32/bin/../lib/gcc/nios2-elf/4.1.2/../../../../nios2-elf/lib\libc.a(lib_a-puts.o)
                                  0x4 (size before relaxing)
 .rodata.str1.4
                0x00813994       0x5a c:/software/altera/10.1/nios2eds/bin/gnu/h-i686-mingw32/bin/../lib/gcc/nios2-elf/4.1.2/../../../../nios2-elf/lib\libc.a(lib_a-vfprintf.o)
                                 0x60 (size before relaxing)
 .rodata        0x008139ee       0x20 c:/software/altera/10.1/nios2eds/bin/gnu/h-i686-mingw32/bin/../lib/gcc/nios2-elf/4.1.2/../../../../nios2-elf/lib\libc.a(lib_a-vfprintf.o)
 *fill*         0x00813a0e        0x2 00
 .rodata.str1.4
                0x00813a10       0x10 c:/software/altera/10.1/nios2eds/bin/gnu/h-i686-mingw32/bin/../lib/gcc/nios2-elf/4.1.2/../../../../nios2-elf/lib\libc.a(lib_a-dtoa.o)
                                 0x14 (size before relaxing)
 .rodata.str1.4
                0x00813a20        0xf c:/software/altera/10.1/nios2eds/bin/gnu/h-i686-mingw32/bin/../lib/gcc/nios2-elf/4.1.2/../../../../nios2-elf/lib\libc.a(lib_a-locale.o)
                                 0x18 (size before relaxing)
 *fill*         0x00813a2f        0x1 00
 .rodata        0x00813a30       0x30 c:/software/altera/10.1/nios2eds/bin/gnu/h-i686-mingw32/bin/../lib/gcc/nios2-elf/4.1.2/../../../../nios2-elf/lib\libc.a(lib_a-locale.o)
 .rodata        0x00813a60      0x124 c:/software/altera/10.1/nios2eds/bin/gnu/h-i686-mingw32/bin/../lib/gcc/nios2-elf/4.1.2/../../../../nios2-elf/lib\libc.a(lib_a-mprec.o)
                0x00813a60                __mprec_tens
                0x00813b28                __mprec_bigtens
                0x00813b50                __mprec_tinytens
 .rodata.str1.4
                0x00813b84        0xa ../ECE423_Lab1_bsp\libhal_bsp.a(alt_dev.o)
                                  0xc (size before relaxing)
 *fill*         0x00813b8e        0x2 00
 .rodata.str1.4
                0x00813b90       0x14 ../ECE423_Lab1_bsp\libhal_bsp.a(alt_main.o)
 .rodata.str1.4
                0x00000000       0x60 ../ECE423_Lab1_bsp\libhal_bsp.a(alt_sys_init.o)
 *(.rodata1)
                0x00813ba4                . = ALIGN (0x4)
                0x00813ba4                PROVIDE (__ram_rodata_end, ABSOLUTE (.))
                0x008135c0                PROVIDE (__flash_rodata_start, LOADADDR (.rodata))

.rwdata         0x00813ba4     0x1cdc load address 0x00815880
                0x00813ba4                PROVIDE (__ram_rwdata_start, ABSOLUTE (.))
                0x00813ba4                . = ALIGN (0x4)
 *(.got.plt)
 *(.got)
 *(.data1)
 *(.data .data.* .gnu.linkonce.d.*)
 .data          0x00813ba4        0x0 ../ECE423_Lab1_bsp/obj/HAL/src/crt0.o
 .data          0x00813ba4      0x200 obj/common/tables.o
                0x00813ba4                Yquant
                0x00813c24                Cquant
                0x00813ca4                zigzag_table
 .data          0x00813da4        0x0 obj/common/util.o
 .data          0x00813da4        0x0 obj/decoder/idct.o
 .data          0x00813da4        0x0 obj/decoder/lossless_decode.o
 .data          0x00813da4        0x0 obj/decoder/mjpeg423_decoder.o
 .data          0x00813da4        0x0 obj/decoder/ycbcr_to_rgb.o
 .data          0x00813da4        0x0 obj/main_code.o
 .data          0x00813da4        0x0 obj/sd_card.o
 .data          0x00813da4        0x0 c:/software/altera/10.1/nios2eds/bin/gnu/h-i686-mingw32/bin/../lib/gcc/nios2-elf/4.1.2/../../../../nios2-elf/lib\libm.a(lib_a-s_ceil.o)
 .data          0x00813da4        0x0 c:/software/altera/10.1/nios2eds/bin/gnu/h-i686-mingw32/bin/../lib/gcc/nios2-elf/4.1.2\libgcc.a(_addsub_df.o)
 .data          0x00813da4        0x0 c:/software/altera/10.1/nios2eds/bin/gnu/h-i686-mingw32/bin/../lib/gcc/nios2-elf/4.1.2\libgcc.a(_mul_df.o)
 .data          0x00813da4        0x0 c:/software/altera/10.1/nios2eds/bin/gnu/h-i686-mingw32/bin/../lib/gcc/nios2-elf/4.1.2\libgcc.a(_gt_df.o)
 .data          0x00813da4        0x0 c:/software/altera/10.1/nios2eds/bin/gnu/h-i686-mingw32/bin/../lib/gcc/nios2-elf/4.1.2\libgcc.a(_df_to_si.o)
 .data          0x00813da4        0x0 c:/software/altera/10.1/nios2eds/bin/gnu/h-i686-mingw32/bin/../lib/gcc/nios2-elf/4.1.2\libgcc.a(_thenan_df.o)
 .data          0x00813da4        0x0 c:/software/altera/10.1/nios2eds/bin/gnu/h-i686-mingw32/bin/../lib/gcc/nios2-elf/4.1.2\libgcc.a(_usi_to_df.o)
 .data          0x00813da4        0x0 c:/software/altera/10.1/nios2eds/bin/gnu/h-i686-mingw32/bin/../lib/gcc/nios2-elf/4.1.2\libgcc.a(_muldi3.o)
 .data          0x00813da4        0x0 c:/software/altera/10.1/nios2eds/bin/gnu/h-i686-mingw32/bin/../lib/gcc/nios2-elf/4.1.2\libgcc.a(_clzsi2.o)
 .data          0x00813da4        0x0 c:/software/altera/10.1/nios2eds/bin/gnu/h-i686-mingw32/bin/../lib/gcc/nios2-elf/4.1.2\libgcc.a(_pack_df.o)
 .data          0x00813da4        0x0 c:/software/altera/10.1/nios2eds/bin/gnu/h-i686-mingw32/bin/../lib/gcc/nios2-elf/4.1.2\libgcc.a(_unpack_df.o)
 .data          0x00813da4        0x0 c:/software/altera/10.1/nios2eds/bin/gnu/h-i686-mingw32/bin/../lib/gcc/nios2-elf/4.1.2\libgcc.a(_fpcmp_parts_df.o)
 .data          0x00813da4        0x0 c:/software/altera/10.1/nios2eds/bin/gnu/h-i686-mingw32/bin/../lib/gcc/nios2-elf/4.1.2\libgcc.a(_clz.o)
 .data          0x00813da4        0x0 c:/software/altera/10.1/nios2eds/bin/gnu/h-i686-mingw32/bin/../lib/gcc/nios2-elf/4.1.2/../../../../nios2-elf/lib\libc.a(lib_a-exit.o)
 .data          0x00813da4        0x0 c:/software/altera/10.1/nios2eds/bin/gnu/h-i686-mingw32/bin/../lib/gcc/nios2-elf/4.1.2/../../../../nios2-elf/lib\libc.a(lib_a-getc.o)
 .data          0x00813da4      0x400 c:/software/altera/10.1/nios2eds/bin/gnu/h-i686-mingw32/bin/../lib/gcc/nios2-elf/4.1.2/../../../../nios2-elf/lib\libc.a(lib_a-impure.o)
 .data          0x008141a4        0x0 c:/software/altera/10.1/nios2eds/bin/gnu/h-i686-mingw32/bin/../lib/gcc/nios2-elf/4.1.2/../../../../nios2-elf/lib\libc.a(lib_a-malloc.o)
 .data          0x008141a4      0x408 c:/software/altera/10.1/nios2eds/bin/gnu/h-i686-mingw32/bin/../lib/gcc/nios2-elf/4.1.2/../../../../nios2-elf/lib\libc.a(lib_a-mallocr.o)
                0x008141a4                __malloc_av_
 .data          0x008145ac        0x0 c:/software/altera/10.1/nios2eds/bin/gnu/h-i686-mingw32/bin/../lib/gcc/nios2-elf/4.1.2/../../../../nios2-elf/lib\libc.a(lib_a-memcpy.o)
 .data          0x008145ac        0x0 c:/software/altera/10.1/nios2eds/bin/gnu/h-i686-mingw32/bin/../lib/gcc/nios2-elf/4.1.2/../../../../nios2-elf/lib\libc.a(lib_a-printf.o)
 .data          0x008145ac        0x0 c:/software/altera/10.1/nios2eds/bin/gnu/h-i686-mingw32/bin/../lib/gcc/nios2-elf/4.1.2/../../../../nios2-elf/lib\libc.a(lib_a-putchar.o)
 .data          0x008145ac        0x0 c:/software/altera/10.1/nios2eds/bin/gnu/h-i686-mingw32/bin/../lib/gcc/nios2-elf/4.1.2/../../../../nios2-elf/lib\libc.a(lib_a-puts.o)
 .data          0x008145ac        0x0 c:/software/altera/10.1/nios2eds/bin/gnu/h-i686-mingw32/bin/../lib/gcc/nios2-elf/4.1.2/../../../../nios2-elf/lib\libc.a(lib_a-rget.o)
 .data          0x008145ac        0x0 c:/software/altera/10.1/nios2eds/bin/gnu/h-i686-mingw32/bin/../lib/gcc/nios2-elf/4.1.2/../../../../nios2-elf/lib\libc.a(lib_a-sbrkr.o)
 .data          0x008145ac        0x0 c:/software/altera/10.1/nios2eds/bin/gnu/h-i686-mingw32/bin/../lib/gcc/nios2-elf/4.1.2/../../../../nios2-elf/lib\libc.a(lib_a-strlen.o)
 .data          0x008145ac        0x0 c:/software/altera/10.1/nios2eds/bin/gnu/h-i686-mingw32/bin/../lib/gcc/nios2-elf/4.1.2/../../../../nios2-elf/lib\libc.a(lib_a-vfprintf.o)
 .data          0x008145ac        0x0 c:/software/altera/10.1/nios2eds/bin/gnu/h-i686-mingw32/bin/../lib/gcc/nios2-elf/4.1.2/../../../../nios2-elf/lib\libc.a(lib_a-wsetup.o)
 .data          0x008145ac        0x0 c:/software/altera/10.1/nios2eds/bin/gnu/h-i686-mingw32/bin/../lib/gcc/nios2-elf/4.1.2/../../../../nios2-elf/lib\libc.a(lib_a-__call_atexit.o)
 .data          0x008145ac        0x0 c:/software/altera/10.1/nios2eds/bin/gnu/h-i686-mingw32/bin/../lib/gcc/nios2-elf/4.1.2/../../../../nios2-elf/lib\libc.a(lib_a-dtoa.o)
 .data          0x008145ac        0x0 c:/software/altera/10.1/nios2eds/bin/gnu/h-i686-mingw32/bin/../lib/gcc/nios2-elf/4.1.2/../../../../nios2-elf/lib\libc.a(lib_a-fflush.o)
 .data          0x008145ac        0x0 c:/software/altera/10.1/nios2eds/bin/gnu/h-i686-mingw32/bin/../lib/gcc/nios2-elf/4.1.2/../../../../nios2-elf/lib\libc.a(lib_a-findfp.o)
 .data          0x008145ac        0x0 c:/software/altera/10.1/nios2eds/bin/gnu/h-i686-mingw32/bin/../lib/gcc/nios2-elf/4.1.2/../../../../nios2-elf/lib\libc.a(lib_a-freer.o)
 .data          0x008145ac        0x0 c:/software/altera/10.1/nios2eds/bin/gnu/h-i686-mingw32/bin/../lib/gcc/nios2-elf/4.1.2/../../../../nios2-elf/lib\libc.a(lib_a-fvwrite.o)
 .data          0x008145ac        0x0 c:/software/altera/10.1/nios2eds/bin/gnu/h-i686-mingw32/bin/../lib/gcc/nios2-elf/4.1.2/../../../../nios2-elf/lib\libc.a(lib_a-fwalk.o)
 .data          0x008145ac        0x0 c:/software/altera/10.1/nios2eds/bin/gnu/h-i686-mingw32/bin/../lib/gcc/nios2-elf/4.1.2/../../../../nios2-elf/lib\libc.a(lib_a-int_errno.o)
 .data          0x008145ac        0xc c:/software/altera/10.1/nios2eds/bin/gnu/h-i686-mingw32/bin/../lib/gcc/nios2-elf/4.1.2/../../../../nios2-elf/lib\libc.a(lib_a-locale.o)
                0x008145ac                __lc_ctype
 .data          0x008145b8        0x0 c:/software/altera/10.1/nios2eds/bin/gnu/h-i686-mingw32/bin/../lib/gcc/nios2-elf/4.1.2/../../../../nios2-elf/lib\libc.a(lib_a-makebuf.o)
 .data          0x008145b8        0x0 c:/software/altera/10.1/nios2eds/bin/gnu/h-i686-mingw32/bin/../lib/gcc/nios2-elf/4.1.2/../../../../nios2-elf/lib\libc.a(lib_a-memchr.o)
 .data          0x008145b8        0x0 c:/software/altera/10.1/nios2eds/bin/gnu/h-i686-mingw32/bin/../lib/gcc/nios2-elf/4.1.2/../../../../nios2-elf/lib\libc.a(lib_a-memmove.o)
 .data          0x008145b8        0x0 c:/software/altera/10.1/nios2eds/bin/gnu/h-i686-mingw32/bin/../lib/gcc/nios2-elf/4.1.2/../../../../nios2-elf/lib\libc.a(lib_a-memset.o)
 .data          0x008145b8        0x0 c:/software/altera/10.1/nios2eds/bin/gnu/h-i686-mingw32/bin/../lib/gcc/nios2-elf/4.1.2/../../../../nios2-elf/lib\libc.a(lib_a-mprec.o)
 .data          0x008145b8        0x0 c:/software/altera/10.1/nios2eds/bin/gnu/h-i686-mingw32/bin/../lib/gcc/nios2-elf/4.1.2/../../../../nios2-elf/lib\libc.a(lib_a-putc.o)
 .data          0x008145b8        0x0 c:/software/altera/10.1/nios2eds/bin/gnu/h-i686-mingw32/bin/../lib/gcc/nios2-elf/4.1.2/../../../../nios2-elf/lib\libc.a(lib_a-reallocr.o)
 .data          0x008145b8        0x0 c:/software/altera/10.1/nios2eds/bin/gnu/h-i686-mingw32/bin/../lib/gcc/nios2-elf/4.1.2/../../../../nios2-elf/lib\libc.a(lib_a-refill.o)
 .data          0x008145b8        0x0 c:/software/altera/10.1/nios2eds/bin/gnu/h-i686-mingw32/bin/../lib/gcc/nios2-elf/4.1.2/../../../../nios2-elf/lib\libc.a(lib_a-s_isinfd.o)
 .data          0x008145b8        0x0 c:/software/altera/10.1/nios2eds/bin/gnu/h-i686-mingw32/bin/../lib/gcc/nios2-elf/4.1.2/../../../../nios2-elf/lib\libc.a(lib_a-s_isnand.o)
 .data          0x008145b8        0x0 c:/software/altera/10.1/nios2eds/bin/gnu/h-i686-mingw32/bin/../lib/gcc/nios2-elf/4.1.2/../../../../nios2-elf/lib\libc.a(lib_a-stdio.o)
 .data          0x008145b8        0x0 c:/software/altera/10.1/nios2eds/bin/gnu/h-i686-mingw32/bin/../lib/gcc/nios2-elf/4.1.2/../../../../nios2-elf/lib\libc.a(lib_a-strcmp.o)
 .data          0x008145b8        0x0 c:/software/altera/10.1/nios2eds/bin/gnu/h-i686-mingw32/bin/../lib/gcc/nios2-elf/4.1.2/../../../../nios2-elf/lib\libc.a(lib_a-wbuf.o)
 .data          0x008145b8        0x0 c:/software/altera/10.1/nios2eds/bin/gnu/h-i686-mingw32/bin/../lib/gcc/nios2-elf/4.1.2/../../../../nios2-elf/lib\libc.a(lib_a-writer.o)
 .data          0x008145b8        0x0 c:/software/altera/10.1/nios2eds/bin/gnu/h-i686-mingw32/bin/../lib/gcc/nios2-elf/4.1.2/../../../../nios2-elf/lib\libc.a(lib_a-callocr.o)
 .data          0x008145b8        0x0 c:/software/altera/10.1/nios2eds/bin/gnu/h-i686-mingw32/bin/../lib/gcc/nios2-elf/4.1.2/../../../../nios2-elf/lib\libc.a(lib_a-closer.o)
 .data          0x008145b8        0x0 c:/software/altera/10.1/nios2eds/bin/gnu/h-i686-mingw32/bin/../lib/gcc/nios2-elf/4.1.2/../../../../nios2-elf/lib\libc.a(lib_a-fclose.o)
 .data          0x008145b8        0x0 c:/software/altera/10.1/nios2eds/bin/gnu/h-i686-mingw32/bin/../lib/gcc/nios2-elf/4.1.2/../../../../nios2-elf/lib\libc.a(lib_a-fstatr.o)
 .data          0x008145b8        0x0 c:/software/altera/10.1/nios2eds/bin/gnu/h-i686-mingw32/bin/../lib/gcc/nios2-elf/4.1.2/../../../../nios2-elf/lib\libc.a(lib_a-isattyr.o)
 .data          0x008145b8        0x0 c:/software/altera/10.1/nios2eds/bin/gnu/h-i686-mingw32/bin/../lib/gcc/nios2-elf/4.1.2/../../../../nios2-elf/lib\libc.a(lib_a-lseekr.o)
 .data          0x008145b8        0x0 c:/software/altera/10.1/nios2eds/bin/gnu/h-i686-mingw32/bin/../lib/gcc/nios2-elf/4.1.2/../../../../nios2-elf/lib\libc.a(lib_a-readr.o)
 .data          0x008145b8        0x0 c:/software/altera/10.1/nios2eds/bin/gnu/h-i686-mingw32/bin/../lib/gcc/nios2-elf/4.1.2\libgcc.a(_udivdi3.o)
 .data          0x008145b8        0x0 c:/software/altera/10.1/nios2eds/bin/gnu/h-i686-mingw32/bin/../lib/gcc/nios2-elf/4.1.2\libgcc.a(_umoddi3.o)
 .data          0x008145b8        0x0 c:/software/altera/10.1/nios2eds/bin/gnu/h-i686-mingw32/bin/../lib/gcc/nios2-elf/4.1.2\libgcc.a(_div_df.o)
 .data          0x008145b8        0x0 c:/software/altera/10.1/nios2eds/bin/gnu/h-i686-mingw32/bin/../lib/gcc/nios2-elf/4.1.2\libgcc.a(_eq_df.o)
 .data          0x008145b8        0x0 c:/software/altera/10.1/nios2eds/bin/gnu/h-i686-mingw32/bin/../lib/gcc/nios2-elf/4.1.2\libgcc.a(_ne_df.o)
 .data          0x008145b8        0x0 c:/software/altera/10.1/nios2eds/bin/gnu/h-i686-mingw32/bin/../lib/gcc/nios2-elf/4.1.2\libgcc.a(_ge_df.o)
 .data          0x008145b8        0x0 c:/software/altera/10.1/nios2eds/bin/gnu/h-i686-mingw32/bin/../lib/gcc/nios2-elf/4.1.2\libgcc.a(_lt_df.o)
 .data          0x008145b8        0x0 c:/software/altera/10.1/nios2eds/bin/gnu/h-i686-mingw32/bin/../lib/gcc/nios2-elf/4.1.2\libgcc.a(_si_to_df.o)
 .data          0x008145b8        0x0 c:/software/altera/10.1/nios2eds/bin/gnu/h-i686-mingw32/bin/../lib/gcc/nios2-elf/4.1.2\libgcc.a(lib2-divmod.o)
 .data          0x008145b8        0x0 ../ECE423_Lab1_bsp\libhal_bsp.a(alt_close.o)
 .data          0x008145b8      0x1a8 ../ECE423_Lab1_bsp\libhal_bsp.a(alt_dev.o)
                0x008145b8                alt_dev_null
                0x008145e0                alt_fd_list
 .data          0x00814760        0x0 ../ECE423_Lab1_bsp\libhal_bsp.a(alt_errno.o)
 .data          0x00814760        0x0 ../ECE423_Lab1_bsp\libhal_bsp.a(alt_exit.o)
 .data          0x00814760        0x0 ../ECE423_Lab1_bsp\libhal_bsp.a(alt_fstat.o)
 .data          0x00814760        0x0 ../ECE423_Lab1_bsp\libhal_bsp.a(alt_isatty.o)
 .data          0x00814760        0x0 ../ECE423_Lab1_bsp\libhal_bsp.a(alt_load.o)
 .data          0x00814760        0x0 ../ECE423_Lab1_bsp\libhal_bsp.a(alt_lseek.o)
 .data          0x00814760        0x0 ../ECE423_Lab1_bsp\libhal_bsp.a(alt_main.o)
 .data          0x00814760        0x0 ../ECE423_Lab1_bsp\libhal_bsp.a(alt_malloc_lock.o)
 .data          0x00814760        0x0 ../ECE423_Lab1_bsp\libhal_bsp.a(alt_read.o)
 .data          0x00814760        0x0 ../ECE423_Lab1_bsp\libhal_bsp.a(alt_release_fd.o)
 .data          0x00814760        0x0 ../ECE423_Lab1_bsp\libhal_bsp.a(alt_sbrk.o)
 .data          0x00814760        0x0 ../ECE423_Lab1_bsp\libhal_bsp.a(alt_write.o)
 .data          0x00814760     0x10e0 ../ECE423_Lab1_bsp\libhal_bsp.a(alt_sys_init.o)
 .data          0x00815840        0x0 ../ECE423_Lab1_bsp\libhal_bsp.a(altera_avalon_jtag_uart_fd.o)
 .data          0x00815840        0x0 ../ECE423_Lab1_bsp\libhal_bsp.a(altera_avalon_jtag_uart_init.o)
 .data          0x00815840        0x0 ../ECE423_Lab1_bsp\libhal_bsp.a(altera_avalon_jtag_uart_ioctl.o)
 .data          0x00815840        0x0 ../ECE423_Lab1_bsp\libhal_bsp.a(altera_avalon_jtag_uart_read.o)
 .data          0x00815840        0x0 ../ECE423_Lab1_bsp\libhal_bsp.a(altera_avalon_jtag_uart_write.o)
 .data          0x00815840        0x0 ../ECE423_Lab1_bsp\libhal_bsp.a(altera_avalon_timer_sc.o)
 .data          0x00815840        0x0 ../ECE423_Lab1_bsp\libhal_bsp.a(altera_up_avalon_video_pixel_buffer_dma.o)
 .data          0x00815840        0x0 ../ECE423_Lab1_bsp\libhal_bsp.a(altera_up_sd_card_avalon_interface.o)
 .data          0x00815840        0x0 ../ECE423_Lab1_bsp\libhal_bsp.a(alt_alarm_start.o)
 .data          0x00815840        0x0 ../ECE423_Lab1_bsp\libhal_bsp.a(alt_dcache_flush_all.o)
 .data          0x00815840        0x0 ../ECE423_Lab1_bsp\libhal_bsp.a(alt_dev_llist_insert.o)
 .data          0x00815840        0x0 ../ECE423_Lab1_bsp\libhal_bsp.a(alt_do_ctors.o)
 .data          0x00815840        0x0 ../ECE423_Lab1_bsp\libhal_bsp.a(alt_do_dtors.o)
 .data          0x00815840        0x0 ../ECE423_Lab1_bsp\libhal_bsp.a(alt_find_dev.o)
 .data          0x00815840        0x0 ../ECE423_Lab1_bsp\libhal_bsp.a(alt_icache_flush_all.o)
 .data          0x00815840        0x0 ../ECE423_Lab1_bsp\libhal_bsp.a(alt_iic.o)
 .data          0x00815840        0x0 ../ECE423_Lab1_bsp\libhal_bsp.a(alt_iic_isr_register.o)
 .data          0x00815840        0x0 ../ECE423_Lab1_bsp\libhal_bsp.a(alt_io_redirect.o)
 .data          0x00815840        0x0 ../ECE423_Lab1_bsp\libhal_bsp.a(alt_irq_entry.o)
 .data          0x00815840        0x0 ../ECE423_Lab1_bsp\libhal_bsp.a(alt_irq_handler.o)
 .data          0x00815840        0x0 ../ECE423_Lab1_bsp\libhal_bsp.a(alt_irq_vars.o)
 .data          0x00815840        0x0 ../ECE423_Lab1_bsp\libhal_bsp.a(alt_open.o)
 .data          0x00815840        0x0 ../ECE423_Lab1_bsp\libhal_bsp.a(alt_tick.o)
 .data          0x00815840        0x0 ../ECE423_Lab1_bsp\libhal_bsp.a(altera_nios2_irq.o)
 .data          0x00815840        0x0 ../ECE423_Lab1_bsp\libhal_bsp.a(alt_exception_entry.o)
 .data          0x00815840        0x0 ../ECE423_Lab1_bsp\libhal_bsp.a(alt_find_file.o)
 .data          0x00815840        0x0 ../ECE423_Lab1_bsp\libhal_bsp.a(alt_get_fd.o)
 .data          0x00815840        0x0 ../ECE423_Lab1_bsp\libhal_bsp.a(alt_icache_flush.o)
 .data          0x00815840        0x0 c:/software/altera/10.1/nios2eds/bin/gnu/h-i686-mingw32/bin/../lib/gcc/nios2-elf/4.1.2/../../../../nios2-elf/lib\libc.a(lib_a-atexit.o)
 .data          0x00815840        0x0 c:/software/altera/10.1/nios2eds/bin/gnu/h-i686-mingw32/bin/../lib/gcc/nios2-elf/4.1.2/../../../../nios2-elf/lib\libc.a(lib_a-memcmp.o)
 .data          0x00815840        0x0 c:/software/altera/10.1/nios2eds/bin/gnu/h-i686-mingw32/bin/../lib/gcc/nios2-elf/4.1.2/../../../../nios2-elf/lib\libc.a(lib_a-__atexit.o)
                0x0081d840                _gp = ABSOLUTE ((. + 0x8000))
                0x0081d840                PROVIDE (gp, _gp)
 *(.sdata .sdata.* .gnu.linkonce.s.*)
 .sdata         0x00815840        0x8 c:/software/altera/10.1/nios2eds/bin/gnu/h-i686-mingw32/bin/../lib/gcc/nios2-elf/4.1.2/../../../../nios2-elf/lib\libc.a(lib_a-impure.o)
                0x00815840                _impure_ptr
                0x00815844                _global_impure_ptr
 .sdata         0x00815848        0x8 c:/software/altera/10.1/nios2eds/bin/gnu/h-i686-mingw32/bin/../lib/gcc/nios2-elf/4.1.2/../../../../nios2-elf/lib\libc.a(lib_a-mallocr.o)
                0x00815848                __malloc_trim_threshold
                0x0081584c                __malloc_sbrk_base
 .sdata         0x00815850        0x8 c:/software/altera/10.1/nios2eds/bin/gnu/h-i686-mingw32/bin/../lib/gcc/nios2-elf/4.1.2/../../../../nios2-elf/lib\libc.a(lib_a-locale.o)
                0x00815850                __mb_cur_max
 .sdata         0x00815858       0x14 ../ECE423_Lab1_bsp\libhal_bsp.a(alt_dev.o)
                0x00815858                alt_fs_list
                0x00815860                alt_dev_list
                0x00815868                alt_max_fd
 .sdata         0x0081586c        0x4 ../ECE423_Lab1_bsp\libhal_bsp.a(alt_errno.o)
                0x0081586c                alt_errno
 .sdata         0x00815870        0x4 ../ECE423_Lab1_bsp\libhal_bsp.a(alt_sbrk.o)
 .sdata         0x00815874        0x4 ../ECE423_Lab1_bsp\libhal_bsp.a(alt_irq_vars.o)
                0x00815874                alt_priority_mask
 .sdata         0x00815878        0x8 ../ECE423_Lab1_bsp\libhal_bsp.a(alt_tick.o)
                0x00815878                alt_alarm_list
 *(.sdata2 .sdata2.* .gnu.linkonce.s2.*)
                0x00815880                . = ALIGN (0x4)
                0x00815880                _edata = ABSOLUTE (.)
                0x00815880                PROVIDE (edata, ABSOLUTE (.))
                0x00815880                PROVIDE (__ram_rwdata_end, ABSOLUTE (.))
                0x00815880                PROVIDE (__flash_rwdata_start, LOADADDR (.rwdata))

.bss            0x0081755c      0x890
                0x0081755c                __bss_start = ABSOLUTE (.)
                0x0081755c                PROVIDE (__sbss_start, ABSOLUTE (.))
                0x0081755c                PROVIDE (___sbss_start, ABSOLUTE (.))
 *(.dynsbss)
 *(.sbss .sbss.* .gnu.linkonce.sb.*)
 .sbss          0x0081755c        0x4 obj/main_code.o
                0x0081755c                edge_capture
 .sbss          0x00817560        0x4 obj/sd_card.o
                0x00817560                sectors
 .sbss          0x00817564        0xc c:/software/altera/10.1/nios2eds/bin/gnu/h-i686-mingw32/bin/../lib/gcc/nios2-elf/4.1.2/../../../../nios2-elf/lib\libc.a(lib_a-mallocr.o)
                0x00817564                __malloc_top_pad
                0x00817568                __malloc_max_sbrked_mem
                0x0081756c                __malloc_max_total_mem
 .sbss          0x00817570        0x4 c:/software/altera/10.1/nios2eds/bin/gnu/h-i686-mingw32/bin/../lib/gcc/nios2-elf/4.1.2/../../../../nios2-elf/lib\libc.a(lib_a-int_errno.o)
                0x00817570                errno
 .sbss          0x00817574        0xc c:/software/altera/10.1/nios2eds/bin/gnu/h-i686-mingw32/bin/../lib/gcc/nios2-elf/4.1.2/../../../../nios2-elf/lib\libc.a(lib_a-locale.o)
                0x00817574                __nlocale_changed
                0x00817578                __mlocale_changed
                0x0081757c                _PathLocale
 .sbss          0x00817580        0xc ../ECE423_Lab1_bsp\libhal_bsp.a(alt_main.o)
                0x00817580                alt_argc
                0x00817584                alt_argv
                0x00817588                alt_envp
 .sbss          0x0081758c       0x34 ../ECE423_Lab1_bsp\libhal_bsp.a(altera_up_sd_card_avalon_interface.o)
                0x0081758c                initialized
                0x00817590                is_sd_card_formated_as_FAT16
                0x00817594                aux_status_register
                0x00817598                status_register
                0x0081759c                CSD_register_w0
                0x008175a0                command_register
                0x008175a4                command_argument_register
                0x008175a8                buffer_memory
                0x008175ac                fat_partition_offset_in_512_byte_sectors
                0x008175b0                fat_partition_size_in_512_byte_sectors
                0x008175b4                device_pointer
                0x008175b8                current_sector_modified
                0x008175bc                current_sector_index
 .sbss          0x008175c0        0x4 ../ECE423_Lab1_bsp\libhal_bsp.a(alt_irq_vars.o)
                0x008175c0                alt_irq_active
 .sbss          0x008175c4        0x8 ../ECE423_Lab1_bsp\libhal_bsp.a(alt_tick.o)
                0x008175c4                _alt_tick_rate
                0x008175c8                _alt_nticks
 *(.sbss2 .sbss2.* .gnu.linkonce.sb2.*)
 *(.scommon)
                0x008175cc                PROVIDE (__sbss_end, ABSOLUTE (.))
                0x008175cc                PROVIDE (___sbss_end, ABSOLUTE (.))
 *(.dynbss)
 *(.bss .bss.* .gnu.linkonce.b.*)
 .bss           0x008175cc        0x0 ../ECE423_Lab1_bsp/obj/HAL/src/crt0.o
 .bss           0x008175cc        0x0 obj/common/tables.o
 .bss           0x008175cc        0x0 obj/common/util.o
 .bss           0x008175cc        0x0 obj/decoder/idct.o
 .bss           0x008175cc        0x0 obj/decoder/lossless_decode.o
 .bss           0x008175cc        0x0 obj/decoder/mjpeg423_decoder.o
 .bss           0x008175cc        0x0 obj/decoder/ycbcr_to_rgb.o
 .bss           0x008175cc        0x0 obj/main_code.o
 .bss           0x008175cc        0x0 obj/sd_card.o
 .bss           0x008175cc        0x0 c:/software/altera/10.1/nios2eds/bin/gnu/h-i686-mingw32/bin/../lib/gcc/nios2-elf/4.1.2/../../../../nios2-elf/lib\libm.a(lib_a-s_ceil.o)
 .bss           0x008175cc        0x0 c:/software/altera/10.1/nios2eds/bin/gnu/h-i686-mingw32/bin/../lib/gcc/nios2-elf/4.1.2\libgcc.a(_addsub_df.o)
 .bss           0x008175cc        0x0 c:/software/altera/10.1/nios2eds/bin/gnu/h-i686-mingw32/bin/../lib/gcc/nios2-elf/4.1.2\libgcc.a(_mul_df.o)
 .bss           0x008175cc        0x0 c:/software/altera/10.1/nios2eds/bin/gnu/h-i686-mingw32/bin/../lib/gcc/nios2-elf/4.1.2\libgcc.a(_gt_df.o)
 .bss           0x008175cc        0x0 c:/software/altera/10.1/nios2eds/bin/gnu/h-i686-mingw32/bin/../lib/gcc/nios2-elf/4.1.2\libgcc.a(_df_to_si.o)
 .bss           0x008175cc        0x0 c:/software/altera/10.1/nios2eds/bin/gnu/h-i686-mingw32/bin/../lib/gcc/nios2-elf/4.1.2\libgcc.a(_thenan_df.o)
 .bss           0x008175cc        0x0 c:/software/altera/10.1/nios2eds/bin/gnu/h-i686-mingw32/bin/../lib/gcc/nios2-elf/4.1.2\libgcc.a(_usi_to_df.o)
 .bss           0x008175cc        0x0 c:/software/altera/10.1/nios2eds/bin/gnu/h-i686-mingw32/bin/../lib/gcc/nios2-elf/4.1.2\libgcc.a(_muldi3.o)
 .bss           0x008175cc        0x0 c:/software/altera/10.1/nios2eds/bin/gnu/h-i686-mingw32/bin/../lib/gcc/nios2-elf/4.1.2\libgcc.a(_clzsi2.o)
 .bss           0x008175cc        0x0 c:/software/altera/10.1/nios2eds/bin/gnu/h-i686-mingw32/bin/../lib/gcc/nios2-elf/4.1.2\libgcc.a(_pack_df.o)
 .bss           0x008175cc        0x0 c:/software/altera/10.1/nios2eds/bin/gnu/h-i686-mingw32/bin/../lib/gcc/nios2-elf/4.1.2\libgcc.a(_unpack_df.o)
 .bss           0x008175cc        0x0 c:/software/altera/10.1/nios2eds/bin/gnu/h-i686-mingw32/bin/../lib/gcc/nios2-elf/4.1.2\libgcc.a(_fpcmp_parts_df.o)
 .bss           0x008175cc        0x0 c:/software/altera/10.1/nios2eds/bin/gnu/h-i686-mingw32/bin/../lib/gcc/nios2-elf/4.1.2\libgcc.a(_clz.o)
 .bss           0x008175cc        0x0 c:/software/altera/10.1/nios2eds/bin/gnu/h-i686-mingw32/bin/../lib/gcc/nios2-elf/4.1.2/../../../../nios2-elf/lib\libc.a(lib_a-exit.o)
 .bss           0x008175cc        0x0 c:/software/altera/10.1/nios2eds/bin/gnu/h-i686-mingw32/bin/../lib/gcc/nios2-elf/4.1.2/../../../../nios2-elf/lib\libc.a(lib_a-getc.o)
 .bss           0x008175cc        0x0 c:/software/altera/10.1/nios2eds/bin/gnu/h-i686-mingw32/bin/../lib/gcc/nios2-elf/4.1.2/../../../../nios2-elf/lib\libc.a(lib_a-impure.o)
 .bss           0x008175cc        0x0 c:/software/altera/10.1/nios2eds/bin/gnu/h-i686-mingw32/bin/../lib/gcc/nios2-elf/4.1.2/../../../../nios2-elf/lib\libc.a(lib_a-malloc.o)
 .bss           0x008175cc       0x28 c:/software/altera/10.1/nios2eds/bin/gnu/h-i686-mingw32/bin/../lib/gcc/nios2-elf/4.1.2/../../../../nios2-elf/lib\libc.a(lib_a-mallocr.o)
                0x008175cc                __malloc_current_mallinfo
 .bss           0x008175f4        0x0 c:/software/altera/10.1/nios2eds/bin/gnu/h-i686-mingw32/bin/../lib/gcc/nios2-elf/4.1.2/../../../../nios2-elf/lib\libc.a(lib_a-memcpy.o)
 .bss           0x008175f4        0x0 c:/software/altera/10.1/nios2eds/bin/gnu/h-i686-mingw32/bin/../lib/gcc/nios2-elf/4.1.2/../../../../nios2-elf/lib\libc.a(lib_a-printf.o)
 .bss           0x008175f4        0x0 c:/software/altera/10.1/nios2eds/bin/gnu/h-i686-mingw32/bin/../lib/gcc/nios2-elf/4.1.2/../../../../nios2-elf/lib\libc.a(lib_a-putchar.o)
 .bss           0x008175f4        0x0 c:/software/altera/10.1/nios2eds/bin/gnu/h-i686-mingw32/bin/../lib/gcc/nios2-elf/4.1.2/../../../../nios2-elf/lib\libc.a(lib_a-puts.o)
 .bss           0x008175f4        0x0 c:/software/altera/10.1/nios2eds/bin/gnu/h-i686-mingw32/bin/../lib/gcc/nios2-elf/4.1.2/../../../../nios2-elf/lib\libc.a(lib_a-rget.o)
 .bss           0x008175f4        0x0 c:/software/altera/10.1/nios2eds/bin/gnu/h-i686-mingw32/bin/../lib/gcc/nios2-elf/4.1.2/../../../../nios2-elf/lib\libc.a(lib_a-sbrkr.o)
 .bss           0x008175f4        0x0 c:/software/altera/10.1/nios2eds/bin/gnu/h-i686-mingw32/bin/../lib/gcc/nios2-elf/4.1.2/../../../../nios2-elf/lib\libc.a(lib_a-strlen.o)
 .bss           0x008175f4        0x0 c:/software/altera/10.1/nios2eds/bin/gnu/h-i686-mingw32/bin/../lib/gcc/nios2-elf/4.1.2/../../../../nios2-elf/lib\libc.a(lib_a-vfprintf.o)
 .bss           0x008175f4        0x0 c:/software/altera/10.1/nios2eds/bin/gnu/h-i686-mingw32/bin/../lib/gcc/nios2-elf/4.1.2/../../../../nios2-elf/lib\libc.a(lib_a-wsetup.o)
 .bss           0x008175f4        0x0 c:/software/altera/10.1/nios2eds/bin/gnu/h-i686-mingw32/bin/../lib/gcc/nios2-elf/4.1.2/../../../../nios2-elf/lib\libc.a(lib_a-__call_atexit.o)
 .bss           0x008175f4        0x0 c:/software/altera/10.1/nios2eds/bin/gnu/h-i686-mingw32/bin/../lib/gcc/nios2-elf/4.1.2/../../../../nios2-elf/lib\libc.a(lib_a-dtoa.o)
 .bss           0x008175f4        0x0 c:/software/altera/10.1/nios2eds/bin/gnu/h-i686-mingw32/bin/../lib/gcc/nios2-elf/4.1.2/../../../../nios2-elf/lib\libc.a(lib_a-fflush.o)
 .bss           0x008175f4        0x0 c:/software/altera/10.1/nios2eds/bin/gnu/h-i686-mingw32/bin/../lib/gcc/nios2-elf/4.1.2/../../../../nios2-elf/lib\libc.a(lib_a-findfp.o)
 .bss           0x008175f4        0x0 c:/software/altera/10.1/nios2eds/bin/gnu/h-i686-mingw32/bin/../lib/gcc/nios2-elf/4.1.2/../../../../nios2-elf/lib\libc.a(lib_a-freer.o)
 .bss           0x008175f4        0x0 c:/software/altera/10.1/nios2eds/bin/gnu/h-i686-mingw32/bin/../lib/gcc/nios2-elf/4.1.2/../../../../nios2-elf/lib\libc.a(lib_a-fvwrite.o)
 .bss           0x008175f4        0x0 c:/software/altera/10.1/nios2eds/bin/gnu/h-i686-mingw32/bin/../lib/gcc/nios2-elf/4.1.2/../../../../nios2-elf/lib\libc.a(lib_a-fwalk.o)
 .bss           0x008175f4        0x0 c:/software/altera/10.1/nios2eds/bin/gnu/h-i686-mingw32/bin/../lib/gcc/nios2-elf/4.1.2/../../../../nios2-elf/lib\libc.a(lib_a-int_errno.o)
 .bss           0x008175f4        0x0 c:/software/altera/10.1/nios2eds/bin/gnu/h-i686-mingw32/bin/../lib/gcc/nios2-elf/4.1.2/../../../../nios2-elf/lib\libc.a(lib_a-locale.o)
 .bss           0x008175f4        0x0 c:/software/altera/10.1/nios2eds/bin/gnu/h-i686-mingw32/bin/../lib/gcc/nios2-elf/4.1.2/../../../../nios2-elf/lib\libc.a(lib_a-makebuf.o)
 .bss           0x008175f4        0x0 c:/software/altera/10.1/nios2eds/bin/gnu/h-i686-mingw32/bin/../lib/gcc/nios2-elf/4.1.2/../../../../nios2-elf/lib\libc.a(lib_a-memchr.o)
 .bss           0x008175f4        0x0 c:/software/altera/10.1/nios2eds/bin/gnu/h-i686-mingw32/bin/../lib/gcc/nios2-elf/4.1.2/../../../../nios2-elf/lib\libc.a(lib_a-memmove.o)
 .bss           0x008175f4        0x0 c:/software/altera/10.1/nios2eds/bin/gnu/h-i686-mingw32/bin/../lib/gcc/nios2-elf/4.1.2/../../../../nios2-elf/lib\libc.a(lib_a-memset.o)
 .bss           0x008175f4        0x0 c:/software/altera/10.1/nios2eds/bin/gnu/h-i686-mingw32/bin/../lib/gcc/nios2-elf/4.1.2/../../../../nios2-elf/lib\libc.a(lib_a-mprec.o)
 .bss           0x008175f4        0x0 c:/software/altera/10.1/nios2eds/bin/gnu/h-i686-mingw32/bin/../lib/gcc/nios2-elf/4.1.2/../../../../nios2-elf/lib\libc.a(lib_a-putc.o)
 .bss           0x008175f4        0x0 c:/software/altera/10.1/nios2eds/bin/gnu/h-i686-mingw32/bin/../lib/gcc/nios2-elf/4.1.2/../../../../nios2-elf/lib\libc.a(lib_a-reallocr.o)
 .bss           0x008175f4        0x0 c:/software/altera/10.1/nios2eds/bin/gnu/h-i686-mingw32/bin/../lib/gcc/nios2-elf/4.1.2/../../../../nios2-elf/lib\libc.a(lib_a-refill.o)
 .bss           0x008175f4        0x0 c:/software/altera/10.1/nios2eds/bin/gnu/h-i686-mingw32/bin/../lib/gcc/nios2-elf/4.1.2/../../../../nios2-elf/lib\libc.a(lib_a-s_isinfd.o)
 .bss           0x008175f4        0x0 c:/software/altera/10.1/nios2eds/bin/gnu/h-i686-mingw32/bin/../lib/gcc/nios2-elf/4.1.2/../../../../nios2-elf/lib\libc.a(lib_a-s_isnand.o)
 .bss           0x008175f4        0x0 c:/software/altera/10.1/nios2eds/bin/gnu/h-i686-mingw32/bin/../lib/gcc/nios2-elf/4.1.2/../../../../nios2-elf/lib\libc.a(lib_a-stdio.o)
 .bss           0x008175f4        0x0 c:/software/altera/10.1/nios2eds/bin/gnu/h-i686-mingw32/bin/../lib/gcc/nios2-elf/4.1.2/../../../../nios2-elf/lib\libc.a(lib_a-strcmp.o)
 .bss           0x008175f4        0x0 c:/software/altera/10.1/nios2eds/bin/gnu/h-i686-mingw32/bin/../lib/gcc/nios2-elf/4.1.2/../../../../nios2-elf/lib\libc.a(lib_a-wbuf.o)
 .bss           0x008175f4        0x0 c:/software/altera/10.1/nios2eds/bin/gnu/h-i686-mingw32/bin/../lib/gcc/nios2-elf/4.1.2/../../../../nios2-elf/lib\libc.a(lib_a-writer.o)
 .bss           0x008175f4        0x0 c:/software/altera/10.1/nios2eds/bin/gnu/h-i686-mingw32/bin/../lib/gcc/nios2-elf/4.1.2/../../../../nios2-elf/lib\libc.a(lib_a-callocr.o)
 .bss           0x008175f4        0x0 c:/software/altera/10.1/nios2eds/bin/gnu/h-i686-mingw32/bin/../lib/gcc/nios2-elf/4.1.2/../../../../nios2-elf/lib\libc.a(lib_a-closer.o)
 .bss           0x008175f4        0x0 c:/software/altera/10.1/nios2eds/bin/gnu/h-i686-mingw32/bin/../lib/gcc/nios2-elf/4.1.2/../../../../nios2-elf/lib\libc.a(lib_a-fclose.o)
 .bss           0x008175f4        0x0 c:/software/altera/10.1/nios2eds/bin/gnu/h-i686-mingw32/bin/../lib/gcc/nios2-elf/4.1.2/../../../../nios2-elf/lib\libc.a(lib_a-fstatr.o)
 .bss           0x008175f4        0x0 c:/software/altera/10.1/nios2eds/bin/gnu/h-i686-mingw32/bin/../lib/gcc/nios2-elf/4.1.2/../../../../nios2-elf/lib\libc.a(lib_a-isattyr.o)
 .bss           0x008175f4        0x0 c:/software/altera/10.1/nios2eds/bin/gnu/h-i686-mingw32/bin/../lib/gcc/nios2-elf/4.1.2/../../../../nios2-elf/lib\libc.a(lib_a-lseekr.o)
 .bss           0x008175f4        0x0 c:/software/altera/10.1/nios2eds/bin/gnu/h-i686-mingw32/bin/../lib/gcc/nios2-elf/4.1.2/../../../../nios2-elf/lib\libc.a(lib_a-readr.o)
 .bss           0x008175f4        0x0 c:/software/altera/10.1/nios2eds/bin/gnu/h-i686-mingw32/bin/../lib/gcc/nios2-elf/4.1.2\libgcc.a(_udivdi3.o)
 .bss           0x008175f4        0x0 c:/software/altera/10.1/nios2eds/bin/gnu/h-i686-mingw32/bin/../lib/gcc/nios2-elf/4.1.2\libgcc.a(_umoddi3.o)
 .bss           0x008175f4        0x0 c:/software/altera/10.1/nios2eds/bin/gnu/h-i686-mingw32/bin/../lib/gcc/nios2-elf/4.1.2\libgcc.a(_div_df.o)
 .bss           0x008175f4        0x0 c:/software/altera/10.1/nios2eds/bin/gnu/h-i686-mingw32/bin/../lib/gcc/nios2-elf/4.1.2\libgcc.a(_eq_df.o)
 .bss           0x008175f4        0x0 c:/software/altera/10.1/nios2eds/bin/gnu/h-i686-mingw32/bin/../lib/gcc/nios2-elf/4.1.2\libgcc.a(_ne_df.o)
 .bss           0x008175f4        0x0 c:/software/altera/10.1/nios2eds/bin/gnu/h-i686-mingw32/bin/../lib/gcc/nios2-elf/4.1.2\libgcc.a(_ge_df.o)
 .bss           0x008175f4        0x0 c:/software/altera/10.1/nios2eds/bin/gnu/h-i686-mingw32/bin/../lib/gcc/nios2-elf/4.1.2\libgcc.a(_lt_df.o)
 .bss           0x008175f4        0x0 c:/software/altera/10.1/nios2eds/bin/gnu/h-i686-mingw32/bin/../lib/gcc/nios2-elf/4.1.2\libgcc.a(_si_to_df.o)
 .bss           0x008175f4        0x0 c:/software/altera/10.1/nios2eds/bin/gnu/h-i686-mingw32/bin/../lib/gcc/nios2-elf/4.1.2\libgcc.a(lib2-divmod.o)
 .bss           0x008175f4        0x0 ../ECE423_Lab1_bsp\libhal_bsp.a(alt_close.o)
 .bss           0x008175f4        0x0 ../ECE423_Lab1_bsp\libhal_bsp.a(alt_dev.o)
 .bss           0x008175f4        0x0 ../ECE423_Lab1_bsp\libhal_bsp.a(alt_errno.o)
 .bss           0x008175f4        0x0 ../ECE423_Lab1_bsp\libhal_bsp.a(alt_exit.o)
 .bss           0x008175f4        0x0 ../ECE423_Lab1_bsp\libhal_bsp.a(alt_fstat.o)
 .bss           0x008175f4        0x0 ../ECE423_Lab1_bsp\libhal_bsp.a(alt_isatty.o)
 .bss           0x008175f4        0x0 ../ECE423_Lab1_bsp\libhal_bsp.a(alt_load.o)
 .bss           0x008175f4        0x0 ../ECE423_Lab1_bsp\libhal_bsp.a(alt_lseek.o)
 .bss           0x008175f4        0x0 ../ECE423_Lab1_bsp\libhal_bsp.a(alt_main.o)
 .bss           0x008175f4        0x0 ../ECE423_Lab1_bsp\libhal_bsp.a(alt_malloc_lock.o)
 .bss           0x008175f4        0x0 ../ECE423_Lab1_bsp\libhal_bsp.a(alt_read.o)
 .bss           0x008175f4        0x0 ../ECE423_Lab1_bsp\libhal_bsp.a(alt_release_fd.o)
 .bss           0x008175f4        0x0 ../ECE423_Lab1_bsp\libhal_bsp.a(alt_sbrk.o)
 .bss           0x008175f4        0x0 ../ECE423_Lab1_bsp\libhal_bsp.a(alt_write.o)
 .bss           0x008175f4        0x0 ../ECE423_Lab1_bsp\libhal_bsp.a(alt_sys_init.o)
 .bss           0x008175f4        0x0 ../ECE423_Lab1_bsp\libhal_bsp.a(altera_avalon_jtag_uart_fd.o)
 .bss           0x008175f4        0x0 ../ECE423_Lab1_bsp\libhal_bsp.a(altera_avalon_jtag_uart_init.o)
 .bss           0x008175f4        0x0 ../ECE423_Lab1_bsp\libhal_bsp.a(altera_avalon_jtag_uart_ioctl.o)
 .bss           0x008175f4        0x0 ../ECE423_Lab1_bsp\libhal_bsp.a(altera_avalon_jtag_uart_read.o)
 .bss           0x008175f4        0x0 ../ECE423_Lab1_bsp\libhal_bsp.a(altera_avalon_jtag_uart_write.o)
 .bss           0x008175f4        0x0 ../ECE423_Lab1_bsp\libhal_bsp.a(altera_avalon_timer_sc.o)
 .bss           0x008175f4        0x0 ../ECE423_Lab1_bsp\libhal_bsp.a(altera_up_avalon_video_pixel_buffer_dma.o)
 .bss           0x008175f4        0x0 ../ECE423_Lab1_bsp\libhal_bsp.a(altera_up_sd_card_avalon_interface.o)
 .bss           0x008175f4        0x0 ../ECE423_Lab1_bsp\libhal_bsp.a(alt_alarm_start.o)
 .bss           0x008175f4        0x0 ../ECE423_Lab1_bsp\libhal_bsp.a(alt_dcache_flush_all.o)
 .bss           0x008175f4        0x0 ../ECE423_Lab1_bsp\libhal_bsp.a(alt_dev_llist_insert.o)
 .bss           0x008175f4        0x0 ../ECE423_Lab1_bsp\libhal_bsp.a(alt_do_ctors.o)
 .bss           0x008175f4        0x0 ../ECE423_Lab1_bsp\libhal_bsp.a(alt_do_dtors.o)
 .bss           0x008175f4        0x0 ../ECE423_Lab1_bsp\libhal_bsp.a(alt_find_dev.o)
 .bss           0x008175f4        0x0 ../ECE423_Lab1_bsp\libhal_bsp.a(alt_icache_flush_all.o)
 .bss           0x008175f4        0x0 ../ECE423_Lab1_bsp\libhal_bsp.a(alt_iic.o)
 .bss           0x008175f4        0x0 ../ECE423_Lab1_bsp\libhal_bsp.a(alt_iic_isr_register.o)
 .bss           0x008175f4        0x0 ../ECE423_Lab1_bsp\libhal_bsp.a(alt_io_redirect.o)
 .bss           0x008175f4        0x0 ../ECE423_Lab1_bsp\libhal_bsp.a(alt_irq_entry.o)
 .bss           0x008175f4        0x0 ../ECE423_Lab1_bsp\libhal_bsp.a(alt_irq_handler.o)
 .bss           0x008175f4        0x0 ../ECE423_Lab1_bsp\libhal_bsp.a(alt_irq_vars.o)
 .bss           0x008175f4        0x0 ../ECE423_Lab1_bsp\libhal_bsp.a(alt_open.o)
 .bss           0x008175f4        0x0 ../ECE423_Lab1_bsp\libhal_bsp.a(alt_tick.o)
 .bss           0x008175f4        0x0 ../ECE423_Lab1_bsp\libhal_bsp.a(altera_nios2_irq.o)
 .bss           0x008175f4        0x0 ../ECE423_Lab1_bsp\libhal_bsp.a(alt_exception_entry.o)
 .bss           0x008175f4        0x0 ../ECE423_Lab1_bsp\libhal_bsp.a(alt_find_file.o)
 .bss           0x008175f4        0x0 ../ECE423_Lab1_bsp\libhal_bsp.a(alt_get_fd.o)
 .bss           0x008175f4        0x0 ../ECE423_Lab1_bsp\libhal_bsp.a(alt_icache_flush.o)
 .bss           0x008175f4        0x0 c:/software/altera/10.1/nios2eds/bin/gnu/h-i686-mingw32/bin/../lib/gcc/nios2-elf/4.1.2/../../../../nios2-elf/lib\libc.a(lib_a-atexit.o)
 .bss           0x008175f4        0x0 c:/software/altera/10.1/nios2eds/bin/gnu/h-i686-mingw32/bin/../lib/gcc/nios2-elf/4.1.2/../../../../nios2-elf/lib\libc.a(lib_a-memcmp.o)
 .bss           0x008175f4        0x0 c:/software/altera/10.1/nios2eds/bin/gnu/h-i686-mingw32/bin/../lib/gcc/nios2-elf/4.1.2/../../../../nios2-elf/lib\libc.a(lib_a-__atexit.o)
 *(COMMON)
 COMMON         0x008175f4      0x568 ../ECE423_Lab1_bsp\libhal_bsp.a(altera_up_sd_card_avalon_interface.o)
                0x008175f4                search_data
                0x00817608                boot_sector_data
                0x0081765c                active_files
 COMMON         0x00817b5c      0x100 ../ECE423_Lab1_bsp\libhal_bsp.a(alt_irq_handler.o)
                0x00817b5c                alt_irq
 COMMON         0x00817c5c      0x190 c:/software/altera/10.1/nios2eds/bin/gnu/h-i686-mingw32/bin/../lib/gcc/nios2-elf/4.1.2/../../../../nios2-elf/lib\libc.a(lib_a-atexit.o)
                0x00817c5c                _atexit0
                0x00817dec                . = ALIGN (0x4)
                0x00817dec                __bss_end = ABSOLUTE (.)

.sdram_0        0x00817dec        0x0
                0x00817dec                PROVIDE (_alt_partition_sdram_0_start, ABSOLUTE (.))
 *(.sdram_0. sdram_0.*)
                0x00817dec                . = ALIGN (0x4)
                0x00817dec                PROVIDE (_alt_partition_sdram_0_end, ABSOLUTE (.))
                0x00817dec                _end = ABSOLUTE (.)
                0x00817dec                end = ABSOLUTE (.)
                0x00817dec                __alt_stack_base = ABSOLUTE (.)
                0x00817dec                PROVIDE (_alt_partition_sdram_0_load_addr, LOADADDR (.sdram_0))

.stab
 *(.stab)

.stabstr
 *(.stabstr)

.stab.excl
 *(.stab.excl)

.stab.exclstr
 *(.stab.exclstr)

.stab.index
 *(.stab.index)

.stab.indexstr
 *(.stab.indexstr)

.comment        0x00000000       0x23
 *(.comment)
 .comment       0x00000000       0x23 obj/common/tables.o
                                 0x24 (size before relaxing)
 .comment       0x00000000       0x24 obj/common/util.o
 .comment       0x00000000       0x24 obj/decoder/idct.o
 .comment       0x00000000       0x24 obj/decoder/lossless_decode.o
 .comment       0x00000000       0x24 obj/decoder/mjpeg423_decoder.o
 .comment       0x00000000       0x24 obj/decoder/ycbcr_to_rgb.o
 .comment       0x00000000       0x24 obj/main_code.o
 .comment       0x00000000       0x24 obj/sd_card.o
 .comment       0x00000000       0x24 c:/software/altera/10.1/nios2eds/bin/gnu/h-i686-mingw32/bin/../lib/gcc/nios2-elf/4.1.2/../../../../nios2-elf/lib\libm.a(lib_a-s_ceil.o)
 .comment       0x00000000       0x24 c:/software/altera/10.1/nios2eds/bin/gnu/h-i686-mingw32/bin/../lib/gcc/nios2-elf/4.1.2\libgcc.a(_addsub_df.o)
 .comment       0x00000000       0x24 c:/software/altera/10.1/nios2eds/bin/gnu/h-i686-mingw32/bin/../lib/gcc/nios2-elf/4.1.2\libgcc.a(_mul_df.o)
 .comment       0x00000000       0x24 c:/software/altera/10.1/nios2eds/bin/gnu/h-i686-mingw32/bin/../lib/gcc/nios2-elf/4.1.2\libgcc.a(_gt_df.o)
 .comment       0x00000000       0x24 c:/software/altera/10.1/nios2eds/bin/gnu/h-i686-mingw32/bin/../lib/gcc/nios2-elf/4.1.2\libgcc.a(_df_to_si.o)
 .comment       0x00000000       0x24 c:/software/altera/10.1/nios2eds/bin/gnu/h-i686-mingw32/bin/../lib/gcc/nios2-elf/4.1.2\libgcc.a(_thenan_df.o)
 .comment       0x00000000       0x24 c:/software/altera/10.1/nios2eds/bin/gnu/h-i686-mingw32/bin/../lib/gcc/nios2-elf/4.1.2\libgcc.a(_usi_to_df.o)
 .comment       0x00000000       0x24 c:/software/altera/10.1/nios2eds/bin/gnu/h-i686-mingw32/bin/../lib/gcc/nios2-elf/4.1.2\libgcc.a(_muldi3.o)
 .comment       0x00000000       0x24 c:/software/altera/10.1/nios2eds/bin/gnu/h-i686-mingw32/bin/../lib/gcc/nios2-elf/4.1.2\libgcc.a(_clzsi2.o)
 .comment       0x00000000       0x24 c:/software/altera/10.1/nios2eds/bin/gnu/h-i686-mingw32/bin/../lib/gcc/nios2-elf/4.1.2\libgcc.a(_pack_df.o)
 .comment       0x00000000       0x24 c:/software/altera/10.1/nios2eds/bin/gnu/h-i686-mingw32/bin/../lib/gcc/nios2-elf/4.1.2\libgcc.a(_unpack_df.o)
 .comment       0x00000000       0x24 c:/software/altera/10.1/nios2eds/bin/gnu/h-i686-mingw32/bin/../lib/gcc/nios2-elf/4.1.2\libgcc.a(_fpcmp_parts_df.o)
 .comment       0x00000000       0x24 c:/software/altera/10.1/nios2eds/bin/gnu/h-i686-mingw32/bin/../lib/gcc/nios2-elf/4.1.2\libgcc.a(_clz.o)
 .comment       0x00000000       0x24 c:/software/altera/10.1/nios2eds/bin/gnu/h-i686-mingw32/bin/../lib/gcc/nios2-elf/4.1.2/../../../../nios2-elf/lib\libc.a(lib_a-exit.o)
 .comment       0x00000000       0x24 c:/software/altera/10.1/nios2eds/bin/gnu/h-i686-mingw32/bin/../lib/gcc/nios2-elf/4.1.2/../../../../nios2-elf/lib\libc.a(lib_a-getc.o)
 .comment       0x00000000       0x24 c:/software/altera/10.1/nios2eds/bin/gnu/h-i686-mingw32/bin/../lib/gcc/nios2-elf/4.1.2/../../../../nios2-elf/lib\libc.a(lib_a-impure.o)
 .comment       0x00000000       0x24 c:/software/altera/10.1/nios2eds/bin/gnu/h-i686-mingw32/bin/../lib/gcc/nios2-elf/4.1.2/../../../../nios2-elf/lib\libc.a(lib_a-malloc.o)
 .comment       0x00000000       0x24 c:/software/altera/10.1/nios2eds/bin/gnu/h-i686-mingw32/bin/../lib/gcc/nios2-elf/4.1.2/../../../../nios2-elf/lib\libc.a(lib_a-mallocr.o)
 .comment       0x00000000       0x24 c:/software/altera/10.1/nios2eds/bin/gnu/h-i686-mingw32/bin/../lib/gcc/nios2-elf/4.1.2/../../../../nios2-elf/lib\libc.a(lib_a-memcpy.o)
 .comment       0x00000000       0x24 c:/software/altera/10.1/nios2eds/bin/gnu/h-i686-mingw32/bin/../lib/gcc/nios2-elf/4.1.2/../../../../nios2-elf/lib\libc.a(lib_a-printf.o)
 .comment       0x00000000       0x24 c:/software/altera/10.1/nios2eds/bin/gnu/h-i686-mingw32/bin/../lib/gcc/nios2-elf/4.1.2/../../../../nios2-elf/lib\libc.a(lib_a-putchar.o)
 .comment       0x00000000       0x24 c:/software/altera/10.1/nios2eds/bin/gnu/h-i686-mingw32/bin/../lib/gcc/nios2-elf/4.1.2/../../../../nios2-elf/lib\libc.a(lib_a-puts.o)
 .comment       0x00000000       0x24 c:/software/altera/10.1/nios2eds/bin/gnu/h-i686-mingw32/bin/../lib/gcc/nios2-elf/4.1.2/../../../../nios2-elf/lib\libc.a(lib_a-rget.o)
 .comment       0x00000000       0x24 c:/software/altera/10.1/nios2eds/bin/gnu/h-i686-mingw32/bin/../lib/gcc/nios2-elf/4.1.2/../../../../nios2-elf/lib\libc.a(lib_a-sbrkr.o)
 .comment       0x00000000       0x24 c:/software/altera/10.1/nios2eds/bin/gnu/h-i686-mingw32/bin/../lib/gcc/nios2-elf/4.1.2/../../../../nios2-elf/lib\libc.a(lib_a-strlen.o)
 .comment       0x00000000       0x24 c:/software/altera/10.1/nios2eds/bin/gnu/h-i686-mingw32/bin/../lib/gcc/nios2-elf/4.1.2/../../../../nios2-elf/lib\libc.a(lib_a-vfprintf.o)
 .comment       0x00000000       0x24 c:/software/altera/10.1/nios2eds/bin/gnu/h-i686-mingw32/bin/../lib/gcc/nios2-elf/4.1.2/../../../../nios2-elf/lib\libc.a(lib_a-wsetup.o)
 .comment       0x00000000       0x24 c:/software/altera/10.1/nios2eds/bin/gnu/h-i686-mingw32/bin/../lib/gcc/nios2-elf/4.1.2/../../../../nios2-elf/lib\libc.a(lib_a-__call_atexit.o)
 .comment       0x00000000       0x24 c:/software/altera/10.1/nios2eds/bin/gnu/h-i686-mingw32/bin/../lib/gcc/nios2-elf/4.1.2/../../../../nios2-elf/lib\libc.a(lib_a-dtoa.o)
 .comment       0x00000000       0x24 c:/software/altera/10.1/nios2eds/bin/gnu/h-i686-mingw32/bin/../lib/gcc/nios2-elf/4.1.2/../../../../nios2-elf/lib\libc.a(lib_a-fflush.o)
 .comment       0x00000000       0x24 c:/software/altera/10.1/nios2eds/bin/gnu/h-i686-mingw32/bin/../lib/gcc/nios2-elf/4.1.2/../../../../nios2-elf/lib\libc.a(lib_a-findfp.o)
 .comment       0x00000000       0x24 c:/software/altera/10.1/nios2eds/bin/gnu/h-i686-mingw32/bin/../lib/gcc/nios2-elf/4.1.2/../../../../nios2-elf/lib\libc.a(lib_a-freer.o)
 .comment       0x00000000       0x24 c:/software/altera/10.1/nios2eds/bin/gnu/h-i686-mingw32/bin/../lib/gcc/nios2-elf/4.1.2/../../../../nios2-elf/lib\libc.a(lib_a-fvwrite.o)
 .comment       0x00000000       0x24 c:/software/altera/10.1/nios2eds/bin/gnu/h-i686-mingw32/bin/../lib/gcc/nios2-elf/4.1.2/../../../../nios2-elf/lib\libc.a(lib_a-fwalk.o)
 .comment       0x00000000       0x24 c:/software/altera/10.1/nios2eds/bin/gnu/h-i686-mingw32/bin/../lib/gcc/nios2-elf/4.1.2/../../../../nios2-elf/lib\libc.a(lib_a-int_errno.o)
 .comment       0x00000000       0x24 c:/software/altera/10.1/nios2eds/bin/gnu/h-i686-mingw32/bin/../lib/gcc/nios2-elf/4.1.2/../../../../nios2-elf/lib\libc.a(lib_a-locale.o)
 .comment       0x00000000       0x24 c:/software/altera/10.1/nios2eds/bin/gnu/h-i686-mingw32/bin/../lib/gcc/nios2-elf/4.1.2/../../../../nios2-elf/lib\libc.a(lib_a-makebuf.o)
 .comment       0x00000000       0x24 c:/software/altera/10.1/nios2eds/bin/gnu/h-i686-mingw32/bin/../lib/gcc/nios2-elf/4.1.2/../../../../nios2-elf/lib\libc.a(lib_a-memchr.o)
 .comment       0x00000000       0x24 c:/software/altera/10.1/nios2eds/bin/gnu/h-i686-mingw32/bin/../lib/gcc/nios2-elf/4.1.2/../../../../nios2-elf/lib\libc.a(lib_a-memmove.o)
 .comment       0x00000000       0x24 c:/software/altera/10.1/nios2eds/bin/gnu/h-i686-mingw32/bin/../lib/gcc/nios2-elf/4.1.2/../../../../nios2-elf/lib\libc.a(lib_a-memset.o)
 .comment       0x00000000       0x24 c:/software/altera/10.1/nios2eds/bin/gnu/h-i686-mingw32/bin/../lib/gcc/nios2-elf/4.1.2/../../../../nios2-elf/lib\libc.a(lib_a-mprec.o)
 .comment       0x00000000       0x24 c:/software/altera/10.1/nios2eds/bin/gnu/h-i686-mingw32/bin/../lib/gcc/nios2-elf/4.1.2/../../../../nios2-elf/lib\libc.a(lib_a-putc.o)
 .comment       0x00000000       0x24 c:/software/altera/10.1/nios2eds/bin/gnu/h-i686-mingw32/bin/../lib/gcc/nios2-elf/4.1.2/../../../../nios2-elf/lib\libc.a(lib_a-reallocr.o)
 .comment       0x00000000       0x24 c:/software/altera/10.1/nios2eds/bin/gnu/h-i686-mingw32/bin/../lib/gcc/nios2-elf/4.1.2/../../../../nios2-elf/lib\libc.a(lib_a-refill.o)
 .comment       0x00000000       0x24 c:/software/altera/10.1/nios2eds/bin/gnu/h-i686-mingw32/bin/../lib/gcc/nios2-elf/4.1.2/../../../../nios2-elf/lib\libc.a(lib_a-s_isinfd.o)
 .comment       0x00000000       0x24 c:/software/altera/10.1/nios2eds/bin/gnu/h-i686-mingw32/bin/../lib/gcc/nios2-elf/4.1.2/../../../../nios2-elf/lib\libc.a(lib_a-s_isnand.o)
 .comment       0x00000000       0x24 c:/software/altera/10.1/nios2eds/bin/gnu/h-i686-mingw32/bin/../lib/gcc/nios2-elf/4.1.2/../../../../nios2-elf/lib\libc.a(lib_a-stdio.o)
 .comment       0x00000000       0x24 c:/software/altera/10.1/nios2eds/bin/gnu/h-i686-mingw32/bin/../lib/gcc/nios2-elf/4.1.2/../../../../nios2-elf/lib\libc.a(lib_a-strcmp.o)
 .comment       0x00000000       0x24 c:/software/altera/10.1/nios2eds/bin/gnu/h-i686-mingw32/bin/../lib/gcc/nios2-elf/4.1.2/../../../../nios2-elf/lib\libc.a(lib_a-wbuf.o)
 .comment       0x00000000       0x24 c:/software/altera/10.1/nios2eds/bin/gnu/h-i686-mingw32/bin/../lib/gcc/nios2-elf/4.1.2/../../../../nios2-elf/lib\libc.a(lib_a-writer.o)
 .comment       0x00000000       0x24 c:/software/altera/10.1/nios2eds/bin/gnu/h-i686-mingw32/bin/../lib/gcc/nios2-elf/4.1.2/../../../../nios2-elf/lib\libc.a(lib_a-callocr.o)
 .comment       0x00000000       0x24 c:/software/altera/10.1/nios2eds/bin/gnu/h-i686-mingw32/bin/../lib/gcc/nios2-elf/4.1.2/../../../../nios2-elf/lib\libc.a(lib_a-closer.o)
 .comment       0x00000000       0x24 c:/software/altera/10.1/nios2eds/bin/gnu/h-i686-mingw32/bin/../lib/gcc/nios2-elf/4.1.2/../../../../nios2-elf/lib\libc.a(lib_a-fclose.o)
 .comment       0x00000000       0x24 c:/software/altera/10.1/nios2eds/bin/gnu/h-i686-mingw32/bin/../lib/gcc/nios2-elf/4.1.2/../../../../nios2-elf/lib\libc.a(lib_a-fstatr.o)
 .comment       0x00000000       0x24 c:/software/altera/10.1/nios2eds/bin/gnu/h-i686-mingw32/bin/../lib/gcc/nios2-elf/4.1.2/../../../../nios2-elf/lib\libc.a(lib_a-isattyr.o)
 .comment       0x00000000       0x24 c:/software/altera/10.1/nios2eds/bin/gnu/h-i686-mingw32/bin/../lib/gcc/nios2-elf/4.1.2/../../../../nios2-elf/lib\libc.a(lib_a-lseekr.o)
 .comment       0x00000000       0x24 c:/software/altera/10.1/nios2eds/bin/gnu/h-i686-mingw32/bin/../lib/gcc/nios2-elf/4.1.2/../../../../nios2-elf/lib\libc.a(lib_a-readr.o)
 .comment       0x00000000       0x24 c:/software/altera/10.1/nios2eds/bin/gnu/h-i686-mingw32/bin/../lib/gcc/nios2-elf/4.1.2\libgcc.a(_udivdi3.o)
 .comment       0x00000000       0x24 c:/software/altera/10.1/nios2eds/bin/gnu/h-i686-mingw32/bin/../lib/gcc/nios2-elf/4.1.2\libgcc.a(_umoddi3.o)
 .comment       0x00000000       0x24 c:/software/altera/10.1/nios2eds/bin/gnu/h-i686-mingw32/bin/../lib/gcc/nios2-elf/4.1.2\libgcc.a(_div_df.o)
 .comment       0x00000000       0x24 c:/software/altera/10.1/nios2eds/bin/gnu/h-i686-mingw32/bin/../lib/gcc/nios2-elf/4.1.2\libgcc.a(_eq_df.o)
 .comment       0x00000000       0x24 c:/software/altera/10.1/nios2eds/bin/gnu/h-i686-mingw32/bin/../lib/gcc/nios2-elf/4.1.2\libgcc.a(_ne_df.o)
 .comment       0x00000000       0x24 c:/software/altera/10.1/nios2eds/bin/gnu/h-i686-mingw32/bin/../lib/gcc/nios2-elf/4.1.2\libgcc.a(_ge_df.o)
 .comment       0x00000000       0x24 c:/software/altera/10.1/nios2eds/bin/gnu/h-i686-mingw32/bin/../lib/gcc/nios2-elf/4.1.2\libgcc.a(_lt_df.o)
 .comment       0x00000000       0x24 c:/software/altera/10.1/nios2eds/bin/gnu/h-i686-mingw32/bin/../lib/gcc/nios2-elf/4.1.2\libgcc.a(_si_to_df.o)
 .comment       0x00000000       0x24 c:/software/altera/10.1/nios2eds/bin/gnu/h-i686-mingw32/bin/../lib/gcc/nios2-elf/4.1.2\libgcc.a(lib2-divmod.o)
 .comment       0x00000000       0x24 ../ECE423_Lab1_bsp\libhal_bsp.a(alt_close.o)
 .comment       0x00000000       0x24 ../ECE423_Lab1_bsp\libhal_bsp.a(alt_dev.o)
 .comment       0x00000000       0x24 ../ECE423_Lab1_bsp\libhal_bsp.a(alt_errno.o)
 .comment       0x00000000       0x24 ../ECE423_Lab1_bsp\libhal_bsp.a(alt_exit.o)
 .comment       0x00000000       0x24 ../ECE423_Lab1_bsp\libhal_bsp.a(alt_fstat.o)
 .comment       0x00000000       0x24 ../ECE423_Lab1_bsp\libhal_bsp.a(alt_isatty.o)
 .comment       0x00000000       0x24 ../ECE423_Lab1_bsp\libhal_bsp.a(alt_load.o)
 .comment       0x00000000       0x24 ../ECE423_Lab1_bsp\libhal_bsp.a(alt_lseek.o)
 .comment       0x00000000       0x24 ../ECE423_Lab1_bsp\libhal_bsp.a(alt_main.o)
 .comment       0x00000000       0x24 ../ECE423_Lab1_bsp\libhal_bsp.a(alt_malloc_lock.o)
 .comment       0x00000000       0x24 ../ECE423_Lab1_bsp\libhal_bsp.a(alt_read.o)
 .comment       0x00000000       0x24 ../ECE423_Lab1_bsp\libhal_bsp.a(alt_release_fd.o)
 .comment       0x00000000       0x24 ../ECE423_Lab1_bsp\libhal_bsp.a(alt_sbrk.o)
 .comment       0x00000000       0x24 ../ECE423_Lab1_bsp\libhal_bsp.a(alt_write.o)
 .comment       0x00000000       0x24 ../ECE423_Lab1_bsp\libhal_bsp.a(alt_sys_init.o)
 .comment       0x00000000       0x24 ../ECE423_Lab1_bsp\libhal_bsp.a(altera_avalon_jtag_uart_fd.o)
 .comment       0x00000000       0x24 ../ECE423_Lab1_bsp\libhal_bsp.a(altera_avalon_jtag_uart_init.o)
 .comment       0x00000000       0x24 ../ECE423_Lab1_bsp\libhal_bsp.a(altera_avalon_jtag_uart_ioctl.o)
 .comment       0x00000000       0x24 ../ECE423_Lab1_bsp\libhal_bsp.a(altera_avalon_jtag_uart_read.o)
 .comment       0x00000000       0x24 ../ECE423_Lab1_bsp\libhal_bsp.a(altera_avalon_jtag_uart_write.o)
 .comment       0x00000000       0x24 ../ECE423_Lab1_bsp\libhal_bsp.a(altera_avalon_timer_sc.o)
 .comment       0x00000000       0x24 ../ECE423_Lab1_bsp\libhal_bsp.a(altera_up_avalon_video_pixel_buffer_dma.o)
 .comment       0x00000000       0x24 ../ECE423_Lab1_bsp\libhal_bsp.a(altera_up_sd_card_avalon_interface.o)
 .comment       0x00000000       0x24 ../ECE423_Lab1_bsp\libhal_bsp.a(alt_alarm_start.o)
 .comment       0x00000000       0x24 ../ECE423_Lab1_bsp\libhal_bsp.a(alt_dcache_flush_all.o)
 .comment       0x00000000       0x24 ../ECE423_Lab1_bsp\libhal_bsp.a(alt_dev_llist_insert.o)
 .comment       0x00000000       0x24 ../ECE423_Lab1_bsp\libhal_bsp.a(alt_do_ctors.o)
 .comment       0x00000000       0x24 ../ECE423_Lab1_bsp\libhal_bsp.a(alt_do_dtors.o)
 .comment       0x00000000       0x24 ../ECE423_Lab1_bsp\libhal_bsp.a(alt_find_dev.o)
 .comment       0x00000000       0x24 ../ECE423_Lab1_bsp\libhal_bsp.a(alt_icache_flush_all.o)
 .comment       0x00000000       0x24 ../ECE423_Lab1_bsp\libhal_bsp.a(alt_iic.o)
 .comment       0x00000000       0x24 ../ECE423_Lab1_bsp\libhal_bsp.a(alt_iic_isr_register.o)
 .comment       0x00000000       0x24 ../ECE423_Lab1_bsp\libhal_bsp.a(alt_io_redirect.o)
 .comment       0x00000000       0x24 ../ECE423_Lab1_bsp\libhal_bsp.a(alt_irq_handler.o)
 .comment       0x00000000       0x24 ../ECE423_Lab1_bsp\libhal_bsp.a(alt_irq_vars.o)