Archive member included because of file (symbol)

c:/software/altera/10.1/nios2eds/bin/gnu/h-i686-mingw32/bin/../lib/gcc/nios2-elf/4.1.2/../../../../nios2-elf/lib\libc.a(lib_a-exit.o)
                              obj/common/util.o (exit)
c:/software/altera/10.1/nios2eds/bin/gnu/h-i686-mingw32/bin/../lib/gcc/nios2-elf/4.1.2/../../../../nios2-elf/lib\libc.a(lib_a-impure.o)
                              c:/software/altera/10.1/nios2eds/bin/gnu/h-i686-mingw32/bin/../lib/gcc/nios2-elf/4.1.2/../../../../nios2-elf/lib\libc.a(lib_a-exit.o) (_global_impure_ptr)
c:/software/altera/10.1/nios2eds/bin/gnu/h-i686-mingw32/bin/../lib/gcc/nios2-elf/4.1.2/../../../../nios2-elf/lib\libc.a(lib_a-int_errno.o)
                              obj/hello_world.o (errno)
c:/software/altera/10.1/nios2eds/bin/gnu/h-i686-mingw32/bin/../lib/gcc/nios2-elf/4.1.2/../../../../nios2-elf/lib\libc.a(lib_a-printf.o)
                              obj/common/util.o (printf)
c:/software/altera/10.1/nios2eds/bin/gnu/h-i686-mingw32/bin/../lib/gcc/nios2-elf/4.1.2/../../../../nios2-elf/lib\libc.a(lib_a-putchar.o)
                              obj/common/util.o (putchar)
c:/software/altera/10.1/nios2eds/bin/gnu/h-i686-mingw32/bin/../lib/gcc/nios2-elf/4.1.2/../../../../nios2-elf/lib\libc.a(lib_a-vfprintf.o)
                              c:/software/altera/10.1/nios2eds/bin/gnu/h-i686-mingw32/bin/../lib/gcc/nios2-elf/4.1.2/../../../../nios2-elf/lib\libc.a(lib_a-printf.o) (___vfprintf_internal_r)
c:/software/altera/10.1/nios2eds/bin/gnu/h-i686-mingw32/bin/../lib/gcc/nios2-elf/4.1.2/../../../../nios2-elf/lib\libc.a(lib_a-wsetup.o)
                              c:/software/altera/10.1/nios2eds/bin/gnu/h-i686-mingw32/bin/../lib/gcc/nios2-elf/4.1.2/../../../../nios2-elf/lib\libc.a(lib_a-vfprintf.o) (__swsetup_r)
c:/software/altera/10.1/nios2eds/bin/gnu/h-i686-mingw32/bin/../lib/gcc/nios2-elf/4.1.2/../../../../nios2-elf/lib\libc.a(lib_a-__call_atexit.o)
                              c:/software/altera/10.1/nios2eds/bin/gnu/h-i686-mingw32/bin/../lib/gcc/nios2-elf/4.1.2/../../../../nios2-elf/lib\libc.a(lib_a-exit.o) (__call_exitprocs)
c:/software/altera/10.1/nios2eds/bin/gnu/h-i686-mingw32/bin/../lib/gcc/nios2-elf/4.1.2/../../../../nios2-elf/lib\libc.a(lib_a-dtoa.o)
                              c:/software/altera/10.1/nios2eds/bin/gnu/h-i686-mingw32/bin/../lib/gcc/nios2-elf/4.1.2/../../../../nios2-elf/lib\libc.a(lib_a-vfprintf.o) (_dtoa_r)
c:/software/altera/10.1/nios2eds/bin/gnu/h-i686-mingw32/bin/../lib/gcc/nios2-elf/4.1.2/../../../../nios2-elf/lib\libc.a(lib_a-fflush.o)
                              c:/software/altera/10.1/nios2eds/bin/gnu/h-i686-mingw32/bin/../lib/gcc/nios2-elf/4.1.2/../../../../nios2-elf/lib\libc.a(lib_a-vfprintf.o) (_fflush_r)
c:/software/altera/10.1/nios2eds/bin/gnu/h-i686-mingw32/bin/../lib/gcc/nios2-elf/4.1.2/../../../../nios2-elf/lib\libc.a(lib_a-findfp.o)
                              c:/software/altera/10.1/nios2eds/bin/gnu/h-i686-mingw32/bin/../lib/gcc/nios2-elf/4.1.2/../../../../nios2-elf/lib\libc.a(lib_a-vfprintf.o) (__sinit)
c:/software/altera/10.1/nios2eds/bin/gnu/h-i686-mingw32/bin/../lib/gcc/nios2-elf/4.1.2/../../../../nios2-elf/lib\libc.a(lib_a-freer.o)
                              c:/software/altera/10.1/nios2eds/bin/gnu/h-i686-mingw32/bin/../lib/gcc/nios2-elf/4.1.2/../../../../nios2-elf/lib\libc.a(lib_a-wsetup.o) (_free_r)
c:/software/altera/10.1/nios2eds/bin/gnu/h-i686-mingw32/bin/../lib/gcc/nios2-elf/4.1.2/../../../../nios2-elf/lib\libc.a(lib_a-fvwrite.o)
                              c:/software/altera/10.1/nios2eds/bin/gnu/h-i686-mingw32/bin/../lib/gcc/nios2-elf/4.1.2/../../../../nios2-elf/lib\libc.a(lib_a-vfprintf.o) (__sfvwrite_r)
c:/software/altera/10.1/nios2eds/bin/gnu/h-i686-mingw32/bin/../lib/gcc/nios2-elf/4.1.2/../../../../nios2-elf/lib\libc.a(lib_a-fwalk.o)
                              c:/software/altera/10.1/nios2eds/bin/gnu/h-i686-mingw32/bin/../lib/gcc/nios2-elf/4.1.2/../../../../nios2-elf/lib\libc.a(lib_a-fflush.o) (_fwalk_reent)
c:/software/altera/10.1/nios2eds/bin/gnu/h-i686-mingw32/bin/../lib/gcc/nios2-elf/4.1.2/../../../../nios2-elf/lib\libc.a(lib_a-locale.o)
                              c:/software/altera/10.1/nios2eds/bin/gnu/h-i686-mingw32/bin/../lib/gcc/nios2-elf/4.1.2/../../../../nios2-elf/lib\libc.a(lib_a-vfprintf.o) (_localeconv_r)
c:/software/altera/10.1/nios2eds/bin/gnu/h-i686-mingw32/bin/../lib/gcc/nios2-elf/4.1.2/../../../../nios2-elf/lib\libc.a(lib_a-makebuf.o)
                              c:/software/altera/10.1/nios2eds/bin/gnu/h-i686-mingw32/bin/../lib/gcc/nios2-elf/4.1.2/../../../../nios2-elf/lib\libc.a(lib_a-wsetup.o) (__smakebuf_r)
c:/software/altera/10.1/nios2eds/bin/gnu/h-i686-mingw32/bin/../lib/gcc/nios2-elf/4.1.2/../../../../nios2-elf/lib\libc.a(lib_a-mallocr.o)
                              c:/software/altera/10.1/nios2eds/bin/gnu/h-i686-mingw32/bin/../lib/gcc/nios2-elf/4.1.2/../../../../nios2-elf/lib\libc.a(lib_a-findfp.o) (_malloc_r)
[...]
Memory Configuration

Name             Origin             Length             Attributes
sdram_0_BEFORE_RESET 0x00800000         0x00000200
reset            0x00800200         0x00000020
sdram_0          0x00800220         0x0001ffe0
*default*        0x00000000         0xffffffff

Linker script and memory map

LOAD ../multi_test_0_bsp/obj/HAL/src/crt0.o
LOAD obj/common/tables.o
LOAD obj/common/util.o
LOAD obj/decoder/idct.o
LOAD obj/decoder/lossless_decode.o
LOAD obj/decoder/ycbcr_to_rgb.o
LOAD obj/hello_world.o
LOAD c:/software/altera/10.1/nios2eds/bin/gnu/h-i686-mingw32/bin/../lib/gcc/nios2-elf/4.1.2/../../../../nios2-elf/lib\libstdc++.a
LOAD c:/software/altera/10.1/nios2eds/bin/gnu/h-i686-mingw32/bin/../lib/gcc/nios2-elf/4.1.2/../../../../nios2-elf/lib\libm.a
LOAD c:/software/altera/10.1/nios2eds/bin/gnu/h-i686-mingw32/bin/../lib/gcc/nios2-elf/4.1.2\libgcc.a
START GROUP
LOAD c:/software/altera/10.1/nios2eds/bin/gnu/h-i686-mingw32/bin/../lib/gcc/nios2-elf/4.1.2/../../../../nios2-elf/lib\libc.a
LOAD c:/software/altera/10.1/nios2eds/bin/gnu/h-i686-mingw32/bin/../lib/gcc/nios2-elf/4.1.2\libgcc.a
LOAD ../multi_test_0_bsp\libhal_bsp.a
END GROUP
LOAD c:/software/altera/10.1/nios2eds/bin/gnu/h-i686-mingw32/bin/../lib/gcc/nios2-elf/4.1.2\libgcc.a
                0x00800000                __alt_mem_sdram_0 = 0x800000

.entry          0x00800200       0x20
 *(.entry)
 .entry         0x00800200       0x20 ../multi_test_0_bsp/obj/HAL/src/crt0.o
                0x00800200                __reset

.exceptions     0x00800220      0x194
                0x00800220                PROVIDE (__ram_exceptions_start, ABSOLUTE (.))
                0x00800220                . = ALIGN (0x20)
 *(.irq)
 *(.exceptions.entry.label)
 .exceptions.entry.label
                0x00800220        0x0 ../multi_test_0_bsp\libhal_bsp.a(alt_irq_entry.o)
                0x00800220                alt_irq_entry
 .exceptions.entry.label
                0x00800220        0x0 ../multi_test_0_bsp\libhal_bsp.a(alt_exception_entry.o)
                0x00800220                alt_exception
 *(.exceptions.entry.user)
 *(.exceptions.entry)
 .exceptions.entry
                0x00800220       0x54 ../multi_test_0_bsp\libhal_bsp.a(alt_exception_entry.o)
 *(.exceptions.irqtest.user)
 *(.exceptions.irqtest)
 .exceptions.irqtest
                0x00800274       0x10 ../multi_test_0_bsp\libhal_bsp.a(alt_irq_entry.o)
 *(.exceptions.irqhandler.user)
 *(.exceptions.irqhandler)
 .exceptions.irqhandler
                0x00800284        0x4 ../multi_test_0_bsp\libhal_bsp.a(alt_irq_entry.o)
 *(.exceptions.irqreturn.user)
 *(.exceptions.irqreturn)
 .exceptions.irqreturn
                0x00800288        0x4 ../multi_test_0_bsp\libhal_bsp.a(alt_irq_entry.o)
 *(.exceptions.notirq.label)
 .exceptions.notirq.label
                0x0080028c        0x0 ../multi_test_0_bsp\libhal_bsp.a(alt_irq_entry.o)
 *(.exceptions.notirq.user)
 *(.exceptions.notirq)
 .exceptions.notirq
                0x0080028c        0x8 ../multi_test_0_bsp\libhal_bsp.a(alt_exception_entry.o)
 *(.exceptions.soft.user)
 *(.exceptions.soft)
 *(.exceptions.unknown.user)
 *(.exceptions.unknown)
 .exceptions.unknown
                0x00800294        0x4 ../multi_test_0_bsp\libhal_bsp.a(alt_exception_entry.o)
 *(.exceptions.exit.label)
 .exceptions.exit.label
                0x00800298        0x0 ../multi_test_0_bsp\libhal_bsp.a(alt_irq_entry.o)
 .exceptions.exit.label
                0x00800298        0x0 ../multi_test_0_bsp\libhal_bsp.a(alt_exception_entry.o)
 *(.exceptions.exit.user)
 *(.exceptions.exit)
 .exceptions.exit
                0x00800298       0x54 ../multi_test_0_bsp\libhal_bsp.a(alt_exception_entry.o)
 *(.exceptions)
 .exceptions    0x008002ec       0xc8 ../multi_test_0_bsp\libhal_bsp.a(alt_irq_handler.o)
                0x008002ec                alt_irq_handler
                0x008003b4                PROVIDE (__ram_exceptions_end, ABSOLUTE (.))
                0x00800220                PROVIDE (__flash_exceptions_start, LOADADDR (.exceptions))

.text           0x008003b4     0xf6d4
                0x008003b4                PROVIDE (stext, ABSOLUTE (.))
 *(.interp)
 *(.hash)
 *(.dynsym)
 *(.dynstr)
 *(.gnu.version)
 *(.gnu.version_d)
 *(.gnu.version_r)
 *(.rel.init)
 *(.rela.init)
 *(.rel.text .rel.text.* .rel.gnu.linkonce.t.*)
 *(.rela.text .rela.text.* .rela.gnu.linkonce.t.*)
 *(.rel.fini)
 *(.rela.fini)
 *(.rel.rodata .rel.rodata.* .rel.gnu.linkonce.r.*)
 *(.rela.rodata .rela.rodata.* .rela.gnu.linkonce.r.*)
 *(.rel.data .rel.data.* .rel.gnu.linkonce.d.*)
 *(.rela.data .rela.data.* .rela.gnu.linkonce.d.*)
 *(.rel.tdata .rel.tdata.* .rel.gnu.linkonce.td.*)
 *(.rela.tdata .rela.tdata.* .rela.gnu.linkonce.td.*)
 *(.rel.tbss .rel.tbss.* .rel.gnu.linkonce.tb.*)
 *(.rela.tbss .rela.tbss.* .rela.gnu.linkonce.tb.*)
 *(.rel.ctors)
 *(.rela.ctors)
 *(.rel.dtors)
 *(.rela.dtors)
 *(.rel.got)
 *(.rela.got)
 *(.rel.sdata .rel.sdata.* .rel.gnu.linkonce.s.*)
 *(.rela.sdata .rela.sdata.* .rela.gnu.linkonce.s.*)
 *(.rel.sbss .rel.sbss.* .rel.gnu.linkonce.sb.*)
 *(.rela.sbss .rela.sbss.* .rela.gnu.linkonce.sb.*)
 *(.rel.sdata2 .rel.sdata2.* .rel.gnu.linkonce.s2.*)
 *(.rela.sdata2 .rela.sdata2.* .rela.gnu.linkonce.s2.*)
 *(.rel.sbss2 .rel.sbss2.* .rel.gnu.linkonce.sb2.*)
 *(.rela.sbss2 .rela.sbss2.* .rela.gnu.linkonce.sb2.*)
 *(.rel.bss .rel.bss.* .rel.gnu.linkonce.b.*)
 *(.rela.bss .rela.bss.* .rela.gnu.linkonce.b.*)
 *(.rel.plt)
 *(.rela.plt)
 *(.rel.dyn)
 *(.init)
 *(.plt)
 *(.text .stub .text.* .gnu.linkonce.t.*)
 .text          0x008003b4       0x4c ../multi_test_0_bsp/obj/HAL/src/crt0.o
                0x008003b4                _start
 .text          0x00800400        0x0 obj/common/tables.o
 .text          0x00800400      0x2a8 obj/common/util.o
                0x00800400                print_dct
                0x008004bc                print_block
                0x00800580                print_bitstream
                0x00800688                error_and_exit
 .text          0x008006a8      0x2e8 obj/decoder/idct.o
                0x008006a8                idct
 .text          0x00800990      0x5f4 obj/decoder/lossless_decode.o
                0x00800990                update_buffer
                0x00800a4c                input_DC
                0x00800ac0                input_AC
                0x00800b3c                lossless_decode
 .text          0x00800f84      0x144 obj/decoder/ycbcr_to_rgb.o
                0x00800f84                ycbcr_to_rgb
 .text          0x008010c8      0x364 obj/hello_world.o
                0x008010c8                initTimer
                0x00801184                main
 .text          0x0080142c       0x38 c:/software/altera/10.1/nios2eds/bin/gnu/h-i686-mingw32/bin/../lib/gcc/nios2-elf/4.1.2/../../../../nios2-elf/lib\libc.a(lib_a-exit.o)
                0x0080142c                exit
 .text          0x00801464        0x0 c:/software/altera/10.1/nios2eds/bin/gnu/h-i686-mingw32/bin/../lib/gcc/nios2-elf/4.1.2/../../../../nios2-elf/lib\libc.a(lib_a-impure.o)
 .text          0x00801464        0x0 c:/software/altera/10.1/nios2eds/bin/gnu/h-i686-mingw32/bin/../lib/gcc/nios2-elf/4.1.2/../../../../nios2-elf/lib\libc.a(lib_a-int_errno.o)
 .text          0x00801464       0x78 c:/software/altera/10.1/nios2eds/bin/gnu/h-i686-mingw32/bin/../lib/gcc/nios2-elf/4.1.2/../../../../nios2-elf/lib\libc.a(lib_a-printf.o)
                0x00801464                printf
                0x008014a8                _printf_r
 .text          0x008014dc       0x24 c:/software/altera/10.1/nios2eds/bin/gnu/h-i686-mingw32/bin/../lib/gcc/nios2-elf/4.1.2/../../../../nios2-elf/lib\libc.a(lib_a-putchar.o)
                0x008014dc                putchar
                0x008014f8                _putchar_r
 .text          0x00801500     0x1f28 c:/software/altera/10.1/nios2eds/bin/gnu/h-i686-mingw32/bin/../lib/gcc/nios2-elf/4.1.2/../../../../nios2-elf/lib\libc.a(lib_a-vfprintf.o)
                0x00801558                ___vfprintf_internal_r
                0x00803404                __vfprintf_internal
 .text          0x00803428      0x13c c:/software/altera/10.1/nios2eds/bin/gnu/h-i686-mingw32/bin/../lib/gcc/nios2-elf/4.1.2/../../../../nios2-elf/lib\libc.a(lib_a-wsetup.o)
                0x00803428                __swsetup_r
 .text          0x00803564      0x1b4 c:/software/altera/10.1/nios2eds/bin/gnu/h-i686-mingw32/bin/../lib/gcc/nios2-elf/4.1.2/../../../../nios2-elf/lib\libc.a(lib_a-__call_atexit.o)
                0x00803568                __call_exitprocs
 .text          0x00803718     0x17cc c:/software/altera/10.1/nios2eds/bin/gnu/h-i686-mingw32/bin/../lib/gcc/nios2-elf/4.1.2/../../../../nios2-elf/lib\libc.a(lib_a-dtoa.o)
                0x00803930                _dtoa_r
 .text          0x00804ee4      0x230 c:/software/altera/10.1/nios2eds/bin/gnu/h-i686-mingw32/bin/../lib/gcc/nios2-elf/4.1.2/../../../../nios2-elf/lib\libc.a(lib_a-fflush.o)
                0x00804ee4                _fflush_r
                0x008050e0                fflush
 .text          0x00805114      0x2c0 c:/software/altera/10.1/nios2eds/bin/gnu/h-i686-mingw32/bin/../lib/gcc/nios2-elf/4.1.2/../../../../nios2-elf/lib\libc.a(lib_a-findfp.o)
                0x0080516c                __sfp_lock_acquire
                0x00805170                __sfp_lock_release
                0x00805174                __sinit_lock_acquire
                0x00805178                __sinit_lock_release
                0x0080517c                __sinit
                0x00805230                __fp_unlock_all
                0x00805248                __fp_lock_all
                0x00805260                _cleanup_r
                0x0080526c                _cleanup
                0x0080527c                __sfmoreglue
                0x008052e4                __sfp
 .text          0x008053d4      0x440 c:/software/altera/10.1/nios2eds/bin/gnu/h-i686-mingw32/bin/../lib/gcc/nios2-elf/4.1.2/../../../../nios2-elf/lib\libc.a(lib_a-freer.o)
                0x008053d4                _malloc_trim_r
                0x00805500                _free_r
 .text          0x00805814      0x49c c:/software/altera/10.1/nios2eds/bin/gnu/h-i686-mingw32/bin/../lib/gcc/nios2-elf/4.1.2/../../../../nios2-elf/lib\libc.a(lib_a-fvwrite.o)
                0x00805814                __sfvwrite_r
 .text          0x00805cb0      0x180 c:/software/altera/10.1/nios2eds/bin/gnu/h-i686-mingw32/bin/../lib/gcc/nios2-elf/4.1.2/../../../../nios2-elf/lib\libc.a(lib_a-fwalk.o)
                0x00805cb0                _fwalk_reent
                0x00805d78                _fwalk
 .text          0x00805e30       0xc4 c:/software/altera/10.1/nios2eds/bin/gnu/h-i686-mingw32/bin/../lib/gcc/nios2-elf/4.1.2/../../../../nios2-elf/lib\libc.a(lib_a-locale.o)
                0x00805e30                __locale_charset
                0x00805e38                _localeconv_r
                0x00805e44                localeconv
                0x00805e54                _setlocale_r
                0x00805ed8                setlocale
 .text          0x00805ef4      0x194 c:/software/altera/10.1/nios2eds/bin/gnu/h-i686-mingw32/bin/../lib/gcc/nios2-elf/4.1.2/../../../../nios2-elf/lib\libc.a(lib_a-makebuf.o)
                0x00805ef4                __smakebuf_r
 .text          0x00806088      0x740 c:/software/altera/10.1/nios2eds/bin/gnu/h-i686-mingw32/bin/../lib/gcc/nios2-elf/4.1.2/../../../../nios2-elf/lib\libc.a(lib_a-mallocr.o)
                0x00806088                _malloc_r
 .text          0x008067c8       0xe4 c:/software/altera/10.1/nios2eds/bin/gnu/h-i686-mingw32/bin/../lib/gcc/nios2-elf/4.1.2/../../../../nios2-elf/lib\libc.a(lib_a-memchr.o)
                0x008067c8                memchr
 .text          0x008068ac       0xa0 c:/software/altera/10.1/nios2eds/bin/gnu/h-i686-mingw32/bin/../lib/gcc/nios2-elf/4.1.2/../../../../nios2-elf/lib\libc.a(lib_a-memcpy.o)
                0x008068ac                memcpy
 .text          0x0080694c       0xe0 c:/software/altera/10.1/nios2eds/bin/gnu/h-i686-mingw32/bin/../lib/gcc/nios2-elf/4.1.2/../../../../nios2-elf/lib\libc.a(lib_a-memmove.o)
                0x0080694c                memmove
 .text          0x00806a2c       0x98 c:/software/altera/10.1/nios2eds/bin/gnu/h-i686-mingw32/bin/../lib/gcc/nios2-elf/4.1.2/../../../../nios2-elf/lib\libc.a(lib_a-memset.o)
                0x00806a2c                memset
 .text          0x00806ac4      0xff4 c:/software/altera/10.1/nios2eds/bin/gnu/h-i686-mingw32/bin/../lib/gcc/nios2-elf/4.1.2/../../../../nios2-elf/lib\libc.a(lib_a-mprec.o)
                0x00806ac4                _Bfree
                0x00806aec                __hi0bits
                0x00806b5c                __lo0bits
                0x00806c20                __mcmp
                0x00806c80                __ulp
                0x00806d00                __b2d
                0x00806e20                __ratio
                0x00806ed0                _mprec_log10
                0x00806f64                __copybits
                0x00806fbc                __any_on
                0x00807044                _Balloc
                0x00807100                __d2b
                0x0080727c                __mdiff
                0x00807408                __lshift
                0x00807554                __multiply
                0x0080773c                __i2b
                0x00807778                __multadd
                0x00807878                __pow5mult
                0x00807998                __s2b
 .text          0x00807ab8      0x1ec c:/software/altera/10.1/nios2eds/bin/gnu/h-i686-mingw32/bin/../lib/gcc/nios2-elf/4.1.2/../../../../nios2-elf/lib\libc.a(lib_a-putc.o)
                0x00807ab8                putc
                0x00807bbc                _putc_r
 .text          0x00807ca4      0x5f4 c:/software/altera/10.1/nios2eds/bin/gnu/h-i686-mingw32/bin/../lib/gcc/nios2-elf/4.1.2/../../../../nios2-elf/lib\libc.a(lib_a-reallocr.o)
                0x00807ca4                _realloc_r
 .text          0x00808298       0x40 c:/software/altera/10.1/nios2eds/bin/gnu/h-i686-mingw32/bin/../lib/gcc/nios2-elf/4.1.2/../../../../nios2-elf/lib\libc.a(lib_a-s_isinfd.o)
                0x00808298                __isinfd
 .text          0x008082d8       0x30 c:/software/altera/10.1/nios2eds/bin/gnu/h-i686-mingw32/bin/../lib/gcc/nios2-elf/4.1.2/../../../../nios2-elf/lib\libc.a(lib_a-s_isnand.o)
                0x008082d8                __isnand
 .text          0x00808308       0x70 c:/software/altera/10.1/nios2eds/bin/gnu/h-i686-mingw32/bin/../lib/gcc/nios2-elf/4.1.2/../../../../nios2-elf/lib\libc.a(lib_a-sbrkr.o)
                0x00808308                _sbrk_r
 .text          0x00808378      0x14c c:/software/altera/10.1/nios2eds/bin/gnu/h-i686-mingw32/bin/../lib/gcc/nios2-elf/4.1.2/../../../../nios2-elf/lib\libc.a(lib_a-stdio.o)
                0x00808378                __sclose
                0x00808380                __sseek
                0x008083e8                __swrite
                0x00808464                __sread
 .text          0x008084c4       0xbc c:/software/altera/10.1/nios2eds/bin/gnu/h-i686-mingw32/bin/../lib/gcc/nios2-elf/4.1.2/../../../../nios2-elf/lib\libc.a(lib_a-strcmp.o)
                0x008084c4                strcmp
 .text          0x00808580       0x74 c:/software/altera/10.1/nios2eds/bin/gnu/h-i686-mingw32/bin/../lib/gcc/nios2-elf/4.1.2/../../../../nios2-elf/lib\libc.a(lib_a-strlen.o)
                0x00808580                strlen
 .text          0x008085f4      0x14c c:/software/altera/10.1/nios2eds/bin/gnu/h-i686-mingw32/bin/../lib/gcc/nios2-elf/4.1.2/../../../../nios2-elf/lib\libc.a(lib_a-wbuf.o)
                0x008085f4                __swbuf_r
                0x00808724                __swbuf
 .text          0x00808740       0x78 c:/software/altera/10.1/nios2eds/bin/gnu/h-i686-mingw32/bin/../lib/gcc/nios2-elf/4.1.2/../../../../nios2-elf/lib\libc.a(lib_a-writer.o)
                0x00808740                _write_r
 .text          0x008087b8       0xb4 c:/software/altera/10.1/nios2eds/bin/gnu/h-i686-mingw32/bin/../lib/gcc/nios2-elf/4.1.2/../../../../nios2-elf/lib\libc.a(lib_a-callocr.o)
                0x008087b8                _calloc_r
 .text          0x0080886c       0x70 c:/software/altera/10.1/nios2eds/bin/gnu/h-i686-mingw32/bin/../lib/gcc/nios2-elf/4.1.2/../../../../nios2-elf/lib\libc.a(lib_a-closer.o)
                0x0080886c                _close_r
 .text          0x008088dc      0x124 c:/software/altera/10.1/nios2eds/bin/gnu/h-i686-mingw32/bin/../lib/gcc/nios2-elf/4.1.2/../../../../nios2-elf/lib\libc.a(lib_a-fclose.o)
                0x008088dc                _fclose_r
                0x008089ec                fclose
 .text          0x00808a00       0x74 c:/software/altera/10.1/nios2eds/bin/gnu/h-i686-mingw32/bin/../lib/gcc/nios2-elf/4.1.2/../../../../nios2-elf/lib\libc.a(lib_a-fstatr.o)
                0x00808a00                _fstat_r
 .text          0x00808a74       0x70 c:/software/altera/10.1/nios2eds/bin/gnu/h-i686-mingw32/bin/../lib/gcc/nios2-elf/4.1.2/../../../../nios2-elf/lib\libc.a(lib_a-isattyr.o)
                0x00808a74                _isatty_r
 .text          0x00808ae4       0x78 c:/software/altera/10.1/nios2eds/bin/gnu/h-i686-mingw32/bin/../lib/gcc/nios2-elf/4.1.2/../../../../nios2-elf/lib\libc.a(lib_a-lseekr.o)
                0x00808ae4                _lseek_r
 .text          0x00808b5c       0x78 c:/software/altera/10.1/nios2eds/bin/gnu/h-i686-mingw32/bin/../lib/gcc/nios2-elf/4.1.2/../../../../nios2-elf/lib\libc.a(lib_a-readr.o)
                0x00808b5c                _read_r
 .text          0x00808bd4      0x5dc c:/software/altera/10.1/nios2eds/bin/gnu/h-i686-mingw32/bin/../lib/gcc/nios2-elf/4.1.2\libgcc.a(_udivdi3.o)
                0x00808bd4                __udivdi3
 .text          0x008091b0      0x5b0 c:/software/altera/10.1/nios2eds/bin/gnu/h-i686-mingw32/bin/../lib/gcc/nios2-elf/4.1.2\libgcc.a(_umoddi3.o)
                0x008091b0                __umoddi3
 .text          0x00809760      0x504 c:/software/altera/10.1/nios2eds/bin/gnu/h-i686-mingw32/bin/../lib/gcc/nios2-elf/4.1.2\libgcc.a(_addsub_df.o)
                0x00809b70                __subdf3
                0x00809bf0                __adddf3
 .text          0x00809c64      0x3c4 c:/software/altera/10.1/nios2eds/bin/gnu/h-i686-mingw32/bin/../lib/gcc/nios2-elf/4.1.2\libgcc.a(_mul_df.o)
                0x00809c64                __muldf3
 .text          0x0080a028      0x258 c:/software/altera/10.1/nios2eds/bin/gnu/h-i686-mingw32/bin/../lib/gcc/nios2-elf/4.1.2\libgcc.a(_div_df.o)
                0x0080a028                __divdf3
 .text          0x0080a280       0x88 c:/software/altera/10.1/nios2eds/bin/gnu/h-i686-mingw32/bin/../lib/gcc/nios2-elf/4.1.2\libgcc.a(_eq_df.o)
                0x0080a280                __eqdf2
 .text          0x0080a308       0x88 c:/software/altera/10.1/nios2eds/bin/gnu/h-i686-mingw32/bin/../lib/gcc/nios2-elf/4.1.2\libgcc.a(_ne_df.o)
                0x0080a308                __nedf2
 .text          0x0080a390       0x88 c:/software/altera/10.1/nios2eds/bin/gnu/h-i686-mingw32/bin/../lib/gcc/nios2-elf/4.1.2\libgcc.a(_gt_df.o)
                0x0080a390                __gtdf2
 .text          0x0080a418       0x88 c:/software/altera/10.1/nios2eds/bin/gnu/h-i686-mingw32/bin/../lib/gcc/nios2-elf/4.1.2\libgcc.a(_ge_df.o)
                0x0080a418                __gedf2
 .text          0x0080a4a0       0x88 c:/software/altera/10.1/nios2eds/bin/gnu/h-i686-mingw32/bin/../lib/gcc/nios2-elf/4.1.2\libgcc.a(_lt_df.o)
                0x0080a4a0                __ltdf2
 .text          0x0080a528       0xf8 c:/software/altera/10.1/nios2eds/bin/gnu/h-i686-mingw32/bin/../lib/gcc/nios2-elf/4.1.2\libgcc.a(_si_to_df.o)
                0x0080a528                __floatsidf
 .text          0x0080a620       0xd8 c:/software/altera/10.1/nios2eds/bin/gnu/h-i686-mingw32/bin/../lib/gcc/nios2-elf/4.1.2\libgcc.a(_df_to_si.o)
                0x0080a620                __fixdfsi
 .text          0x0080a6f8        0x0 c:/software/altera/10.1/nios2eds/bin/gnu/h-i686-mingw32/bin/../lib/gcc/nios2-elf/4.1.2\libgcc.a(_thenan_df.o)
 .text          0x0080a6f8      0x194 c:/software/altera/10.1/nios2eds/bin/gnu/h-i686-mingw32/bin/../lib/gcc/nios2-elf/4.1.2\libgcc.a(_usi_to_df.o)
                0x0080a6f8                __floatunsidf
 .text          0x0080a88c      0x14c c:/software/altera/10.1/nios2eds/bin/gnu/h-i686-mingw32/bin/../lib/gcc/nios2-elf/4.1.2\libgcc.a(lib2-divmod.o)
                0x0080a908                __divsi3
                0x0080a968                __modsi3
                0x0080a9c8                __udivsi3
                0x0080a9d0                __umodsi3
 .text          0x0080a9d8       0x98 c:/software/altera/10.1/nios2eds/bin/gnu/h-i686-mingw32/bin/../lib/gcc/nios2-elf/4.1.2\libgcc.a(_muldi3.o)
                0x0080a9d8                __muldi3
 .text          0x0080aa70        0x0 c:/software/altera/10.1/nios2eds/bin/gnu/h-i686-mingw32/bin/../lib/gcc/nios2-elf/4.1.2\libgcc.a(_clz.o)
 .text          0x0080aa70       0x80 c:/software/altera/10.1/nios2eds/bin/gnu/h-i686-mingw32/bin/../lib/gcc/nios2-elf/4.1.2\libgcc.a(_clzsi2.o)
                0x0080aa70                __clzsi2
 .text          0x0080aaf0      0x314 c:/software/altera/10.1/nios2eds/bin/gnu/h-i686-mingw32/bin/../lib/gcc/nios2-elf/4.1.2\libgcc.a(_pack_df.o)
                0x0080aaf0                __pack_d
 .text          0x0080ae04      0x138 c:/software/altera/10.1/nios2eds/bin/gnu/h-i686-mingw32/bin/../lib/gcc/nios2-elf/4.1.2\libgcc.a(_unpack_df.o)
                0x0080ae04                __unpack_d
 .text          0x0080af3c       0xc8 c:/software/altera/10.1/nios2eds/bin/gnu/h-i686-mingw32/bin/../lib/gcc/nios2-elf/4.1.2\libgcc.a(_fpcmp_parts_df.o)
                0x0080af3c                __fpcmp_parts_d
 .text          0x0080b004      0x15c ../multi_test_0_bsp\libhal_bsp.a(alt_close.o)
                0x0080b004                close
 .text          0x0080b160       0x44 ../multi_test_0_bsp\libhal_bsp.a(alt_dcache_flush_all.o)
                0x0080b160                alt_dcache_flush_all
 .text          0x0080b1a4       0x2c ../multi_test_0_bsp\libhal_bsp.a(alt_dev.o)
 .text          0x0080b1d0        0x0 ../multi_test_0_bsp\libhal_bsp.a(alt_errno.o)
 .text          0x0080b1d0       0x60 ../multi_test_0_bsp\libhal_bsp.a(alt_exit.o)
                0x0080b210                _exit
 .text          0x0080b230      0x134 ../multi_test_0_bsp\libhal_bsp.a(alt_fstat.o)
                0x0080b230                fstat
 .text          0x0080b364      0x1c0 ../multi_test_0_bsp\libhal_bsp.a(alt_irq_register.o)
                0x0080b364                alt_irq_register
 .text          0x0080b524        0x0 ../multi_test_0_bsp\libhal_bsp.a(alt_irq_vars.o)
 .text          0x0080b524      0x120 ../multi_test_0_bsp\libhal_bsp.a(alt_isatty.o)
                0x0080b524                isatty
 .text          0x0080b644       0xec ../multi_test_0_bsp\libhal_bsp.a(alt_load.o)
                0x0080b644                alt_load
 .text          0x0080b730      0x150 ../multi_test_0_bsp\libhal_bsp.a(alt_lseek.o)
                0x0080b730                lseek
 .text          0x0080b880       0x6c ../multi_test_0_bsp\libhal_bsp.a(alt_main.o)
                0x0080b880                alt_main
 .text          0x0080b8ec       0x40 ../multi_test_0_bsp\libhal_bsp.a(alt_malloc_lock.o)
                0x0080b8ec                __malloc_lock
                0x0080b90c                __malloc_unlock
 .text          0x0080b92c      0x180 ../multi_test_0_bsp\libhal_bsp.a(alt_read.o)
                0x0080b92c                read
 .text          0x0080baac       0x60 ../multi_test_0_bsp\libhal_bsp.a(alt_release_fd.o)
                0x0080baac                alt_release_fd
 .text          0x0080bb0c       0xbc ../multi_test_0_bsp\libhal_bsp.a(alt_sbrk.o)
                0x0080bb0c                sbrk
 .text          0x0080bbc8      0x180 ../multi_test_0_bsp\libhal_bsp.a(alt_write.o)
                0x0080bbc8                write
 .text          0x0080bd48      0x2e4 ../multi_test_0_bsp\libhal_bsp.a(alt_sys_init.o)
                0x0080bd48                alt_irq_init
                0x0080bd7c                alt_sys_init
 .text          0x0080c02c      0x148 ../multi_test_0_bsp\libhal_bsp.a(altera_avalon_jtag_uart_fd.o)
                0x0080c02c                altera_avalon_jtag_uart_read_fd
                0x0080c084                altera_avalon_jtag_uart_write_fd
                0x0080c0dc                altera_avalon_jtag_uart_close_fd
                0x0080c124                altera_avalon_jtag_uart_ioctl_fd
 .text          0x0080c174      0x40c ../multi_test_0_bsp\libhal_bsp.a(altera_avalon_jtag_uart_init.o)
                0x0080c174                altera_avalon_jtag_uart_init
                0x0080c50c                altera_avalon_jtag_uart_close
 .text          0x0080c580       0xf4 ../multi_test_0_bsp\libhal_bsp.a(altera_avalon_jtag_uart_ioctl.o)
                0x0080c580                altera_avalon_jtag_uart_ioctl
 .text          0x0080c674      0x224 ../multi_test_0_bsp\libhal_bsp.a(altera_avalon_jtag_uart_read.o)
                0x0080c674                altera_avalon_jtag_uart_read
 .text          0x0080c898      0x240 ../multi_test_0_bsp\libhal_bsp.a(altera_avalon_jtag_uart_write.o)
                0x0080c898                altera_avalon_jtag_uart_write
 .text          0x0080cad8      0x528 ../multi_test_0_bsp\libhal_bsp.a(altera_avalon_mailbox.o)
                0x0080cad8                alt_avalon_mailbox_init
                0x0080ccfc                altera_avalon_mailbox_open
                0x0080cd54                altera_avalon_mailbox_close
                0x0080cd74                altera_avalon_mailbox_post
                0x0080ce80                altera_avalon_mailbox_pend
                0x0080cf28                altera_avalon_mailbox_get
 .text          0x0080d000      0x304 ../multi_test_0_bsp\libhal_bsp.a(altera_avalon_mutex.o)
                0x0080d07c                altera_avalon_mutex_open
                0x0080d134                altera_avalon_mutex_close
                0x0080d154                altera_avalon_mutex_lock
                0x0080d194                altera_avalon_mutex_trylock
                0x0080d1d4                altera_avalon_mutex_unlock
                0x0080d230                altera_avalon_mutex_is_mine
                0x0080d2ac                altera_avalon_mutex_first_lock
 .text          0x0080d304      0x100 ../multi_test_0_bsp\libhal_bsp.a(altera_avalon_timer_sc.o)
                0x0080d374                alt_avalon_timer_sc_init
 .text          0x0080d404     0x156c ../multi_test_0_bsp\libhal_bsp.a(altera_up_avalon_video_pixel_buffer_dma.o)
                0x0080d404                alt_up_pixel_buffer_dma_open_dev
                0x0080d444                alt_up_pixel_buffer_dma_draw
                0x0080d5e4                alt_up_pixel_buffer_dma_change_back_buffer_address
                0x0080d63c                alt_up_pixel_buffer_dma_swap_buffers
                0x0080d694                alt_up_pixel_buffer_dma_check_swap_buffers_status
                0x0080d6c8                alt_up_pixel_buffer_dma_clear_screen
                0x0080d82c                alt_up_pixel_buffer_dma_draw_box
                0x0080dd20                alt_up_pixel_buffer_dma_draw_hline
                0x0080e070                alt_up_pixel_buffer_dma_draw_vline
                0x0080e440                alt_up_pixel_buffer_dma_draw_rectangle
                0x0080e504                helper_plot_pixel
                0x0080e5d4                alt_up_pixel_buffer_dma_draw_line
 .text          0x0080e970      0x154 ../multi_test_0_bsp\libhal_bsp.a(alt_alarm_start.o)
                0x0080e970                alt_alarm_start
 .text          0x0080eac4      0x114 ../multi_test_0_bsp\libhal_bsp.a(alt_dev_llist_insert.o)
                0x0080eac4                alt_dev_llist_insert
 .text          0x0080ebd8       0x64 ../multi_test_0_bsp\libhal_bsp.a(alt_do_ctors.o)
                0x0080ebd8                _do_ctors
 .text          0x0080ec3c       0x64 ../multi_test_0_bsp\libhal_bsp.a(alt_do_dtors.o)
                0x0080ec3c                _do_dtors
 .text          0x0080eca0       0x94 ../multi_test_0_bsp\libhal_bsp.a(alt_find_dev.o)
                0x0080eca0                alt_find_dev
 .text          0x0080ed34       0x30 ../multi_test_0_bsp\libhal_bsp.a(alt_icache_flush_all.o)
                0x0080ed34                alt_icache_flush_all
 .text          0x0080ed64      0x1d4 ../multi_test_0_bsp\libhal_bsp.a(alt_iic.o)
                0x0080ed64                alt_ic_isr_register
                0x0080edb4                alt_ic_irq_enable
                0x0080ee50                alt_ic_irq_disable
                0x0080eef0                alt_ic_irq_enabled
 .text          0x0080ef38       0xf8 ../multi_test_0_bsp\libhal_bsp.a(alt_iic_isr_register.o)
                0x0080ef38                alt_iic_isr_register
 .text          0x0080f030      0x13c ../multi_test_0_bsp\libhal_bsp.a(alt_io_redirect.o)
                0x0080f0f4                alt_io_redirect
 .text          0x0080f16c        0x0 ../multi_test_0_bsp\libhal_bsp.a(alt_irq_entry.o)
 .text          0x0080f16c        0x0 ../multi_test_0_bsp\libhal_bsp.a(alt_irq_handler.o)
 .text          0x0080f16c      0x2c4 ../multi_test_0_bsp\libhal_bsp.a(alt_open.o)
                0x0080f248                open
 .text          0x0080f430      0x1a4 ../multi_test_0_bsp\libhal_bsp.a(alt_tick.o)
                0x0080f430                alt_alarm_stop
                0x0080f4c8                alt_tick
 .text          0x0080f5d4       0x20 ../multi_test_0_bsp\libhal_bsp.a(altera_nios2_irq.o)
                0x0080f5d4                altera_nios2_irq_init
 .text          0x0080f5f4        0x0 ../multi_test_0_bsp\libhal_bsp.a(alt_exception_entry.o)
 .text          0x0080f5f4      0x120 ../multi_test_0_bsp\libhal_bsp.a(alt_find_file.o)
                0x0080f5f4                alt_find_file
 .text          0x0080f714       0xb8 ../multi_test_0_bsp\libhal_bsp.a(alt_get_fd.o)
                0x0080f714                alt_get_fd
 .text          0x0080f7cc       0x90 ../multi_test_0_bsp\libhal_bsp.a(alt_icache_flush.o)
                0x0080f7cc                alt_icache_flush
 .text          0x0080f85c       0x14 c:/software/altera/10.1/nios2eds/bin/gnu/h-i686-mingw32/bin/../lib/gcc/nios2-elf/4.1.2/../../../../nios2-elf/lib\libc.a(lib_a-atexit.o)
                0x0080f85c                atexit
 .text          0x0080f870       0x74 c:/software/altera/10.1/nios2eds/bin/gnu/h-i686-mingw32/bin/../lib/gcc/nios2-elf/4.1.2/../../../../nios2-elf/lib\libc.a(lib_a-memcmp.o)
                0x0080f870                memcmp
 .text          0x0080f8e4      0x134 c:/software/altera/10.1/nios2eds/bin/gnu/h-i686-mingw32/bin/../lib/gcc/nios2-elf/4.1.2/../../../../nios2-elf/lib\libc.a(lib_a-__atexit.o)
                0x0080f8e4                __register_exitproc
 *(.gnu.warning.*)
 *(.fini)
                0x0080fa18                PROVIDE (__etext, ABSOLUTE (.))
                0x0080fa18                PROVIDE (_etext, ABSOLUTE (.))
                0x0080fa18                PROVIDE (etext, ABSOLUTE (.))
 *(.eh_frame_hdr)
                0x0080fa18                . = ALIGN (0x4)
                0x0080fa18                PROVIDE (__preinit_array_start, ABSOLUTE (.))
 *(.preinit_array)
                0x0080fa18                PROVIDE (__preinit_array_end, ABSOLUTE (.))
                0x0080fa18                PROVIDE (__init_array_start, ABSOLUTE (.))
 *(.init_array)
                0x0080fa18                PROVIDE (__init_array_end, ABSOLUTE (.))
                0x0080fa18                PROVIDE (__fini_array_start, ABSOLUTE (.))
 *(.fini_array)
                0x0080fa18                PROVIDE (__fini_array_end, ABSOLUTE (.))
 *(.eh_frame)
 .eh_frame      0x0080fa18       0x40 c:/software/altera/10.1/nios2eds/bin/gnu/h-i686-mingw32/bin/../lib/gcc/nios2-elf/4.1.2\libgcc.a(_udivdi3.o)
 .eh_frame      0x0080fa58       0x2c c:/software/altera/10.1/nios2eds/bin/gnu/h-i686-mingw32/bin/../lib/gcc/nios2-elf/4.1.2\libgcc.a(_umoddi3.o)
                                 0x40 (size before relaxing)
 *(.gcc_except_table)
 *(.dynamic)
                0x0080fa84                PROVIDE (__CTOR_LIST__, ABSOLUTE (.))
 *(.ctors)
 *(SORT(.ctors.*))
 .ctors.65535   0x0080fa84        0x4 c:/software/altera/10.1/nios2eds/bin/gnu/h-i686-mingw32/bin/../lib/gcc/nios2-elf/4.1.2/../../../../nios2-elf/lib\libc.a(lib_a-__call_atexit.o)
                0x0080fa88                PROVIDE (__CTOR_END__, ABSOLUTE (.))
                0x0080fa88                PROVIDE (__DTOR_LIST__, ABSOLUTE (.))
 *(.dtors)
 *(SORT(.dtors.*))
                0x0080fa88                PROVIDE (__DTOR_END__, ABSOLUTE (.))
 *(.jcr)
                0x0080fa88                . = ALIGN (0x4)

.rodata         0x0080fa88      0x4a0
                0x0080fa88                PROVIDE (__ram_rodata_start, ABSOLUTE (.))
                0x0080fa88                . = ALIGN (0x4)
 *(.rodata .rodata.* .gnu.linkonce.r.*)
 .rodata.str1.4
                0x0080fa88       0x1b obj/common/util.o
                                 0x1c (size before relaxing)
 *fill*         0x0080faa3        0x1 00
 .rodata.str1.4
                0x0080faa4       0x7c obj/hello_world.o
 .rodata.str1.4
                0x0080fb20        0x2 c:/software/altera/10.1/nios2eds/bin/gnu/h-i686-mingw32/bin/../lib/gcc/nios2-elf/4.1.2/../../../../nios2-elf/lib\libc.a(lib_a-impure.o)
                                  0x4 (size before relaxing)
 *fill*         0x0080fb22        0x2 00
 .rodata.str1.4
                0x0080fb24       0x5a c:/software/altera/10.1/nios2eds/bin/gnu/h-i686-mingw32/bin/../lib/gcc/nios2-elf/4.1.2/../../../../nios2-elf/lib\libc.a(lib_a-vfprintf.o)
                                 0x60 (size before relaxing)
 .rodata        0x0080fb7e       0x20 c:/software/altera/10.1/nios2eds/bin/gnu/h-i686-mingw32/bin/../lib/gcc/nios2-elf/4.1.2/../../../../nios2-elf/lib\libc.a(lib_a-vfprintf.o)
 *fill*         0x0080fb9e        0x2 00
 .rodata.str1.4
                0x0080fba0       0x10 c:/software/altera/10.1/nios2eds/bin/gnu/h-i686-mingw32/bin/../lib/gcc/nios2-elf/4.1.2/../../../../nios2-elf/lib\libc.a(lib_a-dtoa.o)
                                 0x14 (size before relaxing)
 .rodata.str1.4
                0x0080fbb0       0x10 c:/software/altera/10.1/nios2eds/bin/gnu/h-i686-mingw32/bin/../lib/gcc/nios2-elf/4.1.2/../../../../nios2-elf/lib\libc.a(lib_a-locale.o)
                                 0x18 (size before relaxing)
 .rodata        0x0080fbc0       0x30 c:/software/altera/10.1/nios2eds/bin/gnu/h-i686-mingw32/bin/../lib/gcc/nios2-elf/4.1.2/../../../../nios2-elf/lib\libc.a(lib_a-locale.o)
 .rodata        0x0080fbf0      0x124 c:/software/altera/10.1/nios2eds/bin/gnu/h-i686-mingw32/bin/../lib/gcc/nios2-elf/4.1.2/../../../../nios2-elf/lib\libc.a(lib_a-mprec.o)
                0x0080fbf0                __mprec_tens
                0x0080fcb8                __mprec_bigtens
                0x0080fce0                __mprec_tinytens
 .rodata        0x0080fd14       0x14 c:/software/altera/10.1/nios2eds/bin/gnu/h-i686-mingw32/bin/../lib/gcc/nios2-elf/4.1.2\libgcc.a(_thenan_df.o)
                0x0080fd14                __thenan_df
 .rodata        0x0080fd28      0x100 c:/software/altera/10.1/nios2eds/bin/gnu/h-i686-mingw32/bin/../lib/gcc/nios2-elf/4.1.2\libgcc.a(_clz.o)
                0x0080fd28                __clz_tab
 .rodata        0x0080fe28        0xc ../multi_test_0_bsp\libhal_bsp.a(alt_dev.o)
 .rodata        0x0080fe34       0x14 ../multi_test_0_bsp\libhal_bsp.a(alt_main.o)
 .rodata        0x0080fe48       0xe0 ../multi_test_0_bsp\libhal_bsp.a(alt_sys_init.o)
 *(.rodata1)
                0x0080ff28                . = ALIGN (0x4)
                0x0080ff28                PROVIDE (__ram_rodata_end, ABSOLUTE (.))
                0x0080fa88                PROVIDE (__flash_rodata_start, LOADADDR (.rodata))

.rwdata         0x0080ff28     0x1d64 load address 0x00811c8c
                0x0080ff28                PROVIDE (__ram_rwdata_start, ABSOLUTE (.))
                0x0080ff28                . = ALIGN (0x4)
 *(.got.plt)
 *(.got)
 *(.data1)
 *(.data .data.* .gnu.linkonce.d.*)
 .data          0x0080ff28        0x0 ../multi_test_0_bsp/obj/HAL/src/crt0.o
 .data          0x0080ff28      0x200 obj/common/tables.o
                0x0080ff28                Yquant
                0x0080ffa8                Cquant
                0x00810028                zigzag_table
 .data          0x00810128        0x0 obj/common/util.o
 .data          0x00810128        0x0 obj/decoder/idct.o
 .data          0x00810128        0x0 obj/decoder/lossless_decode.o
 .data          0x00810128        0x0 obj/decoder/ycbcr_to_rgb.o
 .data          0x00810128        0x0 obj/hello_world.o
 .data          0x00810128        0x0 c:/software/altera/10.1/nios2eds/bin/gnu/h-i686-mingw32/bin/../lib/gcc/nios2-elf/4.1.2/../../../../nios2-elf/lib\libc.a(lib_a-exit.o)
 .data          0x00810128      0x400 c:/software/altera/10.1/nios2eds/bin/gnu/h-i686-mingw32/bin/../lib/gcc/nios2-elf/4.1.2/../../../../nios2-elf/lib\libc.a(lib_a-impure.o)
 .data          0x00810528        0x0 c:/software/altera/10.1/nios2eds/bin/gnu/h-i686-mingw32/bin/../lib/gcc/nios2-elf/4.1.2/../../../../nios2-elf/lib\libc.a(lib_a-int_errno.o)
 .data          0x00810528        0x0 c:/software/altera/10.1/nios2eds/bin/gnu/h-i686-mingw32/bin/../lib/gcc/nios2-elf/4.1.2/../../../../nios2-elf/lib\libc.a(lib_a-printf.o)
 .data          0x00810528        0x0 c:/software/altera/10.1/nios2eds/bin/gnu/h-i686-mingw32/bin/../lib/gcc/nios2-elf/4.1.2/../../../../nios2-elf/lib\libc.a(lib_a-putchar.o)
 .data          0x00810528        0x0 c:/software/altera/10.1/nios2eds/bin/gnu/h-i686-mingw32/bin/../lib/gcc/nios2-elf/4.1.2/../../../../nios2-elf/lib\libc.a(lib_a-vfprintf.o)
 .data          0x00810528        0x0 c:/software/altera/10.1/nios2eds/bin/gnu/h-i686-mingw32/bin/../lib/gcc/nios2-elf/4.1.2/../../../../nios2-elf/lib\libc.a(lib_a-wsetup.o)
 .data          0x00810528        0x0 c:/software/altera/10.1/nios2eds/bin/gnu/h-i686-mingw32/bin/../lib/gcc/nios2-elf/4.1.2/../../../../nios2-elf/lib\libc.a(lib_a-__call_atexit.o)
 .data          0x00810528        0x0 c:/software/altera/10.1/nios2eds/bin/gnu/h-i686-mingw32/bin/../lib/gcc/nios2-elf/4.1.2/../../../../nios2-elf/lib\libc.a(lib_a-dtoa.o)
 .data          0x00810528        0x0 c:/software/altera/10.1/nios2eds/bin/gnu/h-i686-mingw32/bin/../lib/gcc/nios2-elf/4.1.2/../../../../nios2-elf/lib\libc.a(lib_a-fflush.o)
 .data          0x00810528        0x0 c:/software/altera/10.1/nios2eds/bin/gnu/h-i686-mingw32/bin/../lib/gcc/nios2-elf/4.1.2/../../../../nios2-elf/lib\libc.a(lib_a-findfp.o)
 .data          0x00810528        0x0 c:/software/altera/10.1/nios2eds/bin/gnu/h-i686-mingw32/bin/../lib/gcc/nios2-elf/4.1.2/../../../../nios2-elf/lib\libc.a(lib_a-freer.o)
 .data          0x00810528        0x0 c:/software/altera/10.1/nios2eds/bin/gnu/h-i686-mingw32/bin/../lib/gcc/nios2-elf/4.1.2/../../../../nios2-elf/lib\libc.a(lib_a-fvwrite.o)
 .data          0x00810528        0x0 c:/software/altera/10.1/nios2eds/bin/gnu/h-i686-mingw32/bin/../lib/gcc/nios2-elf/4.1.2/../../../../nios2-elf/lib\libc.a(lib_a-fwalk.o)
 .data          0x00810528        0xc c:/software/altera/10.1/nios2eds/bin/gnu/h-i686-mingw32/bin/../lib/gcc/nios2-elf/4.1.2/../../../../nios2-elf/lib\libc.a(lib_a-locale.o)
                0x00810528                __lc_ctype
 .data          0x00810534        0x0 c:/software/altera/10.1/nios2eds/bin/gnu/h-i686-mingw32/bin/../lib/gcc/nios2-elf/4.1.2/../../../../nios2-elf/lib\libc.a(lib_a-makebuf.o)
 .data          0x00810534      0x408 c:/software/altera/10.1/nios2eds/bin/gnu/h-i686-mingw32/bin/../lib/gcc/nios2-elf/4.1.2/../../../../nios2-elf/lib\libc.a(lib_a-mallocr.o)
                0x00810534                __malloc_av_
 .data          0x0081093c        0x0 c:/software/altera/10.1/nios2eds/bin/gnu/h-i686-mingw32/bin/../lib/gcc/nios2-elf/4.1.2/../../../../nios2-elf/lib\libc.a(lib_a-memchr.o)
 .data          0x0081093c        0x0 c:/software/altera/10.1/nios2eds/bin/gnu/h-i686-mingw32/bin/../lib/gcc/nios2-elf/4.1.2/../../../../nios2-elf/lib\libc.a(lib_a-memcpy.o)
 .data          0x0081093c        0x0 c:/software/altera/10.1/nios2eds/bin/gnu/h-i686-mingw32/bin/../lib/gcc/nios2-elf/4.1.2/../../../../nios2-elf/lib\libc.a(lib_a-memmove.o)
 .data          0x0081093c        0x0 c:/software/altera/10.1/nios2eds/bin/gnu/h-i686-mingw32/bin/../lib/gcc/nios2-elf/4.1.2/../../../../nios2-elf/lib\libc.a(lib_a-memset.o)
 .data          0x0081093c        0x0 c:/software/altera/10.1/nios2eds/bin/gnu/h-i686-mingw32/bin/../lib/gcc/nios2-elf/4.1.2/../../../../nios2-elf/lib\libc.a(lib_a-mprec.o)
 .data          0x0081093c        0x0 c:/software/altera/10.1/nios2eds/bin/gnu/h-i686-mingw32/bin/../lib/gcc/nios2-elf/4.1.2/../../../../nios2-elf/lib\libc.a(lib_a-putc.o)
 .data          0x0081093c        0x0 c:/software/altera/10.1/nios2eds/bin/gnu/h-i686-mingw32/bin/../lib/gcc/nios2-elf/4.1.2/../../../../nios2-elf/lib\libc.a(lib_a-reallocr.o)
 .data          0x0081093c        0x0 c:/software/altera/10.1/nios2eds/bin/gnu/h-i686-mingw32/bin/../lib/gcc/nios2-elf/4.1.2/../../../../nios2-elf/lib\libc.a(lib_a-s_isinfd.o)
 .data          0x0081093c        0x0 c:/software/altera/10.1/nios2eds/bin/gnu/h-i686-mingw32/bin/../lib/gcc/nios2-elf/4.1.2/../../../../nios2-elf/lib\libc.a(lib_a-s_isnand.o)
 .data          0x0081093c        0x0 c:/software/altera/10.1/nios2eds/bin/gnu/h-i686-mingw32/bin/../lib/gcc/nios2-elf/4.1.2/../../../../nios2-elf/lib\libc.a(lib_a-sbrkr.o)
 .data          0x0081093c        0x0 c:/software/altera/10.1/nios2eds/bin/gnu/h-i686-mingw32/bin/../lib/gcc/nios2-elf/4.1.2/../../../../nios2-elf/lib\libc.a(lib_a-stdio.o)
 .data          0x0081093c        0x0 c:/software/altera/10.1/nios2eds/bin/gnu/h-i686-mingw32/bin/../lib/gcc/nios2-elf/4.1.2/../../../../nios2-elf/lib\libc.a(lib_a-strcmp.o)
 .data          0x0081093c        0x0 c:/software/altera/10.1/nios2eds/bin/gnu/h-i686-mingw32/bin/../lib/gcc/nios2-elf/4.1.2/../../../../nios2-elf/lib\libc.a(lib_a-strlen.o)
 .data          0x0081093c        0x0 c:/software/altera/10.1/nios2eds/bin/gnu/h-i686-mingw32/bin/../lib/gcc/nios2-elf/4.1.2/../../../../nios2-elf/lib\libc.a(lib_a-wbuf.o)
 .data          0x0081093c        0x0 c:/software/altera/10.1/nios2eds/bin/gnu/h-i686-mingw32/bin/../lib/gcc/nios2-elf/4.1.2/../../../../nios2-elf/lib\libc.a(lib_a-writer.o)
 .data          0x0081093c        0x0 c:/software/altera/10.1/nios2eds/bin/gnu/h-i686-mingw32/bin/../lib/gcc/nios2-elf/4.1.2/../../../../nios2-elf/lib\libc.a(lib_a-callocr.o)
 .data          0x0081093c        0x0 c:/software/altera/10.1/nios2eds/bin/gnu/h-i686-mingw32/bin/../lib/gcc/nios2-elf/4.1.2/../../../../nios2-elf/lib\libc.a(lib_a-closer.o)
 .data          0x0081093c        0x0 c:/software/altera/10.1/nios2eds/bin/gnu/h-i686-mingw32/bin/../lib/gcc/nios2-elf/4.1.2/../../../../nios2-elf/lib\libc.a(lib_a-fclose.o)
 .data          0x0081093c        0x0 c:/software/altera/10.1/nios2eds/bin/gnu/h-i686-mingw32/bin/../lib/gcc/nios2-elf/4.1.2/../../../../nios2-elf/lib\libc.a(lib_a-fstatr.o)
 .data          0x0081093c        0x0 c:/software/altera/10.1/nios2eds/bin/gnu/h-i686-mingw32/bin/../lib/gcc/nios2-elf/4.1.2/../../../../nios2-elf/lib\libc.a(lib_a-isattyr.o)
 .data          0x0081093c        0x0 c:/software/altera/10.1/nios2eds/bin/gnu/h-i686-mingw32/bin/../lib/gcc/nios2-elf/4.1.2/../../../../nios2-elf/lib\libc.a(lib_a-lseekr.o)
 .data          0x0081093c        0x0 c:/software/altera/10.1/nios2eds/bin/gnu/h-i686-mingw32/bin/../lib/gcc/nios2-elf/4.1.2/../../../../nios2-elf/lib\libc.a(lib_a-readr.o)
 .data          0x0081093c        0x0 c:/software/altera/10.1/nios2eds/bin/gnu/h-i686-mingw32/bin/../lib/gcc/nios2-elf/4.1.2\libgcc.a(_udivdi3.o)
 .data          0x0081093c        0x0 c:/software/altera/10.1/nios2eds/bin/gnu/h-i686-mingw32/bin/../lib/gcc/nios2-elf/4.1.2\libgcc.a(_umoddi3.o)
 .data          0x0081093c        0x0 c:/software/altera/10.1/nios2eds/bin/gnu/h-i686-mingw32/bin/../lib/gcc/nios2-elf/4.1.2\libgcc.a(_addsub_df.o)
 .data          0x0081093c        0x0 c:/software/altera/10.1/nios2eds/bin/gnu/h-i686-mingw32/bin/../lib/gcc/nios2-elf/4.1.2\libgcc.a(_mul_df.o)
 .data          0x0081093c        0x0 c:/software/altera/10.1/nios2eds/bin/gnu/h-i686-mingw32/bin/../lib/gcc/nios2-elf/4.1.2\libgcc.a(_div_df.o)
 .data          0x0081093c        0x0 c:/software/altera/10.1/nios2eds/bin/gnu/h-i686-mingw32/bin/../lib/gcc/nios2-elf/4.1.2\libgcc.a(_eq_df.o)
 .data          0x0081093c        0x0 c:/software/altera/10.1/nios2eds/bin/gnu/h-i686-mingw32/bin/../lib/gcc/nios2-elf/4.1.2\libgcc.a(_ne_df.o)
 .data          0x0081093c        0x0 c:/software/altera/10.1/nios2eds/bin/gnu/h-i686-mingw32/bin/../lib/gcc/nios2-elf/4.1.2\libgcc.a(_gt_df.o)
 .data          0x0081093c        0x0 c:/software/altera/10.1/nios2eds/bin/gnu/h-i686-mingw32/bin/../lib/gcc/nios2-elf/4.1.2\libgcc.a(_ge_df.o)
 .data          0x0081093c        0x0 c:/software/altera/10.1/nios2eds/bin/gnu/h-i686-mingw32/bin/../lib/gcc/nios2-elf/4.1.2\libgcc.a(_lt_df.o)
 .data          0x0081093c        0x0 c:/software/altera/10.1/nios2eds/bin/gnu/h-i686-mingw32/bin/../lib/gcc/nios2-elf/4.1.2\libgcc.a(_si_to_df.o)
 .data          0x0081093c        0x0 c:/software/altera/10.1/nios2eds/bin/gnu/h-i686-mingw32/bin/../lib/gcc/nios2-elf/4.1.2\libgcc.a(_df_to_si.o)
 .data          0x0081093c        0x0 c:/software/altera/10.1/nios2eds/bin/gnu/h-i686-mingw32/bin/../lib/gcc/nios2-elf/4.1.2\libgcc.a(_thenan_df.o)
 .data          0x0081093c        0x0 c:/software/altera/10.1/nios2eds/bin/gnu/h-i686-mingw32/bin/../lib/gcc/nios2-elf/4.1.2\libgcc.a(_usi_to_df.o)
 .data          0x0081093c        0x0 c:/software/altera/10.1/nios2eds/bin/gnu/h-i686-mingw32/bin/../lib/gcc/nios2-elf/4.1.2\libgcc.a(lib2-divmod.o)
 .data          0x0081093c        0x0 c:/software/altera/10.1/nios2eds/bin/gnu/h-i686-mingw32/bin/../lib/gcc/nios2-elf/4.1.2\libgcc.a(_muldi3.o)
 .data          0x0081093c        0x0 c:/software/altera/10.1/nios2eds/bin/gnu/h-i686-mingw32/bin/../lib/gcc/nios2-elf/4.1.2\libgcc.a(_clz.o)
 .data          0x0081093c        0x0 c:/software/altera/10.1/nios2eds/bin/gnu/h-i686-mingw32/bin/../lib/gcc/nios2-elf/4.1.2\libgcc.a(_clzsi2.o)
 .data          0x0081093c        0x0 c:/software/altera/10.1/nios2eds/bin/gnu/h-i686-mingw32/bin/../lib/gcc/nios2-elf/4.1.2\libgcc.a(_pack_df.o)
 .data          0x0081093c        0x0 c:/software/altera/10.1/nios2eds/bin/gnu/h-i686-mingw32/bin/../lib/gcc/nios2-elf/4.1.2\libgcc.a(_unpack_df.o)
 .data          0x0081093c        0x0 c:/software/altera/10.1/nios2eds/bin/gnu/h-i686-mingw32/bin/../lib/gcc/nios2-elf/4.1.2\libgcc.a(_fpcmp_parts_df.o)
 .data          0x0081093c        0x0 ../multi_test_0_bsp\libhal_bsp.a(alt_close.o)
 .data          0x0081093c        0x0 ../multi_test_0_bsp\libhal_bsp.a(alt_dcache_flush_all.o)
 .data          0x0081093c      0x1a8 ../multi_test_0_bsp\libhal_bsp.a(alt_dev.o)
                0x0081093c                alt_dev_null
                0x00810964                alt_fd_list
 .data          0x00810ae4        0x0 ../multi_test_0_bsp\libhal_bsp.a(alt_errno.o)
 .data          0x00810ae4        0x0 ../multi_test_0_bsp\libhal_bsp.a(alt_exit.o)
 .data          0x00810ae4        0x0 ../multi_test_0_bsp\libhal_bsp.a(alt_fstat.o)
 .data          0x00810ae4        0x0 ../multi_test_0_bsp\libhal_bsp.a(alt_irq_register.o)
 .data          0x00810ae4        0x0 ../multi_test_0_bsp\libhal_bsp.a(alt_irq_vars.o)
 .data          0x00810ae4        0x0 ../multi_test_0_bsp\libhal_bsp.a(alt_isatty.o)
 .data          0x00810ae4        0x0 ../multi_test_0_bsp\libhal_bsp.a(alt_load.o)
 .data          0x00810ae4        0x0 ../multi_test_0_bsp\libhal_bsp.a(alt_lseek.o)
 .data          0x00810ae4        0x0 ../multi_test_0_bsp\libhal_bsp.a(alt_main.o)
 .data          0x00810ae4        0x0 ../multi_test_0_bsp\libhal_bsp.a(alt_malloc_lock.o)
 .data          0x00810ae4        0x0 ../multi_test_0_bsp\libhal_bsp.a(alt_read.o)
 .data          0x00810ae4        0x0 ../multi_test_0_bsp\libhal_bsp.a(alt_release_fd.o)
 .data          0x00810ae4        0x0 ../multi_test_0_bsp\libhal_bsp.a(alt_sbrk.o)
 .data          0x00810ae4        0x0 ../multi_test_0_bsp\libhal_bsp.a(alt_write.o)
 .data          0x00810ae4     0x1158 ../multi_test_0_bsp\libhal_bsp.a(alt_sys_init.o)
 .data          0x00811c3c        0x0 ../multi_test_0_bsp\libhal_bsp.a(altera_avalon_jtag_uart_fd.o)
 .data          0x00811c3c        0x0 ../multi_test_0_bsp\libhal_bsp.a(altera_avalon_jtag_uart_init.o)
 .data          0x00811c3c        0x0 ../multi_test_0_bsp\libhal_bsp.a(altera_avalon_jtag_uart_ioctl.o)
 .data          0x00811c3c        0x0 ../multi_test_0_bsp\libhal_bsp.a(altera_avalon_jtag_uart_read.o)
 .data          0x00811c3c        0x0 ../multi_test_0_bsp\libhal_bsp.a(altera_avalon_jtag_uart_write.o)
 .data          0x00811c3c        0x0 ../multi_test_0_bsp\libhal_bsp.a(altera_avalon_mailbox.o)
 .data          0x00811c3c        0x0 ../multi_test_0_bsp\libhal_bsp.a(altera_avalon_mutex.o)
 .data          0x00811c3c        0x0 ../multi_test_0_bsp\libhal_bsp.a(altera_avalon_timer_sc.o)
 .data          0x00811c3c        0x0 ../multi_test_0_bsp\libhal_bsp.a(altera_up_avalon_video_pixel_buffer_dma.o)
 .data          0x00811c3c        0x0 ../multi_test_0_bsp\libhal_bsp.a(alt_alarm_start.o)
 .data          0x00811c3c        0x0 ../multi_test_0_bsp\libhal_bsp.a(alt_dev_llist_insert.o)
 .data          0x00811c3c        0x0 ../multi_test_0_bsp\libhal_bsp.a(alt_do_ctors.o)
 .data          0x00811c3c        0x0 ../multi_test_0_bsp\libhal_bsp.a(alt_do_dtors.o)
 .data          0x00811c3c        0x0 ../multi_test_0_bsp\libhal_bsp.a(alt_find_dev.o)
 .data          0x00811c3c        0x0 ../multi_test_0_bsp\libhal_bsp.a(alt_icache_flush_all.o)
 .data          0x00811c3c        0x0 ../multi_test_0_bsp\libhal_bsp.a(alt_iic.o)
 .data          0x00811c3c        0x0 ../multi_test_0_bsp\libhal_bsp.a(alt_iic_isr_register.o)
 .data          0x00811c3c        0x0 ../multi_test_0_bsp\libhal_bsp.a(alt_io_redirect.o)
 .data          0x00811c3c        0x0 ../multi_test_0_bsp\libhal_bsp.a(alt_irq_entry.o)
 .data          0x00811c3c        0x0 ../multi_test_0_bsp\libhal_bsp.a(alt_irq_handler.o)
 .data          0x00811c3c        0x0 ../multi_test_0_bsp\libhal_bsp.a(alt_open.o)
 .data          0x00811c3c        0x0 ../multi_test_0_bsp\libhal_bsp.a(alt_tick.o)
 .data          0x00811c3c        0x0 ../multi_test_0_bsp\libhal_bsp.a(altera_nios2_irq.o)
 .data          0x00811c3c        0x0 ../multi_test_0_bsp\libhal_bsp.a(alt_exception_entry.o)
 .data          0x00811c3c        0x0 ../multi_test_0_bsp\libhal_bsp.a(alt_find_file.o)
 .data          0x00811c3c        0x0 ../multi_test_0_bsp\libhal_bsp.a(alt_get_fd.o)
 .data          0x00811c3c        0x0 ../multi_test_0_bsp\libhal_bsp.a(alt_icache_flush.o)
 .data          0x00811c3c        0x0 c:/software/altera/10.1/nios2eds/bin/gnu/h-i686-mingw32/bin/../lib/gcc/nios2-elf/4.1.2/../../../../nios2-elf/lib\libc.a(lib_a-atexit.o)
 .data          0x00811c3c        0x0 c:/software/altera/10.1/nios2eds/bin/gnu/h-i686-mingw32/bin/../lib/gcc/nios2-elf/4.1.2/../../../../nios2-elf/lib\libc.a(lib_a-memcmp.o)
 .data          0x00811c3c        0x0 c:/software/altera/10.1/nios2eds/bin/gnu/h-i686-mingw32/bin/../lib/gcc/nios2-elf/4.1.2/../../../../nios2-elf/lib\libc.a(lib_a-__atexit.o)
                0x00819c3c                _gp = ABSOLUTE ((. + 0x8000))
                0x00819c3c                PROVIDE (gp, _gp)
 *(.sdata .sdata.* .gnu.linkonce.s.*)
 .sdata         0x00811c3c        0x8 c:/software/altera/10.1/nios2eds/bin/gnu/h-i686-mingw32/bin/../lib/gcc/nios2-elf/4.1.2/../../../../nios2-elf/lib\libc.a(lib_a-impure.o)
                0x00811c3c                _impure_ptr
                0x00811c40                _global_impure_ptr
 .sdata         0x00811c44        0x8 c:/software/altera/10.1/nios2eds/bin/gnu/h-i686-mingw32/bin/../lib/gcc/nios2-elf/4.1.2/../../../../nios2-elf/lib\libc.a(lib_a-locale.o)
                0x00811c44                __mb_cur_max
 .sdata         0x00811c4c        0x8 c:/software/altera/10.1/nios2eds/bin/gnu/h-i686-mingw32/bin/../lib/gcc/nios2-elf/4.1.2/../../../../nios2-elf/lib\libc.a(lib_a-mallocr.o)
                0x00811c4c                __malloc_trim_threshold
                0x00811c50                __malloc_sbrk_base
 .sdata         0x00811c54       0x14 ../multi_test_0_bsp\libhal_bsp.a(alt_dev.o)
                0x00811c54                alt_fs_list
                0x00811c5c                alt_dev_list
                0x00811c64                alt_max_fd
 .sdata         0x00811c68        0x4 ../multi_test_0_bsp\libhal_bsp.a(alt_errno.o)
                0x00811c68                alt_errno
 .sdata         0x00811c6c        0x4 ../multi_test_0_bsp\libhal_bsp.a(alt_irq_vars.o)
                0x00811c6c                alt_priority_mask
 .sdata         0x00811c70        0x4 ../multi_test_0_bsp\libhal_bsp.a(alt_sbrk.o)
 .sdata         0x00811c74        0x8 ../multi_test_0_bsp\libhal_bsp.a(altera_avalon_mailbox.o)
                0x00811c74                alt_mailbox_list
 .sdata         0x00811c7c        0x8 ../multi_test_0_bsp\libhal_bsp.a(altera_avalon_mutex.o)
                0x00811c7c                alt_mutex_list
 .sdata         0x00811c84        0x8 ../multi_test_0_bsp\libhal_bsp.a(alt_tick.o)
                0x00811c84                alt_alarm_list
 *(.sdata2 .sdata2.* .gnu.linkonce.s2.*)
                0x00811c8c                . = ALIGN (0x4)
                0x00811c8c                _edata = ABSOLUTE (.)
                0x00811c8c                PROVIDE (edata, ABSOLUTE (.))
                0x00811c8c                PROVIDE (__ram_rwdata_end, ABSOLUTE (.))
                0x00811c8c                PROVIDE (__flash_rwdata_start, LOADADDR (.rwdata))

.bss            0x008139f0      0x308
                0x008139f0                __bss_start = ABSOLUTE (.)
                0x008139f0                PROVIDE (__sbss_start, ABSOLUTE (.))
                0x008139f0                PROVIDE (___sbss_start, ABSOLUTE (.))
 *(.dynsbss)
 *(.sbss .sbss.* .gnu.linkonce.sb.*)
 .sbss          0x008139f0        0x8 obj/hello_world.o
                0x008139f0                flag
                0x008139f4                counter
 .sbss          0x008139f8       0x14 obj/hello_world.o
                0x008139f8                playing
                0x008139fc                backward
                0x00813a00                fastForward
                0x00813a04                getNextFile
                0x00813a08                pixel_buf_dev
 .sbss          0x00813a0c        0x4 c:/software/altera/10.1/nios2eds/bin/gnu/h-i686-mingw32/bin/../lib/gcc/nios2-elf/4.1.2/../../../../nios2-elf/lib\libc.a(lib_a-int_errno.o)
                0x00813a0c                errno
 .sbss          0x00813a10        0xc c:/software/altera/10.1/nios2eds/bin/gnu/h-i686-mingw32/bin/../lib/gcc/nios2-elf/4.1.2/../../../../nios2-elf/lib\libc.a(lib_a-locale.o)
                0x00813a10                __nlocale_changed
                0x00813a14                __mlocale_changed
                0x00813a18                _PathLocale
 .sbss          0x00813a1c        0xc c:/software/altera/10.1/nios2eds/bin/gnu/h-i686-mingw32/bin/../lib/gcc/nios2-elf/4.1.2/../../../../nios2-elf/lib\libc.a(lib_a-mallocr.o)
                0x00813a1c                __malloc_top_pad
                0x00813a20                __malloc_max_sbrked_mem
                0x00813a24                __malloc_max_total_mem
 .sbss          0x00813a28        0x4 ../multi_test_0_bsp\libhal_bsp.a(alt_irq_vars.o)
                0x00813a28                alt_irq_active
 .sbss          0x00813a2c        0xc ../multi_test_0_bsp\libhal_bsp.a(alt_main.o)
                0x00813a2c                alt_argc
                0x00813a30                alt_argv
                0x00813a34                alt_envp
 .sbss          0x00813a38        0x8 ../multi_test_0_bsp\libhal_bsp.a(alt_tick.o)
                0x00813a38                _alt_tick_rate
                0x00813a3c                _alt_nticks
 *(.sbss2 .sbss2.* .gnu.linkonce.sb2.*)
 *(.scommon)
                0x00813a40                PROVIDE (__sbss_end, ABSOLUTE (.))
                0x00813a40                PROVIDE (___sbss_end, ABSOLUTE (.))
 *(.dynbss)
 *(.bss .bss.* .gnu.linkonce.b.*)
 .bss           0x00813a40        0x0 ../multi_test_0_bsp/obj/HAL/src/crt0.o
 .bss           0x00813a40        0x0 obj/common/tables.o
 .bss           0x00813a40        0x0 obj/common/util.o
 .bss           0x00813a40        0x0 obj/decoder/idct.o
 .bss           0x00813a40        0x0 obj/decoder/lossless_decode.o
 .bss           0x00813a40        0x0 obj/decoder/ycbcr_to_rgb.o
 .bss           0x00813a40        0x0 obj/hello_world.o
 .bss           0x00813a40        0x0 c:/software/altera/10.1/nios2eds/bin/gnu/h-i686-mingw32/bin/../lib/gcc/nios2-elf/4.1.2/../../../../nios2-elf/lib\libc.a(lib_a-exit.o)
 .bss           0x00813a40        0x0 c:/software/altera/10.1/nios2eds/bin/gnu/h-i686-mingw32/bin/../lib/gcc/nios2-elf/4.1.2/../../../../nios2-elf/lib\libc.a(lib_a-impure.o)
 .bss           0x00813a40        0x0 c:/software/altera/10.1/nios2eds/bin/gnu/h-i686-mingw32/bin/../lib/gcc/nios2-elf/4.1.2/../../../../nios2-elf/lib\libc.a(lib_a-int_errno.o)
 .bss           0x00813a40        0x0 c:/software/altera/10.1/nios2eds/bin/gnu/h-i686-mingw32/bin/../lib/gcc/nios2-elf/4.1.2/../../../../nios2-elf/lib\libc.a(lib_a-printf.o)
 .bss           0x00813a40        0x0 c:/software/altera/10.1/nios2eds/bin/gnu/h-i686-mingw32/bin/../lib/gcc/nios2-elf/4.1.2/../../../../nios2-elf/lib\libc.a(lib_a-putchar.o)
 .bss           0x00813a40        0x0 c:/software/altera/10.1/nios2eds/bin/gnu/h-i686-mingw32/bin/../lib/gcc/nios2-elf/4.1.2/../../../../nios2-elf/lib\libc.a(lib_a-vfprintf.o)
 .bss           0x00813a40        0x0 c:/software/altera/10.1/nios2eds/bin/gnu/h-i686-mingw32/bin/../lib/gcc/nios2-elf/4.1.2/../../../../nios2-elf/lib\libc.a(lib_a-wsetup.o)
 .bss           0x00813a40        0x0 c:/software/altera/10.1/nios2eds/bin/gnu/h-i686-mingw32/bin/../lib/gcc/nios2-elf/4.1.2/../../../../nios2-elf/lib\libc.a(lib_a-__call_atexit.o)
 .bss           0x00813a40        0x0 c:/software/altera/10.1/nios2eds/bin/gnu/h-i686-mingw32/bin/../lib/gcc/nios2-elf/4.1.2/../../../../nios2-elf/lib\libc.a(lib_a-dtoa.o)
 .bss           0x00813a40        0x0 c:/software/altera/10.1/nios2eds/bin/gnu/h-i686-mingw32/bin/../lib/gcc/nios2-elf/4.1.2/../../../../nios2-elf/lib\libc.a(lib_a-fflush.o)
 .bss           0x00813a40        0x0 c:/software/altera/10.1/nios2eds/bin/gnu/h-i686-mingw32/bin/../lib/gcc/nios2-elf/4.1.2/../../../../nios2-elf/lib\libc.a(lib_a-findfp.o)
 .bss           0x00813a40        0x0 c:/software/altera/10.1/nios2eds/bin/gnu/h-i686-mingw32/bin/../lib/gcc/nios2-elf/4.1.2/../../../../nios2-elf/lib\libc.a(lib_a-freer.o)
 .bss           0x00813a40        0x0 c:/software/altera/10.1/nios2eds/bin/gnu/h-i686-mingw32/bin/../lib/gcc/nios2-elf/4.1.2/../../../../nios2-elf/lib\libc.a(lib_a-fvwrite.o)
 .bss           0x00813a40        0x0 c:/software/altera/10.1/nios2eds/bin/gnu/h-i686-mingw32/bin/../lib/gcc/nios2-elf/4.1.2/../../../../nios2-elf/lib\libc.a(lib_a-fwalk.o)
 .bss           0x00813a40        0x0 c:/software/altera/10.1/nios2eds/bin/gnu/h-i686-mingw32/bin/../lib/gcc/nios2-elf/4.1.2/../../../../nios2-elf/lib\libc.a(lib_a-locale.o)
 .bss           0x00813a40        0x0 c:/software/altera/10.1/nios2eds/bin/gnu/h-i686-mingw32/bin/../lib/gcc/nios2-elf/4.1.2/../../../../nios2-elf/lib\libc.a(lib_a-makebuf.o)
 .bss           0x00813a40       0x28 c:/software/altera/10.1/nios2eds/bin/gnu/h-i686-mingw32/bin/../lib/gcc/nios2-elf/4.1.2/../../../../nios2-elf/lib\libc.a(lib_a-mallocr.o)
                0x00813a40                __malloc_current_mallinfo
 .bss           0x00813a68        0x0 c:/software/altera/10.1/nios2eds/bin/gnu/h-i686-mingw32/bin/../lib/gcc/nios2-elf/4.1.2/../../../../nios2-elf/lib\libc.a(lib_a-memchr.o)
 .bss           0x00813a68        0x0 c:/software/altera/10.1/nios2eds/bin/gnu/h-i686-mingw32/bin/../lib/gcc/nios2-elf/4.1.2/../../../../nios2-elf/lib\libc.a(lib_a-memcpy.o)
 .bss           0x00813a68        0x0 c:/software/altera/10.1/nios2eds/bin/gnu/h-i686-mingw32/bin/../lib/gcc/nios2-elf/4.1.2/../../../../nios2-elf/lib\libc.a(lib_a-memmove.o)
 .bss           0x00813a68        0x0 c:/software/altera/10.1/nios2eds/bin/gnu/h-i686-mingw32/bin/../lib/gcc/nios2-elf/4.1.2/../../../../nios2-elf/lib\libc.a(lib_a-memset.o)
 .bss           0x00813a68        0x0 c:/software/altera/10.1/nios2eds/bin/gnu/h-i686-mingw32/bin/../lib/gcc/nios2-elf/4.1.2/../../../../nios2-elf/lib\libc.a(lib_a-mprec.o)
 .bss           0x00813a68        0x0 c:/software/altera/10.1/nios2eds/bin/gnu/h-i686-mingw32/bin/../lib/gcc/nios2-elf/4.1.2/../../../../nios2-elf/lib\libc.a(lib_a-putc.o)
 .bss           0x00813a68        0x0 c:/software/altera/10.1/nios2eds/bin/gnu/h-i686-mingw32/bin/../lib/gcc/nios2-elf/4.1.2/../../../../nios2-elf/lib\libc.a(lib_a-reallocr.o)
 .bss           0x00813a68        0x0 c:/software/altera/10.1/nios2eds/bin/gnu/h-i686-mingw32/bin/../lib/gcc/nios2-elf/4.1.2/../../../../nios2-elf/lib\libc.a(lib_a-s_isinfd.o)
 .bss           0x00813a68        0x0 c:/software/altera/10.1/nios2eds/bin/gnu/h-i686-mingw32/bin/../lib/gcc/nios2-elf/4.1.2/../../../../nios2-elf/lib\libc.a(lib_a-s_isnand.o)
 .bss           0x00813a68        0x0 c:/software/altera/10.1/nios2eds/bin/gnu/h-i686-mingw32/bin/../lib/gcc/nios2-elf/4.1.2/../../../../nios2-elf/lib\libc.a(lib_a-sbrkr.o)
 .bss           0x00813a68        0x0 c:/software/altera/10.1/nios2eds/bin/gnu/h-i686-mingw32/bin/../lib/gcc/nios2-elf/4.1.2/../../../../nios2-elf/lib\libc.a(lib_a-stdio.o)
 .bss           0x00813a68        0x0 c:/software/altera/10.1/nios2eds/bin/gnu/h-i686-mingw32/bin/../lib/gcc/nios2-elf/4.1.2/../../../../nios2-elf/lib\libc.a(lib_a-strcmp.o)
 .bss           0x00813a68        0x0 c:/software/altera/10.1/nios2eds/bin/gnu/h-i686-mingw32/bin/../lib/gcc/nios2-elf/4.1.2/../../../../nios2-elf/lib\libc.a(lib_a-strlen.o)
 .bss           0x00813a68        0x0 c:/software/altera/10.1/nios2eds/bin/gnu/h-i686-mingw32/bin/../lib/gcc/nios2-elf/4.1.2/../../../../nios2-elf/lib\libc.a(lib_a-wbuf.o)
 .bss           0x00813a68        0x0 c:/software/altera/10.1/nios2eds/bin/gnu/h-i686-mingw32/bin/../lib/gcc/nios2-elf/4.1.2/../../../../nios2-elf/lib\libc.a(lib_a-writer.o)
 .bss           0x00813a68        0x0 c:/software/altera/10.1/nios2eds/bin/gnu/h-i686-mingw32/bin/../lib/gcc/nios2-elf/4.1.2/../../../../nios2-elf/lib\libc.a(lib_a-callocr.o)
 .bss           0x00813a68        0x0 c:/software/altera/10.1/nios2eds/bin/gnu/h-i686-mingw32/bin/../lib/gcc/nios2-elf/4.1.2/../../../../nios2-elf/lib\libc.a(lib_a-closer.o)
 .bss           0x00813a68        0x0 c:/software/altera/10.1/nios2eds/bin/gnu/h-i686-mingw32/bin/../lib/gcc/nios2-elf/4.1.2/../../../../nios2-elf/lib\libc.a(lib_a-fclose.o)
 .bss           0x00813a68        0x0 c:/software/altera/10.1/nios2eds/bin/gnu/h-i686-mingw32/bin/../lib/gcc/nios2-elf/4.1.2/../../../../nios2-elf/lib\libc.a(lib_a-fstatr.o)
 .bss           0x00813a68        0x0 c:/software/altera/10.1/nios2eds/bin/gnu/h-i686-mingw32/bin/../lib/gcc/nios2-elf/4.1.2/../../../../nios2-elf/lib\libc.a(lib_a-isattyr.o)
 .bss           0x00813a68        0x0 c:/software/altera/10.1/nios2eds/bin/gnu/h-i686-mingw32/bin/../lib/gcc/nios2-elf/4.1.2/../../../../nios2-elf/lib\libc.a(lib_a-lseekr.o)
 .bss           0x00813a68        0x0 c:/software/altera/10.1/nios2eds/bin/gnu/h-i686-mingw32/bin/../lib/gcc/nios2-elf/4.1.2/../../../../nios2-elf/lib\libc.a(lib_a-readr.o)
 .bss           0x00813a68        0x0 c:/software/altera/10.1/nios2eds/bin/gnu/h-i686-mingw32/bin/../lib/gcc/nios2-elf/4.1.2\libgcc.a(_udivdi3.o)
 .bss           0x00813a68        0x0 c:/software/altera/10.1/nios2eds/bin/gnu/h-i686-mingw32/bin/../lib/gcc/nios2-elf/4.1.2\libgcc.a(_umoddi3.o)
 .bss           0x00813a68        0x0 c:/software/altera/10.1/nios2eds/bin/gnu/h-i686-mingw32/bin/../lib/gcc/nios2-elf/4.1.2\libgcc.a(_addsub_df.o)
 .bss           0x00813a68        0x0 c:/software/altera/10.1/nios2eds/bin/gnu/h-i686-mingw32/bin/../lib/gcc/nios2-elf/4.1.2\libgcc.a(_mul_df.o)
 .bss           0x00813a68        0x0 c:/software/altera/10.1/nios2eds/bin/gnu/h-i686-mingw32/bin/../lib/gcc/nios2-elf/4.1.2\libgcc.a(_div_df.o)
 .bss           0x00813a68        0x0 c:/software/altera/10.1/nios2eds/bin/gnu/h-i686-mingw32/bin/../lib/gcc/nios2-elf/4.1.2\libgcc.a(_eq_df.o)
 .bss           0x00813a68        0x0 c:/software/altera/10.1/nios2eds/bin/gnu/h-i686-mingw32/bin/../lib/gcc/nios2-elf/4.1.2\libgcc.a(_ne_df.o)
 .bss           0x00813a68        0x0 c:/software/altera/10.1/nios2eds/bin/gnu/h-i686-mingw32/bin/../lib/gcc/nios2-elf/4.1.2\libgcc.a(_gt_df.o)
 .bss           0x00813a68        0x0 c:/software/altera/10.1/nios2eds/bin/gnu/h-i686-mingw32/bin/../lib/gcc/nios2-elf/4.1.2\libgcc.a(_ge_df.o)
 .bss           0x00813a68        0x0 c:/software/altera/10.1/nios2eds/bin/gnu/h-i686-mingw32/bin/../lib/gcc/nios2-elf/4.1.2\libgcc.a(_lt_df.o)
 .bss           0x00813a68        0x0 c:/software/altera/10.1/nios2eds/bin/gnu/h-i686-mingw32/bin/../lib/gcc/nios2-elf/4.1.2\libgcc.a(_si_to_df.o)
 .bss           0x00813a68        0x0 c:/software/altera/10.1/nios2eds/bin/gnu/h-i686-mingw32/bin/../lib/gcc/nios2-elf/4.1.2\libgcc.a(_df_to_si.o)
 .bss           0x00813a68        0x0 c:/software/altera/10.1/nios2eds/bin/gnu/h-i686-mingw32/bin/../lib/gcc/nios2-elf/4.1.2\libgcc.a(_thenan_df.o)
 .bss           0x00813a68        0x0 c:/software/altera/10.1/nios2eds/bin/gnu/h-i686-mingw32/bin/../lib/gcc/nios2-elf/4.1.2\libgcc.a(_usi_to_df.o)
 .bss           0x00813a68        0x0 c:/software/altera/10.1/nios2eds/bin/gnu/h-i686-mingw32/bin/../lib/gcc/nios2-elf/4.1.2\libgcc.a(lib2-divmod.o)
 .bss           0x00813a68        0x0 c:/software/altera/10.1/nios2eds/bin/gnu/h-i686-mingw32/bin/../lib/gcc/nios2-elf/4.1.2\libgcc.a(_muldi3.o)
 .bss           0x00813a68        0x0 c:/software/altera/10.1/nios2eds/bin/gnu/h-i686-mingw32/bin/../lib/gcc/nios2-elf/4.1.2\libgcc.a(_clz.o)
 .bss           0x00813a68        0x0 c:/software/altera/10.1/nios2eds/bin/gnu/h-i686-mingw32/bin/../lib/gcc/nios2-elf/4.1.2\libgcc.a(_clzsi2.o)
 .bss           0x00813a68        0x0 c:/software/altera/10.1/nios2eds/bin/gnu/h-i686-mingw32/bin/../lib/gcc/nios2-elf/4.1.2\libgcc.a(_pack_df.o)
 .bss           0x00813a68        0x0 c:/software/altera/10.1/nios2eds/bin/gnu/h-i686-mingw32/bin/../lib/gcc/nios2-elf/4.1.2\libgcc.a(_unpack_df.o)
 .bss           0x00813a68        0x0 c:/software/altera/10.1/nios2eds/bin/gnu/h-i686-mingw32/bin/../lib/gcc/nios2-elf/4.1.2\libgcc.a(_fpcmp_parts_df.o)
 .bss           0x00813a68        0x0 ../multi_test_0_bsp\libhal_bsp.a(alt_close.o)
 .bss           0x00813a68        0x0 ../multi_test_0_bsp\libhal_bsp.a(alt_dcache_flush_all.o)
 .bss           0x00813a68        0x0 ../multi_test_0_bsp\libhal_bsp.a(alt_dev.o)
 .bss           0x00813a68        0x0 ../multi_test_0_bsp\libhal_bsp.a(alt_errno.o)
 .bss           0x00813a68        0x0 ../multi_test_0_bsp\libhal_bsp.a(alt_exit.o)
 .bss           0x00813a68        0x0 ../multi_test_0_bsp\libhal_bsp.a(alt_fstat.o)
 .bss           0x00813a68        0x0 ../multi_test_0_bsp\libhal_bsp.a(alt_irq_register.o)
 .bss           0x00813a68        0x0 ../multi_test_0_bsp\libhal_bsp.a(alt_irq_vars.o)
 .bss           0x00813a68        0x0 ../multi_test_0_bsp\libhal_bsp.a(alt_isatty.o)
 .bss           0x00813a68        0x0 ../multi_test_0_bsp\libhal_bsp.a(alt_load.o)
 .bss           0x00813a68        0x0 ../multi_test_0_bsp\libhal_bsp.a(alt_lseek.o)
 .bss           0x00813a68        0x0 ../multi_test_0_bsp\libhal_bsp.a(alt_main.o)
 .bss           0x00813a68        0x0 ../multi_test_0_bsp\libhal_bsp.a(alt_malloc_lock.o)
 .bss           0x00813a68        0x0 ../multi_test_0_bsp\libhal_bsp.a(alt_read.o)
 .bss           0x00813a68        0x0 ../multi_test_0_bsp\libhal_bsp.a(alt_release_fd.o)
 .bss           0x00813a68        0x0 ../multi_test_0_bsp\libhal_bsp.a(alt_sbrk.o)
 .bss           0x00813a68        0x0 ../multi_test_0_bsp\libhal_bsp.a(alt_write.o)
 .bss           0x00813a68        0x0 ../multi_test_0_bsp\libhal_bsp.a(alt_sys_init.o)
 .bss           0x00813a68        0x0 ../multi_test_0_bsp\libhal_bsp.a(altera_avalon_jtag_uart_fd.o)
 .bss           0x00813a68        0x0 ../multi_test_0_bsp\libhal_bsp.a(altera_avalon_jtag_uart_init.o)
 .bss           0x00813a68        0x0 ../multi_test_0_bsp\libhal_bsp.a(altera_avalon_jtag_uart_ioctl.o)
 .bss           0x00813a68        0x0 ../multi_test_0_bsp\libhal_bsp.a(altera_avalon_jtag_uart_read.o)
 .bss           0x00813a68        0x0 ../multi_test_0_bsp\libhal_bsp.a(altera_avalon_jtag_uart_write.o)
 .bss           0x00813a68        0x0 ../multi_test_0_bsp\libhal_bsp.a(altera_avalon_mailbox.o)
 .bss           0x00813a68        0x0 ../multi_test_0_bsp\libhal_bsp.a(altera_avalon_mutex.o)
 .bss           0x00813a68        0x0 ../multi_test_0_bsp\libhal_bsp.a(altera_avalon_timer_sc.o)
 .bss           0x00813a68        0x0 ../multi_test_0_bsp\libhal_bsp.a(altera_up_avalon_video_pixel_buffer_dma.o)
 .bss           0x00813a68        0x0 ../multi_test_0_bsp\libhal_bsp.a(alt_alarm_start.o)
 .bss           0x00813a68        0x0 ../multi_test_0_bsp\libhal_bsp.a(alt_dev_llist_insert.o)
 .bss           0x00813a68        0x0 ../multi_test_0_bsp\libhal_bsp.a(alt_do_ctors.o)
 .bss           0x00813a68        0x0 ../multi_test_0_bsp\libhal_bsp.a(alt_do_dtors.o)
 .bss           0x00813a68        0x0 ../multi_test_0_bsp\libhal_bsp.a(alt_find_dev.o)
 .bss           0x00813a68        0x0 ../multi_test_0_bsp\libhal_bsp.a(alt_icache_flush_all.o)
 .bss           0x00813a68        0x0 ../multi_test_0_bsp\libhal_bsp.a(alt_iic.o)
 .bss           0x00813a68        0x0 ../multi_test_0_bsp\libhal_bsp.a(alt_iic_isr_register.o)
 .bss           0x00813a68        0x0 ../multi_test_0_bsp\libhal_bsp.a(alt_io_redirect.o)
 .bss           0x00813a68        0x0 ../multi_test_0_bsp\libhal_bsp.a(alt_irq_entry.o)
 .bss           0x00813a68        0x0 ../multi_test_0_bsp\libhal_bsp.a(alt_irq_handler.o)
 .bss           0x00813a68        0x0 ../multi_test_0_bsp\libhal_bsp.a(alt_open.o)
 .bss           0x00813a68        0x0 ../multi_test_0_bsp\libhal_bsp.a(alt_tick.o)
 .bss           0x00813a68        0x0 ../multi_test_0_bsp\libhal_bsp.a(altera_nios2_irq.o)
 .bss           0x00813a68        0x0 ../multi_test_0_bsp\libhal_bsp.a(alt_exception_entry.o)
 .bss           0x00813a68        0x0 ../multi_test_0_bsp\libhal_bsp.a(alt_find_file.o)
 .bss           0x00813a68        0x0 ../multi_test_0_bsp\libhal_bsp.a(alt_get_fd.o)
 .bss           0x00813a68        0x0 ../multi_test_0_bsp\libhal_bsp.a(alt_icache_flush.o)
 .bss           0x00813a68        0x0 c:/software/altera/10.1/nios2eds/bin/gnu/h-i686-mingw32/bin/../lib/gcc/nios2-elf/4.1.2/../../../../nios2-elf/lib\libc.a(lib_a-atexit.o)
 .bss           0x00813a68        0x0 c:/software/altera/10.1/nios2eds/bin/gnu/h-i686-mingw32/bin/../lib/gcc/nios2-elf/4.1.2/../../../../nios2-elf/lib\libc.a(lib_a-memcmp.o)
 .bss           0x00813a68        0x0 c:/software/altera/10.1/nios2eds/bin/gnu/h-i686-mingw32/bin/../lib/gcc/nios2-elf/4.1.2/../../../../nios2-elf/lib\libc.a(lib_a-__atexit.o)
 *(COMMON)
 COMMON         0x00813a68      0x100 ../multi_test_0_bsp\libhal_bsp.a(alt_irq_handler.o)
                0x00813a68                alt_irq
 COMMON         0x00813b68      0x190 c:/software/altera/10.1/nios2eds/bin/gnu/h-i686-mingw32/bin/../lib/gcc/nios2-elf/4.1.2/../../../../nios2-elf/lib\libc.a(lib_a-atexit.o)
                0x00813b68                _atexit0
                0x00813cf8                . = ALIGN (0x4)
                0x00813cf8                __bss_end = ABSOLUTE (.)

.sdram_0        0x00813cf8        0x0
                0x00813cf8                PROVIDE (_alt_partition_sdram_0_start, ABSOLUTE (.))
 *(.sdram_0. sdram_0.*)
                0x00813cf8                . = ALIGN (0x4)
                0x00813cf8                PROVIDE (_alt_partition_sdram_0_end, ABSOLUTE (.))
                0x00813cf8                _end = ABSOLUTE (.)
                0x00813cf8                end = ABSOLUTE (.)
                0x00813cf8                __alt_stack_base = ABSOLUTE (.)
                0x00813cf8                PROVIDE (_alt_partition_sdram_0_load_addr, LOADADDR (.sdram_0))

.stab
 *(.stab)

.stabstr
 *(.stabstr)

.stab.excl
 *(.stab.excl)

.stab.exclstr
 *(.stab.exclstr)

.stab.index
 *(.stab.index)

.stab.indexstr
 *(.stab.indexstr)

.comment        0x00000000       0x23
 *(.comment)
 .comment       0x00000000       0x23 obj/common/tables.o
                                 0x24 (size before relaxing)
 .comment       0x00000000       0x24 obj/common/util.o
 .comment       0x00000000       0x24 obj/decoder/idct.o
 .comment       0x00000000       0x24 obj/decoder/lossless_decode.o
 .comment       0x00000000       0x24 obj/decoder/ycbcr_to_rgb.o
 .comment       0x00000000       0x24 obj/hello_world.o
 .comment       0x00000000       0x24 c:/software/altera/10.1/nios2eds/bin/gnu/h-i686-mingw32/bin/../lib/gcc/nios2-elf/4.1.2/../../../../nios2-elf/lib\libc.a(lib_a-exit.o)
 .comment       0x00000000       0x24 c:/software/altera/10.1/nios2eds/bin/gnu/h-i686-mingw32/bin/../lib/gcc/nios2-elf/4.1.2/../../../../nios2-elf/lib\libc.a(lib_a-impure.o)
 .comment       0x00000000       0x24 c:/software/altera/10.1/nios2eds/bin/gnu/h-i686-mingw32/bin/../lib/gcc/nios2-elf/4.1.2/../../../../nios2-elf/lib\libc.a(lib_a-int_errno.o)
 .comment       0x00000000       0x24 c:/software/altera/10.1/nios2eds/bin/gnu/h-i686-mingw32/bin/../lib/gcc/nios2-elf/4.1.2/../../../../nios2-elf/lib\libc.a(lib_a-printf.o)
 .comment       0x00000000       0x24 c:/software/altera/10.1/nios2eds/bin/gnu/h-i686-mingw32/bin/../lib/gcc/nios2-elf/4.1.2/../../../../nios2-elf/lib\libc.a(lib_a-putchar.o)
 .comment       0x00000000       0x24 c:/software/altera/10.1/nios2eds/bin/gnu/h-i686-mingw32/bin/../lib/gcc/nios2-elf/4.1.2/../../../../nios2-elf/lib\libc.a(lib_a-vfprintf.o)
 .comment       0x00000000       0x24 c:/software/altera/10.1/nios2eds/bin/gnu/h-i686-mingw32/bin/../lib/gcc/nios2-elf/4.1.2/../../../../nios2-elf/lib\libc.a(lib_a-wsetup.o)
 .comment       0x00000000       0x24 c:/software/altera/10.1/nios2eds/bin/gnu/h-i686-mingw32/bin/../lib/gcc/nios2-elf/4.1.2/../../../../nios2-elf/lib\libc.a(lib_a-__call_atexit.o)
 .comment       0x00000000       0x24 c:/software/altera/10.1/nios2eds/bin/gnu/h-i686-mingw32/bin/../lib/gcc/nios2-elf/4.1.2/../../../../nios2-elf/lib\libc.a(lib_a-dtoa.o)
 .comment       0x00000000       0x24 c:/software/altera/10.1/nios2eds/bin/gnu/h-i686-mingw32/bin/../lib/gcc/nios2-elf/4.1.2/../../../../nios2-elf/lib\libc.a(lib_a-fflush.o)
 .comment       0x00000000       0x24 c:/software/altera/10.1/nios2eds/bin/gnu/h-i686-mingw32/bin/../lib/gcc/nios2-elf/4.1.2/../../../../nios2-elf/lib\libc.a(lib_a-findfp.o)
 .comment       0x00000000       0x24 c:/software/altera/10.1/nios2eds/bin/gnu/h-i686-mingw32/bin/../lib/gcc/nios2-elf/4.1.2/../../../../nios2-elf/lib\libc.a(lib_a-freer.o)
 .comment       0x00000000       0x24 c:/software/altera/10.1/nios2eds/bin/gnu/h-i686-mingw32/bin/../lib/gcc/nios2-elf/4.1.2/../../../../nios2-elf/lib\libc.a(lib_a-fvwrite.o)
 .comment       0x00000000       0x24 c:/software/altera/10.1/nios2eds/bin/gnu/h-i686-mingw32/bin/../lib/gcc/nios2-elf/4.1.2/../../../../nios2-elf/lib\libc.a(lib_a-fwalk.o)
 .comment       0x00000000       0x24 c:/software/altera/10.1/nios2eds/bin/gnu/h-i686-mingw32/bin/../lib/gcc/nios2-elf/4.1.2/../../../../nios2-elf/lib\libc.a(lib_a-locale.o)
 .comment       0x00000000       0x24 c:/software/altera/10.1/nios2eds/bin/gnu/h-i686-mingw32/bin/../lib/gcc/nios2-elf/4.1.2/../../../../nios2-elf/lib\libc.a(lib_a-makebuf.o)
 .comment       0x00000000       0x24 c:/software/altera/10.1/nios2eds/bin/gnu/h-i686-mingw32/bin/../lib/gcc/nios2-elf/4.1.2/../../../../nios2-elf/lib\libc.a(lib_a-mallocr.o)
 .comment       0x00000000       0x24 c:/software/altera/10.1/nios2eds/bin/gnu/h-i686-mingw32/bin/../lib/gcc/nios2-elf/4.1.2/../../../../nios2-elf/lib\libc.a(lib_a-memchr.o)
 .comment       0x00000000       0x24 c:/software/altera/10.1/nios2eds/bin/gnu/h-i686-mingw32/bin/../lib/gcc/nios2-elf/4.1.2/../../../../nios2-elf/lib\libc.a(lib_a-memcpy.o)
 .comment       0x00000000       0x24 c:/software/altera/10.1/nios2eds/bin/gnu/h-i686-mingw32/bin/../lib/gcc/nios2-elf/4.1.2/../../../../nios2-elf/lib\libc.a(lib_a-memmove.o)
 .comment       0x00000000       0x24 c:/software/altera/10.1/nios2eds/bin/gnu/h-i686-mingw32/bin/../lib/gcc/nios2-elf/4.1.2/../../../../nios2-elf/lib\libc.a(lib_a-memset.o)
 .comment       0x00000000       0x24 c:/software/altera/10.1/nios2eds/bin/gnu/h-i686-mingw32/bin/../lib/gcc/nios2-elf/4.1.2/../../../../nios2-elf/lib\libc.a(lib_a-mprec.o)
 .comment       0x00000000       0x24 c:/software/altera/10.1/nios2eds/bin/gnu/h-i686-mingw32/bin/../lib/gcc/nios2-elf/4.1.2/../../../../nios2-elf/lib\libc.a(lib_a-putc.o)
 .comment       0x00000000       0x24 c:/software/altera/10.1/nios2eds/bin/gnu/h-i686-mingw32/bin/../lib/gcc/nios2-elf/4.1.2/../../../../nios2-elf/lib\libc.a(lib_a-reallocr.o)
 .comment       0x00000000       0x24 c:/software/altera/10.1/nios2eds/bin/gnu/h-i686-mingw32/bin/../lib/gcc/nios2-elf/4.1.2/../../../../nios2-elf/lib\libc.a(lib_a-s_isinfd.o)
 .comment       0x00000000       0x24 c:/software/altera/10.1/nios2eds/bin/gnu/h-i686-mingw32/bin/../lib/gcc/nios2-elf/4.1.2/../../../../nios2-elf/lib\libc.a(lib_a-s_isnand.o)
 .comment       0x00000000       0x24 c:/software/altera/10.1/nios2eds/bin/gnu/h-i686-mingw32/bin/../lib/gcc/nios2-elf/4.1.2/../../../../nios2-elf/lib\libc.a(lib_a-sbrkr.o)
 .comment       0x00000000       0x24 c:/software/altera/10.1/nios2eds/bin/gnu/h-i686-mingw32/bin/../lib/gcc/nios2-elf/4.1.2/../../../../nios2-elf/lib\libc.a(lib_a-stdio.o)
 .comment       0x00000000       0x24 c:/software/altera/10.1/nios2eds/bin/gnu/h-i686-mingw32/bin/../lib/gcc/nios2-elf/4.1.2/../../../../nios2-elf/lib\libc.a(lib_a-strcmp.o)
 .comment       0x00000000       0x24 c:/software/altera/10.1/nios2eds/bin/gnu/h-i686-mingw32/bin/../lib/gcc/nios2-elf/4.1.2/../../../../nios2-elf/lib\libc.a(lib_a-strlen.o)
 .comment       0x00000000       0x24 c:/software/altera/10.1/nios2eds/bin/gnu/h-i686-mingw32/bin/../lib/gcc/nios2-elf/4.1.2/../../../../nios2-elf/lib\libc.a(lib_a-wbuf.o)
 .comment       0x00000000       0x24 c:/software/altera/10.1/nios2eds/bin/gnu/h-i686-mingw32/bin/../lib/gcc/nios2-elf/4.1.2/../../../../nios2-elf/lib\libc.a(lib_a-writer.o)
 .comment       0x00000000       0x24 c:/software/altera/10.1/nios2eds/bin/gnu/h-i686-mingw32/bin/../lib/gcc/nios2-elf/4.1.2/../../../../nios2-elf/lib\libc.a(lib_a-callocr.o)
 .comment       0x00000000       0x24 c:/software/altera/10.1/nios2eds/bin/gnu/h-i686-mingw32/bin/../lib/gcc/nios2-elf/4.1.2/../../../../nios2-elf/lib\libc.a(lib_a-closer.o)
 .comment       0x00000000       0x24 c:/software/altera/10.1/nios2eds/bin/gnu/h-i686-mingw32/bin/../lib/gcc/nios2-elf/4.1.2/../../../../nios2-elf/lib\libc.a(lib_a-fclose.o)
 .comment       0x00000000       0x24 c:/software/altera/10.1/nios2eds/bin/gnu/h-i686-mingw32/bin/../lib/gcc/nios2-elf/4.1.2/../../../../nios2-elf/lib\libc.a(lib_a-fstatr.o)
 .comment       0x00000000       0x24 c:/software/altera/10.1/nios2eds/bin/gnu/h-i686-mingw32/bin/../lib/gcc/nios2-elf/4.1.2/../../../../nios2-elf/lib\libc.a(lib_a-isattyr.o)
 .comment       0x00000000       0x24 c:/software/altera/10.1/nios2eds/bin/gnu/h-i686-mingw32/bin/../lib/gcc/nios2-elf/4.1.2/../../../../nios2-elf/lib\libc.a(lib_a-lseekr.o)
 .comment       0x00000000       0x24 c:/software/altera/10.1/nios2eds/bin/gnu/h-i686-mingw32/bin/../lib/gcc/nios2-elf/4.1.2/../../../../nios2-elf/lib\libc.a(lib_a-readr.o)
 .comment       0x00000000       0x24 c:/software/altera/10.1/nios2eds/bin/gnu/h-i686-mingw32/bin/../lib/gcc/nios2-elf/4.1.2\libgcc.a(_udivdi3.o)
 .comment       0x00000000       0x24 c:/software/altera/10.1/nios2eds/bin/gnu/h-i686-mingw32/bin/../lib/gcc/nios2-elf/4.1.2\libgcc.a(_umoddi3.o)
 .comment       0x00000000       0x24 c:/software/altera/10.1/nios2eds/bin/gnu/h-i686-mingw32/bin/../lib/gcc/nios2-elf/4.1.2\libgcc.a(_addsub_df.o)
 .comment       0x00000000       0x24 c:/software/altera/10.1/nios2eds/bin/gnu/h-i686-mingw32/bin/../lib/gcc/nios2-elf/4.1.2\libgcc.a(_mul_df.o)
 .comment       0x00000000       0x24 c:/software/altera/10.1/nios2eds/bin/gnu/h-i686-mingw32/bin/../lib/gcc/nios2-elf/4.1.2\libgcc.a(_div_df.o)
 .comment       0x00000000       0x24 c:/software/altera/10.1/nios2eds/bin/gnu/h-i686-mingw32/bin/../lib/gcc/nios2-elf/4.1.2\libgcc.a(_eq_df.o)
 .comment       0x00000000       0x24 c:/software/altera/10.1/nios2eds/bin/gnu/h-i686-mingw32/bin/../lib/gcc/nios2-elf/4.1.2\libgcc.a(_ne_df.o)
 .comment       0x00000000       0x24 c:/software/altera/10.1/nios2eds/bin/gnu/h-i686-mingw32/bin/../lib/gcc/nios2-elf/4.1.2\libgcc.a(_gt_df.o)
 .comment       0x00000000       0x24 c:/software/altera/10.1/nios2eds/bin/gnu/h-i686-mingw32/bin/../lib/gcc/nios2-elf/4.1.2\libgcc.a(_ge_df.o)
 .comment       0x00000000       0x24 c:/software/altera/10.1/nios2eds/bin/gnu/h-i686-mingw32/bin/../lib/gcc/nios2-elf/4.1.2\libgcc.a(_lt_df.o)
 .comment       0x00000000       0x24 c:/software/altera/10.1/nios2eds/bin/gnu/h-i686-mingw32/bin/../lib/gcc/nios2-elf/4.1.2\libgcc.a(_si_to_df.o)
 .comment       0x00000000       0x24 c:/software/altera/10.1/nios2eds/bin/gnu/h-i686-mingw32/bin/../lib/gcc/nios2-elf/4.1.2\libgcc.a(_df_to_si.o)
 .comment       0x00000000       0x24 c:/software/altera/10.1/nios2eds/bin/gnu/h-i686-mingw32/bin/../lib/gcc/nios2-elf/4.1.2\libgcc.a(_thenan_df.o)
 .comment       0x00000000       0x24 c:/software/altera/10.1/nios2eds/bin/gnu/h-i686-mingw32/bin/../lib/gcc/nios2-elf/4.1.2\libgcc.a(_usi_to_df.o)
 .comment       0x00000000       0x24 c:/software/altera/10.1/nios2eds/bin/gnu/h-i686-mingw32/bin/../lib/gcc/nios2-elf/4.1.2\libgcc.a(lib2-divmod.o)
 .comment       0x00000000       0x24 c:/software/altera/10.1/nios2eds/bin/gnu/h-i686-mingw32/bin/../lib/gcc/nios2-elf/4.1.2\libgcc.a(_muldi3.o)
 .comment       0x00000000       0x24 c:/software/altera/10.1/nios2eds/bin/gnu/h-i686-mingw32/bin/../lib/gcc/nios2-elf/4.1.2\libgcc.a(_clz.o)
 .comment       0x00000000       0x24 c:/software/altera/10.1/nios2eds/bin/gnu/h-i686-mingw32/bin/../lib/gcc/nios2-elf/4.1.2\libgcc.a(_clzsi2.o)
 .comment       0x00000000       0x24 c:/software/altera/10.1/nios2eds/bin/gnu/h-i686-mingw32/bin/../lib/gcc/nios2-elf/4.1.2\libgcc.a(_pack_df.o)
 .comment       0x00000000       0x24 c:/software/altera/10.1/nios2eds/bin/gnu/h-i686-mingw32/bin/../lib/gcc/nios2-elf/4.1.2\libgcc.a(_unpack_df.o)
 .comment       0x00000000       0x24 c:/software/altera/10.1/nios2eds/bin/gnu/h-i686-mingw32/bin/../lib/gcc/nios2-elf/4.1.2\libgcc.a(_fpcmp_parts_df.o)
 .comment       0x00000000       0x24 ../multi_test_0_bsp\libhal_bsp.a(alt_close.o)
 .comment       0x00000000       0x24 ../multi_test_0_bsp\libhal_bsp.a(alt_dcache_flush_all.o)
 .comment       0x00000000       0x24 ../multi_test_0_bsp\libhal_bsp.a(alt_dev.o)
 .comment       0x00000000       0x24 ../multi_test_0_bsp\libhal_bsp.a(alt_errno.o)
 .comment       0x00000000       0x24 ../multi_test_0_bsp\libhal_bsp.a(alt_exit.o)
 .comment       0x00000000       0x24 ../multi_test_0_bsp\libhal_bsp.a(alt_fstat.o)
 .comment       0x00000000       0x24 ../multi_test_0_bsp\libhal_bsp.a(alt_irq_register.o)
 .comment       0x00000000       0x24 ../multi_test_0_bsp\libhal_bsp.a(alt_irq_vars.o)
 .comment       0x00000000       0x24 ../multi_test_0_bsp\libhal_bsp.a(alt_isatty.o)
 .comment       0x00000000       0x24 ../multi_test_0_bsp\libhal_bsp.a(alt_load.o)
 .comment       0x00000000       0x24 ../multi_test_0_bsp\libhal_bsp.a(alt_lseek.o)
 .comment       0x00000000       0x24 ../multi_test_0_bsp\libhal_bsp.a(alt_main.o)
 .comment       0x00000000       0x24 ../multi_test_0_bsp\libhal_bsp.a(alt_malloc_lock.o)
 .comment       0x00000000       0x24 ../multi_test_0_bsp\libhal_bsp.a(alt_read.o)
 .comment       0x00000000       0x24 ../multi_test_0_bsp\libhal_bsp.a(alt_release_fd.o)
 .comment       0x00000000       0x24 ../multi_test_0_bsp\libhal_bsp.a(alt_sbrk.o)
 .comment       0x00000000       0x24 ../multi_test_0_bsp\libhal_bsp.a(alt_write.o)
 .comment       0x00000000       0x24 ../multi_test_0_bsp\libhal_bsp.a(alt_sys_init.o)
 .comment       0x00000000       0x24 ../multi_test_0_bsp\libhal_bsp.a(altera_avalon_jtag_uart_fd.o)
 .comment       0x00000000       0x24 ../multi_test_0_bsp\libhal_bsp.a(altera_avalon_jtag_uart_init.o)
 .comment       0x00000000       0x24 ../multi_test_0_bsp\libhal_bsp.a(altera_avalon_jtag_uart_ioctl.o)
 .comment       0x00000000       0x24 ../multi_test_0_bsp\libhal_bsp.a(altera_avalon_jtag_uart_read.o)
 .comment       0x00000000       0x24 ../multi_test_0_bsp\libhal_bsp.a(altera_avalon_jtag_uart_write.o)
 .comment       0x00000000       0x24 ../multi_test_0_bsp\libhal_bsp.a(altera_avalon_mailbox.o)
 .comment       0x00000000       0x24 ../multi_test_0_bsp\libhal_bsp.a(altera_avalon_mutex.o)
 .comment       0x00000000       0x24 ../multi_test_0_bsp\libhal_bsp.a(altera_avalon_timer_sc.o)
 .comment       0x00000000       0x24 ../multi_test_0_bsp\libhal_bsp.a(altera_up_avalon_video_pixel_buffer_dma.o)
 .comment       0x00000000       0x24 ../multi_test_0_bsp\libhal_bsp.a(alt_alarm_start.o)
 .comment       0x00000000       0x24 ../multi_test_0_bsp\libhal_bsp.a(alt_dev_llist_insert.o)
 .comment       0x00000000       0x24 ../multi_test_0_bsp\libhal_bsp.a(alt_do_ctors.o)
 .comment       0x00000000       0x24 ../multi_test_0_bsp\libhal_bsp.a(alt_do_dtors.o)
 .comment       0x00000000       0x24 ../multi_test_0_bsp\libhal_bsp.a(alt_find_dev.o)
 .comment       0x00000000       0x24 ../multi_test_0_bsp\libhal_bsp.a(alt_icache_flush_all.o)
 .comment       0x00000000       0x24 ../multi_test_0_bsp\libhal_bsp.a(alt_iic.o)
 .comment       0x00000000       0x24 ../multi_test_0_bsp\libhal_bsp.a(alt_iic_isr_register.o)
 .comment       0x00000000       0x24 ../multi_test_0_bsp\libhal_bsp.a(alt_io_redirect.o)
 .comment       0x00000000       0x24 ../multi_test_0_bsp\libhal_bsp.a(alt_irq_handler.o)
 .comment       0x00000000       0x24 ../multi_test_0_bsp\libhal_bsp.a(alt_open.o)
 .comment       0x00000000       0x24 ../multi_test_0_bsp\libhal_bsp.a(alt_tick.o)
 .comment       0x00000000       0x24 ../multi_test_0_bsp\libhal_bsp.a(altera_nios2_irq.o)
 .comment       0x00000000       0x24 ../multi_test_0_bsp\libhal_bsp.a(alt_find_file.o)
 .comment       0x00000000       0x24 ../multi_test_0_bsp\libhal_bsp.a(alt_get_fd.o)
 .comment       0x00000000       0x24 ../multi_test_0_bsp\libhal_bsp.a(alt_icache_flush.o)
 .comment       0x00000000       0x24 c:/software/altera/10.1/nios2eds/bin/gnu/h-i686-mingw32/bin/../lib/gcc/nios2-elf/4.1.2/../../../../nios2-elf/lib\libc.a(lib_a-atexit.o)
 .comment       0x00000000       0x24 c:/software/altera/10.1/nios2eds/bin/gnu/h-i686-mingw32/bin/../lib/gcc/nios2-elf/4.1.2/../../../../nios2-elf/lib\libc.a(lib_a-memcmp.o)
 .comment       0x00000000       0x24 c:/software/altera/10.1/nios2eds/bin/gnu/h-i686-mingw32/bin/../lib/gcc/nios2-elf/4.1.2/../../../../nios2-elf/lib\libc.a(lib_a-__atexit.o)

.debug
 *(.debug)

.line
 *(.line)

.debug_srcinfo
 *(.debug_srcinfo)

.debug_sfnames
 *(.debug_sfnames)

.debug_aranges  0x00000000      0xdb8
 *(.debug_aranges)
 .debug_aranges
                0x00000000       0x28 ../multi_test_0_bsp/obj/HAL/src/crt0.o
 .debug_aranges
                0x00000028       0x20 obj/common/util.o
 .debug_aranges
                0x00000048       0x20 obj/decoder/idct.o
 .debug_aranges
                0x00000068       0x20 obj/decoder/lossless_decode.o
 .debug_aranges
                0x00000088       0x20 obj/decoder/ycbcr_to_rgb.o
 .debug_aranges
                0x000000a8       0x20 obj/hello_world.o
 .debug_aranges
                0x000000c8       0x20 c:/software/altera/10.1/nios2eds/bin/gnu/h-i686-mingw32/bin/../lib/gcc/nios2-elf/4.1.2/../../../../nios2-elf/lib\libc.a(lib_a-exit.o)
 .debug_aranges
                0x000000e8       0x20 c:/software/altera/10.1/nios2eds/bin/gnu/h-i686-mingw32/bin/../lib/gcc/nios2-elf/4.1.2/../../../../nios2-elf/lib\libc.a(lib_a-printf.o)
 .debug_aranges
                0x00000108       0x20 c:/software/altera/10.1/nios2eds/bin/gnu/h-i686-mingw32/bin/../lib/gcc/nios2-elf/4.1.2/../../../../nios2-elf/lib\libc.a(lib_a-putchar.o)
 .debug_aranges
                0x00000128       0x20 c:/software/altera/10.1/nios2eds/bin/gnu/h-i686-mingw32/bin/../lib/gcc/nios2-elf/4.1.2/../../../../nios2-elf/lib\libc.a(lib_a-vfprintf.o)
 .debug_aranges
                0x00000148       0x20 c:/software/altera/10.1/nios2eds/bin/gnu/h-i686-mingw32/bin/../lib/gcc/nios2-elf/4.1.2/../../../../nios2-elf/lib\libc.a(lib_a-wsetup.o)
 .debug_aranges
                0x00000168       0x20 c:/software/altera/10.1/nios2eds/bin/gnu/h-i686-mingw32/bin/../lib/gcc/nios2-elf/4.1.2/../../../../nios2-elf/lib\libc.a(lib_a-__call_atexit.o)
 .debug_aranges
                0x00000188       0x20 c:/software/altera/10.1/nios2eds/bin/gnu/h-i686-mingw32/bin/../lib/gcc/nios2-elf/4.1.2/../../../../nios2-elf/lib\libc.a(lib_a-dtoa.o)
 .debug_aranges
                0x000001a8       0x20 c:/software/altera/10.1/nios2eds/bin/gnu/h-i686-mingw32/bin/../lib/gcc/nios2-elf/4.1.2/../../../../nios2-elf/lib\libc.a(lib_a-fflush.o)
 .debug_aranges
                0x000001c8       0x20 c:/software/altera/10.1/nios2eds/bin/gnu/h-i686-mingw32/bin/../lib/gcc/nios2-elf/4.1.2/../../../../nios2-elf/lib\libc.a(lib_a-findfp.o)
 .debug_aranges
                0x000001e8       0x20 c:/software/altera/10.1/nios2eds/bin/gnu/h-i686-mingw32/bin/../lib/gcc/nios2-elf/4.1.2/../../../../nios2-elf/lib\libc.a(lib_a-freer.o)
 .debug_aranges
                0x00000208       0x20 c:/software/altera/10.1/nios2eds/bin/gnu/h-i686-mingw32/bin/../lib/gcc/nios2-elf/4.1.2/../../../../nios2-elf/lib\libc.a(lib_a-fvwrite.o)
 .debug_aranges
                0x00000228       0x20 c:/software/altera/10.1/nios2eds/bin/gnu/h-i686-mingw32/bin/../lib/gcc/nios2-elf/4.1.2/../../../../nios2-elf/lib\libc.a(lib_a-fwalk.o)
 .debug_aranges
                0x00000248       0x20 c:/software/altera/10.1/nios2eds/bin/gnu/h-i686-mingw32/bin/../lib/gcc/nios2-elf/4.1.2/../../../../nios2-elf/lib\libc.a(lib_a-locale.o)
 .debug_aranges
                0x00000268       0x20 c:/software/altera/10.1/nios2eds/bin/gnu/h-i686-mingw32/bin/../lib/gcc/nios2-elf/4.1.2/../../../../nios2-elf/lib\libc.a(lib_a-makebuf.o)
 .debug_aranges
                0x00000288       0x20 c:/software/altera/10.1/nios2eds/bin/gnu/h-i686-mingw32/bin/../lib/gcc/nios2-elf/4.1.2/../../../../nios2-elf/lib\libc.a(lib_a-mallocr.o)
 .debug_aranges
                0x000002a8       0x20 c:/software/altera/10.1/nios2eds/bin/gnu/h-i686-mingw32/bin/../lib/gcc/nios2-elf/4.1.2/../../../../nios2-elf/lib\libc.a(lib_a-memchr.o)
 .debug_aranges
                0x000002c8       0x20 c:/software/altera/10.1/nios2eds/bin/gnu/h-i686-mingw32/bin/../lib/gcc/nios2-elf/4.1.2/../../../../nios2-elf/lib\libc.a(lib_a-memcpy.o)
 .debug_aranges
                0x000002e8       0x20 c:/software/altera/10.1/nios2eds/bin/gnu/h-i686-mingw32/bin/../lib/gcc/nios2-elf/4.1.2/../../../../nios2-elf/lib\libc.a(lib_a-memmove.o)
 .debug_aranges
                0x00000308       0x20 c:/software/altera/10.1/nios2eds/bin/gnu/h-i686-mingw32/bin/../lib/gcc/nios2-elf/4.1.2/../../../../nios2-elf/lib\libc.a(lib_a-memset.o)
 .debug_aranges
                0x00000328       0x20 c:/software/altera/10.1/nios2eds/bin/gnu/h-i686-mingw32/bin/../lib/gcc/nios2-elf/4.1.2/../../../../nios2-elf/lib\libc.a(lib_a-mprec.o)
 .debug_aranges
                0x00000348       0x20 c:/software/altera/10.1/nios2eds/bin/gnu/h-i686-mingw32/bin/../lib/gcc/nios2-elf/4.1.2/../../../../nios2-elf/lib\libc.a(lib_a-putc.o)
 .debug_aranges
                0x00000368       0x20 c:/software/altera/10.1/nios2eds/bin/gnu/h-i686-mingw32/bin/../lib/gcc/nios2-elf/4.1.2/../../../../nios2-elf/lib\libc.a(lib_a-reallocr.o)
 .debug_aranges
                0x00000388       0x20 c:/software/altera/10.1/nios2eds/bin/gnu/h-i686-mingw32/bin/../lib/gcc/nios2-elf/4.1.2/../../../../nios2-elf/lib\libc.a(lib_a-s_isinfd.o)
 .debug_aranges
                0x000003a8       0x20 c:/software/altera/10.1/nios2eds/bin/gnu/h-i686-mingw32/bin/../lib/gcc/nios2-elf/4.1.2/../../../../nios2-elf/lib\libc.a(lib_a-s_isnand.o)
 .debug_aranges
                0x000003c8       0x20 c:/software/altera/10.1/nios2eds/bin/gnu/h-i686-mingw32/bin/../lib/gcc/nios2-elf/4.1.2/../../../../nios2-elf/lib\libc.a(lib_a-sbrkr.o)
 .debug_aranges
                0x000003e8       0x20 c:/software/altera/10.1/nios2eds/bin/gnu/h-i686-mingw32/bin/../lib/gcc/nios2-elf/4.1.2/../../../../nios2-elf/lib\libc.a(lib_a-stdio.o)
 .debug_aranges
                0x00000408       0x20 c:/software/altera/10.1/nios2eds/bin/gnu/h-i686-mingw32/bin/../lib/gcc/nios2-elf/4.1.2/../../../../nios2-elf/lib\libc.a(lib_a-strcmp.o)
 .debug_aranges
                0x00000428       0x20 c:/software/altera/10.1/nios2eds/bin/gnu/h-i686-mingw32/bin/../lib/gcc/nios2-elf/4.1.2/../../../../nios2-elf/lib\libc.a(lib_a-strlen.o)
 .debug_aranges
                0x00000448       0x20 c:/software/altera/10.1/nios2eds/bin/gnu/h-i686-mingw32/bin/../lib/gcc/nios2-elf/4.1.2/../../../../nios2-elf/lib\libc.a(lib_a-wbuf.o)