Archive member included because of file (symbol)

c:/software/altera/10.1/nios2eds/bin/gnu/h-i686-mingw32/bin/../lib/gcc/nios2-elf/4.1.2/../../../../nios2-elf/lib\libm.a(lib_a-s_ceil.o)
                              obj/sd_card.o (ceil)
c:/software/altera/10.1/nios2eds/bin/gnu/h-i686-mingw32/bin/../lib/gcc/nios2-elf/4.1.2\libgcc.a(_addsub_df.o)
                              c:/software/altera/10.1/nios2eds/bin/gnu/h-i686-mingw32/bin/../lib/gcc/nios2-elf/4.1.2/../../../../nios2-elf/lib\libm.a(lib_a-s_ceil.o) (__adddf3)
c:/software/altera/10.1/nios2eds/bin/gnu/h-i686-mingw32/bin/../lib/gcc/nios2-elf/4.1.2\libgcc.a(_mul_df.o)
                              obj/sd_card.o (__muldf3)
c:/software/altera/10.1/nios2eds/bin/gnu/h-i686-mingw32/bin/../lib/gcc/nios2-elf/4.1.2\libgcc.a(_gt_df.o)
                              c:/software/altera/10.1/nios2eds/bin/gnu/h-i686-mingw32/bin/../lib/gcc/nios2-elf/4.1.2/../../../../nios2-elf/lib\libm.a(lib_a-s_ceil.o) (__gtdf2)
c:/software/altera/10.1/nios2eds/bin/gnu/h-i686-mingw32/bin/../lib/gcc/nios2-elf/4.1.2\libgcc.a(_df_to_si.o)
                              obj/sd_card.o (__fixdfsi)
c:/software/altera/10.1/nios2eds/bin/gnu/h-i686-mingw32/bin/../lib/gcc/nios2-elf/4.1.2\libgcc.a(_thenan_df.o)
                              c:/software/altera/10.1/nios2eds/bin/gnu/h-i686-mingw32/bin/../lib/gcc/nios2-elf/4.1.2\libgcc.a(_addsub_df.o) (__thenan_df)
c:/software/altera/10.1/nios2eds/bin/gnu/h-i686-mingw32/bin/../lib/gcc/nios2-elf/4.1.2\libgcc.a(_usi_to_df.o)
                              obj/sd_card.o (__floatunsidf)
c:/software/altera/10.1/nios2eds/bin/gnu/h-i686-mingw32/bin/../lib/gcc/nios2-elf/4.1.2\libgcc.a(_muldi3.o)
                              c:/software/altera/10.1/nios2eds/bin/gnu/h-i686-mingw32/bin/../lib/gcc/nios2-elf/4.1.2\libgcc.a(_mul_df.o) (__muldi3)
c:/software/altera/10.1/nios2eds/bin/gnu/h-i686-mingw32/bin/../lib/gcc/nios2-elf/4.1.2\libgcc.a(_clzsi2.o)
                              c:/software/altera/10.1/nios2eds/bin/gnu/h-i686-mingw32/bin/../lib/gcc/nios2-elf/4.1.2\libgcc.a(_usi_to_df.o) (__clzsi2)
c:/software/altera/10.1/nios2eds/bin/gnu/h-i686-mingw32/bin/../lib/gcc/nios2-elf/4.1.2\libgcc.a(_pack_df.o)
                              c:/software/altera/10.1/nios2eds/bin/gnu/h-i686-mingw32/bin/../lib/gcc/nios2-elf/4.1.2\libgcc.a(_addsub_df.o) (__pack_d)
c:/software/altera/10.1/nios2eds/bin/gnu/h-i686-mingw32/bin/../lib/gcc/nios2-elf/4.1.2\libgcc.a(_unpack_df.o)
                              c:/software/altera/10.1/nios2eds/bin/gnu/h-i686-mingw32/bin/../lib/gcc/nios2-elf/4.1.2\libgcc.a(_addsub_df.o) (__unpack_d)
c:/software/altera/10.1/nios2eds/bin/gnu/h-i686-mingw32/bin/../lib/gcc/nios2-elf/4.1.2\libgcc.a(_fpcmp_parts_df.o)
                              c:/software/altera/10.1/nios2eds/bin/gnu/h-i686-mingw32/bin/../lib/gcc/nios2-elf/4.1.2\libgcc.a(_gt_df.o) (__fpcmp_parts_d)
c:/software/altera/10.1/nios2eds/bin/gnu/h-i686-mingw32/bin/../lib/gcc/nios2-elf/4.1.2\libgcc.a(_clz.o)
                              c:/software/altera/10.1/nios2eds/bin/gnu/h-i686-mingw32/bin/../lib/gcc/nios2-elf/4.1.2\libgcc.a(_clzsi2.o) (__clz_tab)
c:/software/altera/10.1/nios2eds/bin/gnu/h-i686-mingw32/bin/../lib/gcc/nios2-elf/4.1.2/../../../../nios2-elf/lib\libc.a(lib_a-exit.o)
                              obj/common/util.o (exit)
c:/software/altera/10.1/nios2eds/bin/gnu/h-i686-mingw32/bin/../lib/gcc/nios2-elf/4.1.2/../../../../nios2-elf/lib\libc.a(lib_a-getc.o)
                              obj/main_code.o (getc)
c:/software/altera/10.1/nios2eds/bin/gnu/h-i686-mingw32/bin/../lib/gcc/nios2-elf/4.1.2/../../../../nios2-elf/lib\libc.a(lib_a-impure.o)
                              c:/software/altera/10.1/nios2eds/bin/gnu/h-i686-mingw32/bin/../lib/gcc/nios2-elf/4.1.2/../../../../nios2-elf/lib\libc.a(lib_a-getc.o) (_impure_ptr)
c:/software/altera/10.1/nios2eds/bin/gnu/h-i686-mingw32/bin/../lib/gcc/nios2-elf/4.1.2/../../../../nios2-elf/lib\libc.a(lib_a-malloc.o)
                              obj/decoder/mjpeg423_decoder.o (free)
c:/software/altera/10.1/nios2eds/bin/gnu/h-i686-mingw32/bin/../lib/gcc/nios2-elf/4.1.2/../../../../nios2-elf/lib\libc.a(lib_a-mallocr.o)
                              c:/software/altera/10.1/nios2eds/bin/gnu/h-i686-mingw32/bin/../lib/gcc/nios2-elf/4.1.2/../../../../nios2-elf/lib\libc.a(lib_a-malloc.o) (_malloc_r)
c:/software/altera/10.1/nios2eds/bin/gnu/h-i686-mingw32/bin/../lib/gcc/nios2-elf/4.1.2/../../../../nios2-elf/lib\libc.a(lib_a-printf.o)
                              obj/common/util.o (printf)
c:/software/altera/10.1/nios2eds/bin/gnu/h-i686-mingw32/bin/../lib/gcc/nios2-elf/4.1.2/../../../../nios2-elf/lib\libc.a(lib_a-putchar.o)
                              obj/common/util.o (putchar)
c:/software/altera/10.1/nios2eds/bin/gnu/h-i686-mingw32/bin/../lib/gcc/nios2-elf/4.1.2/../../../../nios2-elf/lib\libc.a(lib_a-puts.o)
                              obj/decoder/mjpeg423_decoder.o (puts)
[...]
Memory Configuration

Name             Origin             Length             Attributes
reset            0x00800000         0x00000020
sdram_0          0x00800020         0x007fffe0
*default*        0x00000000         0xffffffff

Linker script and memory map

LOAD ../ECE423_Lab1_bsp/obj/HAL/src/crt0.o
LOAD obj/common/tables.o
LOAD obj/common/util.o
LOAD obj/decoder/idct.o
LOAD obj/decoder/lossless_decode.o
LOAD obj/decoder/mjpeg423_decoder.o
LOAD obj/decoder/ycbcr_to_rgb.o
LOAD obj/main_code.o
LOAD obj/sd_card.o
LOAD c:/software/altera/10.1/nios2eds/bin/gnu/h-i686-mingw32/bin/../lib/gcc/nios2-elf/4.1.2/../../../../nios2-elf/lib\libstdc++.a
LOAD c:/software/altera/10.1/nios2eds/bin/gnu/h-i686-mingw32/bin/../lib/gcc/nios2-elf/4.1.2/../../../../nios2-elf/lib\libm.a
LOAD c:/software/altera/10.1/nios2eds/bin/gnu/h-i686-mingw32/bin/../lib/gcc/nios2-elf/4.1.2\libgcc.a
START GROUP
LOAD c:/software/altera/10.1/nios2eds/bin/gnu/h-i686-mingw32/bin/../lib/gcc/nios2-elf/4.1.2/../../../../nios2-elf/lib\libc.a
LOAD c:/software/altera/10.1/nios2eds/bin/gnu/h-i686-mingw32/bin/../lib/gcc/nios2-elf/4.1.2\libgcc.a
LOAD ../ECE423_Lab1_bsp\libhal_bsp.a
END GROUP
LOAD c:/software/altera/10.1/nios2eds/bin/gnu/h-i686-mingw32/bin/../lib/gcc/nios2-elf/4.1.2\libgcc.a
                0x00800000                __alt_mem_sdram_0 = 0x800000

.entry          0x00800000       0x20
 *(.entry)
 .entry         0x00800000       0x20 ../ECE423_Lab1_bsp/obj/HAL/src/crt0.o
                0x00800000                __reset

.exceptions     0x00800020      0x164
                0x00800020                PROVIDE (__ram_exceptions_start, ABSOLUTE (.))
                0x00800020                . = ALIGN (0x20)
 *(.irq)
 *(.exceptions.entry.label)
 .exceptions.entry.label
                0x00800020        0x0 ../ECE423_Lab1_bsp\libhal_bsp.a(alt_irq_entry.o)
                0x00800020                alt_irq_entry
 .exceptions.entry.label
                0x00800020        0x0 ../ECE423_Lab1_bsp\libhal_bsp.a(alt_exception_entry.o)
                0x00800020                alt_exception
 *(.exceptions.entry.user)
 *(.exceptions.entry)
 .exceptions.entry
                0x00800020       0x54 ../ECE423_Lab1_bsp\libhal_bsp.a(alt_exception_entry.o)
 *(.exceptions.irqtest.user)
 *(.exceptions.irqtest)
 .exceptions.irqtest
                0x00800074       0x10 ../ECE423_Lab1_bsp\libhal_bsp.a(alt_irq_entry.o)
 *(.exceptions.irqhandler.user)
 *(.exceptions.irqhandler)
 .exceptions.irqhandler
                0x00800084        0x4 ../ECE423_Lab1_bsp\libhal_bsp.a(alt_irq_entry.o)
 *(.exceptions.irqreturn.user)
 *(.exceptions.irqreturn)
 .exceptions.irqreturn
                0x00800088        0x4 ../ECE423_Lab1_bsp\libhal_bsp.a(alt_irq_entry.o)
 *(.exceptions.notirq.label)
 .exceptions.notirq.label
                0x0080008c        0x0 ../ECE423_Lab1_bsp\libhal_bsp.a(alt_irq_entry.o)
 *(.exceptions.notirq.user)
 *(.exceptions.notirq)
 .exceptions.notirq
                0x0080008c        0x8 ../ECE423_Lab1_bsp\libhal_bsp.a(alt_exception_entry.o)
 *(.exceptions.soft.user)
 *(.exceptions.soft)
 *(.exceptions.unknown.user)
 *(.exceptions.unknown)
 .exceptions.unknown
                0x00800094        0x4 ../ECE423_Lab1_bsp\libhal_bsp.a(alt_exception_entry.o)
 *(.exceptions.exit.label)
 .exceptions.exit.label
                0x00800098        0x0 ../ECE423_Lab1_bsp\libhal_bsp.a(alt_irq_entry.o)
 .exceptions.exit.label
                0x00800098        0x0 ../ECE423_Lab1_bsp\libhal_bsp.a(alt_exception_entry.o)
 *(.exceptions.exit.user)
 *(.exceptions.exit)
 .exceptions.exit
                0x00800098       0x54 ../ECE423_Lab1_bsp\libhal_bsp.a(alt_exception_entry.o)
 *(.exceptions)
 .exceptions    0x008000ec       0x98 ../ECE423_Lab1_bsp\libhal_bsp.a(alt_irq_handler.o)
                0x008000ec                alt_irq_handler
                0x00800184                PROVIDE (__ram_exceptions_end, ABSOLUTE (.))
                0x00800020                PROVIDE (__flash_exceptions_start, LOADADDR (.exceptions))

.text           0x00800184    0x13350
                0x00800184                PROVIDE (stext, ABSOLUTE (.))
 *(.interp)
 *(.hash)
 *(.dynsym)
 *(.dynstr)
 *(.gnu.version)
 *(.gnu.version_d)
 *(.gnu.version_r)
 *(.rel.init)
 *(.rela.init)
 *(.rel.text .rel.text.* .rel.gnu.linkonce.t.*)
 *(.rela.text .rela.text.* .rela.gnu.linkonce.t.*)
 *(.rel.fini)
 *(.rela.fini)
 *(.rel.rodata .rel.rodata.* .rel.gnu.linkonce.r.*)
 *(.rela.rodata .rela.rodata.* .rela.gnu.linkonce.r.*)
 *(.rel.data .rel.data.* .rel.gnu.linkonce.d.*)
 *(.rela.data .rela.data.* .rela.gnu.linkonce.d.*)
 *(.rel.tdata .rel.tdata.* .rel.gnu.linkonce.td.*)
 *(.rela.tdata .rela.tdata.* .rela.gnu.linkonce.td.*)
 *(.rel.tbss .rel.tbss.* .rel.gnu.linkonce.tb.*)
 *(.rela.tbss .rela.tbss.* .rela.gnu.linkonce.tb.*)
 *(.rel.ctors)
 *(.rela.ctors)
 *(.rel.dtors)
 *(.rela.dtors)
 *(.rel.got)
 *(.rela.got)
 *(.rel.sdata .rel.sdata.* .rel.gnu.linkonce.s.*)
 *(.rela.sdata .rela.sdata.* .rela.gnu.linkonce.s.*)
 *(.rel.sbss .rel.sbss.* .rel.gnu.linkonce.sb.*)
 *(.rela.sbss .rela.sbss.* .rela.gnu.linkonce.sb.*)
 *(.rel.sdata2 .rel.sdata2.* .rel.gnu.linkonce.s2.*)
 *(.rela.sdata2 .rela.sdata2.* .rela.gnu.linkonce.s2.*)
 *(.rel.sbss2 .rel.sbss2.* .rel.gnu.linkonce.sb2.*)
 *(.rela.sbss2 .rela.sbss2.* .rela.gnu.linkonce.sb2.*)
 *(.rel.bss .rel.bss.* .rel.gnu.linkonce.b.*)
 *(.rela.bss .rela.bss.* .rela.gnu.linkonce.b.*)
 *(.rel.plt)
 *(.rela.plt)
 *(.rel.dyn)
 *(.init)
 *(.plt)
 *(.text .stub .text.* .gnu.linkonce.t.*)
 .text          0x00800184       0x4c ../ECE423_Lab1_bsp/obj/HAL/src/crt0.o
                0x00800184                _start
 .text          0x008001d0        0x0 obj/common/tables.o
 .text          0x008001d0      0x2a8 obj/common/util.o
                0x008001d0                print_dct
                0x0080028c                print_block
                0x00800350                print_bitstream
                0x00800458                error_and_exit
 .text          0x00800478      0x404 obj/decoder/idct.o
                0x00800478                idct
 .text          0x0080087c      0x5f4 obj/decoder/lossless_decode.o
                0x0080087c                update_buffer
                0x00800938                input_DC
                0x008009ac                input_AC
                0x00800a28                lossless_decode
 .text          0x00800e70      0x758 obj/decoder/mjpeg423_decoder.o
                0x00800e70                mjpeg423_decode
 .text          0x008015c8      0x22c obj/decoder/ycbcr_to_rgb.o
                0x008015c8                ycbcr_to_rgb
 .text          0x008017f4      0x268 obj/main_code.o
                0x008017f4                main
                0x008019dc                GetInputString
 .text          0x00801a5c      0x414 obj/sd_card.o
                0x00801a5c                sd_seek
                0x00801a74                sd_card_file_size
                0x00801a98                sd_card_wait_read_sector
                0x00801ac4                sd_card_start_read_sector
                0x00801b34                sd_card_create_sectors_list
                0x00801cf4                sd_read
 .text          0x00801e70      0x214 c:/software/altera/10.1/nios2eds/bin/gnu/h-i686-mingw32/bin/../lib/gcc/nios2-elf/4.1.2/../../../../nios2-elf/lib\libm.a(lib_a-s_ceil.o)
                0x00801e70                ceil
 .text          0x00802084      0x504 c:/software/altera/10.1/nios2eds/bin/gnu/h-i686-mingw32/bin/../lib/gcc/nios2-elf/4.1.2\libgcc.a(_addsub_df.o)
                0x00802494                __subdf3
                0x00802514                __adddf3
 .text          0x00802588      0x3c4 c:/software/altera/10.1/nios2eds/bin/gnu/h-i686-mingw32/bin/../lib/gcc/nios2-elf/4.1.2\libgcc.a(_mul_df.o)
                0x00802588                __muldf3
 .text          0x0080294c       0x88 c:/software/altera/10.1/nios2eds/bin/gnu/h-i686-mingw32/bin/../lib/gcc/nios2-elf/4.1.2\libgcc.a(_gt_df.o)
                0x0080294c                __gtdf2
 .text          0x008029d4       0xd8 c:/software/altera/10.1/nios2eds/bin/gnu/h-i686-mingw32/bin/../lib/gcc/nios2-elf/4.1.2\libgcc.a(_df_to_si.o)
                0x008029d4                __fixdfsi
 .text          0x00802aac        0x0 c:/software/altera/10.1/nios2eds/bin/gnu/h-i686-mingw32/bin/../lib/gcc/nios2-elf/4.1.2\libgcc.a(_thenan_df.o)
 .text          0x00802aac      0x194 c:/software/altera/10.1/nios2eds/bin/gnu/h-i686-mingw32/bin/../lib/gcc/nios2-elf/4.1.2\libgcc.a(_usi_to_df.o)
                0x00802aac                __floatunsidf
 .text          0x00802c40       0x98 c:/software/altera/10.1/nios2eds/bin/gnu/h-i686-mingw32/bin/../lib/gcc/nios2-elf/4.1.2\libgcc.a(_muldi3.o)
                0x00802c40                __muldi3
 .text          0x00802cd8       0x80 c:/software/altera/10.1/nios2eds/bin/gnu/h-i686-mingw32/bin/../lib/gcc/nios2-elf/4.1.2\libgcc.a(_clzsi2.o)
                0x00802cd8                __clzsi2
 .text          0x00802d58      0x314 c:/software/altera/10.1/nios2eds/bin/gnu/h-i686-mingw32/bin/../lib/gcc/nios2-elf/4.1.2\libgcc.a(_pack_df.o)
                0x00802d58                __pack_d
 .text          0x0080306c      0x138 c:/software/altera/10.1/nios2eds/bin/gnu/h-i686-mingw32/bin/../lib/gcc/nios2-elf/4.1.2\libgcc.a(_unpack_df.o)
                0x0080306c                __unpack_d
 .text          0x008031a4       0xc8 c:/software/altera/10.1/nios2eds/bin/gnu/h-i686-mingw32/bin/../lib/gcc/nios2-elf/4.1.2\libgcc.a(_fpcmp_parts_df.o)
                0x008031a4                __fpcmp_parts_d
 .text          0x0080326c        0x0 c:/software/altera/10.1/nios2eds/bin/gnu/h-i686-mingw32/bin/../lib/gcc/nios2-elf/4.1.2\libgcc.a(_clz.o)
 .text          0x0080326c       0x38 c:/software/altera/10.1/nios2eds/bin/gnu/h-i686-mingw32/bin/../lib/gcc/nios2-elf/4.1.2/../../../../nios2-elf/lib\libc.a(lib_a-exit.o)
                0x0080326c                exit
 .text          0x008032a4      0x128 c:/software/altera/10.1/nios2eds/bin/gnu/h-i686-mingw32/bin/../lib/gcc/nios2-elf/4.1.2/../../../../nios2-elf/lib\libc.a(lib_a-getc.o)
                0x008032a4                getc
                0x0080333c                _getc_r
 .text          0x008033cc        0x0 c:/software/altera/10.1/nios2eds/bin/gnu/h-i686-mingw32/bin/../lib/gcc/nios2-elf/4.1.2/../../../../nios2-elf/lib\libc.a(lib_a-impure.o)
 .text          0x008033cc       0x28 c:/software/altera/10.1/nios2eds/bin/gnu/h-i686-mingw32/bin/../lib/gcc/nios2-elf/4.1.2/../../../../nios2-elf/lib\libc.a(lib_a-malloc.o)
                0x008033cc                free
                0x008033e0                malloc
 .text          0x008033f4      0x740 c:/software/altera/10.1/nios2eds/bin/gnu/h-i686-mingw32/bin/../lib/gcc/nios2-elf/4.1.2/../../../../nios2-elf/lib\libc.a(lib_a-mallocr.o)
                0x008033f4                _malloc_r
 .text          0x00803b34       0x78 c:/software/altera/10.1/nios2eds/bin/gnu/h-i686-mingw32/bin/../lib/gcc/nios2-elf/4.1.2/../../../../nios2-elf/lib\libc.a(lib_a-printf.o)
                0x00803b34                printf
                0x00803b78                _printf_r
 .text          0x00803bac       0x24 c:/software/altera/10.1/nios2eds/bin/gnu/h-i686-mingw32/bin/../lib/gcc/nios2-elf/4.1.2/../../../../nios2-elf/lib\libc.a(lib_a-putchar.o)
                0x00803bac                putchar
                0x00803bc8                _putchar_r
 .text          0x00803bd0       0xb4 c:/software/altera/10.1/nios2eds/bin/gnu/h-i686-mingw32/bin/../lib/gcc/nios2-elf/4.1.2/../../../../nios2-elf/lib\libc.a(lib_a-puts.o)
                0x00803bd0                _puts_r
                0x00803c70                puts
 .text          0x00803c84       0x60 c:/software/altera/10.1/nios2eds/bin/gnu/h-i686-mingw32/bin/../lib/gcc/nios2-elf/4.1.2/../../../../nios2-elf/lib\libc.a(lib_a-rget.o)
                0x00803c84                __srget_r
                0x00803cd0                __srget
 .text          0x00803ce4       0x70 c:/software/altera/10.1/nios2eds/bin/gnu/h-i686-mingw32/bin/../lib/gcc/nios2-elf/4.1.2/../../../../nios2-elf/lib\libc.a(lib_a-sbrkr.o)
                0x00803ce4                _sbrk_r
 .text          0x00803d54       0x74 c:/software/altera/10.1/nios2eds/bin/gnu/h-i686-mingw32/bin/../lib/gcc/nios2-elf/4.1.2/../../../../nios2-elf/lib\libc.a(lib_a-strlen.o)
                0x00803d54                strlen
 .text          0x00803dc8     0x1f28 c:/software/altera/10.1/nios2eds/bin/gnu/h-i686-mingw32/bin/../lib/gcc/nios2-elf/4.1.2/../../../../nios2-elf/lib\libc.a(lib_a-vfprintf.o)
                0x00803e20                ___vfprintf_internal_r
                0x00805ccc                __vfprintf_internal
 .text          0x00805cf0      0x13c c:/software/altera/10.1/nios2eds/bin/gnu/h-i686-mingw32/bin/../lib/gcc/nios2-elf/4.1.2/../../../../nios2-elf/lib\libc.a(lib_a-wsetup.o)
                0x00805cf0                __swsetup_r
 .text          0x00805e2c      0x1b4 c:/software/altera/10.1/nios2eds/bin/gnu/h-i686-mingw32/bin/../lib/gcc/nios2-elf/4.1.2/../../../../nios2-elf/lib\libc.a(lib_a-__call_atexit.o)
                0x00805e30                __call_exitprocs
 .text          0x00805fe0     0x17cc c:/software/altera/10.1/nios2eds/bin/gnu/h-i686-mingw32/bin/../lib/gcc/nios2-elf/4.1.2/../../../../nios2-elf/lib\libc.a(lib_a-dtoa.o)
                0x008061f8                _dtoa_r
 .text          0x008077ac      0x230 c:/software/altera/10.1/nios2eds/bin/gnu/h-i686-mingw32/bin/../lib/gcc/nios2-elf/4.1.2/../../../../nios2-elf/lib\libc.a(lib_a-fflush.o)
                0x008077ac                _fflush_r
                0x008079a8                fflush
 .text          0x008079dc      0x2c0 c:/software/altera/10.1/nios2eds/bin/gnu/h-i686-mingw32/bin/../lib/gcc/nios2-elf/4.1.2/../../../../nios2-elf/lib\libc.a(lib_a-findfp.o)
                0x00807a34                __sfp_lock_acquire
                0x00807a38                __sfp_lock_release
                0x00807a3c                __sinit_lock_acquire
                0x00807a40                __sinit_lock_release
                0x00807a44                __sinit
                0x00807af8                __fp_unlock_all
                0x00807b10                __fp_lock_all
                0x00807b28                _cleanup_r
                0x00807b34                _cleanup
                0x00807b44                __sfmoreglue
                0x00807bac                __sfp
 .text          0x00807c9c      0x440 c:/software/altera/10.1/nios2eds/bin/gnu/h-i686-mingw32/bin/../lib/gcc/nios2-elf/4.1.2/../../../../nios2-elf/lib\libc.a(lib_a-freer.o)
                0x00807c9c                _malloc_trim_r
                0x00807dc8                _free_r
 .text          0x008080dc      0x49c c:/software/altera/10.1/nios2eds/bin/gnu/h-i686-mingw32/bin/../lib/gcc/nios2-elf/4.1.2/../../../../nios2-elf/lib\libc.a(lib_a-fvwrite.o)
                0x008080dc                __sfvwrite_r
 .text          0x00808578      0x180 c:/software/altera/10.1/nios2eds/bin/gnu/h-i686-mingw32/bin/../lib/gcc/nios2-elf/4.1.2/../../../../nios2-elf/lib\libc.a(lib_a-fwalk.o)
                0x00808578                _fwalk_reent
                0x00808640                _fwalk
 .text          0x008086f8        0x0 c:/software/altera/10.1/nios2eds/bin/gnu/h-i686-mingw32/bin/../lib/gcc/nios2-elf/4.1.2/../../../../nios2-elf/lib\libc.a(lib_a-int_errno.o)
 .text          0x008086f8       0xc4 c:/software/altera/10.1/nios2eds/bin/gnu/h-i686-mingw32/bin/../lib/gcc/nios2-elf/4.1.2/../../../../nios2-elf/lib\libc.a(lib_a-locale.o)
                0x008086f8                __locale_charset
                0x00808700                _localeconv_r
                0x0080870c                localeconv
                0x0080871c                _setlocale_r
                0x008087a0                setlocale
 .text          0x008087bc      0x194 c:/software/altera/10.1/nios2eds/bin/gnu/h-i686-mingw32/bin/../lib/gcc/nios2-elf/4.1.2/../../../../nios2-elf/lib\libc.a(lib_a-makebuf.o)
                0x008087bc                __smakebuf_r
 .text          0x00808950       0xe4 c:/software/altera/10.1/nios2eds/bin/gnu/h-i686-mingw32/bin/../lib/gcc/nios2-elf/4.1.2/../../../../nios2-elf/lib\libc.a(lib_a-memchr.o)
                0x00808950                memchr
 .text          0x00808a34       0xa0 c:/software/altera/10.1/nios2eds/bin/gnu/h-i686-mingw32/bin/../lib/gcc/nios2-elf/4.1.2/../../../../nios2-elf/lib\libc.a(lib_a-memcpy.o)
                0x00808a34                memcpy
 .text          0x00808ad4       0xe0 c:/software/altera/10.1/nios2eds/bin/gnu/h-i686-mingw32/bin/../lib/gcc/nios2-elf/4.1.2/../../../../nios2-elf/lib\libc.a(lib_a-memmove.o)
                0x00808ad4                memmove
 .text          0x00808bb4       0x98 c:/software/altera/10.1/nios2eds/bin/gnu/h-i686-mingw32/bin/../lib/gcc/nios2-elf/4.1.2/../../../../nios2-elf/lib\libc.a(lib_a-memset.o)
                0x00808bb4                memset
 .text          0x00808c4c      0xff4 c:/software/altera/10.1/nios2eds/bin/gnu/h-i686-mingw32/bin/../lib/gcc/nios2-elf/4.1.2/../../../../nios2-elf/lib\libc.a(lib_a-mprec.o)
                0x00808c4c                _Bfree
                0x00808c74                __hi0bits
                0x00808ce4                __lo0bits
                0x00808da8                __mcmp
                0x00808e08                __ulp
                0x00808e88                __b2d
                0x00808fa8                __ratio
                0x00809058                _mprec_log10
                0x008090ec                __copybits
                0x00809144                __any_on
                0x008091cc                _Balloc
                0x00809288                __d2b
                0x00809404                __mdiff
                0x00809590                __lshift
                0x008096dc                __multiply
                0x008098c4                __i2b
                0x00809900                __multadd
                0x00809a00                __pow5mult
                0x00809b20                __s2b
 .text          0x00809c40      0x1ec c:/software/altera/10.1/nios2eds/bin/gnu/h-i686-mingw32/bin/../lib/gcc/nios2-elf/4.1.2/../../../../nios2-elf/lib\libc.a(lib_a-putc.o)
                0x00809c40                putc
                0x00809d44                _putc_r
 .text          0x00809e2c      0x5f4 c:/software/altera/10.1/nios2eds/bin/gnu/h-i686-mingw32/bin/../lib/gcc/nios2-elf/4.1.2/../../../../nios2-elf/lib\libc.a(lib_a-reallocr.o)
                0x00809e2c                _realloc_r
 .text          0x0080a420      0x1e0 c:/software/altera/10.1/nios2eds/bin/gnu/h-i686-mingw32/bin/../lib/gcc/nios2-elf/4.1.2/../../../../nios2-elf/lib\libc.a(lib_a-refill.o)
                0x0080a420                __srefill_r
 .text          0x0080a600       0x40 c:/software/altera/10.1/nios2eds/bin/gnu/h-i686-mingw32/bin/../lib/gcc/nios2-elf/4.1.2/../../../../nios2-elf/lib\libc.a(lib_a-s_isinfd.o)
                0x0080a600                __isinfd
 .text          0x0080a640       0x30 c:/software/altera/10.1/nios2eds/bin/gnu/h-i686-mingw32/bin/../lib/gcc/nios2-elf/4.1.2/../../../../nios2-elf/lib\libc.a(lib_a-s_isnand.o)
                0x0080a640                __isnand
 .text          0x0080a670      0x14c c:/software/altera/10.1/nios2eds/bin/gnu/h-i686-mingw32/bin/../lib/gcc/nios2-elf/4.1.2/../../../../nios2-elf/lib\libc.a(lib_a-stdio.o)
                0x0080a670                __sclose
                0x0080a678                __sseek
                0x0080a6e0                __swrite
                0x0080a75c                __sread
 .text          0x0080a7bc       0xbc c:/software/altera/10.1/nios2eds/bin/gnu/h-i686-mingw32/bin/../lib/gcc/nios2-elf/4.1.2/../../../../nios2-elf/lib\libc.a(lib_a-strcmp.o)
                0x0080a7bc                strcmp
 .text          0x0080a878      0x14c c:/software/altera/10.1/nios2eds/bin/gnu/h-i686-mingw32/bin/../lib/gcc/nios2-elf/4.1.2/../../../../nios2-elf/lib\libc.a(lib_a-wbuf.o)
                0x0080a878                __swbuf_r
                0x0080a9a8                __swbuf
 .text          0x0080a9c4       0x78 c:/software/altera/10.1/nios2eds/bin/gnu/h-i686-mingw32/bin/../lib/gcc/nios2-elf/4.1.2/../../../../nios2-elf/lib\libc.a(lib_a-writer.o)
                0x0080a9c4                _write_r
 .text          0x0080aa3c       0xb4 c:/software/altera/10.1/nios2eds/bin/gnu/h-i686-mingw32/bin/../lib/gcc/nios2-elf/4.1.2/../../../../nios2-elf/lib\libc.a(lib_a-callocr.o)
                0x0080aa3c                _calloc_r
 .text          0x0080aaf0       0x70 c:/software/altera/10.1/nios2eds/bin/gnu/h-i686-mingw32/bin/../lib/gcc/nios2-elf/4.1.2/../../../../nios2-elf/lib\libc.a(lib_a-closer.o)
                0x0080aaf0                _close_r
 .text          0x0080ab60      0x124 c:/software/altera/10.1/nios2eds/bin/gnu/h-i686-mingw32/bin/../lib/gcc/nios2-elf/4.1.2/../../../../nios2-elf/lib\libc.a(lib_a-fclose.o)
                0x0080ab60                _fclose_r
                0x0080ac70                fclose
 .text          0x0080ac84       0x74 c:/software/altera/10.1/nios2eds/bin/gnu/h-i686-mingw32/bin/../lib/gcc/nios2-elf/4.1.2/../../../../nios2-elf/lib\libc.a(lib_a-fstatr.o)
                0x0080ac84                _fstat_r
 .text          0x0080acf8       0x70 c:/software/altera/10.1/nios2eds/bin/gnu/h-i686-mingw32/bin/../lib/gcc/nios2-elf/4.1.2/../../../../nios2-elf/lib\libc.a(lib_a-isattyr.o)
                0x0080acf8                _isatty_r
 .text          0x0080ad68       0x78 c:/software/altera/10.1/nios2eds/bin/gnu/h-i686-mingw32/bin/../lib/gcc/nios2-elf/4.1.2/../../../../nios2-elf/lib\libc.a(lib_a-lseekr.o)
                0x0080ad68                _lseek_r
 .text          0x0080ade0       0x78 c:/software/altera/10.1/nios2eds/bin/gnu/h-i686-mingw32/bin/../lib/gcc/nios2-elf/4.1.2/../../../../nios2-elf/lib\libc.a(lib_a-readr.o)
                0x0080ade0                _read_r
 .text          0x0080ae58      0x5dc c:/software/altera/10.1/nios2eds/bin/gnu/h-i686-mingw32/bin/../lib/gcc/nios2-elf/4.1.2\libgcc.a(_udivdi3.o)
                0x0080ae58                __udivdi3
 .text          0x0080b434      0x5b0 c:/software/altera/10.1/nios2eds/bin/gnu/h-i686-mingw32/bin/../lib/gcc/nios2-elf/4.1.2\libgcc.a(_umoddi3.o)
                0x0080b434                __umoddi3
 .text          0x0080b9e4      0x258 c:/software/altera/10.1/nios2eds/bin/gnu/h-i686-mingw32/bin/../lib/gcc/nios2-elf/4.1.2\libgcc.a(_div_df.o)
                0x0080b9e4                __divdf3
 .text          0x0080bc3c       0x88 c:/software/altera/10.1/nios2eds/bin/gnu/h-i686-mingw32/bin/../lib/gcc/nios2-elf/4.1.2\libgcc.a(_eq_df.o)
                0x0080bc3c                __eqdf2
 .text          0x0080bcc4       0x88 c:/software/altera/10.1/nios2eds/bin/gnu/h-i686-mingw32/bin/../lib/gcc/nios2-elf/4.1.2\libgcc.a(_ne_df.o)
                0x0080bcc4                __nedf2
 .text          0x0080bd4c       0x88 c:/software/altera/10.1/nios2eds/bin/gnu/h-i686-mingw32/bin/../lib/gcc/nios2-elf/4.1.2\libgcc.a(_ge_df.o)
                0x0080bd4c                __gedf2
 .text          0x0080bdd4       0x88 c:/software/altera/10.1/nios2eds/bin/gnu/h-i686-mingw32/bin/../lib/gcc/nios2-elf/4.1.2\libgcc.a(_lt_df.o)
                0x0080bdd4                __ltdf2
 .text          0x0080be5c       0xf8 c:/software/altera/10.1/nios2eds/bin/gnu/h-i686-mingw32/bin/../lib/gcc/nios2-elf/4.1.2\libgcc.a(_si_to_df.o)
                0x0080be5c                __floatsidf
 .text          0x0080bf54      0x14c c:/software/altera/10.1/nios2eds/bin/gnu/h-i686-mingw32/bin/../lib/gcc/nios2-elf/4.1.2\libgcc.a(lib2-divmod.o)
                0x0080bfd0                __divsi3
                0x0080c030                __modsi3
                0x0080c090                __udivsi3
                0x0080c098                __umodsi3
 .text          0x0080c0a0       0xf0 ../ECE423_Lab1_bsp\libhal_bsp.a(alt_close.o)
                0x0080c0a0                close
 .text          0x0080c190        0x8 ../ECE423_Lab1_bsp\libhal_bsp.a(alt_dev.o)
 .text          0x0080c198        0x0 ../ECE423_Lab1_bsp\libhal_bsp.a(alt_errno.o)
 .text          0x0080c198       0x14 ../ECE423_Lab1_bsp\libhal_bsp.a(alt_exit.o)
                0x0080c198                _exit
 .text          0x0080c1ac       0x90 ../ECE423_Lab1_bsp\libhal_bsp.a(alt_fstat.o)
                0x0080c1ac                fstat
 .text          0x0080c23c       0xc0 ../ECE423_Lab1_bsp\libhal_bsp.a(alt_irq_register.o)
                0x0080c23c                alt_irq_register
 .text          0x0080c2fc        0x0 ../ECE423_Lab1_bsp\libhal_bsp.a(alt_irq_vars.o)
 .text          0x0080c2fc       0x84 ../ECE423_Lab1_bsp\libhal_bsp.a(alt_isatty.o)
                0x0080c2fc                isatty
 .text          0x0080c380       0xb4 ../ECE423_Lab1_bsp\libhal_bsp.a(alt_load.o)
                0x0080c380                alt_load
 .text          0x0080c434       0x9c ../ECE423_Lab1_bsp\libhal_bsp.a(alt_lseek.o)
                0x0080c434                lseek
 .text          0x0080c4d0       0x60 ../ECE423_Lab1_bsp\libhal_bsp.a(alt_main.o)
                0x0080c4d0                alt_main
 .text          0x0080c530        0x8 ../ECE423_Lab1_bsp\libhal_bsp.a(alt_malloc_lock.o)
                0x0080c530                __malloc_lock
                0x0080c534                __malloc_unlock
 .text          0x0080c538      0x11c ../ECE423_Lab1_bsp\libhal_bsp.a(alt_read.o)
                0x0080c538                read
 .text          0x0080c654       0x24 ../ECE423_Lab1_bsp\libhal_bsp.a(alt_release_fd.o)
                0x0080c654                alt_release_fd
 .text          0x0080c678       0x54 ../ECE423_Lab1_bsp\libhal_bsp.a(alt_sbrk.o)
                0x0080c678                sbrk
 .text          0x0080c6cc      0x118 ../ECE423_Lab1_bsp\libhal_bsp.a(alt_write.o)
                0x0080c6cc                write
 .text          0x0080c7e4      0x15c ../ECE423_Lab1_bsp\libhal_bsp.a(alt_sys_init.o)
                0x0080c7e4                alt_irq_init
                0x0080c804                alt_sys_init
 .text          0x0080c940       0x3c ../ECE423_Lab1_bsp\libhal_bsp.a(altera_avalon_jtag_uart_fd.o)
                0x0080c940                altera_avalon_jtag_uart_ioctl_fd
                0x0080c94c                altera_avalon_jtag_uart_close_fd
                0x0080c95c                altera_avalon_jtag_uart_write_fd
                0x0080c96c                altera_avalon_jtag_uart_read_fd
 .text          0x0080c97c      0x228 ../ECE423_Lab1_bsp\libhal_bsp.a(altera_avalon_jtag_uart_init.o)
                0x0080c97c                altera_avalon_jtag_uart_close
                0x0080ca1c                altera_avalon_jtag_uart_init
 .text          0x0080cba4       0x88 ../ECE423_Lab1_bsp\libhal_bsp.a(altera_avalon_jtag_uart_ioctl.o)
                0x0080cba4                altera_avalon_jtag_uart_ioctl
 .text          0x0080cc2c      0x16c ../ECE423_Lab1_bsp\libhal_bsp.a(altera_avalon_jtag_uart_read.o)
                0x0080cc2c                altera_avalon_jtag_uart_read
 .text          0x0080cd98      0x184 ../ECE423_Lab1_bsp\libhal_bsp.a(altera_avalon_jtag_uart_write.o)
                0x0080cd98                altera_avalon_jtag_uart_write
 .text          0x0080cf1c       0xa0 ../ECE423_Lab1_bsp\libhal_bsp.a(altera_avalon_timer_ts.o)
                0x0080cf1c                alt_timestamp_freq
                0x0080cf2c                alt_timestamp_start
                0x0080cf74                alt_timestamp
 .text          0x0080cfbc        0x0 ../ECE423_Lab1_bsp\libhal_bsp.a(altera_avalon_timer_vars.o)
 .text          0x0080cfbc      0xa7c ../ECE423_Lab1_bsp\libhal_bsp.a(altera_up_avalon_video_pixel_buffer_dma.o)
                0x0080cfbc                helper_plot_pixel
                0x0080d014                alt_up_pixel_buffer_dma_draw_vline
                0x0080d18c                alt_up_pixel_buffer_dma_draw_hline
                0x0080d2f4                alt_up_pixel_buffer_dma_draw_rectangle
                0x0080d3c0                alt_up_pixel_buffer_dma_draw_box
                0x0080d5cc                alt_up_pixel_buffer_dma_clear_screen
                0x0080d674                alt_up_pixel_buffer_dma_swap_buffers
                0x0080d698                alt_up_pixel_buffer_dma_draw
                0x0080d758                alt_up_pixel_buffer_dma_check_swap_buffers_status
                0x0080d768                alt_up_pixel_buffer_dma_change_back_buffer_address
                0x0080d790                alt_up_pixel_buffer_dma_open_dev
                0x0080d79c                alt_up_pixel_buffer_dma_draw_line
 .text          0x0080da38     0x4ffc ../ECE423_Lab1_bsp\libhal_bsp.a(altera_up_sd_card_avalon_interface.o)
                0x0080da38                match_file_record_to_name_ext
                0x0080df08                convert_filename_to_name_extension
                0x0080e1e8                copy_file_record_name_to_string
                0x0080e320                alt_up_sd_card_set_attributes
                0x0080e358                alt_up_sd_card_get_attributes
                0x0080e398                alt_up_sd_card_is_Present
                0x0080e404                alt_up_sd_card_open_dev
                0x0080e470                get_dir_divider_location
                0x0080e4f0                check_file_name_for_FAT16_compliance
                0x0080e5fc                filename_to_upper_case
                0x0080e658                Write_File_Record_At_Offset
                0x0080e87c                Read_File_Record_At_Offset
                0x0080ea5c                Write_Sector_Data
                0x0080eb08                Read_Sector_Data
                0x0080ec4c                alt_up_sd_card_fclose
                0x0080edac                find_first_empty_record_in_root_directory
                0x0080ee60                find_first_empty_cluster
                0x0080ef54                Check_for_DOS_FAT
                0x0080f2c4                Check_for_Master_Boot_Record
                0x0080f48c                Look_for_FAT16
                0x0080f584                alt_up_sd_card_is_FAT16
                0x0080f6bc                mark_cluster
                0x0080f76c                get_cluster_flag
                0x0080f7f4                Save_Modified_Sector
                0x0080f8b0                alt_up_sd_card_find_next
                0x0080fcc4                find_file_in_directory
                0x00810988                get_home_directory_cluster_for_file
                0x00811658                alt_up_sd_card_find_first
                0x00811734                alt_up_sd_card_read
                0x008118d8                alt_up_sd_card_write
                0x00811d14                find_first_empty_record_in_a_subdirectory
                0x00812040                create_file
                0x0081274c                alt_up_sd_card_fopen
 .text          0x00812a34       0x94 ../ECE423_Lab1_bsp\libhal_bsp.a(alt_alarm_start.o)
                0x00812a34                alt_alarm_start
 .text          0x00812ac8       0x18 ../ECE423_Lab1_bsp\libhal_bsp.a(alt_dcache_flush_all.o)
                0x00812ac8                alt_dcache_flush_all
 .text          0x00812ae0       0x7c ../ECE423_Lab1_bsp\libhal_bsp.a(alt_dev_llist_insert.o)
                0x00812ae0                alt_dev_llist_insert
 .text          0x00812b5c       0x4c ../ECE423_Lab1_bsp\libhal_bsp.a(alt_do_ctors.o)
                0x00812b5c                _do_ctors
 .text          0x00812ba8       0x4c ../ECE423_Lab1_bsp\libhal_bsp.a(alt_do_dtors.o)
                0x00812ba8                _do_dtors
 .text          0x00812bf4       0x94 ../ECE423_Lab1_bsp\libhal_bsp.a(alt_find_dev.o)
                0x00812bf4                alt_find_dev
 .text          0x00812c88        0xc ../ECE423_Lab1_bsp\libhal_bsp.a(alt_icache_flush_all.o)
                0x00812c88                alt_icache_flush_all
 .text          0x00812c94       0x9c ../ECE423_Lab1_bsp\libhal_bsp.a(alt_iic.o)
                0x00812c94                alt_ic_irq_enabled
                0x00812cac                alt_ic_irq_enable
                0x00812cec                alt_ic_irq_disable
                0x00812d2c                alt_ic_isr_register
 .text          0x00812d30       0x88 ../ECE423_Lab1_bsp\libhal_bsp.a(alt_iic_isr_register.o)
                0x00812d30                alt_iic_isr_register
 .text          0x00812db8      0x104 ../ECE423_Lab1_bsp\libhal_bsp.a(alt_io_redirect.o)
                0x00812db8                alt_io_redirect
 .text          0x00812ebc        0x0 ../ECE423_Lab1_bsp\libhal_bsp.a(alt_irq_entry.o)
 .text          0x00812ebc        0x0 ../ECE423_Lab1_bsp\libhal_bsp.a(alt_irq_handler.o)
 .text          0x00812ebc      0x180 ../ECE423_Lab1_bsp\libhal_bsp.a(alt_open.o)
                0x00812ebc                open
 .text          0x0081303c      0x11c ../ECE423_Lab1_bsp\libhal_bsp.a(alt_tick.o)
                0x0081303c                alt_alarm_stop
                0x00813070                alt_tick
 .text          0x00813158        0x8 ../ECE423_Lab1_bsp\libhal_bsp.a(altera_nios2_irq.o)
                0x00813158                altera_nios2_irq_init
 .text          0x00813160        0x0 ../ECE423_Lab1_bsp\libhal_bsp.a(alt_exception_entry.o)
 .text          0x00813160       0xb0 ../ECE423_Lab1_bsp\libhal_bsp.a(alt_find_file.o)
                0x00813160                alt_find_file
 .text          0x00813210       0x60 ../ECE423_Lab1_bsp\libhal_bsp.a(alt_get_fd.o)
                0x00813210                alt_get_fd
 .text          0x00813270       0x38 ../ECE423_Lab1_bsp\libhal_bsp.a(alt_icache_flush.o)
                0x00813270                alt_icache_flush
 .text          0x008132a8       0x14 c:/software/altera/10.1/nios2eds/bin/gnu/h-i686-mingw32/bin/../lib/gcc/nios2-elf/4.1.2/../../../../nios2-elf/lib\libc.a(lib_a-atexit.o)
                0x008132a8                atexit
 .text          0x008132bc       0x74 c:/software/altera/10.1/nios2eds/bin/gnu/h-i686-mingw32/bin/../lib/gcc/nios2-elf/4.1.2/../../../../nios2-elf/lib\libc.a(lib_a-memcmp.o)
                0x008132bc                memcmp
 .text          0x00813330      0x134 c:/software/altera/10.1/nios2eds/bin/gnu/h-i686-mingw32/bin/../lib/gcc/nios2-elf/4.1.2/../../../../nios2-elf/lib\libc.a(lib_a-__atexit.o)
                0x00813330                __register_exitproc
 *(.gnu.warning.*)
 *(.fini)
                0x00813464                PROVIDE (__etext, ABSOLUTE (.))
                0x00813464                PROVIDE (_etext, ABSOLUTE (.))
                0x00813464                PROVIDE (etext, ABSOLUTE (.))
 *(.eh_frame_hdr)
                0x00813464                . = ALIGN (0x4)
                0x00813464                PROVIDE (__preinit_array_start, ABSOLUTE (.))
 *(.preinit_array)
                0x00813464                PROVIDE (__preinit_array_end, ABSOLUTE (.))
                0x00813464                PROVIDE (__init_array_start, ABSOLUTE (.))
 *(.init_array)
                0x00813464                PROVIDE (__init_array_end, ABSOLUTE (.))
                0x00813464                PROVIDE (__fini_array_start, ABSOLUTE (.))
 *(.fini_array)
                0x00813464                PROVIDE (__fini_array_end, ABSOLUTE (.))
 *(.eh_frame)
 .eh_frame      0x00813464       0x40 c:/software/altera/10.1/nios2eds/bin/gnu/h-i686-mingw32/bin/../lib/gcc/nios2-elf/4.1.2\libgcc.a(_udivdi3.o)
 .eh_frame      0x008134a4       0x2c c:/software/altera/10.1/nios2eds/bin/gnu/h-i686-mingw32/bin/../lib/gcc/nios2-elf/4.1.2\libgcc.a(_umoddi3.o)
                                 0x40 (size before relaxing)
 *(.gcc_except_table)
 *(.dynamic)
                0x008134d0                PROVIDE (__CTOR_LIST__, ABSOLUTE (.))
 *(.ctors)
 *(SORT(.ctors.*))
 .ctors.65535   0x008134d0        0x4 c:/software/altera/10.1/nios2eds/bin/gnu/h-i686-mingw32/bin/../lib/gcc/nios2-elf/4.1.2/../../../../nios2-elf/lib\libc.a(lib_a-__call_atexit.o)
                0x008134d4                PROVIDE (__CTOR_END__, ABSOLUTE (.))
                0x008134d4                PROVIDE (__DTOR_LIST__, ABSOLUTE (.))
 *(.dtors)
 *(SORT(.dtors.*))
                0x008134d4                PROVIDE (__DTOR_END__, ABSOLUTE (.))
 *(.jcr)
                0x008134d4                . = ALIGN (0x4)

.rodata         0x008134d4      0x5e8
                0x008134d4                PROVIDE (__ram_rodata_start, ABSOLUTE (.))
                0x008134d4                . = ALIGN (0x4)
 *(.rodata .rodata.* .gnu.linkonce.r.*)
 .rodata.str1.4
                0x008134d4       0x17 obj/common/util.o
                                 0x1c (size before relaxing)
 *fill*         0x008134eb        0x1 00
 .rodata.str1.4
                0x008134ec      0x1e9 obj/decoder/mjpeg423_decoder.o
                                0x1ec (size before relaxing)
 *fill*         0x008136d5        0x3 00
 .rodata.str1.4
                0x008136d8       0xa1 obj/main_code.o
                                 0xa4 (size before relaxing)
 *fill*         0x00813779        0x3 00
 .rodata.str1.4
                0x0081377c       0x1a obj/sd_card.o
                                 0x1c (size before relaxing)
 *fill*         0x00813796        0x2 00
 .rodata        0x00813798       0x14 c:/software/altera/10.1/nios2eds/bin/gnu/h-i686-mingw32/bin/../lib/gcc/nios2-elf/4.1.2\libgcc.a(_thenan_df.o)
                0x00813798                __thenan_df
 .rodata        0x008137ac      0x100 c:/software/altera/10.1/nios2eds/bin/gnu/h-i686-mingw32/bin/../lib/gcc/nios2-elf/4.1.2\libgcc.a(_clz.o)
                0x008137ac                __clz_tab
 .rodata.str1.4
                0x00000000       0x1a c:/software/altera/10.1/nios2eds/bin/gnu/h-i686-mingw32/bin/../lib/gcc/nios2-elf/4.1.2/../../../../nios2-elf/lib\libc.a(lib_a-impure.o)
                                  0x4 (size before relaxing)
 .rodata.str1.4
                0x00000000       0x1a c:/software/altera/10.1/nios2eds/bin/gnu/h-i686-mingw32/bin/../lib/gcc/nios2-elf/4.1.2/../../../../nios2-elf/lib\libc.a(lib_a-puts.o)
                                  0x4 (size before relaxing)
 .rodata.str1.4
                0x008138ac       0x5a c:/software/altera/10.1/nios2eds/bin/gnu/h-i686-mingw32/bin/../lib/gcc/nios2-elf/4.1.2/../../../../nios2-elf/lib\libc.a(lib_a-vfprintf.o)
                                 0x60 (size before relaxing)
 .rodata        0x00813906       0x20 c:/software/altera/10.1/nios2eds/bin/gnu/h-i686-mingw32/bin/../lib/gcc/nios2-elf/4.1.2/../../../../nios2-elf/lib\libc.a(lib_a-vfprintf.o)
 *fill*         0x00813926        0x2 00
 .rodata.str1.4
                0x00813928       0x10 c:/software/altera/10.1/nios2eds/bin/gnu/h-i686-mingw32/bin/../lib/gcc/nios2-elf/4.1.2/../../../../nios2-elf/lib\libc.a(lib_a-dtoa.o)
                                 0x14 (size before relaxing)
 .rodata.str1.4
                0x00813938        0xf c:/software/altera/10.1/nios2eds/bin/gnu/h-i686-mingw32/bin/../lib/gcc/nios2-elf/4.1.2/../../../../nios2-elf/lib\libc.a(lib_a-locale.o)
                                 0x18 (size before relaxing)
 *fill*         0x00813947        0x1 00
 .rodata        0x00813948       0x30 c:/software/altera/10.1/nios2eds/bin/gnu/h-i686-mingw32/bin/../lib/gcc/nios2-elf/4.1.2/../../../../nios2-elf/lib\libc.a(lib_a-locale.o)
 .rodata        0x00813978      0x124 c:/software/altera/10.1/nios2eds/bin/gnu/h-i686-mingw32/bin/../lib/gcc/nios2-elf/4.1.2/../../../../nios2-elf/lib\libc.a(lib_a-mprec.o)
                0x00813978                __mprec_tens
                0x00813a40                __mprec_bigtens
                0x00813a68                __mprec_tinytens
 .rodata.str1.4
                0x00813a9c        0xa ../ECE423_Lab1_bsp\libhal_bsp.a(alt_dev.o)
                                  0xc (size before relaxing)
 *fill*         0x00813aa6        0x2 00
 .rodata.str1.4
                0x00813aa8       0x14 ../ECE423_Lab1_bsp\libhal_bsp.a(alt_main.o)
 .rodata.str1.4
                0x00000000       0x60 ../ECE423_Lab1_bsp\libhal_bsp.a(alt_sys_init.o)
 *(.rodata1)
                0x00813abc                . = ALIGN (0x4)
                0x00813abc                PROVIDE (__ram_rodata_end, ABSOLUTE (.))
                0x008134d4                PROVIDE (__flash_rodata_start, LOADADDR (.rodata))

.rwdata         0x00813abc     0x1d18 load address 0x008157d4
                0x00813abc                PROVIDE (__ram_rwdata_start, ABSOLUTE (.))
                0x00813abc                . = ALIGN (0x4)
 *(.got.plt)
 *(.got)
 *(.data1)
 *(.data .data.* .gnu.linkonce.d.*)
 .data          0x00813abc        0x0 ../ECE423_Lab1_bsp/obj/HAL/src/crt0.o
 .data          0x00813abc      0x200 obj/common/tables.o
                0x00813abc                Yquant
                0x00813b3c                Cquant
                0x00813bbc                zigzag_table
 .data          0x00813cbc        0x0 obj/common/util.o
 .data          0x00813cbc        0x0 obj/decoder/idct.o
 .data          0x00813cbc        0x0 obj/decoder/lossless_decode.o
 .data          0x00813cbc        0x0 obj/decoder/mjpeg423_decoder.o
 .data          0x00813cbc        0x0 obj/decoder/ycbcr_to_rgb.o
 .data          0x00813cbc       0x3c obj/main_code.o
                0x00813cbc                files
 .data          0x00813cf8        0x0 obj/sd_card.o
 .data          0x00813cf8        0x0 c:/software/altera/10.1/nios2eds/bin/gnu/h-i686-mingw32/bin/../lib/gcc/nios2-elf/4.1.2/../../../../nios2-elf/lib\libm.a(lib_a-s_ceil.o)
 .data          0x00813cf8        0x0 c:/software/altera/10.1/nios2eds/bin/gnu/h-i686-mingw32/bin/../lib/gcc/nios2-elf/4.1.2\libgcc.a(_addsub_df.o)
 .data          0x00813cf8        0x0 c:/software/altera/10.1/nios2eds/bin/gnu/h-i686-mingw32/bin/../lib/gcc/nios2-elf/4.1.2\libgcc.a(_mul_df.o)
 .data          0x00813cf8        0x0 c:/software/altera/10.1/nios2eds/bin/gnu/h-i686-mingw32/bin/../lib/gcc/nios2-elf/4.1.2\libgcc.a(_gt_df.o)
 .data          0x00813cf8        0x0 c:/software/altera/10.1/nios2eds/bin/gnu/h-i686-mingw32/bin/../lib/gcc/nios2-elf/4.1.2\libgcc.a(_df_to_si.o)
 .data          0x00813cf8        0x0 c:/software/altera/10.1/nios2eds/bin/gnu/h-i686-mingw32/bin/../lib/gcc/nios2-elf/4.1.2\libgcc.a(_thenan_df.o)
 .data          0x00813cf8        0x0 c:/software/altera/10.1/nios2eds/bin/gnu/h-i686-mingw32/bin/../lib/gcc/nios2-elf/4.1.2\libgcc.a(_usi_to_df.o)
 .data          0x00813cf8        0x0 c:/software/altera/10.1/nios2eds/bin/gnu/h-i686-mingw32/bin/../lib/gcc/nios2-elf/4.1.2\libgcc.a(_muldi3.o)
 .data          0x00813cf8        0x0 c:/software/altera/10.1/nios2eds/bin/gnu/h-i686-mingw32/bin/../lib/gcc/nios2-elf/4.1.2\libgcc.a(_clzsi2.o)
 .data          0x00813cf8        0x0 c:/software/altera/10.1/nios2eds/bin/gnu/h-i686-mingw32/bin/../lib/gcc/nios2-elf/4.1.2\libgcc.a(_pack_df.o)
 .data          0x00813cf8        0x0 c:/software/altera/10.1/nios2eds/bin/gnu/h-i686-mingw32/bin/../lib/gcc/nios2-elf/4.1.2\libgcc.a(_unpack_df.o)
 .data          0x00813cf8        0x0 c:/software/altera/10.1/nios2eds/bin/gnu/h-i686-mingw32/bin/../lib/gcc/nios2-elf/4.1.2\libgcc.a(_fpcmp_parts_df.o)
 .data          0x00813cf8        0x0 c:/software/altera/10.1/nios2eds/bin/gnu/h-i686-mingw32/bin/../lib/gcc/nios2-elf/4.1.2\libgcc.a(_clz.o)
 .data          0x00813cf8        0x0 c:/software/altera/10.1/nios2eds/bin/gnu/h-i686-mingw32/bin/../lib/gcc/nios2-elf/4.1.2/../../../../nios2-elf/lib\libc.a(lib_a-exit.o)
 .data          0x00813cf8        0x0 c:/software/altera/10.1/nios2eds/bin/gnu/h-i686-mingw32/bin/../lib/gcc/nios2-elf/4.1.2/../../../../nios2-elf/lib\libc.a(lib_a-getc.o)
 .data          0x00813cf8      0x400 c:/software/altera/10.1/nios2eds/bin/gnu/h-i686-mingw32/bin/../lib/gcc/nios2-elf/4.1.2/../../../../nios2-elf/lib\libc.a(lib_a-impure.o)
 .data          0x008140f8        0x0 c:/software/altera/10.1/nios2eds/bin/gnu/h-i686-mingw32/bin/../lib/gcc/nios2-elf/4.1.2/../../../../nios2-elf/lib\libc.a(lib_a-malloc.o)
 .data          0x008140f8      0x408 c:/software/altera/10.1/nios2eds/bin/gnu/h-i686-mingw32/bin/../lib/gcc/nios2-elf/4.1.2/../../../../nios2-elf/lib\libc.a(lib_a-mallocr.o)
                0x008140f8                __malloc_av_
 .data          0x00814500        0x0 c:/software/altera/10.1/nios2eds/bin/gnu/h-i686-mingw32/bin/../lib/gcc/nios2-elf/4.1.2/../../../../nios2-elf/lib\libc.a(lib_a-printf.o)
 .data          0x00814500        0x0 c:/software/altera/10.1/nios2eds/bin/gnu/h-i686-mingw32/bin/../lib/gcc/nios2-elf/4.1.2/../../../../nios2-elf/lib\libc.a(lib_a-putchar.o)
 .data          0x00814500        0x0 c:/software/altera/10.1/nios2eds/bin/gnu/h-i686-mingw32/bin/../lib/gcc/nios2-elf/4.1.2/../../../../nios2-elf/lib\libc.a(lib_a-puts.o)
 .data          0x00814500        0x0 c:/software/altera/10.1/nios2eds/bin/gnu/h-i686-mingw32/bin/../lib/gcc/nios2-elf/4.1.2/../../../../nios2-elf/lib\libc.a(lib_a-rget.o)
 .data          0x00814500        0x0 c:/software/altera/10.1/nios2eds/bin/gnu/h-i686-mingw32/bin/../lib/gcc/nios2-elf/4.1.2/../../../../nios2-elf/lib\libc.a(lib_a-sbrkr.o)
 .data          0x00814500        0x0 c:/software/altera/10.1/nios2eds/bin/gnu/h-i686-mingw32/bin/../lib/gcc/nios2-elf/4.1.2/../../../../nios2-elf/lib\libc.a(lib_a-strlen.o)
 .data          0x00814500        0x0 c:/software/altera/10.1/nios2eds/bin/gnu/h-i686-mingw32/bin/../lib/gcc/nios2-elf/4.1.2/../../../../nios2-elf/lib\libc.a(lib_a-vfprintf.o)
 .data          0x00814500        0x0 c:/software/altera/10.1/nios2eds/bin/gnu/h-i686-mingw32/bin/../lib/gcc/nios2-elf/4.1.2/../../../../nios2-elf/lib\libc.a(lib_a-wsetup.o)
 .data          0x00814500        0x0 c:/software/altera/10.1/nios2eds/bin/gnu/h-i686-mingw32/bin/../lib/gcc/nios2-elf/4.1.2/../../../../nios2-elf/lib\libc.a(lib_a-__call_atexit.o)
 .data          0x00814500        0x0 c:/software/altera/10.1/nios2eds/bin/gnu/h-i686-mingw32/bin/../lib/gcc/nios2-elf/4.1.2/../../../../nios2-elf/lib\libc.a(lib_a-dtoa.o)
 .data          0x00814500        0x0 c:/software/altera/10.1/nios2eds/bin/gnu/h-i686-mingw32/bin/../lib/gcc/nios2-elf/4.1.2/../../../../nios2-elf/lib\libc.a(lib_a-fflush.o)
 .data          0x00814500        0x0 c:/software/altera/10.1/nios2eds/bin/gnu/h-i686-mingw32/bin/../lib/gcc/nios2-elf/4.1.2/../../../../nios2-elf/lib\libc.a(lib_a-findfp.o)
 .data          0x00814500        0x0 c:/software/altera/10.1/nios2eds/bin/gnu/h-i686-mingw32/bin/../lib/gcc/nios2-elf/4.1.2/../../../../nios2-elf/lib\libc.a(lib_a-freer.o)
 .data          0x00814500        0x0 c:/software/altera/10.1/nios2eds/bin/gnu/h-i686-mingw32/bin/../lib/gcc/nios2-elf/4.1.2/../../../../nios2-elf/lib\libc.a(lib_a-fvwrite.o)
 .data          0x00814500        0x0 c:/software/altera/10.1/nios2eds/bin/gnu/h-i686-mingw32/bin/../lib/gcc/nios2-elf/4.1.2/../../../../nios2-elf/lib\libc.a(lib_a-fwalk.o)
 .data          0x00814500        0x0 c:/software/altera/10.1/nios2eds/bin/gnu/h-i686-mingw32/bin/../lib/gcc/nios2-elf/4.1.2/../../../../nios2-elf/lib\libc.a(lib_a-int_errno.o)
 .data          0x00814500        0xc c:/software/altera/10.1/nios2eds/bin/gnu/h-i686-mingw32/bin/../lib/gcc/nios2-elf/4.1.2/../../../../nios2-elf/lib\libc.a(lib_a-locale.o)
                0x00814500                __lc_ctype
 .data          0x0081450c        0x0 c:/software/altera/10.1/nios2eds/bin/gnu/h-i686-mingw32/bin/../lib/gcc/nios2-elf/4.1.2/../../../../nios2-elf/lib\libc.a(lib_a-makebuf.o)
 .data          0x0081450c        0x0 c:/software/altera/10.1/nios2eds/bin/gnu/h-i686-mingw32/bin/../lib/gcc/nios2-elf/4.1.2/../../../../nios2-elf/lib\libc.a(lib_a-memchr.o)
 .data          0x0081450c        0x0 c:/software/altera/10.1/nios2eds/bin/gnu/h-i686-mingw32/bin/../lib/gcc/nios2-elf/4.1.2/../../../../nios2-elf/lib\libc.a(lib_a-memcpy.o)
 .data          0x0081450c        0x0 c:/software/altera/10.1/nios2eds/bin/gnu/h-i686-mingw32/bin/../lib/gcc/nios2-elf/4.1.2/../../../../nios2-elf/lib\libc.a(lib_a-memmove.o)
 .data          0x0081450c        0x0 c:/software/altera/10.1/nios2eds/bin/gnu/h-i686-mingw32/bin/../lib/gcc/nios2-elf/4.1.2/../../../../nios2-elf/lib\libc.a(lib_a-memset.o)
 .data          0x0081450c        0x0 c:/software/altera/10.1/nios2eds/bin/gnu/h-i686-mingw32/bin/../lib/gcc/nios2-elf/4.1.2/../../../../nios2-elf/lib\libc.a(lib_a-mprec.o)
 .data          0x0081450c        0x0 c:/software/altera/10.1/nios2eds/bin/gnu/h-i686-mingw32/bin/../lib/gcc/nios2-elf/4.1.2/../../../../nios2-elf/lib\libc.a(lib_a-putc.o)
 .data          0x0081450c        0x0 c:/software/altera/10.1/nios2eds/bin/gnu/h-i686-mingw32/bin/../lib/gcc/nios2-elf/4.1.2/../../../../nios2-elf/lib\libc.a(lib_a-reallocr.o)
 .data          0x0081450c        0x0 c:/software/altera/10.1/nios2eds/bin/gnu/h-i686-mingw32/bin/../lib/gcc/nios2-elf/4.1.2/../../../../nios2-elf/lib\libc.a(lib_a-refill.o)
 .data          0x0081450c        0x0 c:/software/altera/10.1/nios2eds/bin/gnu/h-i686-mingw32/bin/../lib/gcc/nios2-elf/4.1.2/../../../../nios2-elf/lib\libc.a(lib_a-s_isinfd.o)
 .data          0x0081450c        0x0 c:/software/altera/10.1/nios2eds/bin/gnu/h-i686-mingw32/bin/../lib/gcc/nios2-elf/4.1.2/../../../../nios2-elf/lib\libc.a(lib_a-s_isnand.o)
 .data          0x0081450c        0x0 c:/software/altera/10.1/nios2eds/bin/gnu/h-i686-mingw32/bin/../lib/gcc/nios2-elf/4.1.2/../../../../nios2-elf/lib\libc.a(lib_a-stdio.o)
 .data          0x0081450c        0x0 c:/software/altera/10.1/nios2eds/bin/gnu/h-i686-mingw32/bin/../lib/gcc/nios2-elf/4.1.2/../../../../nios2-elf/lib\libc.a(lib_a-strcmp.o)
 .data          0x0081450c        0x0 c:/software/altera/10.1/nios2eds/bin/gnu/h-i686-mingw32/bin/../lib/gcc/nios2-elf/4.1.2/../../../../nios2-elf/lib\libc.a(lib_a-wbuf.o)
 .data          0x0081450c        0x0 c:/software/altera/10.1/nios2eds/bin/gnu/h-i686-mingw32/bin/../lib/gcc/nios2-elf/4.1.2/../../../../nios2-elf/lib\libc.a(lib_a-writer.o)
 .data          0x0081450c        0x0 c:/software/altera/10.1/nios2eds/bin/gnu/h-i686-mingw32/bin/../lib/gcc/nios2-elf/4.1.2/../../../../nios2-elf/lib\libc.a(lib_a-callocr.o)
 .data          0x0081450c        0x0 c:/software/altera/10.1/nios2eds/bin/gnu/h-i686-mingw32/bin/../lib/gcc/nios2-elf/4.1.2/../../../../nios2-elf/lib\libc.a(lib_a-closer.o)
 .data          0x0081450c        0x0 c:/software/altera/10.1/nios2eds/bin/gnu/h-i686-mingw32/bin/../lib/gcc/nios2-elf/4.1.2/../../../../nios2-elf/lib\libc.a(lib_a-fclose.o)
 .data          0x0081450c        0x0 c:/software/altera/10.1/nios2eds/bin/gnu/h-i686-mingw32/bin/../lib/gcc/nios2-elf/4.1.2/../../../../nios2-elf/lib\libc.a(lib_a-fstatr.o)
 .data          0x0081450c        0x0 c:/software/altera/10.1/nios2eds/bin/gnu/h-i686-mingw32/bin/../lib/gcc/nios2-elf/4.1.2/../../../../nios2-elf/lib\libc.a(lib_a-isattyr.o)
 .data          0x0081450c        0x0 c:/software/altera/10.1/nios2eds/bin/gnu/h-i686-mingw32/bin/../lib/gcc/nios2-elf/4.1.2/../../../../nios2-elf/lib\libc.a(lib_a-lseekr.o)
 .data          0x0081450c        0x0 c:/software/altera/10.1/nios2eds/bin/gnu/h-i686-mingw32/bin/../lib/gcc/nios2-elf/4.1.2/../../../../nios2-elf/lib\libc.a(lib_a-readr.o)
 .data          0x0081450c        0x0 c:/software/altera/10.1/nios2eds/bin/gnu/h-i686-mingw32/bin/../lib/gcc/nios2-elf/4.1.2\libgcc.a(_udivdi3.o)
 .data          0x0081450c        0x0 c:/software/altera/10.1/nios2eds/bin/gnu/h-i686-mingw32/bin/../lib/gcc/nios2-elf/4.1.2\libgcc.a(_umoddi3.o)
 .data          0x0081450c        0x0 c:/software/altera/10.1/nios2eds/bin/gnu/h-i686-mingw32/bin/../lib/gcc/nios2-elf/4.1.2\libgcc.a(_div_df.o)
 .data          0x0081450c        0x0 c:/software/altera/10.1/nios2eds/bin/gnu/h-i686-mingw32/bin/../lib/gcc/nios2-elf/4.1.2\libgcc.a(_eq_df.o)
 .data          0x0081450c        0x0 c:/software/altera/10.1/nios2eds/bin/gnu/h-i686-mingw32/bin/../lib/gcc/nios2-elf/4.1.2\libgcc.a(_ne_df.o)
 .data          0x0081450c        0x0 c:/software/altera/10.1/nios2eds/bin/gnu/h-i686-mingw32/bin/../lib/gcc/nios2-elf/4.1.2\libgcc.a(_ge_df.o)
 .data          0x0081450c        0x0 c:/software/altera/10.1/nios2eds/bin/gnu/h-i686-mingw32/bin/../lib/gcc/nios2-elf/4.1.2\libgcc.a(_lt_df.o)
 .data          0x0081450c        0x0 c:/software/altera/10.1/nios2eds/bin/gnu/h-i686-mingw32/bin/../lib/gcc/nios2-elf/4.1.2\libgcc.a(_si_to_df.o)
 .data          0x0081450c        0x0 c:/software/altera/10.1/nios2eds/bin/gnu/h-i686-mingw32/bin/../lib/gcc/nios2-elf/4.1.2\libgcc.a(lib2-divmod.o)
 .data          0x0081450c        0x0 ../ECE423_Lab1_bsp\libhal_bsp.a(alt_close.o)
 .data          0x0081450c      0x1a8 ../ECE423_Lab1_bsp\libhal_bsp.a(alt_dev.o)
                0x0081450c                alt_dev_null
                0x00814534                alt_fd_list
 .data          0x008146b4        0x0 ../ECE423_Lab1_bsp\libhal_bsp.a(alt_errno.o)
 .data          0x008146b4        0x0 ../ECE423_Lab1_bsp\libhal_bsp.a(alt_exit.o)
 .data          0x008146b4        0x0 ../ECE423_Lab1_bsp\libhal_bsp.a(alt_fstat.o)
 .data          0x008146b4        0x0 ../ECE423_Lab1_bsp\libhal_bsp.a(alt_irq_register.o)
 .data          0x008146b4        0x0 ../ECE423_Lab1_bsp\libhal_bsp.a(alt_irq_vars.o)
 .data          0x008146b4        0x0 ../ECE423_Lab1_bsp\libhal_bsp.a(alt_isatty.o)
 .data          0x008146b4        0x0 ../ECE423_Lab1_bsp\libhal_bsp.a(alt_load.o)
 .data          0x008146b4        0x0 ../ECE423_Lab1_bsp\libhal_bsp.a(alt_lseek.o)
 .data          0x008146b4        0x0 ../ECE423_Lab1_bsp\libhal_bsp.a(alt_main.o)
 .data          0x008146b4        0x0 ../ECE423_Lab1_bsp\libhal_bsp.a(alt_malloc_lock.o)
 .data          0x008146b4        0x0 ../ECE423_Lab1_bsp\libhal_bsp.a(alt_read.o)
 .data          0x008146b4        0x0 ../ECE423_Lab1_bsp\libhal_bsp.a(alt_release_fd.o)
 .data          0x008146b4        0x0 ../ECE423_Lab1_bsp\libhal_bsp.a(alt_sbrk.o)
 .data          0x008146b4        0x0 ../ECE423_Lab1_bsp\libhal_bsp.a(alt_write.o)
 .data          0x008146b4     0x10e0 ../ECE423_Lab1_bsp\libhal_bsp.a(alt_sys_init.o)
 .data          0x00815794        0x0 ../ECE423_Lab1_bsp\libhal_bsp.a(altera_avalon_jtag_uart_fd.o)
 .data          0x00815794        0x0 ../ECE423_Lab1_bsp\libhal_bsp.a(altera_avalon_jtag_uart_init.o)
 .data          0x00815794        0x0 ../ECE423_Lab1_bsp\libhal_bsp.a(altera_avalon_jtag_uart_ioctl.o)
 .data          0x00815794        0x0 ../ECE423_Lab1_bsp\libhal_bsp.a(altera_avalon_jtag_uart_read.o)
 .data          0x00815794        0x0 ../ECE423_Lab1_bsp\libhal_bsp.a(altera_avalon_jtag_uart_write.o)
 .data          0x00815794        0x0 ../ECE423_Lab1_bsp\libhal_bsp.a(altera_avalon_timer_ts.o)
 .data          0x00815794        0x0 ../ECE423_Lab1_bsp\libhal_bsp.a(altera_avalon_timer_vars.o)
 .data          0x00815794        0x0 ../ECE423_Lab1_bsp\libhal_bsp.a(altera_up_avalon_video_pixel_buffer_dma.o)
 .data          0x00815794        0x0 ../ECE423_Lab1_bsp\libhal_bsp.a(altera_up_sd_card_avalon_interface.o)
 .data          0x00815794        0x0 ../ECE423_Lab1_bsp\libhal_bsp.a(alt_alarm_start.o)
 .data          0x00815794        0x0 ../ECE423_Lab1_bsp\libhal_bsp.a(alt_dcache_flush_all.o)
 .data          0x00815794        0x0 ../ECE423_Lab1_bsp\libhal_bsp.a(alt_dev_llist_insert.o)
 .data          0x00815794        0x0 ../ECE423_Lab1_bsp\libhal_bsp.a(alt_do_ctors.o)
 .data          0x00815794        0x0 ../ECE423_Lab1_bsp\libhal_bsp.a(alt_do_dtors.o)
 .data          0x00815794        0x0 ../ECE423_Lab1_bsp\libhal_bsp.a(alt_find_dev.o)
 .data          0x00815794        0x0 ../ECE423_Lab1_bsp\libhal_bsp.a(alt_icache_flush_all.o)
 .data          0x00815794        0x0 ../ECE423_Lab1_bsp\libhal_bsp.a(alt_iic.o)
 .data          0x00815794        0x0 ../ECE423_Lab1_bsp\libhal_bsp.a(alt_iic_isr_register.o)
 .data          0x00815794        0x0 ../ECE423_Lab1_bsp\libhal_bsp.a(alt_io_redirect.o)
 .data          0x00815794        0x0 ../ECE423_Lab1_bsp\libhal_bsp.a(alt_irq_entry.o)
 .data          0x00815794        0x0 ../ECE423_Lab1_bsp\libhal_bsp.a(alt_irq_handler.o)
 .data          0x00815794        0x0 ../ECE423_Lab1_bsp\libhal_bsp.a(alt_open.o)
 .data          0x00815794        0x0 ../ECE423_Lab1_bsp\libhal_bsp.a(alt_tick.o)
 .data          0x00815794        0x0 ../ECE423_Lab1_bsp\libhal_bsp.a(altera_nios2_irq.o)
 .data          0x00815794        0x0 ../ECE423_Lab1_bsp\libhal_bsp.a(alt_exception_entry.o)
 .data          0x00815794        0x0 ../ECE423_Lab1_bsp\libhal_bsp.a(alt_find_file.o)
 .data          0x00815794        0x0 ../ECE423_Lab1_bsp\libhal_bsp.a(alt_get_fd.o)
 .data          0x00815794        0x0 ../ECE423_Lab1_bsp\libhal_bsp.a(alt_icache_flush.o)
 .data          0x00815794        0x0 c:/software/altera/10.1/nios2eds/bin/gnu/h-i686-mingw32/bin/../lib/gcc/nios2-elf/4.1.2/../../../../nios2-elf/lib\libc.a(lib_a-atexit.o)
 .data          0x00815794        0x0 c:/software/altera/10.1/nios2eds/bin/gnu/h-i686-mingw32/bin/../lib/gcc/nios2-elf/4.1.2/../../../../nios2-elf/lib\libc.a(lib_a-memcmp.o)
 .data          0x00815794        0x0 c:/software/altera/10.1/nios2eds/bin/gnu/h-i686-mingw32/bin/../lib/gcc/nios2-elf/4.1.2/../../../../nios2-elf/lib\libc.a(lib_a-__atexit.o)
                0x0081d794                _gp = ABSOLUTE ((. + 0x8000))
                0x0081d794                PROVIDE (gp, _gp)
 *(.sdata .sdata.* .gnu.linkonce.s.*)
 .sdata         0x00815794        0x8 c:/software/altera/10.1/nios2eds/bin/gnu/h-i686-mingw32/bin/../lib/gcc/nios2-elf/4.1.2/../../../../nios2-elf/lib\libc.a(lib_a-impure.o)
                0x00815794                _impure_ptr
                0x00815798                _global_impure_ptr
 .sdata         0x0081579c        0x8 c:/software/altera/10.1/nios2eds/bin/gnu/h-i686-mingw32/bin/../lib/gcc/nios2-elf/4.1.2/../../../../nios2-elf/lib\libc.a(lib_a-mallocr.o)
                0x0081579c                __malloc_trim_threshold
                0x008157a0                __malloc_sbrk_base
 .sdata         0x008157a4        0x8 c:/software/altera/10.1/nios2eds/bin/gnu/h-i686-mingw32/bin/../lib/gcc/nios2-elf/4.1.2/../../../../nios2-elf/lib\libc.a(lib_a-locale.o)
                0x008157a4                __mb_cur_max
 .sdata         0x008157ac       0x14 ../ECE423_Lab1_bsp\libhal_bsp.a(alt_dev.o)
                0x008157ac                alt_fs_list
                0x008157b4                alt_dev_list
                0x008157bc                alt_max_fd
 .sdata         0x008157c0        0x4 ../ECE423_Lab1_bsp\libhal_bsp.a(alt_errno.o)
                0x008157c0                alt_errno
 .sdata         0x008157c4        0x4 ../ECE423_Lab1_bsp\libhal_bsp.a(alt_irq_vars.o)
                0x008157c4                alt_priority_mask
 .sdata         0x008157c8        0x4 ../ECE423_Lab1_bsp\libhal_bsp.a(alt_sbrk.o)
 .sdata         0x008157cc        0x8 ../ECE423_Lab1_bsp\libhal_bsp.a(alt_tick.o)
                0x008157cc                alt_alarm_list
 *(.sdata2 .sdata2.* .gnu.linkonce.s2.*)
                0x008157d4                . = ALIGN (0x4)
                0x008157d4                _edata = ABSOLUTE (.)
                0x008157d4                PROVIDE (edata, ABSOLUTE (.))
                0x008157d4                PROVIDE (__ram_rwdata_end, ABSOLUTE (.))
                0x008157d4                PROVIDE (__flash_rwdata_start, LOADADDR (.rwdata))

.bss            0x008174ec      0x8d0
                0x008174ec                __bss_start = ABSOLUTE (.)
                0x008174ec                PROVIDE (__sbss_start, ABSOLUTE (.))
                0x008174ec                PROVIDE (___sbss_start, ABSOLUTE (.))
 *(.dynsbss)
 *(.sbss .sbss.* .gnu.linkonce.sb.*)
 .sbss          0x008174ec       0x24 obj/decoder/mjpeg423_decoder.o
                0x008174ec                last_tested
                0x008174f0                edge_capture
                0x008174f4                timer_value
                0x008174f8                playing
                0x008174fc                backward
                0x00817500                fastForward
                0x00817504                frame_index
                0x00817508                getNextFile
                0x0081750c                current_frame
 .sbss          0x00817510        0xc obj/main_code.o
                0x00817510                index
                0x00817514                button_latch
                0x00817518                button_state
 .sbss          0x0081751c       0x10 obj/sd_card.o
                0x0081751c                sectors
                0x00817520                sd_card_curr_read_sector
                0x00817524                sd_card_start_byte_in_sector
                0x00817528                sd_card_sectors_num
 .sbss          0x0081752c        0xc c:/software/altera/10.1/nios2eds/bin/gnu/h-i686-mingw32/bin/../lib/gcc/nios2-elf/4.1.2/../../../../nios2-elf/lib\libc.a(lib_a-mallocr.o)
                0x0081752c                __malloc_top_pad
                0x00817530                __malloc_max_sbrked_mem
                0x00817534                __malloc_max_total_mem
 .sbss          0x00817538        0x4 c:/software/altera/10.1/nios2eds/bin/gnu/h-i686-mingw32/bin/../lib/gcc/nios2-elf/4.1.2/../../../../nios2-elf/lib\libc.a(lib_a-int_errno.o)
                0x00817538                errno
 .sbss          0x0081753c        0xc c:/software/altera/10.1/nios2eds/bin/gnu/h-i686-mingw32/bin/../lib/gcc/nios2-elf/4.1.2/../../../../nios2-elf/lib\libc.a(lib_a-locale.o)
                0x0081753c                __nlocale_changed
                0x00817540                __mlocale_changed
                0x00817544                _PathLocale
 .sbss          0x00817548        0x4 ../ECE423_Lab1_bsp\libhal_bsp.a(alt_irq_vars.o)
                0x00817548                alt_irq_active
 .sbss          0x0081754c        0xc ../ECE423_Lab1_bsp\libhal_bsp.a(alt_main.o)
                0x0081754c                alt_argc
                0x00817550                alt_argv
                0x00817554                alt_envp
 .sbss          0x00817558        0x8 ../ECE423_Lab1_bsp\libhal_bsp.a(altera_avalon_timer_vars.o)
                0x00817558                altera_avalon_timer_ts_base
                0x0081755c                altera_avalon_timer_ts_freq
 .sbss          0x00817560       0x34 ../ECE423_Lab1_bsp\libhal_bsp.a(altera_up_sd_card_avalon_interface.o)
                0x00817560                initialized
                0x00817564                is_sd_card_formated_as_FAT16
                0x00817568                aux_status_register
                0x0081756c                status_register
                0x00817570                CSD_register_w0
                0x00817574                command_register
                0x00817578                command_argument_register
                0x0081757c                buffer_memory
                0x00817580                fat_partition_offset_in_512_byte_sectors
                0x00817584                fat_partition_size_in_512_byte_sectors
                0x00817588                device_pointer
                0x0081758c                current_sector_modified
                0x00817590                current_sector_index
 .sbss          0x00817594        0x8 ../ECE423_Lab1_bsp\libhal_bsp.a(alt_tick.o)
                0x00817594                _alt_tick_rate
                0x00817598                _alt_nticks
 *(.sbss2 .sbss2.* .gnu.linkonce.sb2.*)
 *(.scommon)
                0x0081759c                PROVIDE (__sbss_end, ABSOLUTE (.))
                0x0081759c                PROVIDE (___sbss_end, ABSOLUTE (.))
 *(.dynbss)
 *(.bss .bss.* .gnu.linkonce.b.*)
 .bss           0x0081759c        0x0 ../ECE423_Lab1_bsp/obj/HAL/src/crt0.o
 .bss           0x0081759c        0x0 obj/common/tables.o
 .bss           0x0081759c        0x0 obj/common/util.o
 .bss           0x0081759c        0x0 obj/decoder/idct.o
 .bss           0x0081759c        0x0 obj/decoder/lossless_decode.o
 .bss           0x0081759c        0x0 obj/decoder/mjpeg423_decoder.o
 .bss           0x0081759c        0x0 obj/decoder/ycbcr_to_rgb.o
 .bss           0x0081759c        0x0 obj/main_code.o
 .bss           0x0081759c        0x0 obj/sd_card.o
 .bss           0x0081759c        0x0 c:/software/altera/10.1/nios2eds/bin/gnu/h-i686-mingw32/bin/../lib/gcc/nios2-elf/4.1.2/../../../../nios2-elf/lib\libm.a(lib_a-s_ceil.o)
 .bss           0x0081759c        0x0 c:/software/altera/10.1/nios2eds/bin/gnu/h-i686-mingw32/bin/../lib/gcc/nios2-elf/4.1.2\libgcc.a(_addsub_df.o)
 .bss           0x0081759c        0x0 c:/software/altera/10.1/nios2eds/bin/gnu/h-i686-mingw32/bin/../lib/gcc/nios2-elf/4.1.2\libgcc.a(_mul_df.o)
 .bss           0x0081759c        0x0 c:/software/altera/10.1/nios2eds/bin/gnu/h-i686-mingw32/bin/../lib/gcc/nios2-elf/4.1.2\libgcc.a(_gt_df.o)
 .bss           0x0081759c        0x0 c:/software/altera/10.1/nios2eds/bin/gnu/h-i686-mingw32/bin/../lib/gcc/nios2-elf/4.1.2\libgcc.a(_df_to_si.o)
 .bss           0x0081759c        0x0 c:/software/altera/10.1/nios2eds/bin/gnu/h-i686-mingw32/bin/../lib/gcc/nios2-elf/4.1.2\libgcc.a(_thenan_df.o)
 .bss           0x0081759c        0x0 c:/software/altera/10.1/nios2eds/bin/gnu/h-i686-mingw32/bin/../lib/gcc/nios2-elf/4.1.2\libgcc.a(_usi_to_df.o)
 .bss           0x0081759c        0x0 c:/software/altera/10.1/nios2eds/bin/gnu/h-i686-mingw32/bin/../lib/gcc/nios2-elf/4.1.2\libgcc.a(_muldi3.o)
 .bss           0x0081759c        0x0 c:/software/altera/10.1/nios2eds/bin/gnu/h-i686-mingw32/bin/../lib/gcc/nios2-elf/4.1.2\libgcc.a(_clzsi2.o)
 .bss           0x0081759c        0x0 c:/software/altera/10.1/nios2eds/bin/gnu/h-i686-mingw32/bin/../lib/gcc/nios2-elf/4.1.2\libgcc.a(_pack_df.o)
 .bss           0x0081759c        0x0 c:/software/altera/10.1/nios2eds/bin/gnu/h-i686-mingw32/bin/../lib/gcc/nios2-elf/4.1.2\libgcc.a(_unpack_df.o)
 .bss           0x0081759c        0x0 c:/software/altera/10.1/nios2eds/bin/gnu/h-i686-mingw32/bin/../lib/gcc/nios2-elf/4.1.2\libgcc.a(_fpcmp_parts_df.o)
 .bss           0x0081759c        0x0 c:/software/altera/10.1/nios2eds/bin/gnu/h-i686-mingw32/bin/../lib/gcc/nios2-elf/4.1.2\libgcc.a(_clz.o)
 .bss           0x0081759c        0x0 c:/software/altera/10.1/nios2eds/bin/gnu/h-i686-mingw32/bin/../lib/gcc/nios2-elf/4.1.2/../../../../nios2-elf/lib\libc.a(lib_a-exit.o)
 .bss           0x0081759c        0x0 c:/software/altera/10.1/nios2eds/bin/gnu/h-i686-mingw32/bin/../lib/gcc/nios2-elf/4.1.2/../../../../nios2-elf/lib\libc.a(lib_a-getc.o)
 .bss           0x0081759c        0x0 c:/software/altera/10.1/nios2eds/bin/gnu/h-i686-mingw32/bin/../lib/gcc/nios2-elf/4.1.2/../../../../nios2-elf/lib\libc.a(lib_a-impure.o)
 .bss           0x0081759c        0x0 c:/software/altera/10.1/nios2eds/bin/gnu/h-i686-mingw32/bin/../lib/gcc/nios2-elf/4.1.2/../../../../nios2-elf/lib\libc.a(lib_a-malloc.o)
 .bss           0x0081759c       0x28 c:/software/altera/10.1/nios2eds/bin/gnu/h-i686-mingw32/bin/../lib/gcc/nios2-elf/4.1.2/../../../../nios2-elf/lib\libc.a(lib_a-mallocr.o)
                0x0081759c                __malloc_current_mallinfo
 .bss           0x008175c4        0x0 c:/software/altera/10.1/nios2eds/bin/gnu/h-i686-mingw32/bin/../lib/gcc/nios2-elf/4.1.2/../../../../nios2-elf/lib\libc.a(lib_a-printf.o)
 .bss           0x008175c4        0x0 c:/software/altera/10.1/nios2eds/bin/gnu/h-i686-mingw32/bin/../lib/gcc/nios2-elf/4.1.2/../../../../nios2-elf/lib\libc.a(lib_a-putchar.o)
 .bss           0x008175c4        0x0 c:/software/altera/10.1/nios2eds/bin/gnu/h-i686-mingw32/bin/../lib/gcc/nios2-elf/4.1.2/../../../../nios2-elf/lib\libc.a(lib_a-puts.o)
 .bss           0x008175c4        0x0 c:/software/altera/10.1/nios2eds/bin/gnu/h-i686-mingw32/bin/../lib/gcc/nios2-elf/4.1.2/../../../../nios2-elf/lib\libc.a(lib_a-rget.o)
 .bss           0x008175c4        0x0 c:/software/altera/10.1/nios2eds/bin/gnu/h-i686-mingw32/bin/../lib/gcc/nios2-elf/4.1.2/../../../../nios2-elf/lib\libc.a(lib_a-sbrkr.o)
 .bss           0x008175c4        0x0 c:/software/altera/10.1/nios2eds/bin/gnu/h-i686-mingw32/bin/../lib/gcc/nios2-elf/4.1.2/../../../../nios2-elf/lib\libc.a(lib_a-strlen.o)
 .bss           0x008175c4        0x0 c:/software/altera/10.1/nios2eds/bin/gnu/h-i686-mingw32/bin/../lib/gcc/nios2-elf/4.1.2/../../../../nios2-elf/lib\libc.a(lib_a-vfprintf.o)
 .bss           0x008175c4        0x0 c:/software/altera/10.1/nios2eds/bin/gnu/h-i686-mingw32/bin/../lib/gcc/nios2-elf/4.1.2/../../../../nios2-elf/lib\libc.a(lib_a-wsetup.o)
 .bss           0x008175c4        0x0 c:/software/altera/10.1/nios2eds/bin/gnu/h-i686-mingw32/bin/../lib/gcc/nios2-elf/4.1.2/../../../../nios2-elf/lib\libc.a(lib_a-__call_atexit.o)
 .bss           0x008175c4        0x0 c:/software/altera/10.1/nios2eds/bin/gnu/h-i686-mingw32/bin/../lib/gcc/nios2-elf/4.1.2/../../../../nios2-elf/lib\libc.a(lib_a-dtoa.o)
 .bss           0x008175c4        0x0 c:/software/altera/10.1/nios2eds/bin/gnu/h-i686-mingw32/bin/../lib/gcc/nios2-elf/4.1.2/../../../../nios2-elf/lib\libc.a(lib_a-fflush.o)
 .bss           0x008175c4        0x0 c:/software/altera/10.1/nios2eds/bin/gnu/h-i686-mingw32/bin/../lib/gcc/nios2-elf/4.1.2/../../../../nios2-elf/lib\libc.a(lib_a-findfp.o)
 .bss           0x008175c4        0x0 c:/software/altera/10.1/nios2eds/bin/gnu/h-i686-mingw32/bin/../lib/gcc/nios2-elf/4.1.2/../../../../nios2-elf/lib\libc.a(lib_a-freer.o)
 .bss           0x008175c4        0x0 c:/software/altera/10.1/nios2eds/bin/gnu/h-i686-mingw32/bin/../lib/gcc/nios2-elf/4.1.2/../../../../nios2-elf/lib\libc.a(lib_a-fvwrite.o)
 .bss           0x008175c4        0x0 c:/software/altera/10.1/nios2eds/bin/gnu/h-i686-mingw32/bin/../lib/gcc/nios2-elf/4.1.2/../../../../nios2-elf/lib\libc.a(lib_a-fwalk.o)
 .bss           0x008175c4        0x0 c:/software/altera/10.1/nios2eds/bin/gnu/h-i686-mingw32/bin/../lib/gcc/nios2-elf/4.1.2/../../../../nios2-elf/lib\libc.a(lib_a-int_errno.o)
 .bss           0x008175c4        0x0 c:/software/altera/10.1/nios2eds/bin/gnu/h-i686-mingw32/bin/../lib/gcc/nios2-elf/4.1.2/../../../../nios2-elf/lib\libc.a(lib_a-locale.o)
 .bss           0x008175c4        0x0 c:/software/altera/10.1/nios2eds/bin/gnu/h-i686-mingw32/bin/../lib/gcc/nios2-elf/4.1.2/../../../../nios2-elf/lib\libc.a(lib_a-makebuf.o)
 .bss           0x008175c4        0x0 c:/software/altera/10.1/nios2eds/bin/gnu/h-i686-mingw32/bin/../lib/gcc/nios2-elf/4.1.2/../../../../nios2-elf/lib\libc.a(lib_a-memchr.o)
 .bss           0x008175c4        0x0 c:/software/altera/10.1/nios2eds/bin/gnu/h-i686-mingw32/bin/../lib/gcc/nios2-elf/4.1.2/../../../../nios2-elf/lib\libc.a(lib_a-memcpy.o)
 .bss           0x008175c4        0x0 c:/software/altera/10.1/nios2eds/bin/gnu/h-i686-mingw32/bin/../lib/gcc/nios2-elf/4.1.2/../../../../nios2-elf/lib\libc.a(lib_a-memmove.o)
 .bss           0x008175c4        0x0 c:/software/altera/10.1/nios2eds/bin/gnu/h-i686-mingw32/bin/../lib/gcc/nios2-elf/4.1.2/../../../../nios2-elf/lib\libc.a(lib_a-memset.o)
 .bss           0x008175c4        0x0 c:/software/altera/10.1/nios2eds/bin/gnu/h-i686-mingw32/bin/../lib/gcc/nios2-elf/4.1.2/../../../../nios2-elf/lib\libc.a(lib_a-mprec.o)
 .bss           0x008175c4        0x0 c:/software/altera/10.1/nios2eds/bin/gnu/h-i686-mingw32/bin/../lib/gcc/nios2-elf/4.1.2/../../../../nios2-elf/lib\libc.a(lib_a-putc.o)
 .bss           0x008175c4        0x0 c:/software/altera/10.1/nios2eds/bin/gnu/h-i686-mingw32/bin/../lib/gcc/nios2-elf/4.1.2/../../../../nios2-elf/lib\libc.a(lib_a-reallocr.o)
 .bss           0x008175c4        0x0 c:/software/altera/10.1/nios2eds/bin/gnu/h-i686-mingw32/bin/../lib/gcc/nios2-elf/4.1.2/../../../../nios2-elf/lib\libc.a(lib_a-refill.o)
 .bss           0x008175c4        0x0 c:/software/altera/10.1/nios2eds/bin/gnu/h-i686-mingw32/bin/../lib/gcc/nios2-elf/4.1.2/../../../../nios2-elf/lib\libc.a(lib_a-s_isinfd.o)
 .bss           0x008175c4        0x0 c:/software/altera/10.1/nios2eds/bin/gnu/h-i686-mingw32/bin/../lib/gcc/nios2-elf/4.1.2/../../../../nios2-elf/lib\libc.a(lib_a-s_isnand.o)
 .bss           0x008175c4        0x0 c:/software/altera/10.1/nios2eds/bin/gnu/h-i686-mingw32/bin/../lib/gcc/nios2-elf/4.1.2/../../../../nios2-elf/lib\libc.a(lib_a-stdio.o)
 .bss           0x008175c4        0x0 c:/software/altera/10.1/nios2eds/bin/gnu/h-i686-mingw32/bin/../lib/gcc/nios2-elf/4.1.2/../../../../nios2-elf/lib\libc.a(lib_a-strcmp.o)
 .bss           0x008175c4        0x0 c:/software/altera/10.1/nios2eds/bin/gnu/h-i686-mingw32/bin/../lib/gcc/nios2-elf/4.1.2/../../../../nios2-elf/lib\libc.a(lib_a-wbuf.o)
 .bss           0x008175c4        0x0 c:/software/altera/10.1/nios2eds/bin/gnu/h-i686-mingw32/bin/../lib/gcc/nios2-elf/4.1.2/../../../../nios2-elf/lib\libc.a(lib_a-writer.o)
 .bss           0x008175c4        0x0 c:/software/altera/10.1/nios2eds/bin/gnu/h-i686-mingw32/bin/../lib/gcc/nios2-elf/4.1.2/../../../../nios2-elf/lib\libc.a(lib_a-callocr.o)
 .bss           0x008175c4        0x0 c:/software/altera/10.1/nios2eds/bin/gnu/h-i686-mingw32/bin/../lib/gcc/nios2-elf/4.1.2/../../../../nios2-elf/lib\libc.a(lib_a-closer.o)
 .bss           0x008175c4        0x0 c:/software/altera/10.1/nios2eds/bin/gnu/h-i686-mingw32/bin/../lib/gcc/nios2-elf/4.1.2/../../../../nios2-elf/lib\libc.a(lib_a-fclose.o)
 .bss           0x008175c4        0x0 c:/software/altera/10.1/nios2eds/bin/gnu/h-i686-mingw32/bin/../lib/gcc/nios2-elf/4.1.2/../../../../nios2-elf/lib\libc.a(lib_a-fstatr.o)
 .bss           0x008175c4        0x0 c:/software/altera/10.1/nios2eds/bin/gnu/h-i686-mingw32/bin/../lib/gcc/nios2-elf/4.1.2/../../../../nios2-elf/lib\libc.a(lib_a-isattyr.o)
 .bss           0x008175c4        0x0 c:/software/altera/10.1/nios2eds/bin/gnu/h-i686-mingw32/bin/../lib/gcc/nios2-elf/4.1.2/../../../../nios2-elf/lib\libc.a(lib_a-lseekr.o)
 .bss           0x008175c4        0x0 c:/software/altera/10.1/nios2eds/bin/gnu/h-i686-mingw32/bin/../lib/gcc/nios2-elf/4.1.2/../../../../nios2-elf/lib\libc.a(lib_a-readr.o)
 .bss           0x008175c4        0x0 c:/software/altera/10.1/nios2eds/bin/gnu/h-i686-mingw32/bin/../lib/gcc/nios2-elf/4.1.2\libgcc.a(_udivdi3.o)
 .bss           0x008175c4        0x0 c:/software/altera/10.1/nios2eds/bin/gnu/h-i686-mingw32/bin/../lib/gcc/nios2-elf/4.1.2\libgcc.a(_umoddi3.o)
 .bss           0x008175c4        0x0 c:/software/altera/10.1/nios2eds/bin/gnu/h-i686-mingw32/bin/../lib/gcc/nios2-elf/4.1.2\libgcc.a(_div_df.o)
 .bss           0x008175c4        0x0 c:/software/altera/10.1/nios2eds/bin/gnu/h-i686-mingw32/bin/../lib/gcc/nios2-elf/4.1.2\libgcc.a(_eq_df.o)
 .bss           0x008175c4        0x0 c:/software/altera/10.1/nios2eds/bin/gnu/h-i686-mingw32/bin/../lib/gcc/nios2-elf/4.1.2\libgcc.a(_ne_df.o)
 .bss           0x008175c4        0x0 c:/software/altera/10.1/nios2eds/bin/gnu/h-i686-mingw32/bin/../lib/gcc/nios2-elf/4.1.2\libgcc.a(_ge_df.o)
 .bss           0x008175c4        0x0 c:/software/altera/10.1/nios2eds/bin/gnu/h-i686-mingw32/bin/../lib/gcc/nios2-elf/4.1.2\libgcc.a(_lt_df.o)
 .bss           0x008175c4        0x0 c:/software/altera/10.1/nios2eds/bin/gnu/h-i686-mingw32/bin/../lib/gcc/nios2-elf/4.1.2\libgcc.a(_si_to_df.o)
 .bss           0x008175c4        0x0 c:/software/altera/10.1/nios2eds/bin/gnu/h-i686-mingw32/bin/../lib/gcc/nios2-elf/4.1.2\libgcc.a(lib2-divmod.o)
 .bss           0x008175c4        0x0 ../ECE423_Lab1_bsp\libhal_bsp.a(alt_close.o)
 .bss           0x008175c4        0x0 ../ECE423_Lab1_bsp\libhal_bsp.a(alt_dev.o)
 .bss           0x008175c4        0x0 ../ECE423_Lab1_bsp\libhal_bsp.a(alt_errno.o)
 .bss           0x008175c4        0x0 ../ECE423_Lab1_bsp\libhal_bsp.a(alt_exit.o)
 .bss           0x008175c4        0x0 ../ECE423_Lab1_bsp\libhal_bsp.a(alt_fstat.o)
 .bss           0x008175c4        0x0 ../ECE423_Lab1_bsp\libhal_bsp.a(alt_irq_register.o)
 .bss           0x008175c4        0x0 ../ECE423_Lab1_bsp\libhal_bsp.a(alt_irq_vars.o)
 .bss           0x008175c4        0x0 ../ECE423_Lab1_bsp\libhal_bsp.a(alt_isatty.o)
 .bss           0x008175c4        0x0 ../ECE423_Lab1_bsp\libhal_bsp.a(alt_load.o)
 .bss           0x008175c4        0x0 ../ECE423_Lab1_bsp\libhal_bsp.a(alt_lseek.o)
 .bss           0x008175c4        0x0 ../ECE423_Lab1_bsp\libhal_bsp.a(alt_main.o)
 .bss           0x008175c4        0x0 ../ECE423_Lab1_bsp\libhal_bsp.a(alt_malloc_lock.o)
 .bss           0x008175c4        0x0 ../ECE423_Lab1_bsp\libhal_bsp.a(alt_read.o)
 .bss           0x008175c4        0x0 ../ECE423_Lab1_bsp\libhal_bsp.a(alt_release_fd.o)
 .bss           0x008175c4        0x0 ../ECE423_Lab1_bsp\libhal_bsp.a(alt_sbrk.o)
 .bss           0x008175c4        0x0 ../ECE423_Lab1_bsp\libhal_bsp.a(alt_write.o)
 .bss           0x008175c4        0x0 ../ECE423_Lab1_bsp\libhal_bsp.a(alt_sys_init.o)
 .bss           0x008175c4        0x0 ../ECE423_Lab1_bsp\libhal_bsp.a(altera_avalon_jtag_uart_fd.o)
 .bss           0x008175c4        0x0 ../ECE423_Lab1_bsp\libhal_bsp.a(altera_avalon_jtag_uart_init.o)
 .bss           0x008175c4        0x0 ../ECE423_Lab1_bsp\libhal_bsp.a(altera_avalon_jtag_uart_ioctl.o)
 .bss           0x008175c4        0x0 ../ECE423_Lab1_bsp\libhal_bsp.a(altera_avalon_jtag_uart_read.o)
 .bss           0x008175c4        0x0 ../ECE423_Lab1_bsp\libhal_bsp.a(altera_avalon_jtag_uart_write.o)
 .bss           0x008175c4        0x0 ../ECE423_Lab1_bsp\libhal_bsp.a(altera_avalon_timer_ts.o)
 .bss           0x008175c4        0x0 ../ECE423_Lab1_bsp\libhal_bsp.a(altera_avalon_timer_vars.o)
 .bss           0x008175c4        0x0 ../ECE423_Lab1_bsp\libhal_bsp.a(altera_up_avalon_video_pixel_buffer_dma.o)
 .bss           0x008175c4        0x0 ../ECE423_Lab1_bsp\libhal_bsp.a(altera_up_sd_card_avalon_interface.o)
 .bss           0x008175c4        0x0 ../ECE423_Lab1_bsp\libhal_bsp.a(alt_alarm_start.o)
 .bss           0x008175c4        0x0 ../ECE423_Lab1_bsp\libhal_bsp.a(alt_dcache_flush_all.o)
 .bss           0x008175c4        0x0 ../ECE423_Lab1_bsp\libhal_bsp.a(alt_dev_llist_insert.o)
 .bss           0x008175c4        0x0 ../ECE423_Lab1_bsp\libhal_bsp.a(alt_do_ctors.o)
 .bss           0x008175c4        0x0 ../ECE423_Lab1_bsp\libhal_bsp.a(alt_do_dtors.o)
 .bss           0x008175c4        0x0 ../ECE423_Lab1_bsp\libhal_bsp.a(alt_find_dev.o)
 .bss           0x008175c4        0x0 ../ECE423_Lab1_bsp\libhal_bsp.a(alt_icache_flush_all.o)
 .bss           0x008175c4        0x0 ../ECE423_Lab1_bsp\libhal_bsp.a(alt_iic.o)
 .bss           0x008175c4        0x0 ../ECE423_Lab1_bsp\libhal_bsp.a(alt_iic_isr_register.o)
 .bss           0x008175c4        0x0 ../ECE423_Lab1_bsp\libhal_bsp.a(alt_io_redirect.o)
 .bss           0x008175c4        0x0 ../ECE423_Lab1_bsp\libhal_bsp.a(alt_irq_entry.o)
 .bss           0x008175c4        0x0 ../ECE423_Lab1_bsp\libhal_bsp.a(alt_irq_handler.o)
 .bss           0x008175c4        0x0 ../ECE423_Lab1_bsp\libhal_bsp.a(alt_open.o)
 .bss           0x008175c4        0x0 ../ECE423_Lab1_bsp\libhal_bsp.a(alt_tick.o)
 .bss           0x008175c4        0x0 ../ECE423_Lab1_bsp\libhal_bsp.a(altera_nios2_irq.o)
 .bss           0x008175c4        0x0 ../ECE423_Lab1_bsp\libhal_bsp.a(alt_exception_entry.o)
 .bss           0x008175c4        0x0 ../ECE423_Lab1_bsp\libhal_bsp.a(alt_find_file.o)
 .bss           0x008175c4        0x0 ../ECE423_Lab1_bsp\libhal_bsp.a(alt_get_fd.o)
 .bss           0x008175c4        0x0 ../ECE423_Lab1_bsp\libhal_bsp.a(alt_icache_flush.o)
 .bss           0x008175c4        0x0 c:/software/altera/10.1/nios2eds/bin/gnu/h-i686-mingw32/bin/../lib/gcc/nios2-elf/4.1.2/../../../../nios2-elf/lib\libc.a(lib_a-atexit.o)
 .bss           0x008175c4        0x0 c:/software/altera/10.1/nios2eds/bin/gnu/h-i686-mingw32/bin/../lib/gcc/nios2-elf/4.1.2/../../../../nios2-elf/lib\libc.a(lib_a-memcmp.o)
 .bss           0x008175c4        0x0 c:/software/altera/10.1/nios2eds/bin/gnu/h-i686-mingw32/bin/../lib/gcc/nios2-elf/4.1.2/../../../../nios2-elf/lib\libc.a(lib_a-__atexit.o)
 *(COMMON)
 COMMON         0x008175c4      0x568 ../ECE423_Lab1_bsp\libhal_bsp.a(altera_up_sd_card_avalon_interface.o)
                0x008175c4                search_data
                0x008175d8                boot_sector_data
                0x0081762c                active_files
 COMMON         0x00817b2c      0x100 ../ECE423_Lab1_bsp\libhal_bsp.a(alt_irq_handler.o)
                0x00817b2c                alt_irq
 COMMON         0x00817c2c      0x190 c:/software/altera/10.1/nios2eds/bin/gnu/h-i686-mingw32/bin/../lib/gcc/nios2-elf/4.1.2/../../../../nios2-elf/lib\libc.a(lib_a-atexit.o)
                0x00817c2c                _atexit0
                0x00817dbc                . = ALIGN (0x4)
                0x00817dbc                __bss_end = ABSOLUTE (.)

.sdram_0        0x00817dbc        0x0
                0x00817dbc                PROVIDE (_alt_partition_sdram_0_start, ABSOLUTE (.))
 *(.sdram_0. sdram_0.*)
                0x00817dbc                . = ALIGN (0x4)
                0x00817dbc                PROVIDE (_alt_partition_sdram_0_end, ABSOLUTE (.))
                0x00817dbc                _end = ABSOLUTE (.)
                0x00817dbc                end = ABSOLUTE (.)
                0x00817dbc                __alt_stack_base = ABSOLUTE (.)
                0x00817dbc                PROVIDE (_alt_partition_sdram_0_load_addr, LOADADDR (.sdram_0))

.stab
 *(.stab)

.stabstr
 *(.stabstr)

.stab.excl
 *(.stab.excl)

.stab.exclstr
 *(.stab.exclstr)

.stab.index
 *(.stab.index)

.stab.indexstr
 *(.stab.indexstr)

.comment        0x00000000       0x23
 *(.comment)
 .comment       0x00000000       0x23 obj/common/tables.o
                                 0x24 (size before relaxing)
 .comment       0x00000000       0x24 obj/common/util.o
 .comment       0x00000000       0x24 obj/decoder/idct.o
 .comment       0x00000000       0x24 obj/decoder/lossless_decode.o
 .comment       0x00000000       0x24 obj/decoder/mjpeg423_decoder.o
 .comment       0x00000000       0x24 obj/decoder/ycbcr_to_rgb.o
 .comment       0x00000000       0x24 obj/main_code.o
 .comment       0x00000000       0x24 obj/sd_card.o
 .comment       0x00000000       0x24 c:/software/altera/10.1/nios2eds/bin/gnu/h-i686-mingw32/bin/../lib/gcc/nios2-elf/4.1.2/../../../../nios2-elf/lib\libm.a(lib_a-s_ceil.o)
 .comment       0x00000000       0x24 c:/software/altera/10.1/nios2eds/bin/gnu/h-i686-mingw32/bin/../lib/gcc/nios2-elf/4.1.2\libgcc.a(_addsub_df.o)
 .comment       0x00000000       0x24 c:/software/altera/10.1/nios2eds/bin/gnu/h-i686-mingw32/bin/../lib/gcc/nios2-elf/4.1.2\libgcc.a(_mul_df.o)
 .comment       0x00000000       0x24 c:/software/altera/10.1/nios2eds/bin/gnu/h-i686-mingw32/bin/../lib/gcc/nios2-elf/4.1.2\libgcc.a(_gt_df.o)
 .comment       0x00000000       0x24 c:/software/altera/10.1/nios2eds/bin/gnu/h-i686-mingw32/bin/../lib/gcc/nios2-elf/4.1.2\libgcc.a(_df_to_si.o)
 .comment       0x00000000       0x24 c:/software/altera/10.1/nios2eds/bin/gnu/h-i686-mingw32/bin/../lib/gcc/nios2-elf/4.1.2\libgcc.a(_thenan_df.o)
 .comment       0x00000000       0x24 c:/software/altera/10.1/nios2eds/bin/gnu/h-i686-mingw32/bin/../lib/gcc/nios2-elf/4.1.2\libgcc.a(_usi_to_df.o)
 .comment       0x00000000       0x24 c:/software/altera/10.1/nios2eds/bin/gnu/h-i686-mingw32/bin/../lib/gcc/nios2-elf/4.1.2\libgcc.a(_muldi3.o)
 .comment       0x00000000       0x24 c:/software/altera/10.1/nios2eds/bin/gnu/h-i686-mingw32/bin/../lib/gcc/nios2-elf/4.1.2\libgcc.a(_clzsi2.o)
 .comment       0x00000000       0x24 c:/software/altera/10.1/nios2eds/bin/gnu/h-i686-mingw32/bin/../lib/gcc/nios2-elf/4.1.2\libgcc.a(_pack_df.o)
 .comment       0x00000000       0x24 c:/software/altera/10.1/nios2eds/bin/gnu/h-i686-mingw32/bin/../lib/gcc/nios2-elf/4.1.2\libgcc.a(_unpack_df.o)
 .comment       0x00000000       0x24 c:/software/altera/10.1/nios2eds/bin/gnu/h-i686-mingw32/bin/../lib/gcc/nios2-elf/4.1.2\libgcc.a(_fpcmp_parts_df.o)
 .comment       0x00000000       0x24 c:/software/altera/10.1/nios2eds/bin/gnu/h-i686-mingw32/bin/../lib/gcc/nios2-elf/4.1.2\libgcc.a(_clz.o)
 .comment       0x00000000       0x24 c:/software/altera/10.1/nios2eds/bin/gnu/h-i686-mingw32/bin/../lib/gcc/nios2-elf/4.1.2/../../../../nios2-elf/lib\libc.a(lib_a-exit.o)
 .comment       0x00000000       0x24 c:/software/altera/10.1/nios2eds/bin/gnu/h-i686-mingw32/bin/../lib/gcc/nios2-elf/4.1.2/../../../../nios2-elf/lib\libc.a(lib_a-getc.o)
 .comment       0x00000000       0x24 c:/software/altera/10.1/nios2eds/bin/gnu/h-i686-mingw32/bin/../lib/gcc/nios2-elf/4.1.2/../../../../nios2-elf/lib\libc.a(lib_a-impure.o)
 .comment       0x00000000       0x24 c:/software/altera/10.1/nios2eds/bin/gnu/h-i686-mingw32/bin/../lib/gcc/nios2-elf/4.1.2/../../../../nios2-elf/lib\libc.a(lib_a-malloc.o)
 .comment       0x00000000       0x24 c:/software/altera/10.1/nios2eds/bin/gnu/h-i686-mingw32/bin/../lib/gcc/nios2-elf/4.1.2/../../../../nios2-elf/lib\libc.a(lib_a-mallocr.o)
 .comment       0x00000000       0x24 c:/software/altera/10.1/nios2eds/bin/gnu/h-i686-mingw32/bin/../lib/gcc/nios2-elf/4.1.2/../../../../nios2-elf/lib\libc.a(lib_a-printf.o)
 .comment       0x00000000       0x24 c:/software/altera/10.1/nios2eds/bin/gnu/h-i686-mingw32/bin/../lib/gcc/nios2-elf/4.1.2/../../../../nios2-elf/lib\libc.a(lib_a-putchar.o)
 .comment       0x00000000       0x24 c:/software/altera/10.1/nios2eds/bin/gnu/h-i686-mingw32/bin/../lib/gcc/nios2-elf/4.1.2/../../../../nios2-elf/lib\libc.a(lib_a-puts.o)
 .comment       0x00000000       0x24 c:/software/altera/10.1/nios2eds/bin/gnu/h-i686-mingw32/bin/../lib/gcc/nios2-elf/4.1.2/../../../../nios2-elf/lib\libc.a(lib_a-rget.o)
 .comment       0x00000000       0x24 c:/software/altera/10.1/nios2eds/bin/gnu/h-i686-mingw32/bin/../lib/gcc/nios2-elf/4.1.2/../../../../nios2-elf/lib\libc.a(lib_a-sbrkr.o)
 .comment       0x00000000       0x24 c:/software/altera/10.1/nios2eds/bin/gnu/h-i686-mingw32/bin/../lib/gcc/nios2-elf/4.1.2/../../../../nios2-elf/lib\libc.a(lib_a-strlen.o)
 .comment       0x00000000       0x24 c:/software/altera/10.1/nios2eds/bin/gnu/h-i686-mingw32/bin/../lib/gcc/nios2-elf/4.1.2/../../../../nios2-elf/lib\libc.a(lib_a-vfprintf.o)
 .comment       0x00000000       0x24 c:/software/altera/10.1/nios2eds/bin/gnu/h-i686-mingw32/bin/../lib/gcc/nios2-elf/4.1.2/../../../../nios2-elf/lib\libc.a(lib_a-wsetup.o)
 .comment       0x00000000       0x24 c:/software/altera/10.1/nios2eds/bin/gnu/h-i686-mingw32/bin/../lib/gcc/nios2-elf/4.1.2/../../../../nios2-elf/lib\libc.a(lib_a-__call_atexit.o)
 .comment       0x00000000       0x24 c:/software/altera/10.1/nios2eds/bin/gnu/h-i686-mingw32/bin/../lib/gcc/nios2-elf/4.1.2/../../../../nios2-elf/lib\libc.a(lib_a-dtoa.o)
 .comment       0x00000000       0x24 c:/software/altera/10.1/nios2eds/bin/gnu/h-i686-mingw32/bin/../lib/gcc/nios2-elf/4.1.2/../../../../nios2-elf/lib\libc.a(lib_a-fflush.o)
 .comment       0x00000000       0x24 c:/software/altera/10.1/nios2eds/bin/gnu/h-i686-mingw32/bin/../lib/gcc/nios2-elf/4.1.2/../../../../nios2-elf/lib\libc.a(lib_a-findfp.o)
 .comment       0x00000000       0x24 c:/software/altera/10.1/nios2eds/bin/gnu/h-i686-mingw32/bin/../lib/gcc/nios2-elf/4.1.2/../../../../nios2-elf/lib\libc.a(lib_a-freer.o)
 .comment       0x00000000       0x24 c:/software/altera/10.1/nios2eds/bin/gnu/h-i686-mingw32/bin/../lib/gcc/nios2-elf/4.1.2/../../../../nios2-elf/lib\libc.a(lib_a-fvwrite.o)
 .comment       0x00000000       0x24 c:/software/altera/10.1/nios2eds/bin/gnu/h-i686-mingw32/bin/../lib/gcc/nios2-elf/4.1.2/../../../../nios2-elf/lib\libc.a(lib_a-fwalk.o)
 .comment       0x00000000       0x24 c:/software/altera/10.1/nios2eds/bin/gnu/h-i686-mingw32/bin/../lib/gcc/nios2-elf/4.1.2/../../../../nios2-elf/lib\libc.a(lib_a-int_errno.o)
 .comment       0x00000000       0x24 c:/software/altera/10.1/nios2eds/bin/gnu/h-i686-mingw32/bin/../lib/gcc/nios2-elf/4.1.2/../../../../nios2-elf/lib\libc.a(lib_a-locale.o)
 .comment       0x00000000       0x24 c:/software/altera/10.1/nios2eds/bin/gnu/h-i686-mingw32/bin/../lib/gcc/nios2-elf/4.1.2/../../../../nios2-elf/lib\libc.a(lib_a-makebuf.o)
 .comment       0x00000000       0x24 c:/software/altera/10.1/nios2eds/bin/gnu/h-i686-mingw32/bin/../lib/gcc/nios2-elf/4.1.2/../../../../nios2-elf/lib\libc.a(lib_a-memchr.o)
 .comment       0x00000000       0x24 c:/software/altera/10.1/nios2eds/bin/gnu/h-i686-mingw32/bin/../lib/gcc/nios2-elf/4.1.2/../../../../nios2-elf/lib\libc.a(lib_a-memcpy.o)
 .comment       0x00000000       0x24 c:/software/altera/10.1/nios2eds/bin/gnu/h-i686-mingw32/bin/../lib/gcc/nios2-elf/4.1.2/../../../../nios2-elf/lib\libc.a(lib_a-memmove.o)
 .comment       0x00000000       0x24 c:/software/altera/10.1/nios2eds/bin/gnu/h-i686-mingw32/bin/../lib/gcc/nios2-elf/4.1.2/../../../../nios2-elf/lib\libc.a(lib_a-memset.o)
 .comment       0x00000000       0x24 c:/software/altera/10.1/nios2eds/bin/gnu/h-i686-mingw32/bin/../lib/gcc/nios2-elf/4.1.2/../../../../nios2-elf/lib\libc.a(lib_a-mprec.o)
 .comment       0x00000000       0x24 c:/software/altera/10.1/nios2eds/bin/gnu/h-i686-mingw32/bin/../lib/gcc/nios2-elf/4.1.2/../../../../nios2-elf/lib\libc.a(lib_a-putc.o)
 .comment       0x00000000       0x24 c:/software/altera/10.1/nios2eds/bin/gnu/h-i686-mingw32/bin/../lib/gcc/nios2-elf/4.1.2/../../../../nios2-elf/lib\libc.a(lib_a-reallocr.o)
 .comment       0x00000000       0x24 c:/software/altera/10.1/nios2eds/bin/gnu/h-i686-mingw32/bin/../lib/gcc/nios2-elf/4.1.2/../../../../nios2-elf/lib\libc.a(lib_a-refill.o)
 .comment       0x00000000       0x24 c:/software/altera/10.1/nios2eds/bin/gnu/h-i686-mingw32/bin/../lib/gcc/nios2-elf/4.1.2/../../../../nios2-elf/lib\libc.a(lib_a-s_isinfd.o)
 .comment       0x00000000       0x24 c:/software/altera/10.1/nios2eds/bin/gnu/h-i686-mingw32/bin/../lib/gcc/nios2-elf/4.1.2/../../../../nios2-elf/lib\libc.a(lib_a-s_isnand.o)
 .comment       0x00000000       0x24 c:/software/altera/10.1/nios2eds/bin/gnu/h-i686-mingw32/bin/../lib/gcc/nios2-elf/4.1.2/../../../../nios2-elf/lib\libc.a(lib_a-stdio.o)
 .comment       0x00000000       0x24 c:/software/altera/10.1/nios2eds/bin/gnu/h-i686-mingw32/bin/../lib/gcc/nios2-elf/4.1.2/../../../../nios2-elf/lib\libc.a(lib_a-strcmp.o)
 .comment       0x00000000       0x24 c:/software/altera/10.1/nios2eds/bin/gnu/h-i686-mingw32/bin/../lib/gcc/nios2-elf/4.1.2/../../../../nios2-elf/lib\libc.a(lib_a-wbuf.o)
 .comment       0x00000000       0x24 c:/software/altera/10.1/nios2eds/bin/gnu/h-i686-mingw32/bin/../lib/gcc/nios2-elf/4.1.2/../../../../nios2-elf/lib\libc.a(lib_a-writer.o)
 .comment       0x00000000       0x24 c:/software/altera/10.1/nios2eds/bin/gnu/h-i686-mingw32/bin/../lib/gcc/nios2-elf/4.1.2/../../../../nios2-elf/lib\libc.a(lib_a-callocr.o)
 .comment       0x00000000       0x24 c:/software/altera/10.1/nios2eds/bin/gnu/h-i686-mingw32/bin/../lib/gcc/nios2-elf/4.1.2/../../../../nios2-elf/lib\libc.a(lib_a-closer.o)
 .comment       0x00000000       0x24 c:/software/altera/10.1/nios2eds/bin/gnu/h-i686-mingw32/bin/../lib/gcc/nios2-elf/4.1.2/../../../../nios2-elf/lib\libc.a(lib_a-fclose.o)
 .comment       0x00000000       0x24 c:/software/altera/10.1/nios2eds/bin/gnu/h-i686-mingw32/bin/../lib/gcc/nios2-elf/4.1.2/../../../../nios2-elf/lib\libc.a(lib_a-fstatr.o)
 .comment       0x00000000       0x24 c:/software/altera/10.1/nios2eds/bin/gnu/h-i686-mingw32/bin/../lib/gcc/nios2-elf/4.1.2/../../../../nios2-elf/lib\libc.a(lib_a-isattyr.o)
 .comment       0x00000000       0x24 c:/software/altera/10.1/nios2eds/bin/gnu/h-i686-mingw32/bin/../lib/gcc/nios2-elf/4.1.2/../../../../nios2-elf/lib\libc.a(lib_a-lseekr.o)
 .comment       0x00000000       0x24 c:/software/altera/10.1/nios2eds/bin/gnu/h-i686-mingw32/bin/../lib/gcc/nios2-elf/4.1.2/../../../../nios2-elf/lib\libc.a(lib_a-readr.o)
 .comment       0x00000000       0x24 c:/software/altera/10.1/nios2eds/bin/gnu/h-i686-mingw32/bin/../lib/gcc/nios2-elf/4.1.2\libgcc.a(_udivdi3.o)
 .comment       0x00000000       0x24 c:/software/altera/10.1/nios2eds/bin/gnu/h-i686-mingw32/bin/../lib/gcc/nios2-elf/4.1.2\libgcc.a(_umoddi3.o)
 .comment       0x00000000       0x24 c:/software/altera/10.1/nios2eds/bin/gnu/h-i686-mingw32/bin/../lib/gcc/nios2-elf/4.1.2\libgcc.a(_div_df.o)
 .comment       0x00000000       0x24 c:/software/altera/10.1/nios2eds/bin/gnu/h-i686-mingw32/bin/../lib/gcc/nios2-elf/4.1.2\libgcc.a(_eq_df.o)
 .comment       0x00000000       0x24 c:/software/altera/10.1/nios2eds/bin/gnu/h-i686-mingw32/bin/../lib/gcc/nios2-elf/4.1.2\libgcc.a(_ne_df.o)
 .comment       0x00000000       0x24 c:/software/altera/10.1/nios2eds/bin/gnu/h-i686-mingw32/bin/../lib/gcc/nios2-elf/4.1.2\libgcc.a(_ge_df.o)
 .comment       0x00000000       0x24 c:/software/altera/10.1/nios2eds/bin/gnu/h-i686-mingw32/bin/../lib/gcc/nios2-elf/4.1.2\libgcc.a(_lt_df.o)
 .comment       0x00000000       0x24 c:/software/altera/10.1/nios2eds/bin/gnu/h-i686-mingw32/bin/../lib/gcc/nios2-elf/4.1.2\libgcc.a(_si_to_df.o)
 .comment       0x00000000       0x24 c:/software/altera/10.1/nios2eds/bin/gnu/h-i686-mingw32/bin/../lib/gcc/nios2-elf/4.1.2\libgcc.a(lib2-divmod.o)
 .comment       0x00000000       0x24 ../ECE423_Lab1_bsp\libhal_bsp.a(alt_close.o)
 .comment       0x00000000       0x24 ../ECE423_Lab1_bsp\libhal_bsp.a(alt_dev.o)
 .comment       0x00000000       0x24 ../ECE423_Lab1_bsp\libhal_bsp.a(alt_errno.o)
 .comment       0x00000000       0x24 ../ECE423_Lab1_bsp\libhal_bsp.a(alt_exit.o)
 .comment       0x00000000       0x24 ../ECE423_Lab1_bsp\libhal_bsp.a(alt_fstat.o)
 .comment       0x00000000       0x24 ../ECE423_Lab1_bsp\libhal_bsp.a(alt_irq_register.o)
 .comment       0x00000000       0x24 ../ECE423_Lab1_bsp\libhal_bsp.a(alt_irq_vars.o)
 .comment       0x00000000       0x24 ../ECE423_Lab1_bsp\libhal_bsp.a(alt_isatty.o)
 .comment       0x00000000       0x24 ../ECE423_Lab1_bsp\libhal_bsp.a(alt_load.o)
 .comment       0x00000000       0x24 ../ECE423_Lab1_bsp\libhal_bsp.a(alt_lseek.o)
 .comment       0x00000000       0x24 ../ECE423_Lab1_bsp\libhal_bsp.a(alt_main.o)
 .comment       0x00000000       0x24 ../ECE423_Lab1_bsp\libhal_bsp.a(alt_malloc_lock.o)